[10/06/26 00:01:04] D2BS 14068: ÿc4=== [DIABLO] ===
[10/06/26 00:06:43] D2BS 14068: party has left: fowo-xa
[10/06/26 00:06:43] D2BS 14068:  [15:06] +5.50% / [Level 89] 85.34%
[10/06/26 00:06:43] D2BS 14068: Script threads\autobuildthread.js ended
[10/06/26 00:06:43] D2BS 14068: Script threads\partythread.js ended
[10/06/26 00:06:43] D2BS 14068: Script threads\townchicken.js ended
[10/06/26 00:06:43] D2BS 14068: Script default.dbj ended
[10/06/26 00:06:56] D2BS 14068: joining game pz-187
[10/06/26 00:06:58] D2BS 14068: ÿc2D2BSÿc0 :: Starting default.dbj
[10/06/26 00:06:58] D2BS 14068: ÿc2D2BSÿc0 :: default.dbj running.
[10/06/26 00:06:58] D2BS 14068: Loaded ÿc9[X.nip] [Y.nip] [Z.nip] [V.nip] [N.SUMM.nip]
[10/06/26 00:06:58] D2BS 14068: Loaded ÿc9[N.SUMM.js]
[10/06/26 00:06:58] D2BS 14068: equipped: [Head] 15
[10/06/26 00:06:58] D2BS 14068: equipped: [Neck] 15
[10/06/26 00:06:59] D2BS 14068: equipped: [Body] 21
[10/06/26 00:06:59] D2BS 14068: equipped: [ArmR] 32
[10/06/26 00:06:59] D2BS 14068: equipped: [ArmL] 26
[10/06/26 00:06:59] D2BS 14068: equipped: [RingR] 13
[10/06/26 00:06:59] D2BS 14068: equipped: [RingL] 13
[10/06/26 00:06:59] D2BS 14068: equipped: [Belt] 17
[10/06/26 00:06:59] D2BS 14068: equipped: [Boots] 15
[10/06/26 00:06:59] D2BS 14068: equipped: [Mitts] 12
[10/06/26 00:06:59] D2BS 14068: updateStat
[10/06/26 00:06:59] D2BS 14068: granted: [Head] 14
[10/06/26 00:06:59] D2BS 14068: granted: [Body] 20
[10/06/26 00:06:59] D2BS 14068: granted: [ArmR] 22
[10/06/26 00:06:59] D2BS 14068: Loaded ÿc9[AutoSmurf.js]
[10/06/26 00:07:03] D2BS 14068: farmingON
[10/06/26 00:07:05] D2BS 14068: MiniShopBot: true
[10/06/26 00:07:05] D2BS 14068: UseMerc: true HP: 70
[10/06/26 00:07:25] D2BS 14068: Merc matched: Thorns
[10/06/26 00:07:46] D2BS 14068: act5+ BO
[10/06/26 00:07:59] D2BS 14068: ÿc4=== [BAAL] ===
[10/06/26 00:11:29] D2BS 14068: ÿc4=== [COUNTESS] ===
[10/06/26 00:12:37] D2BS 14068: ÿc4=== [PIT] ===
[10/06/26 00:14:08] D2BS 14068: ÿc4=== [ANDY] ===
[10/06/26 00:15:01] D2BS 14068: ÿc4=== [MEPHISTO] ===
[10/06/26 00:16:30] D2BS 14068: ÿc4=== [DIABLO] ===
[10/06/26 00:22:53] D2BS 14068: party has left: fowo-xb
[10/06/26 00:22:53] D2BS 14068:  [15:56] +6.13% / [Level 89] 91.47%
[10/06/26 00:22:53] D2BS 14068: Script threads\autobuildthread.js ended
[10/06/26 00:22:53] D2BS 14068: Script threads\partythread.js ended
[10/06/26 00:22:54] D2BS 14068: Script threads\townchicken.js ended
[10/06/26 00:22:54] D2BS 14068: Script default.dbj ended
[10/06/26 00:23:06] D2BS 14068: joining game pz-188
[10/06/26 00:23:07] D2BS 14068: ÿc2D2BSÿc0 :: Starting default.dbj
[10/06/26 00:23:07] D2BS 14068: ÿc2D2BSÿc0 :: default.dbj running.
[10/06/26 00:23:09] D2BS 14068: Loaded ÿc9[X.nip] [Y.nip] [Z.nip] [V.nip] [N.SUMM.nip]
[10/06/26 00:23:09] D2BS 14068: Loaded ÿc9[N.SUMM.js]
[10/06/26 00:23:09] D2BS 14068: equipped: [Head] 15
[10/06/26 00:23:09] D2BS 14068: equipped: [Neck] 15
[10/06/26 00:23:09] D2BS 14068: equipped: [Body] 21
[10/06/26 00:23:09] D2BS 14068: equipped: [ArmR] 32
[10/06/26 00:23:09] D2BS 14068: equipped: [ArmL] 26
[10/06/26 00:23:09] D2BS 14068: equipped: [RingR] 13
[10/06/26 00:23:09] D2BS 14068: equipped: [RingL] 13
[10/06/26 00:23:09] D2BS 14068: equipped: [Belt] 17
[10/06/26 00:23:09] D2BS 14068: equipped: [Boots] 15
[10/06/26 00:23:09] D2BS 14068: equipped: [Mitts] 12
[10/06/26 00:23:09] D2BS 14068: updateStat
[10/06/26 00:23:09] D2BS 14068: granted: [Head] 14
[10/06/26 00:23:09] D2BS 14068: granted: [Body] 20
[10/06/26 00:23:09] D2BS 14068: granted: [ArmR] 22
[10/06/26 00:23:09] D2BS 14068: Loaded ÿc9[AutoSmurf.js]
[10/06/26 00:23:13] D2BS 14068: farmingON
[10/06/26 00:23:16] D2BS 14068: MiniShopBot: true
[10/06/26 00:23:16] D2BS 14068: UseMerc: true HP: 70
[10/06/26 00:23:36] D2BS 14068: Merc matched: Thorns
[10/06/26 00:23:45] D2BS 14068: act5+ BO
[10/06/26 00:24:00] D2BS 14068: ÿc4=== [BAAL] ===
[10/06/26 00:25:19] D2BS 14068: updateStat
[10/06/26 00:27:27] D2BS 14068: ÿc4=== [COUNTESS] ===
[10/06/26 00:28:44] D2BS 14068: ÿc4=== [PIT] ===
[10/06/26 00:30:10] D2BS 14068: ÿc4=== [ANDY] ===
[10/06/26 00:31:01] D2BS 14068: ÿc4=== [MEPHISTO] ===
[10/06/26 00:32:14] D2BS 14068: ÿc4=== [DIABLO] ===
[10/06/26 00:32:20] D2BS 14068: updateStat
[10/06/26 00:32:20] D2BS 14068: granted: [Head] 14
[10/06/26 00:32:20] D2BS 14068: granted: [Body] 20
[10/06/26 00:32:20] D2BS 14068: granted: [ArmR] 22
[10/06/26 00:37:08] D2BS 14068: party has left: fowo-xa
[10/06/26 00:37:08] D2BS 14068:  [14:00] +5.22% / [Level 89] 96.69%
[10/06/26 00:37:08] D2BS 14068: Script threads\autobuildthread.js ended
[10/06/26 00:37:08] D2BS 14068: Script threads\partythread.js ended
[10/06/26 00:37:08] D2BS 14068: Script threads\townchicken.js ended
[10/06/26 00:37:08] D2BS 14068: Script default.dbj ended
[10/06/26 00:37:21] D2BS 14068: joining game pz-189
[10/06/26 00:37:22] D2BS 14068: ÿc2D2BSÿc0 :: Starting default.dbj
[10/06/26 00:37:22] D2BS 14068: ÿc2D2BSÿc0 :: default.dbj running.
[10/06/26 00:37:23] D2BS 14068: Loaded ÿc9[X.nip] [Y.nip] [Z.nip] [V.nip] [N.SUMM.nip]
[10/06/26 00:37:23] D2BS 14068: Loaded ÿc9[N.SUMM.js]
[10/06/26 00:37:23] D2BS 14068: equipped: [Head] 15
[10/06/26 00:37:23] D2BS 14068: equipped: [Neck] 15
[10/06/26 00:37:23] D2BS 14068: equipped: [Body] 21
[10/06/26 00:37:23] D2BS 14068: equipped: [ArmR] 32
[10/06/26 00:37:23] D2BS 14068: equipped: [ArmL] 26
[10/06/26 00:37:23] D2BS 14068: equipped: [RingR] 13
[10/06/26 00:37:23] D2BS 14068: equipped: [RingL] 13
[10/06/26 00:37:23] D2BS 14068: equipped: [Belt] 17
[10/06/26 00:37:23] D2BS 14068: equipped: [Boots] 15
[10/06/26 00:37:23] D2BS 14068: equipped: [Mitts] 12
[10/06/26 00:37:23] D2BS 14068: updateStat
[10/06/26 00:37:23] D2BS 14068: granted: [Head] 14
[10/06/26 00:37:23] D2BS 14068: granted: [Body] 20
[10/06/26 00:37:23] D2BS 14068: granted: [ArmR] 22
[10/06/26 00:37:23] D2BS 14068: Loaded ÿc9[AutoSmurf.js]
[10/06/26 00:37:28] D2BS 14068: farmingON
[10/06/26 00:37:30] D2BS 14068: MiniShopBot: true
[10/06/26 00:37:30] D2BS 14068: UseMerc: true HP: 70
[10/06/26 00:37:50] D2BS 14068: Merc matched: Thorns
[10/06/26 00:38:01] D2BS 14068: act5+ BO
[10/06/26 00:38:15] D2BS 14068: ÿc4=== [BAAL] ===
[10/06/26 00:38:32] D2BS 14068: Baal failed: souls found
[10/06/26 00:38:32] D2BS 14068: ÿc4=== [COUNTESS] ===
[10/06/26 00:39:34] D2BS 14068: ÿc4=== [PIT] ===
[10/06/26 00:41:23] D2BS 14068: ÿc4=== [ANDY] ===
[10/06/26 00:42:28] D2BS 14068: ÿc4=== [MEPHISTO] ===
[10/06/26 00:43:48] D2BS 14068: ÿc4=== [DIABLO] ===
[10/06/26 00:49:12] D2BS 14068: party has left: fowo-xc
[10/06/26 00:49:12] D2BS 14068:  [11:50] +3.02% / [Level 89] 99.71%
[10/06/26 00:49:12] D2BS 14068: Script threads\autobuildthread.js ended
[10/06/26 00:49:12] D2BS 14068: Script threads\partythread.js ended
[10/06/26 00:49:12] D2BS 14068: Script threads\townchicken.js ended
[10/06/26 00:49:13] D2BS 14068: Script default.dbj ended
[10/06/26 00:49:26] D2BS 14068: joining game pz-190
[10/06/26 00:49:27] D2BS 14068: ÿc2D2BSÿc0 :: Starting default.dbj
[10/06/26 00:49:27] D2BS 14068: ÿc2D2BSÿc0 :: default.dbj running.
[10/06/26 00:49:28] D2BS 14068: Loaded ÿc9[X.nip] [Y.nip] [Z.nip] [V.nip] [N.SUMM.nip]
[10/06/26 00:49:28] D2BS 14068: Loaded ÿc9[N.SUMM.js]
[10/06/26 00:49:28] D2BS 14068: equipped: [Head] 15
[10/06/26 00:49:28] D2BS 14068: equipped: [Neck] 15
[10/06/26 00:49:28] D2BS 14068: equipped: [Body] 21
[10/06/26 00:49:28] D2BS 14068: equipped: [ArmR] 32
[10/06/26 00:49:28] D2BS 14068: equipped: [ArmL] 26
[10/06/26 00:49:28] D2BS 14068: equipped: [RingR] 13
[10/06/26 00:49:28] D2BS 14068: equipped: [RingL] 13
[10/06/26 00:49:28] D2BS 14068: equipped: [Belt] 17
[10/06/26 00:49:28] D2BS 14068: equipped: [Boots] 15
[10/06/26 00:49:28] D2BS 14068: equipped: [Mitts] 12
[10/06/26 00:49:28] D2BS 14068: updateStat
[10/06/26 00:49:28] D2BS 14068: granted: [Head] 14
[10/06/26 00:49:28] D2BS 14068: granted: [Body] 20
[10/06/26 00:49:28] D2BS 14068: granted: [ArmR] 22
[10/06/26 00:49:28] D2BS 14068: Loaded ÿc9[AutoSmurf.js]
[10/06/26 00:49:33] D2BS 14068: farmingON
[10/06/26 00:49:34] D2BS 14068: MiniShopBot: true
[10/06/26 00:49:34] D2BS 14068: UseMerc: true HP: 70
[10/06/26 00:49:51] D2BS 14068: Merc matched: Thorns
[10/06/26 00:50:07] D2BS 14068: act5+ BO
[10/06/26 00:50:22] D2BS 14068: ÿc4=== [BAAL] ===
[10/06/26 00:50:34] D2BS 14068: Baal failed: souls found
[10/06/26 00:50:34] D2BS 14068: ÿc4=== [COUNTESS] ===
[10/06/26 00:51:44] D2BS 14068: ÿc4=== [PIT] ===
[10/06/26 00:53:28] D2BS 14068: ÿc4=== [ANDY] ===
[10/06/26 00:54:24] D2BS 14068: ÿc4=== [MEPHISTO] ===
[10/06/26 00:55:50] D2BS 14068: ÿc4=== [DIABLO] ===
[10/06/26 01:00:44] D2BS 14068: party has left: fowo-xa
[10/06/26 01:00:44] D2BS 14068:  [11:17] +2.13% / [Level 90] 1.86%
[10/06/26 01:00:44] D2BS 14068: Script threads\autobuildthread.js ended
[10/06/26 01:00:44] D2BS 14068: Script threads\partythread.js ended
[10/06/26 01:00:44] D2BS 14068: Script threads\townchicken.js ended
[10/06/26 01:00:44] D2BS 14068: Script default.dbj ended
[10/06/26 01:00:58] D2BS 14068: joining game pz-191
[10/06/26 01:01:00] D2BS 14068: ÿc2D2BSÿc0 :: Starting default.dbj
[10/06/26 01:01:00] D2BS 14068: ÿc2D2BSÿc0 :: default.dbj running.
[10/06/26 01:01:00] D2BS 14068: Loaded ÿc9[X.nip] [Y.nip] [Z.nip] [V.nip] [N.SUMM.nip]
[10/06/26 01:01:00] D2BS 14068: Loaded ÿc9[N.SUMM.js]
[10/06/26 01:01:00] D2BS 14068: equipped: [Head] 15
[10/06/26 01:01:00] D2BS 14068: equipped: [Neck] 15
[10/06/26 01:01:00] D2BS 14068: equipped: [Body] 21
[10/06/26 01:01:00] D2BS 14068: equipped: [ArmR] 32
[10/06/26 01:01:00] D2BS 14068: equipped: [ArmL] 26
[10/06/26 01:01:00] D2BS 14068: equipped: [RingR] 13
[10/06/26 01:01:00] D2BS 14068: equipped: [RingL] 13
[10/06/26 01:01:00] D2BS 14068: equipped: [Belt] 17
[10/06/26 01:01:00] D2BS 14068: equipped: [Boots] 15
[10/06/26 01:01:00] D2BS 14068: equipped: [Mitts] 12
[10/06/26 01:01:00] D2BS 14068: Loaded ÿc9[AutoSmurf.js]
[10/06/26 01:01:05] D2BS 14068: farmingON
[10/06/26 01:01:06] D2BS 14068: MiniShopBot: true
[10/06/26 01:01:06] D2BS 14068: UseMerc: true HP: 70
[10/06/26 01:01:22] D2BS 14068: Merc matched: Thorns
[10/06/26 01:01:44] D2BS 14068: act5+ BO
[10/06/26 01:01:46] D2BS 14068: updateStat
[10/06/26 01:01:58] D2BS 14068: ÿc4=== [BAAL] ===
[10/06/26 01:04:56] D2BS 14068: ÿc4=== [COUNTESS] ===
[10/06/26 01:05:59] D2BS 14068: ÿc4=== [PIT] ===
[10/06/26 01:07:27] D2BS 14068: ÿc4=== [ANDY] ===
[10/06/26 01:08:20] D2BS 14068: ÿc4=== [MEPHISTO] ===
[10/06/26 01:09:39] D2BS 14068: ÿc4=== [DIABLO] ===
[10/06/26 01:15:33] D2BS 14068: party has left: fowo-xa
[10/06/26 01:15:33] D2BS 14068:  [14:33] +3.78% / [Level 90] 5.64%
[10/06/26 01:15:33] D2BS 14068: Script threads\autobuildthread.js ended
[10/06/26 01:15:33] D2BS 14068: Script threads\partythread.js ended
[10/06/26 01:15:33] D2BS 14068: Script threads\townchicken.js ended
[10/06/26 01:15:33] D2BS 14068: Script default.dbj ended
[10/06/26 01:15:46] D2BS 14068: joining game pz-192
[10/06/26 01:15:48] D2BS 14068: ÿc2D2BSÿc0 :: Starting default.dbj
[10/06/26 01:15:48] D2BS 14068: ÿc2D2BSÿc0 :: default.dbj running.
[10/06/26 01:15:48] D2BS 14068: Loaded ÿc9[X.nip] [Y.nip] [Z.nip] [V.nip] [N.SUMM.nip]
[10/06/26 01:15:48] D2BS 14068: Loaded ÿc9[N.SUMM.js]
[10/06/26 01:15:48] D2BS 14068: equipped: [Head] 15
[10/06/26 01:15:48] D2BS 14068: equipped: [Neck] 15
[10/06/26 01:15:48] D2BS 14068: equipped: [Body] 21
[10/06/26 01:15:48] D2BS 14068: equipped: [ArmR] 32
[10/06/26 01:15:48] D2BS 14068: equipped: [ArmL] 26
[10/06/26 01:15:48] D2BS 14068: equipped: [RingR] 13
[10/06/26 01:15:48] D2BS 14068: equipped: [RingL] 13
[10/06/26 01:15:48] D2BS 14068: equipped: [Belt] 17
[10/06/26 01:15:48] D2BS 14068: equipped: [Boots] 15
[10/06/26 01:15:48] D2BS 14068: equipped: [Mitts] 12
[10/06/26 01:15:48] D2BS 14068: updateStat
[10/06/26 01:15:48] D2BS 14068: granted: [Head] 14
[10/06/26 01:15:48] D2BS 14068: granted: [Body] 20
[10/06/26 01:15:48] D2BS 14068: granted: [ArmR] 22
[10/06/26 01:15:48] D2BS 14068: Loaded ÿc9[AutoSmurf.js]
[10/06/26 01:15:52] D2BS 14068: farmingON
[10/06/26 01:15:56] D2BS 14068: MiniShopBot: true
[10/06/26 01:15:56] D2BS 14068: UseMerc: true HP: 70
[10/06/26 01:16:16] D2BS 14068: Merc matched: Thorns
[10/06/26 01:16:26] D2BS 14068: act5+ BO
[10/06/26 01:16:39] D2BS 14068: ÿc4=== [BAAL] ===
[10/06/26 01:20:15] D2BS 14068: ÿc4=== [COUNTESS] ===
[10/06/26 01:21:24] D2BS 14068: ÿc4=== [PIT] ===
[10/06/26 01:22:50] D2BS 14068: ÿc4=== [ANDY] ===
[10/06/26 01:23:47] D2BS 14068: ÿc4=== [MEPHISTO] ===
[10/06/26 01:25:11] D2BS 14068: ÿc4=== [DIABLO] ===
[10/06/26 01:30:32] D2BS 14068: party has left: fowo-xa
[10/06/26 01:30:32] D2BS 14068:  [14:45] +3.50% / [Level 90] 9.14%
[10/06/26 01:30:32] D2BS 14068: Script threads\autobuildthread.js ended
[10/06/26 01:30:33] D2BS 14068: Script threads\partythread.js ended
[10/06/26 01:30:33] D2BS 14068: Script threads\townchicken.js ended
[10/06/26 01:30:33] D2BS 14068: Script default.dbj ended
[10/06/26 01:30:45] D2BS 14068: joining game pz-193
[10/06/26 01:30:47] D2BS 14068: ÿc2D2BSÿc0 :: Starting default.dbj
[10/06/26 01:30:47] D2BS 14068: ÿc2D2BSÿc0 :: default.dbj running.
[10/06/26 01:30:47] D2BS 14068: Loaded ÿc9[X.nip] [Y.nip] [Z.nip] [V.nip] [N.SUMM.nip]
[10/06/26 01:30:47] D2BS 14068: Loaded ÿc9[N.SUMM.js]
[10/06/26 01:30:47] D2BS 14068: equipped: [Head] 15
[10/06/26 01:30:47] D2BS 14068: equipped: [Neck] 15
[10/06/26 01:30:47] D2BS 14068: equipped: [Body] 21
[10/06/26 01:30:47] D2BS 14068: equipped: [ArmR] 32
[10/06/26 01:30:47] D2BS 14068: equipped: [ArmL] 26
[10/06/26 01:30:47] D2BS 14068: equipped: [RingR] 13
[10/06/26 01:30:47] D2BS 14068: equipped: [RingL] 13
[10/06/26 01:30:47] D2BS 14068: equipped: [Belt] 17
[10/06/26 01:30:47] D2BS 14068: equipped: [Boots] 15
[10/06/26 01:30:47] D2BS 14068: equipped: [Mitts] 12
[10/06/26 01:30:47] D2BS 14068: updateStat
[10/06/26 01:30:47] D2BS 14068: granted: [Head] 14
[10/06/26 01:30:47] D2BS 14068: granted: [Body] 20
[10/06/26 01:30:48] D2BS 14068: granted: [ArmR] 22
[10/06/26 01:30:48] D2BS 14068: Loaded ÿc9[AutoSmurf.js]
[10/06/26 01:30:52] D2BS 14068: farmingON
[10/06/26 01:30:53] D2BS 14068: MiniShopBot: true
[10/06/26 01:30:53] D2BS 14068: UseMerc: true HP: 70
[10/06/26 01:31:14] D2BS 14068: Merc matched: Thorns
[10/06/26 01:31:24] D2BS 14068: act5+ BO
[10/06/26 01:31:37] D2BS 14068: ÿc4=== [BAAL] ===
[10/06/26 01:31:48] D2BS 14068: Baal failed: souls found
[10/06/26 01:31:48] D2BS 14068: ÿc4=== [COUNTESS] ===
[10/06/26 01:32:57] D2BS 14068: ÿc4=== [PIT] ===
[10/06/26 01:34:26] D2BS 14068: ÿc4=== [ANDY] ===
[10/06/26 01:35:23] D2BS 14068: ÿc4=== [COWS] ===
[10/06/26 01:39:30] D2BS 14068: party has left: fowo-xe
[10/06/26 01:39:30] D2BS 14068:  [08:43] +0.81% / [Level 90] 9.94%
[10/06/26 01:39:30] D2BS 14068: Script threads\autobuildthread.js ended
[10/06/26 01:39:30] D2BS 14068: Script threads\partythread.js ended
[10/06/26 01:39:30] D2BS 14068: Script threads\townchicken.js ended
[10/06/26 01:39:30] D2BS 14068: Script default.dbj ended
[10/06/26 01:39:43] D2BS 14068: joining game pz-194
[10/06/26 01:39:45] D2BS 14068: ÿc2D2BSÿc0 :: Starting default.dbj
[10/06/26 01:39:45] D2BS 14068: ÿc2D2BSÿc0 :: default.dbj running.
[10/06/26 01:39:45] D2BS 14068: Loaded ÿc9[X.nip] [Y.nip] [Z.nip] [V.nip] [N.SUMM.nip]
[10/06/26 01:39:45] D2BS 14068: Loaded ÿc9[N.SUMM.js]
[10/06/26 01:39:45] D2BS 14068: equipped: [Head] 15
[10/06/26 01:39:45] D2BS 14068: equipped: [Neck] 15
[10/06/26 01:39:45] D2BS 14068: equipped: [Body] 21
[10/06/26 01:39:46] D2BS 14068: equipped: [ArmR] 32
[10/06/26 01:39:46] D2BS 14068: equipped: [ArmL] 26
[10/06/26 01:39:46] D2BS 14068: equipped: [RingR] 13
[10/06/26 01:39:46] D2BS 14068: equipped: [RingL] 13
[10/06/26 01:39:46] D2BS 14068: equipped: [Belt] 17
[10/06/26 01:39:46] D2BS 14068: equipped: [Boots] 15
[10/06/26 01:39:46] D2BS 14068: equipped: [Mitts] 12
[10/06/26 01:39:46] D2BS 14068: updateStat
[10/06/26 01:39:46] D2BS 14068: granted: [Head] 14
[10/06/26 01:39:46] D2BS 14068: granted: [Body] 20
[10/06/26 01:39:46] D2BS 14068: granted: [ArmR] 22
[10/06/26 01:39:46] D2BS 14068: Loaded ÿc9[AutoSmurf.js]
[10/06/26 01:39:51] D2BS 14068: MiniShopBot: true
[10/06/26 01:39:51] D2BS 14068: farmingON
[10/06/26 01:39:51] D2BS 14068: UseMerc: true HP: 70
[10/06/26 01:40:06] D2BS 14068: Merc matched: Thorns
[10/06/26 01:40:26] D2BS 14068: act5+ BO
[10/06/26 01:40:40] D2BS 14068: ÿc4=== [BAAL] ===
[10/06/26 01:41:41] D2BS 14068: updateStat
[10/06/26 01:42:09] D2BS 14068: Going to town
[10/06/26 01:43:57] D2BS 14068: ÿc4=== [COUNTESS] ===
[10/06/26 01:45:04] D2BS 14068: ÿc4=== [PIT] ===
[10/06/26 01:46:39] D2BS 14068: ÿc4=== [ANDY] ===
[10/06/26 01:47:32] D2BS 14068: ÿc4=== [COWS] ===
[10/06/26 01:57:31] D2BS 14068: Cows failed: followDriver
[10/06/26 01:58:04] D2BS 14068: ÿc4=== [MEPHISTO] ===
[10/06/26 02:00:02] D2BS 14068: ÿc4=== [DIABLO] ===
[10/06/26 02:06:20] D2BS 14068: party has left: fowo-xa
[10/06/26 02:06:20] D2BS 14068:  [26:34] +4.15% / [Level 90] 14.09%
[10/06/26 02:06:20] D2BS 14068: Script threads\autobuildthread.js ended
[10/06/26 02:06:20] D2BS 14068: Script threads\partythread.js ended
[10/06/26 02:06:20] D2BS 14068: Script threads\townchicken.js ended
[10/06/26 02:06:20] D2BS 14068: Script default.dbj ended
[10/06/26 02:06:34] D2BS 14068: joining game pz-195
[10/06/26 02:06:36] D2BS 14068: ÿc2D2BSÿc0 :: Starting default.dbj
[10/06/26 02:06:36] D2BS 14068: ÿc2D2BSÿc0 :: default.dbj running.
[10/06/26 02:06:36] D2BS 14068: Loaded ÿc9[X.nip] [Y.nip] [Z.nip] [V.nip] [N.SUMM.nip]
[10/06/26 02:06:36] D2BS 14068: Loaded ÿc9[N.SUMM.js]
[10/06/26 02:06:36] D2BS 14068: equipped: [Head] 15
[10/06/26 02:06:36] D2BS 14068: equipped: [Neck] 15
[10/06/26 02:06:36] D2BS 14068: equipped: [Body] 21
[10/06/26 02:06:36] D2BS 14068: equipped: [ArmR] 32
[10/06/26 02:06:36] D2BS 14068: equipped: [ArmL] 26
[10/06/26 02:06:36] D2BS 14068: equipped: [RingR] 13
[10/06/26 02:06:36] D2BS 14068: equipped: [RingL] 13
[10/06/26 02:06:36] D2BS 14068: equipped: [Belt] 17
[10/06/26 02:06:36] D2BS 14068: equipped: [Boots] 15
[10/06/26 02:06:36] D2BS 14068: equipped: [Mitts] 12
[10/06/26 02:06:36] D2BS 14068: updateStat
[10/06/26 02:06:36] D2BS 14068: granted: [Head] 14
[10/06/26 02:06:36] D2BS 14068: granted: [Body] 20
[10/06/26 02:06:36] D2BS 14068: granted: [ArmR] 22
[10/06/26 02:06:36] D2BS 14068: Loaded ÿc9[AutoSmurf.js]
[10/06/26 02:06:41] D2BS 14068: farmingON
[10/06/26 02:06:42] D2BS 14068: MiniShopBot: true
[10/06/26 02:06:42] D2BS 14068: UseMerc: true HP: 70
[10/06/26 02:07:02] D2BS 14068: Merc matched: Thorns
[10/06/26 02:07:13] D2BS 14068: act5+ BO
[10/06/26 02:07:26] D2BS 14068: ÿc4=== [BAAL] ===
[10/06/26 02:10:31] D2BS 14068: ÿc4=== [COUNTESS] ===
[10/06/26 02:11:40] D2BS 14068: ÿc4=== [PIT] ===
[10/06/26 02:13:20] D2BS 14068: ÿc4=== [ANDY] ===
[10/06/26 02:14:15] D2BS 14068: ÿc4=== [COWS] ===
[10/06/26 02:15:51] D2BS 14068: updateStat
[10/06/26 02:24:44] D2BS 14068: Going to town
[10/06/26 02:25:50] D2BS 14068: Cow King found
[10/06/26 02:25:50] D2BS 14068: Cows failed: followDriver
[10/06/26 02:26:48] D2BS 14068: party has left: fowo-xc, fowo-xe
[10/06/26 02:26:48] D2BS 14068:  [20:12] +2.39% / [Level 90] 16.48%
[10/06/26 02:26:48] D2BS 14068: Script threads\autobuildthread.js ended
[10/06/26 02:26:48] D2BS 14068: Script threads\partythread.js ended
[10/06/26 02:26:48] D2BS 14068: Script threads\townchicken.js ended
[10/06/26 02:26:48] D2BS 14068: Script default.dbj ended
[10/06/26 02:27:00] D2BS 14068: joining game pz-196
[10/06/26 02:27:01] D2BS 14068: ÿc2D2BSÿc0 :: Starting default.dbj
[10/06/26 02:27:01] D2BS 14068: ÿc2D2BSÿc0 :: default.dbj running.
[10/06/26 02:27:02] D2BS 14068: Loaded ÿc9[X.nip] [Y.nip] [Z.nip] [V.nip] [N.SUMM.nip]
[10/06/26 02:27:02] D2BS 14068: Loaded ÿc9[N.SUMM.js]
[10/06/26 02:27:02] D2BS 14068: equipped: [Head] 15
[10/06/26 02:27:02] D2BS 14068: equipped: [Neck] 15
[10/06/26 02:27:03] D2BS 14068: equipped: [Body] 21
[10/06/26 02:27:03] D2BS 14068: equipped: [ArmR] 32
[10/06/26 02:27:03] D2BS 14068: equipped: [ArmL] 26
[10/06/26 02:27:03] D2BS 14068: equipped: [RingR] 13
[10/06/26 02:27:03] D2BS 14068: equipped: [RingL] 13
[10/06/26 02:27:03] D2BS 14068: equipped: [Belt] 17
[10/06/26 02:27:03] D2BS 14068: equipped: [Boots] 15
[10/06/26 02:27:03] D2BS 14068: equipped: [Mitts] 12
[10/06/26 02:27:03] D2BS 14068: Loaded ÿc9[AutoSmurf.js]
[10/06/26 02:27:08] D2BS 14068: farmingON
[10/06/26 02:27:10] D2BS 14068: MiniShopBot: true
[10/06/26 02:27:10] D2BS 14068: UseMerc: true HP: 70
[10/06/26 02:27:18] D2BS 14068: updateStat
[10/06/26 02:27:18] D2BS 14068: granted: [Head] 14
[10/06/26 02:27:18] D2BS 14068: granted: [Body] 20
[10/06/26 02:27:18] D2BS 14068: granted: [ArmR] 22
[10/06/26 02:27:34] D2BS 14068: Merc matched: Thorns
[10/06/26 02:28:01] D2BS 14068: act5+ BO
[10/06/26 02:28:03] D2BS 14068: updateStat
[10/06/26 02:28:13] D2BS 14068: ÿc4=== [BAAL] ===
[10/06/26 02:32:02] D2BS 14068: ÿc4=== [COUNTESS] ===
[10/06/26 02:33:08] D2BS 14068: ÿc4=== [PIT] ===
[10/06/26 02:34:37] D2BS 14068: ÿc4=== [ANDY] ===
[10/06/26 02:35:53] D2BS 14068: ÿc4=== [COWS] ===
[10/06/26 02:37:51] D2BS 14068: party has left: fowo-xd
[10/06/26 02:37:51] D2BS 14068:  [10:50] +2.14% / [Level 90] 18.62%
[10/06/26 02:37:51] D2BS 14068: Script threads\autobuildthread.js ended
[10/06/26 02:37:52] D2BS 14068: Script threads\partythread.js ended
[10/06/26 02:37:52] D2BS 14068: Script threads\townchicken.js ended
[10/06/26 02:37:52] D2BS 14068: Script default.dbj ended
[10/06/26 02:38:04] D2BS 14068: joining game pz-197
[10/06/26 02:38:06] D2BS 14068: ÿc2D2BSÿc0 :: Starting default.dbj
[10/06/26 02:38:06] D2BS 14068: ÿc2D2BSÿc0 :: default.dbj running.
[10/06/26 02:38:06] D2BS 14068: Loaded ÿc9[X.nip] [Y.nip] [Z.nip] [V.nip] [N.SUMM.nip]
[10/06/26 02:38:06] D2BS 14068: Loaded ÿc9[N.SUMM.js]
[10/06/26 02:38:06] D2BS 14068: equipped: [Head] 15
[10/06/26 02:38:06] D2BS 14068: equipped: [Neck] 15
[10/06/26 02:38:06] D2BS 14068: equipped: [Body] 21
[10/06/26 02:38:07] D2BS 14068: equipped: [ArmR] 32
[10/06/26 02:38:07] D2BS 14068: equipped: [ArmL] 26
[10/06/26 02:38:07] D2BS 14068: equipped: [RingR] 13
[10/06/26 02:38:07] D2BS 14068: equipped: [RingL] 13
[10/06/26 02:38:07] D2BS 14068: equipped: [Belt] 17
[10/06/26 02:38:07] D2BS 14068: equipped: [Boots] 15
[10/06/26 02:38:07] D2BS 14068: equipped: [Mitts] 12
[10/06/26 02:38:07] D2BS 14068: updateStat
[10/06/26 02:38:07] D2BS 14068: granted: [Head] 14
[10/06/26 02:38:07] D2BS 14068: granted: [Body] 20
[10/06/26 02:38:07] D2BS 14068: granted: [ArmR] 22
[10/06/26 02:38:07] D2BS 14068: Loaded ÿc9[AutoSmurf.js]
[10/06/26 02:38:12] D2BS 14068: farmingON
[10/06/26 02:38:14] D2BS 14068: MiniShopBot: true
[10/06/26 02:38:14] D2BS 14068: UseMerc: true HP: 70
[10/06/26 02:38:34] D2BS 14068: Merc matched: Thorns
[10/06/26 02:39:02] D2BS 14068: act5+ BO
[10/06/26 02:39:15] D2BS 14068: ÿc4=== [BAAL] ===
[10/06/26 02:43:06] D2BS 14068: party has left: fowo-xe
[10/06/26 02:43:06] D2BS 14068:  [05:01] +2.09% / [Level 90] 20.71%
[10/06/26 02:43:06] D2BS 14068: Script threads\autobuildthread.js ended
[10/06/26 02:43:06] D2BS 14068: Script threads\partythread.js ended
[10/06/26 02:43:07] D2BS 14068: Script threads\townchicken.js ended
[10/06/26 02:43:07] D2BS 14068: Script default.dbj ended
[10/06/26 02:43:20] D2BS 14068: joining game pz-198
[10/06/26 02:43:22] D2BS 14068: ÿc2D2BSÿc0 :: Starting default.dbj
[10/06/26 02:43:22] D2BS 14068: ÿc2D2BSÿc0 :: default.dbj running.
[10/06/26 02:43:23] D2BS 14068: Loaded ÿc9[X.nip] [Y.nip] [Z.nip] [V.nip] [N.SUMM.nip]
[10/06/26 02:43:23] D2BS 14068: Loaded ÿc9[N.SUMM.js]
[10/06/26 02:43:23] D2BS 14068: equipped: [Head] 15
[10/06/26 02:43:23] D2BS 14068: equipped: [Neck] 15
[10/06/26 02:43:23] D2BS 14068: equipped: [Body] 21
[10/06/26 02:43:23] D2BS 14068: equipped: [ArmR] 32
[10/06/26 02:43:23] D2BS 14068: equipped: [ArmL] 26
[10/06/26 02:43:23] D2BS 14068: equipped: [RingR] 13
[10/06/26 02:43:23] D2BS 14068: equipped: [RingL] 13
[10/06/26 02:43:23] D2BS 14068: equipped: [Belt] 17
[10/06/26 02:43:23] D2BS 14068: equipped: [Boots] 15
[10/06/26 02:43:23] D2BS 14068: equipped: [Mitts] 12
[10/06/26 02:43:23] D2BS 14068: updateStat
[10/06/26 02:43:23] D2BS 14068: granted: [Head] 14
[10/06/26 02:43:23] D2BS 14068: granted: [Body] 20
[10/06/26 02:43:23] D2BS 14068: granted: [ArmR] 22
[10/06/26 02:43:23] D2BS 14068: Loaded ÿc9[AutoSmurf.js]
[10/06/26 02:43:25] D2BS 14068: MiniShopBot: true
[10/06/26 02:43:25] D2BS 14068: farmingON
[10/06/26 02:43:25] D2BS 14068: UseMerc: true HP: 70
[10/06/26 02:43:41] D2BS 14068: Merc matched: Thorns
[10/06/26 02:43:57] D2BS 14068: act5+ BO
[10/06/26 02:44:13] D2BS 14068: ÿc4=== [BAAL] ===
[10/06/26 02:47:47] D2BS 14068: ÿc4=== [COUNTESS] ===
[10/06/26 02:48:57] D2BS 14068: ÿc4=== [PIT] ===
[10/06/26 02:50:36] D2BS 14068: ÿc4=== [ANDY] ===
[10/06/26 02:51:24] D2BS 14068: ÿc4=== [COWS] ===
[10/06/26 02:52:28] D2BS 14068: updateStat
[10/06/26 02:52:51] D2BS 14068: party has left: fowo-xe
[10/06/26 02:52:51] D2BS 14068: party has left: fowo-xe
[10/06/26 02:52:51] D2BS 14068: party has left: fowo-xe
[10/06/26 02:52:51] D2BS 14068:  [09:30] +2.71% / [Level 90] 23.41%
[10/06/26 02:52:51] D2BS 14068: Script threads\autobuildthread.js ended
[10/06/26 02:52:52] D2BS 14068: Script threads\partythread.js ended
[10/06/26 02:52:52] D2BS 14068: Script threads\townchicken.js ended
[10/06/26 02:52:52] D2BS 14068: Script default.dbj ended
[10/06/26 02:53:04] D2BS 14068: joining game pz-199
[10/06/26 02:53:06] D2BS 14068: ÿc2D2BSÿc0 :: Starting default.dbj
[10/06/26 02:53:06] D2BS 14068: ÿc2D2BSÿc0 :: default.dbj running.
[10/06/26 02:53:06] D2BS 14068: Loaded ÿc9[X.nip] [Y.nip] [Z.nip] [V.nip] [N.SUMM.nip]
[10/06/26 02:53:06] D2BS 14068: Loaded ÿc9[N.SUMM.js]
[10/06/26 02:53:06] D2BS 14068: equipped: [Head] 15
[10/06/26 02:53:06] D2BS 14068: equipped: [Neck] 15
[10/06/26 02:53:06] D2BS 14068: equipped: [Body] 21
[10/06/26 02:53:06] D2BS 14068: equipped: [ArmR] 32
[10/06/26 02:53:06] D2BS 14068: equipped: [ArmL] 26
[10/06/26 02:53:06] D2BS 14068: equipped: [RingR] 13
[10/06/26 02:53:06] D2BS 14068: equipped: [RingL] 13
[10/06/26 02:53:06] D2BS 14068: equipped: [Belt] 17
[10/06/26 02:53:06] D2BS 14068: equipped: [Boots] 15
[10/06/26 02:53:06] D2BS 14068: equipped: [Mitts] 12
[10/06/26 02:53:06] D2BS 14068: updateStat
[10/06/26 02:53:06] D2BS 14068: granted: [Head] 14
[10/06/26 02:53:06] D2BS 14068: granted: [Body] 20
[10/06/26 02:53:06] D2BS 14068: granted: [ArmR] 22
[10/06/26 02:53:07] D2BS 14068: Loaded ÿc9[AutoSmurf.js]
[10/06/26 02:53:12] D2BS 14068: farmingON
[10/06/26 02:53:14] D2BS 14068: MiniShopBot: true
[10/06/26 02:53:14] D2BS 14068: UseMerc: true HP: 70
[10/06/26 02:53:32] D2BS 14068: Merc matched: Thorns
[10/06/26 02:53:48] D2BS 14068: act5+ BO
[10/06/26 02:54:01] D2BS 14068: ÿc4=== [BAAL] ===
[10/06/26 02:57:06] D2BS 14068: ÿc4=== [COUNTESS] ===
[10/06/26 02:58:15] D2BS 14068: ÿc4=== [PIT] ===
[10/06/26 02:59:46] D2BS 14068: ÿc4=== [ANDY] ===
[10/06/26 03:00:40] D2BS 14068: ÿc4=== [COWS] ===
[10/06/26 03:10:07] D2BS 14068: updateStat
[10/06/26 03:10:36] D2BS 14068: party has left: fowo-xd
[10/06/26 03:10:36] D2BS 14068:  [17:30] +2.59% / [Level 90] 26.00%
[10/06/26 03:10:36] D2BS 14068: Script threads\autobuildthread.js ended
[10/06/26 03:10:36] D2BS 14068: Script threads\partythread.js ended
[10/06/26 03:10:36] D2BS 14068: Script threads\townchicken.js ended
[10/06/26 03:10:36] D2BS 14068: Script default.dbj ended
[10/06/26 03:10:47] D2BS 14068: joining game pz-200
[10/06/26 03:10:49] D2BS 14068: ÿc2D2BSÿc0 :: Starting default.dbj
[10/06/26 03:10:49] D2BS 14068: ÿc2D2BSÿc0 :: default.dbj running.
[10/06/26 03:10:49] D2BS 14068: Loaded ÿc9[X.nip] [Y.nip] [Z.nip] [V.nip] [N.SUMM.nip]
[10/06/26 03:10:49] D2BS 14068: Loaded ÿc9[N.SUMM.js]
[10/06/26 03:10:49] D2BS 14068: equipped: [Head] 15
[10/06/26 03:10:49] D2BS 14068: equipped: [Neck] 15
[10/06/26 03:10:49] D2BS 14068: equipped: [Body] 21
[10/06/26 03:10:49] D2BS 14068: equipped: [ArmR] 32
[10/06/26 03:10:49] D2BS 14068: equipped: [ArmL] 26
[10/06/26 03:10:49] D2BS 14068: equipped: [RingR] 13
[10/06/26 03:10:49] D2BS 14068: equipped: [RingL] 13
[10/06/26 03:10:49] D2BS 14068: equipped: [Belt] 17
[10/06/26 03:10:49] D2BS 14068: equipped: [Boots] 15
[10/06/26 03:10:49] D2BS 14068: equipped: [Mitts] 12
[10/06/26 03:10:49] D2BS 14068: updateStat
[10/06/26 03:10:49] D2BS 14068: granted: [Head] 14
[10/06/26 03:10:49] D2BS 14068: granted: [Body] 20
[10/06/26 03:10:49] D2BS 14068: granted: [ArmR] 22
[10/06/26 03:10:49] D2BS 14068: Loaded ÿc9[AutoSmurf.js]
[10/06/26 03:10:55] D2BS 14068: farmingON
[10/06/26 03:10:56] D2BS 14068: MiniShopBot: true
[10/06/26 03:10:56] D2BS 14068: UseMerc: true HP: 70
[10/06/26 03:11:19] D2BS 14068: granted: [Head] 15
[10/06/26 03:11:19] D2BS 14068: Merc matched: Thorns
[10/06/26 03:11:39] D2BS 14068: act5+ BO
[10/06/26 03:11:55] D2BS 14068: ÿc4=== [BAAL] ===
[10/06/26 03:14:48] D2BS 14068: ÿc4=== [COUNTESS] ===
[10/06/26 03:16:14] D2BS 14068: ÿc4=== [PIT] ===
[10/06/26 03:17:44] D2BS 14068: ÿc4=== [ANDY] ===
[10/06/26 03:18:33] D2BS 14068: ÿc4=== [COWS] ===
[10/06/26 03:29:06] D2BS 14068: party has left: fowo-xc
[10/06/26 03:29:07] D2BS 14068:  [18:18] +2.38% / [Level 90] 28.38%
[10/06/26 03:29:07] D2BS 14068: Script threads\autobuildthread.js ended
[10/06/26 03:29:07] D2BS 14068: Script threads\partythread.js ended
[10/06/26 03:29:07] D2BS 14068: Script threads\townchicken.js ended
[10/06/26 03:29:07] D2BS 14068: Script default.dbj ended
[10/06/26 03:29:20] D2BS 14068: joining game pz-201
[10/06/26 03:29:22] D2BS 14068: ÿc2D2BSÿc0 :: Starting default.dbj
[10/06/26 03:29:22] D2BS 14068: ÿc2D2BSÿc0 :: default.dbj running.
[10/06/26 03:29:23] D2BS 14068: Loaded ÿc9[X.nip] [Y.nip] [Z.nip] [V.nip] [N.SUMM.nip]
[10/06/26 03:29:23] D2BS 14068: Loaded ÿc9[N.SUMM.js]
[10/06/26 03:29:23] D2BS 14068: equipped: [Head] 15
[10/06/26 03:29:23] D2BS 14068: equipped: [Neck] 15
[10/06/26 03:29:23] D2BS 14068: equipped: [Body] 21
[10/06/26 03:29:23] D2BS 14068: equipped: [ArmR] 32
[10/06/26 03:29:23] D2BS 14068: equipped: [ArmL] 26
[10/06/26 03:29:23] D2BS 14068: equipped: [RingR] 13
[10/06/26 03:29:23] D2BS 14068: equipped: [RingL] 13
[10/06/26 03:29:23] D2BS 14068: equipped: [Belt] 17
[10/06/26 03:29:23] D2BS 14068: equipped: [Boots] 15
[10/06/26 03:29:23] D2BS 14068: equipped: [Mitts] 12
[10/06/26 03:29:23] D2BS 14068: updateStat
[10/06/26 03:29:23] D2BS 14068: granted: [Head] 15
[10/06/26 03:29:23] D2BS 14068: granted: [Body] 20
[10/06/26 03:29:23] D2BS 14068: granted: [ArmR] 22
[10/06/26 03:29:23] D2BS 14068: Loaded ÿc9[AutoSmurf.js]
[10/06/26 03:29:28] D2BS 14068: farmingON
[10/06/26 03:29:30] D2BS 14068: MiniShopBot: true
[10/06/26 03:29:30] D2BS 14068: UseMerc: true HP: 70
[10/06/26 03:29:48] D2BS 14068: Merc matched: Thorns
[10/06/26 03:30:16] D2BS 14068: act5+ BO
[10/06/26 03:30:28] D2BS 14068: ÿc4=== [BAAL] ===
[10/06/26 03:33:24] D2BS 14068: ÿc4=== [COUNTESS] ===
[10/06/26 03:34:26] D2BS 14068: ÿc4=== [PIT] ===
[10/06/26 03:36:02] D2BS 14068: ÿc4=== [ANDY] ===
[10/06/26 03:36:53] D2BS 14068: ÿc4=== [COWS] ===
[10/06/26 03:39:10] D2BS 14068: updateStat
[10/06/26 03:42:58] D2BS 14068: Cows failed: followDriver
[10/06/26 03:43:02] D2BS 14068: ÿc4=== [MEPHISTO] ===
[10/06/26 03:44:27] D2BS 14068: ÿc4=== [DIABLO] ===
[10/06/26 03:49:29] D2BS 14068: Script ended
[10/06/26 03:49:29] D2BS 14068:  [20:08] +4.25% / [Level 90] 32.63%
[10/06/26 03:49:29] D2BS 14068: Script threads\autobuildthread.js ended
[10/06/26 03:49:30] D2BS 14068: Script threads\partythread.js ended
[10/06/26 03:49:30] D2BS 14068: Script threads\townchicken.js ended
[10/06/26 03:49:43] D2BS 14068: joining game pz-202
[10/06/26 03:49:45] D2BS 14068: ÿc2D2BSÿc0 :: Starting default.dbj
[10/06/26 03:49:45] D2BS 14068: ÿc2D2BSÿc0 :: default.dbj running.
[10/06/26 03:49:45] D2BS 14068: Loaded ÿc9[X.nip] [Y.nip] [Z.nip] [V.nip] [N.SUMM.nip]
[10/06/26 03:49:45] D2BS 14068: Loaded ÿc9[N.SUMM.js]
[10/06/26 03:49:45] D2BS 14068: equipped: [Head] 15
[10/06/26 03:49:45] D2BS 14068: equipped: [Neck] 15
[10/06/26 03:49:45] D2BS 14068: equipped: [Body] 21
[10/06/26 03:49:45] D2BS 14068: equipped: [ArmR] 32
[10/06/26 03:49:45] D2BS 14068: equipped: [ArmL] 26
[10/06/26 03:49:45] D2BS 14068: equipped: [RingR] 13
[10/06/26 03:49:45] D2BS 14068: equipped: [RingL] 13
[10/06/26 03:49:45] D2BS 14068: equipped: [Belt] 17
[10/06/26 03:49:45] D2BS 14068: equipped: [Boots] 15
[10/06/26 03:49:45] D2BS 14068: equipped: [Mitts] 12
[10/06/26 03:49:45] D2BS 14068: updateStat
[10/06/26 03:49:45] D2BS 14068: granted: [Head] 15
[10/06/26 03:49:45] D2BS 14068: granted: [Body] 20
[10/06/26 03:49:45] D2BS 14068: granted: [ArmR] 22
[10/06/26 03:49:45] D2BS 14068: Loaded ÿc9[AutoSmurf.js]
[10/06/26 03:49:49] D2BS 14068: farmingON
[10/06/26 03:49:52] D2BS 14068: MiniShopBot: true
[10/06/26 03:49:52] D2BS 14068: UseMerc: true HP: 70
[10/06/26 03:50:11] D2BS 14068: Merc matched: Thorns
[10/06/26 03:50:24] D2BS 14068: act5+ BO
[10/06/26 03:50:36] D2BS 14068: ÿc4=== [BAAL] ===
[10/06/26 03:53:51] D2BS 14068: ÿc4=== [COUNTESS] ===
[10/06/26 03:54:57] D2BS 14068: ÿc4=== [PIT] ===
[10/06/26 03:56:34] D2BS 14068: ÿc4=== [ANDY] ===
[10/06/26 03:57:24] D2BS 14068: ÿc4=== [COWS] ===
[10/06/26 04:07:33] D2BS 14068: party has left: fowo-xb
[10/06/26 04:07:33] D2BS 14068:  [17:48] +2.39% / [Level 90] 35.02%
[10/06/26 04:07:33] D2BS 14068: Script threads\autobuildthread.js ended
[10/06/26 04:07:33] D2BS 14068: Script threads\partythread.js ended
[10/06/26 04:07:33] D2BS 14068: Script threads\townchicken.js ended
[10/06/26 04:07:33] D2BS 14068: Script default.dbj ended
[10/06/26 04:07:52] D2BS 14068: joining game pz-203
[10/06/26 04:07:54] D2BS 14068: ÿc2D2BSÿc0 :: Starting default.dbj
[10/06/26 04:07:54] D2BS 14068: ÿc2D2BSÿc0 :: default.dbj running.
[10/06/26 04:07:54] D2BS 14068: Loaded ÿc9[X.nip] [Y.nip] [Z.nip] [V.nip] [N.SUMM.nip]
[10/06/26 04:07:54] D2BS 14068: Loaded ÿc9[N.SUMM.js]
[10/06/26 04:07:54] D2BS 14068: equipped: [Head] 15
[10/06/26 04:07:54] D2BS 14068: equipped: [Neck] 15
[10/06/26 04:07:54] D2BS 14068: equipped: [Body] 21
[10/06/26 04:07:54] D2BS 14068: equipped: [ArmR] 32
[10/06/26 04:07:54] D2BS 14068: equipped: [ArmL] 26
[10/06/26 04:07:54] D2BS 14068: equipped: [RingR] 13
[10/06/26 04:07:54] D2BS 14068: equipped: [RingL] 13
[10/06/26 04:07:54] D2BS 14068: equipped: [Belt] 17
[10/06/26 04:07:54] D2BS 14068: equipped: [Boots] 15
[10/06/26 04:07:54] D2BS 14068: equipped: [Mitts] 12
[10/06/26 04:07:54] D2BS 14068: updateStat
[10/06/26 04:07:54] D2BS 14068: granted: [Head] 15
[10/06/26 04:07:54] D2BS 14068: granted: [Body] 20
[10/06/26 04:07:54] D2BS 14068: granted: [ArmR] 22
[10/06/26 04:07:54] D2BS 14068: Loaded ÿc9[AutoSmurf.js]
[10/06/26 04:07:59] D2BS 14068: MiniShopBot: true
[10/06/26 04:08:00] D2BS 14068: farmingON
[10/06/26 04:08:00] D2BS 14068: UseMerc: true HP: 70
[10/06/26 04:08:19] D2BS 14068: Merc matched: Thorns
[10/06/26 04:08:34] D2BS 14068: act5+ BO
[10/06/26 04:08:48] D2BS 14068: ÿc4=== [BAAL] ===
[10/06/26 04:12:12] D2BS 14068: ÿc4=== [COUNTESS] ===
[10/06/26 04:13:14] D2BS 14068: ÿc4=== [PIT] ===
[10/06/26 04:14:01] D2BS 14068: updateStat
[10/06/26 04:14:53] D2BS 14068: ÿc4=== [ANDY] ===
[10/06/26 04:16:03] D2BS 14068: ÿc4=== [COWS] ===
[10/06/26 04:18:09] D2BS 14068: party has left: fowo-xd
[10/06/26 04:18:10] D2BS 14068:  [10:16] +2.27% / [Level 90] 37.29%
[10/06/26 04:18:10] D2BS 14068: Script threads\autobuildthread.js ended
[10/06/26 04:18:10] D2BS 14068: Script threads\partythread.js ended
[10/06/26 04:18:10] D2BS 14068: Script threads\townchicken.js ended
[10/06/26 04:18:10] D2BS 14068: Script default.dbj ended
[10/06/26 04:18:23] D2BS 14068: joining game pz-204
[10/06/26 04:18:25] D2BS 14068: ÿc2D2BSÿc0 :: Starting default.dbj
[10/06/26 04:18:25] D2BS 14068: ÿc2D2BSÿc0 :: default.dbj running.
[10/06/26 04:18:25] D2BS 14068: Loaded ÿc9[X.nip] [Y.nip] [Z.nip] [V.nip] [N.SUMM.nip]
[10/06/26 04:18:25] D2BS 14068: Loaded ÿc9[N.SUMM.js]
[10/06/26 04:18:25] D2BS 14068: equipped: [Head] 15
[10/06/26 04:18:25] D2BS 14068: equipped: [Neck] 15
[10/06/26 04:18:25] D2BS 14068: equipped: [Body] 21
[10/06/26 04:18:25] D2BS 14068: equipped: [ArmR] 32
[10/06/26 04:18:25] D2BS 14068: equipped: [ArmL] 26
[10/06/26 04:18:26] D2BS 14068: equipped: [RingR] 13
[10/06/26 04:18:26] D2BS 14068: equipped: [RingL] 13
[10/06/26 04:18:26] D2BS 14068: equipped: [Belt] 17
[10/06/26 04:18:26] D2BS 14068: equipped: [Boots] 15
[10/06/26 04:18:26] D2BS 14068: equipped: [Mitts] 12
[10/06/26 04:18:26] D2BS 14068: updateStat
[10/06/26 04:18:26] D2BS 14068: granted: [Head] 15
[10/06/26 04:18:26] D2BS 14068: granted: [Body] 20
[10/06/26 04:18:26] D2BS 14068: granted: [ArmR] 22
[10/06/26 04:18:26] D2BS 14068: Loaded ÿc9[AutoSmurf.js]
[10/06/26 04:18:31] D2BS 14068: farmingON
[10/06/26 04:18:33] D2BS 14068: MiniShopBot: true
[10/06/26 04:18:33] D2BS 14068: UseMerc: true HP: 70
[10/06/26 04:18:50] D2BS 14068: Merc matched: Thorns
[10/06/26 04:19:02] D2BS 14068: act5+ BO
[10/06/26 04:19:17] D2BS 14068: ÿc4=== [BAAL] ===
[10/06/26 04:22:23] D2BS 14068: ÿc4=== [COUNTESS] ===
[10/06/26 04:23:32] D2BS 14068: ÿc4=== [PIT] ===
[10/06/26 04:25:04] D2BS 14068: ÿc4=== [ANDY] ===
[10/06/26 04:25:52] D2BS 14068: ÿc4=== [COWS] ===
[10/06/26 04:30:09] D2BS 14068: updateStat
[10/06/26 04:37:23] D2BS 14068: ÿc4=== [MEPHISTO] ===
[10/06/26 04:38:46] D2BS 14068: ÿc4=== [DIABLO] ===
[10/06/26 04:44:03] D2BS 14068: Script ended
[10/06/26 04:44:03] D2BS 14068:  [25:38] +4.03% / [Level 90] 41.33%
[10/06/26 04:44:03] D2BS 14068: Script threads\autobuildthread.js ended
[10/06/26 04:44:03] D2BS 14068: Script threads\partythread.js ended
[10/06/26 04:44:03] D2BS 14068: Script threads\townchicken.js ended
[10/06/26 04:44:16] D2BS 14068: joining game pz-205
[10/06/26 04:44:18] D2BS 14068: ÿc2D2BSÿc0 :: Starting default.dbj
[10/06/26 04:44:18] D2BS 14068: ÿc2D2BSÿc0 :: default.dbj running.
[10/06/26 04:44:18] D2BS 14068: Loaded ÿc9[X.nip] [Y.nip] [Z.nip] [V.nip] [N.SUMM.nip]
[10/06/26 04:44:18] D2BS 14068: Loaded ÿc9[N.SUMM.js]
[10/06/26 04:44:18] D2BS 14068: equipped: [Head] 15
[10/06/26 04:44:18] D2BS 14068: equipped: [Neck] 15
[10/06/26 04:44:18] D2BS 14068: equipped: [Body] 21
[10/06/26 04:44:18] D2BS 14068: equipped: [ArmR] 32
[10/06/26 04:44:18] D2BS 14068: equipped: [ArmL] 26
[10/06/26 04:44:18] D2BS 14068: equipped: [RingR] 13
[10/06/26 04:44:18] D2BS 14068: equipped: [RingL] 13
[10/06/26 04:44:18] D2BS 14068: equipped: [Belt] 17
[10/06/26 04:44:18] D2BS 14068: equipped: [Boots] 15
[10/06/26 04:44:18] D2BS 14068: equipped: [Mitts] 12
[10/06/26 04:44:18] D2BS 14068: updateStat
[10/06/26 04:44:18] D2BS 14068: granted: [Head] 15
[10/06/26 04:44:18] D2BS 14068: granted: [Body] 20
[10/06/26 04:44:18] D2BS 14068: granted: [ArmR] 22
[10/06/26 04:44:18] D2BS 14068: Loaded ÿc9[AutoSmurf.js]
[10/06/26 04:44:23] D2BS 14068: farmingON
[10/06/26 04:44:25] D2BS 14068: MiniShopBot: true
[10/06/26 04:44:25] D2BS 14068: UseMerc: true HP: 70
[10/06/26 04:44:44] D2BS 14068: Merc matched: Thorns
[10/06/26 04:44:59] D2BS 14068: act5+ BO
[10/06/26 04:45:13] D2BS 14068: ÿc4=== [BAAL] ===
[10/06/26 04:48:21] D2BS 14068: ÿc4=== [COUNTESS] ===
[10/06/26 04:49:30] D2BS 14068: ÿc4=== [PIT] ===
[10/06/26 04:50:44] D2BS 14068: ÿc4=== [ANDY] ===
[10/06/26 04:51:35] D2BS 14068: ÿc4=== [COWS] ===
[10/06/26 04:59:58] D2BS 14068: updateStat
[10/06/26 05:02:02] D2BS 14068: Cows failed: followDriver
[10/06/26 05:03:14] D2BS 14068: ÿc4=== [MEPHISTO] ===
[10/06/26 05:04:35] D2BS 14068: ÿc4=== [DIABLO] ===
[10/06/26 05:04:47] D2BS 14068: equipped: [RingR] 14
[10/06/26 05:07:10] D2BS 14068: party has left: fowo-xd
[10/06/26 05:07:10] D2BS 14068:  [22:53] +2.82% / [Level 90] 44.15%
[10/06/26 05:07:10] D2BS 14068: Script threads\autobuildthread.js ended
[10/06/26 05:07:10] D2BS 14068: Script threads\partythread.js ended
[10/06/26 05:07:10] D2BS 14068: Script threads\townchicken.js ended
[10/06/26 05:07:10] D2BS 14068: Script default.dbj ended
[10/06/26 05:07:23] D2BS 14068: joining game pz-206
[10/06/26 05:07:25] D2BS 14068: ÿc2D2BSÿc0 :: Starting default.dbj
[10/06/26 05:07:25] D2BS 14068: ÿc2D2BSÿc0 :: default.dbj running.
[10/06/26 05:07:25] D2BS 14068: Loaded ÿc9[X.nip] [Y.nip] [Z.nip] [V.nip] [N.SUMM.nip]
[10/06/26 05:07:25] D2BS 14068: Loaded ÿc9[N.SUMM.js]
[10/06/26 05:07:25] D2BS 14068: equipped: [Head] 15
[10/06/26 05:07:25] D2BS 14068: equipped: [Neck] 15
[10/06/26 05:07:25] D2BS 14068: equipped: [Body] 21
[10/06/26 05:07:25] D2BS 14068: equipped: [ArmR] 32
[10/06/26 05:07:25] D2BS 14068: equipped: [ArmL] 26
[10/06/26 05:07:25] D2BS 14068: equipped: [RingR] 14
[10/06/26 05:07:25] D2BS 14068: equipped: [RingL] 13
[10/06/26 05:07:25] D2BS 14068: equipped: [Belt] 17
[10/06/26 05:07:25] D2BS 14068: equipped: [Boots] 15
[10/06/26 05:07:25] D2BS 14068: equipped: [Mitts] 12
[10/06/26 05:07:25] D2BS 14068: updateStat
[10/06/26 05:07:25] D2BS 14068: granted: [Head] 15
[10/06/26 05:07:25] D2BS 14068: granted: [Body] 20
[10/06/26 05:07:25] D2BS 14068: granted: [ArmR] 22
[10/06/26 05:07:25] D2BS 14068: Loaded ÿc9[AutoSmurf.js]
[10/06/26 05:07:30] D2BS 14068: farmingON
[10/06/26 05:07:32] D2BS 14068: MiniShopBot: true
[10/06/26 05:07:32] D2BS 14068: UseMerc: true HP: 70
[10/06/26 05:07:55] D2BS 14068: Merc matched: Thorns
[10/06/26 05:08:02] D2BS 14068: act5+ BO
[10/06/26 05:08:16] D2BS 14068: ÿc4=== [BAAL] ===
[10/06/26 05:08:30] D2BS 14068: Baal failed: souls found
[10/06/26 05:08:30] D2BS 14068: ÿc4=== [COUNTESS] ===
[10/06/26 05:09:37] D2BS 14068: ÿc4=== [PIT] ===
[10/06/26 05:10:59] D2BS 14068: ÿc4=== [ANDY] ===
[10/06/26 05:11:53] D2BS 14068: ÿc4=== [COWS] ===
[10/06/26 05:26:54] D2BS 14068: ÿc4=== [MEPHISTO] ===
[10/06/26 05:28:05] D2BS 14068: ÿc4=== [DIABLO] ===
[10/06/26 05:33:45] D2BS 14068: party has left: fowo-xc
[10/06/26 05:33:45] D2BS 14068:  [26:20] +2.66% / [Level 90] 46.81%
[10/06/26 05:33:45] D2BS 14068: Script threads\autobuildthread.js ended
[10/06/26 05:33:45] D2BS 14068: Script threads\partythread.js ended
[10/06/26 05:33:45] D2BS 14068: Script threads\townchicken.js ended
[10/06/26 05:33:45] D2BS 14068: Script default.dbj ended
[10/06/26 05:33:57] D2BS 14068: joining game pz-207
[10/06/26 05:33:59] D2BS 14068: ÿc2D2BSÿc0 :: Starting default.dbj
[10/06/26 05:33:59] D2BS 14068: ÿc2D2BSÿc0 :: default.dbj running.
[10/06/26 05:34:00] D2BS 14068: Loaded ÿc9[X.nip] [Y.nip] [Z.nip] [V.nip] [N.SUMM.nip]
[10/06/26 05:34:00] D2BS 14068: Loaded ÿc9[N.SUMM.js]
[10/06/26 05:34:00] D2BS 14068: equipped: [Head] 15
[10/06/26 05:34:00] D2BS 14068: equipped: [Neck] 15
[10/06/26 05:34:00] D2BS 14068: equipped: [Body] 21
[10/06/26 05:34:00] D2BS 14068: equipped: [ArmR] 32
[10/06/26 05:34:00] D2BS 14068: equipped: [ArmL] 26
[10/06/26 05:34:00] D2BS 14068: equipped: [RingR] 14
[10/06/26 05:34:00] D2BS 14068: equipped: [RingL] 13
[10/06/26 05:34:00] D2BS 14068: equipped: [Belt] 17
[10/06/26 05:34:00] D2BS 14068: equipped: [Boots] 15
[10/06/26 05:34:00] D2BS 14068: equipped: [Mitts] 12
[10/06/26 05:34:00] D2BS 14068: updateStat
[10/06/26 05:34:00] D2BS 14068: granted: [Head] 15
[10/06/26 05:34:00] D2BS 14068: granted: [Body] 20
[10/06/26 05:34:00] D2BS 14068: granted: [ArmR] 22
[10/06/26 05:34:00] D2BS 14068: Loaded ÿc9[AutoSmurf.js]
[10/06/26 05:34:05] D2BS 14068: farmingON
[10/06/26 05:34:05] D2BS 14068: MiniShopBot: true
[10/06/26 05:34:05] D2BS 14068: UseMerc: true HP: 70
[10/06/26 05:34:21] D2BS 14068: Merc matched: Thorns
[10/06/26 05:34:43] D2BS 14068: act5+ BO
[10/06/26 05:34:56] D2BS 14068: ÿc4=== [BAAL] ===
[10/06/26 05:35:13] D2BS 14068: Baal failed: souls found
[10/06/26 05:35:13] D2BS 14068: ÿc4=== [COUNTESS] ===
[10/06/26 05:36:11] D2BS 14068: ÿc4=== [PIT] ===
[10/06/26 05:37:53] D2BS 14068: ÿc4=== [ANDY] ===
[10/06/26 05:38:43] D2BS 14068: ÿc4=== [COWS] ===
[10/06/26 05:40:23] D2BS 14068: updateStat
[10/06/26 05:41:04] D2BS 14068: Going to town
[10/06/26 05:42:30] D2BS 14068: party has left: fowo-xe
[10/06/26 05:42:30] D2BS 14068:  [08:32] +0.56% / [Level 90] 47.36%
[10/06/26 05:42:30] D2BS 14068: Script threads\autobuildthread.js ended
[10/06/26 05:42:30] D2BS 14068: Script threads\partythread.js ended
[10/06/26 05:42:30] D2BS 14068: Script threads\townchicken.js ended
[10/06/26 05:42:31] D2BS 14068: Script default.dbj ended
[10/06/26 05:42:43] D2BS 14068: joining game pz-208
[10/06/26 05:42:44] D2BS 14068: ÿc2D2BSÿc0 :: Starting default.dbj
[10/06/26 05:42:44] D2BS 14068: ÿc2D2BSÿc0 :: default.dbj running.
[10/06/26 05:42:45] D2BS 14068: Loaded ÿc9[X.nip] [Y.nip] [Z.nip] [V.nip] [N.SUMM.nip]
[10/06/26 05:42:45] D2BS 14068: Loaded ÿc9[N.SUMM.js]
[10/06/26 05:42:45] D2BS 14068: equipped: [Head] 15
[10/06/26 05:42:45] D2BS 14068: equipped: [Neck] 15
[10/06/26 05:42:45] D2BS 14068: equipped: [Body] 21
[10/06/26 05:42:45] D2BS 14068: equipped: [ArmR] 32
[10/06/26 05:42:45] D2BS 14068: equipped: [ArmL] 26
[10/06/26 05:42:45] D2BS 14068: equipped: [RingR] 14
[10/06/26 05:42:45] D2BS 14068: equipped: [RingL] 13
[10/06/26 05:42:45] D2BS 14068: equipped: [Belt] 17
[10/06/26 05:42:45] D2BS 14068: equipped: [Boots] 15
[10/06/26 05:42:45] D2BS 14068: equipped: [Mitts] 12
[10/06/26 05:42:45] D2BS 14068: updateStat
[10/06/26 05:42:45] D2BS 14068: granted: [Head] 15
[10/06/26 05:42:45] D2BS 14068: granted: [Body] 20
[10/06/26 05:42:45] D2BS 14068: granted: [ArmR] 22
[10/06/26 05:42:46] D2BS 14068: Loaded ÿc9[AutoSmurf.js]
[10/06/26 05:42:51] D2BS 14068: farmingON
[10/06/26 05:42:53] D2BS 14068: MiniShopBot: true
[10/06/26 05:42:53] D2BS 14068: UseMerc: true HP: 70
[10/06/26 05:43:12] D2BS 14068: Merc matched: Thorns
[10/06/26 05:43:27] D2BS 14068: act5+ BO
[10/06/26 05:43:41] D2BS 14068: ÿc4=== [BAAL] ===
[10/06/26 05:43:53] D2BS 14068: Baal failed: souls found
[10/06/26 05:43:53] D2BS 14068: ÿc4=== [COUNTESS] ===
[10/06/26 05:45:03] D2BS 14068: ÿc4=== [PIT] ===
[10/06/26 05:46:56] D2BS 14068: ÿc4=== [ANDY] ===
[10/06/26 05:47:51] D2BS 14068: ÿc4=== [COWS] ===
[10/06/26 05:50:29] D2BS 14068: party has left: fowo-xe
[10/06/26 05:50:29] D2BS 14068:  [07:45] +0.42% / [Level 90] 47.78%
[10/06/26 05:50:29] D2BS 14068: Script threads\autobuildthread.js ended
[10/06/26 05:50:29] D2BS 14068: Script threads\partythread.js ended
[10/06/26 05:50:29] D2BS 14068: Script threads\townchicken.js ended
[10/06/26 05:50:29] D2BS 14068: Script default.dbj ended
[10/06/26 05:50:40] D2BS 14068: joining game pz-209
[10/06/26 05:50:43] D2BS 14068: ÿc2D2BSÿc0 :: Starting default.dbj
[10/06/26 05:50:43] D2BS 14068: ÿc2D2BSÿc0 :: default.dbj running.
[10/06/26 05:50:43] D2BS 14068: Loaded ÿc9[X.nip] [Y.nip] [Z.nip] [V.nip] [N.SUMM.nip]
[10/06/26 05:50:43] D2BS 14068: Loaded ÿc9[N.SUMM.js]
[10/06/26 05:50:43] D2BS 14068: equipped: [Head] 15
[10/06/26 05:50:43] D2BS 14068: equipped: [Neck] 15
[10/06/26 05:50:43] D2BS 14068: equipped: [Body] 21
[10/06/26 05:50:43] D2BS 14068: equipped: [ArmR] 32
[10/06/26 05:50:43] D2BS 14068: equipped: [ArmL] 26
[10/06/26 05:50:43] D2BS 14068: equipped: [RingR] 14
[10/06/26 05:50:43] D2BS 14068: equipped: [RingL] 13
[10/06/26 05:50:43] D2BS 14068: equipped: [Belt] 17
[10/06/26 05:50:43] D2BS 14068: equipped: [Boots] 15
[10/06/26 05:50:43] D2BS 14068: equipped: [Mitts] 12
[10/06/26 05:50:43] D2BS 14068: updateStat
[10/06/26 05:50:43] D2BS 14068: granted: [Head] 15
[10/06/26 05:50:43] D2BS 14068: granted: [Body] 20
[10/06/26 05:50:43] D2BS 14068: granted: [ArmR] 22
[10/06/26 05:50:43] D2BS 14068: Loaded ÿc9[AutoSmurf.js]
[10/06/26 05:50:48] D2BS 14068: farmingON
[10/06/26 05:50:51] D2BS 14068: MiniShopBot: true
[10/06/26 05:50:51] D2BS 14068: UseMerc: true HP: 70
[10/06/26 05:51:07] D2BS 14068: Merc matched: Thorns
[10/06/26 05:51:42] D2BS 14068: act5+ BO
[10/06/26 05:51:56] D2BS 14068: ÿc4=== [BAAL] ===
[10/06/26 05:55:46] D2BS 14068: ÿc4=== [COUNTESS] ===
[10/06/26 05:57:05] D2BS 14068: ÿc4=== [PIT] ===
[10/06/26 05:58:59] D2BS 14068: ÿc4=== [ANDY] ===
[10/06/26 06:00:03] D2BS 14068: ÿc4=== [COWS] ===
[10/06/26 06:10:40] D2BS 14068: Cows failed: followDriver
[10/06/26 06:11:46] D2BS 14068: ÿc4=== [MEPHISTO] ===
[10/06/26 06:13:07] D2BS 14068: ÿc4=== [DIABLO] ===
[10/06/26 06:20:39] D2BS 14068: party has left: fowo-xa
[10/06/26 06:20:39] D2BS 14068:  [29:57] +4.57% / [Level 90] 52.35%
[10/06/26 06:20:39] D2BS 14068: Script threads\autobuildthread.js ended
[10/06/26 06:20:39] D2BS 14068: Script threads\partythread.js ended
[10/06/26 06:20:39] D2BS 14068: Script threads\townchicken.js ended
[10/06/26 06:20:40] D2BS 14068: Script default.dbj ended
[10/06/26 06:20:52] D2BS 14068: joining game pz-210
[10/06/26 06:20:53] D2BS 14068: ÿc2D2BSÿc0 :: Starting default.dbj
[10/06/26 06:20:53] D2BS 14068: ÿc2D2BSÿc0 :: default.dbj running.
[10/06/26 06:20:54] D2BS 14068: Loaded ÿc9[X.nip] [Y.nip] [Z.nip] [V.nip] [N.SUMM.nip]
[10/06/26 06:20:54] D2BS 14068: Loaded ÿc9[N.SUMM.js]
[10/06/26 06:20:54] D2BS 14068: equipped: [Head] 15
[10/06/26 06:20:54] D2BS 14068: equipped: [Neck] 15
[10/06/26 06:20:54] D2BS 14068: equipped: [Body] 21
[10/06/26 06:20:54] D2BS 14068: equipped: [ArmR] 32
[10/06/26 06:20:54] D2BS 14068: equipped: [ArmL] 26
[10/06/26 06:20:54] D2BS 14068: equipped: [RingR] 14
[10/06/26 06:20:54] D2BS 14068: equipped: [RingL] 13
[10/06/26 06:20:54] D2BS 14068: equipped: [Belt] 17
[10/06/26 06:20:54] D2BS 14068: equipped: [Boots] 15
[10/06/26 06:20:54] D2BS 14068: equipped: [Mitts] 12
[10/06/26 06:20:54] D2BS 14068: updateStat
[10/06/26 06:20:54] D2BS 14068: granted: [Head] 15
[10/06/26 06:20:54] D2BS 14068: granted: [Body] 20
[10/06/26 06:20:54] D2BS 14068: granted: [ArmR] 22
[10/06/26 06:20:54] D2BS 14068: Loaded ÿc9[AutoSmurf.js]
[10/06/26 06:20:59] D2BS 14068: farmingON
[10/06/26 06:21:00] D2BS 14068: MiniShopBot: true
[10/06/26 06:21:00] D2BS 14068: UseMerc: true HP: 70
[10/06/26 06:21:17] D2BS 14068: Merc matched: Thorns
[10/06/26 06:21:34] D2BS 14068: act5+ BO
[10/06/26 06:21:49] D2BS 14068: ÿc4=== [BAAL] ===
[10/06/26 06:24:25] D2BS 14068: party has left: fowo-xe
[10/06/26 06:24:26] D2BS 14068:  [03:32] +1.53% / [Level 90] 53.87%
[10/06/26 06:24:26] D2BS 14068: Script threads\autobuildthread.js ended
[10/06/26 06:24:26] D2BS 14068: Script threads\partythread.js ended
[10/06/26 06:24:26] D2BS 14068: Script threads\townchicken.js ended
[10/06/26 06:24:26] D2BS 14068: Script default.dbj ended
[10/06/26 06:24:43] D2BS 14068: joining game pz-211
[10/06/26 06:24:46] D2BS 14068: ÿc2D2BSÿc0 :: Starting default.dbj
[10/06/26 06:24:46] D2BS 14068: ÿc2D2BSÿc0 :: default.dbj running.
[10/06/26 06:24:46] D2BS 14068: Loaded ÿc9[X.nip] [Y.nip] [Z.nip] [V.nip] [N.SUMM.nip]
[10/06/26 06:24:46] D2BS 14068: Loaded ÿc9[N.SUMM.js]
[10/06/26 06:24:46] D2BS 14068: equipped: [Head] 15
[10/06/26 06:24:46] D2BS 14068: equipped: [Neck] 15
[10/06/26 06:24:46] D2BS 14068: equipped: [Body] 21
[10/06/26 06:24:46] D2BS 14068: equipped: [ArmR] 32
[10/06/26 06:24:46] D2BS 14068: equipped: [ArmL] 26
[10/06/26 06:24:46] D2BS 14068: equipped: [RingR] 14
[10/06/26 06:24:46] D2BS 14068: equipped: [RingL] 13
[10/06/26 06:24:46] D2BS 14068: equipped: [Belt] 17
[10/06/26 06:24:46] D2BS 14068: equipped: [Boots] 15
[10/06/26 06:24:46] D2BS 14068: equipped: [Mitts] 12
[10/06/26 06:24:47] D2BS 14068: updateStat
[10/06/26 06:24:47] D2BS 14068: granted: [Head] 15
[10/06/26 06:24:47] D2BS 14068: granted: [Body] 20
[10/06/26 06:24:47] D2BS 14068: granted: [ArmR] 22
[10/06/26 06:24:47] D2BS 14068: Loaded ÿc9[AutoSmurf.js]
[10/06/26 06:24:48] D2BS 14068: MiniShopBot: true
[10/06/26 06:24:48] D2BS 14068: farmingON
[10/06/26 06:24:48] D2BS 14068: UseMerc: true HP: 70
[10/06/26 06:25:03] D2BS 14068: Merc matched: Thorns
[10/06/26 06:25:44] D2BS 14068: act5+ BO
[10/06/26 06:25:56] D2BS 14068: ÿc4=== [BAAL] ===
[10/06/26 06:26:10] D2BS 14068: Baal failed: souls found
[10/06/26 06:26:10] D2BS 14068: ÿc4=== [COUNTESS] ===
[10/06/26 06:27:14] D2BS 14068: ÿc4=== [PIT] ===
[10/06/26 06:29:08] D2BS 14068: ÿc4=== [ANDY] ===
[10/06/26 06:30:09] D2BS 14068: ÿc4=== [COWS] ===
[10/06/26 06:32:31] D2BS 14068: updateStat
[10/06/26 06:33:04] D2BS 14068: Going to town
[10/06/26 06:35:52] D2BS 14068: Cows failed: followDriver
[10/06/26 06:36:22] D2BS 14068: ÿc4=== [MEPHISTO] ===
[10/06/26 06:37:50] D2BS 14068: ÿc4=== [DIABLO] ===
[10/06/26 06:43:04] D2BS 14068: party has left: fowo-xe
[10/06/26 06:43:04] D2BS 14068:  [18:18] +2.19% / [Level 90] 56.06%
[10/06/26 06:43:04] D2BS 14068: Script threads\autobuildthread.js ended
[10/06/26 06:43:04] D2BS 14068: Script threads\partythread.js ended
[10/06/26 06:43:04] D2BS 14068: Script threads\townchicken.js ended
[10/06/26 06:43:04] D2BS 14068: Script default.dbj ended
[10/06/26 06:43:17] D2BS 14068: joining game pz-212
[10/06/26 06:43:19] D2BS 14068: ÿc2D2BSÿc0 :: Starting default.dbj
[10/06/26 06:43:19] D2BS 14068: ÿc2D2BSÿc0 :: default.dbj running.
[10/06/26 06:43:19] D2BS 14068: Loaded ÿc9[X.nip] [Y.nip] [Z.nip] [V.nip] [N.SUMM.nip]
[10/06/26 06:43:19] D2BS 14068: Loaded ÿc9[N.SUMM.js]
[10/06/26 06:43:20] D2BS 14068: equipped: [Head] 15
[10/06/26 06:43:20] D2BS 14068: equipped: [Neck] 15
[10/06/26 06:43:20] D2BS 14068: equipped: [Body] 21
[10/06/26 06:43:20] D2BS 14068: equipped: [ArmR] 32
[10/06/26 06:43:20] D2BS 14068: equipped: [ArmL] 26
[10/06/26 06:43:20] D2BS 14068: equipped: [RingR] 14
[10/06/26 06:43:20] D2BS 14068: equipped: [RingL] 13
[10/06/26 06:43:20] D2BS 14068: equipped: [Belt] 17
[10/06/26 06:43:20] D2BS 14068: equipped: [Boots] 15
[10/06/26 06:43:20] D2BS 14068: equipped: [Mitts] 12
[10/06/26 06:43:20] D2BS 14068: updateStat
[10/06/26 06:43:20] D2BS 14068: granted: [Head] 15
[10/06/26 06:43:20] D2BS 14068: granted: [Body] 20
[10/06/26 06:43:20] D2BS 14068: granted: [ArmR] 22
[10/06/26 06:43:20] D2BS 14068: Loaded ÿc9[AutoSmurf.js]
[10/06/26 06:43:24] D2BS 14068: farmingON
[10/06/26 06:43:26] D2BS 14068: MiniShopBot: true
[10/06/26 06:43:26] D2BS 14068: UseMerc: true HP: 70
[10/06/26 06:43:44] D2BS 14068: Merc matched: Thorns
[10/06/26 06:44:03] D2BS 14068: act5+ BO
[10/06/26 06:44:16] D2BS 14068: ÿc4=== [BAAL] ===
[10/06/26 06:47:06] D2BS 14068: ÿc4=== [COUNTESS] ===
[10/06/26 06:48:17] D2BS 14068: ÿc4=== [PIT] ===
[10/06/26 06:49:39] D2BS 14068: ÿc4=== [ANDY] ===
[10/06/26 06:50:37] D2BS 14068: ÿc4=== [COWS] ===
[10/06/26 07:02:36] D2BS 14068: party has left: fowo-xe
[10/06/26 07:02:36] D2BS 14068:  [19:17] +2.43% / [Level 90] 58.49%
[10/06/26 07:02:36] D2BS 14068: Script threads\autobuildthread.js ended
[10/06/26 07:02:36] D2BS 14068: Script threads\partythread.js ended
[10/06/26 07:02:36] D2BS 14068: Script threads\townchicken.js ended
[10/06/26 07:02:36] D2BS 14068: Script default.dbj ended
[10/06/26 07:02:50] D2BS 14068: joining game pz-213
[10/06/26 07:02:51] D2BS 14068: ÿc2D2BSÿc0 :: Starting default.dbj
[10/06/26 07:02:51] D2BS 14068: ÿc2D2BSÿc0 :: default.dbj running.
[10/06/26 07:02:51] D2BS 14068: Loaded ÿc9[X.nip] [Y.nip] [Z.nip] [V.nip] [N.SUMM.nip]
[10/06/26 07:02:51] D2BS 14068: Loaded ÿc9[N.SUMM.js]
[10/06/26 07:02:51] D2BS 14068: equipped: [Head] 15
[10/06/26 07:02:51] D2BS 14068: equipped: [Neck] 15
[10/06/26 07:02:52] D2BS 14068: equipped: [Body] 21
[10/06/26 07:02:52] D2BS 14068: equipped: [ArmR] 32
[10/06/26 07:02:52] D2BS 14068: equipped: [ArmL] 26
[10/06/26 07:02:52] D2BS 14068: equipped: [RingR] 14
[10/06/26 07:02:52] D2BS 14068: equipped: [RingL] 13
[10/06/26 07:02:52] D2BS 14068: equipped: [Belt] 17
[10/06/26 07:02:52] D2BS 14068: equipped: [Boots] 15
[10/06/26 07:02:52] D2BS 14068: equipped: [Mitts] 12
[10/06/26 07:02:52] D2BS 14068: updateStat
[10/06/26 07:02:52] D2BS 14068: granted: [Head] 15
[10/06/26 07:02:52] D2BS 14068: granted: [Body] 20
[10/06/26 07:02:52] D2BS 14068: granted: [ArmR] 22
[10/06/26 07:02:52] D2BS 14068: Loaded ÿc9[AutoSmurf.js]
[10/06/26 07:02:58] D2BS 14068: farmingON
[10/06/26 07:03:00] D2BS 14068: MiniShopBot: true
[10/06/26 07:03:00] D2BS 14068: UseMerc: true HP: 70
[10/06/26 07:03:18] D2BS 14068: Merc matched: Thorns
[10/06/26 07:03:33] D2BS 14068: act5+ BO
[10/06/26 07:03:47] D2BS 14068: ÿc4=== [BAAL] ===
[10/06/26 07:06:56] D2BS 14068: ÿc4=== [COUNTESS] ===
[10/06/26 07:08:11] D2BS 14068: ÿc4=== [PIT] ===
[10/06/26 07:09:43] D2BS 14068: ÿc4=== [ANDY] ===
[10/06/26 07:10:37] D2BS 14068: ÿc4=== [COWS] ===
[10/06/26 07:17:08] D2BS 14068: party has left: fowo-xd
[10/06/26 07:17:08] D2BS 14068:  [14:17] +2.76% / [Level 90] 61.25%
[10/06/26 07:17:08] D2BS 14068: Script threads\autobuildthread.js ended
[10/06/26 07:17:08] D2BS 14068: Script threads\partythread.js ended
[10/06/26 07:17:08] D2BS 14068: Script threads\townchicken.js ended
[10/06/26 07:17:08] D2BS 14068: Script default.dbj ended
[10/06/26 07:17:21] D2BS 14068: joining game pz-214
[10/06/26 07:17:23] D2BS 14068: ÿc2D2BSÿc0 :: Starting default.dbj
[10/06/26 07:17:23] D2BS 14068: ÿc2D2BSÿc0 :: default.dbj running.
[10/06/26 07:17:23] D2BS 14068: Loaded ÿc9[X.nip] [Y.nip] [Z.nip] [V.nip] [N.SUMM.nip]
[10/06/26 07:17:23] D2BS 14068: Loaded ÿc9[N.SUMM.js]
[10/06/26 07:17:23] D2BS 14068: equipped: [Head] 15
[10/06/26 07:17:23] D2BS 14068: equipped: [Neck] 15
[10/06/26 07:17:23] D2BS 14068: equipped: [Body] 21
[10/06/26 07:17:23] D2BS 14068: equipped: [ArmR] 32
[10/06/26 07:17:23] D2BS 14068: equipped: [ArmL] 26
[10/06/26 07:17:23] D2BS 14068: equipped: [RingR] 14
[10/06/26 07:17:23] D2BS 14068: equipped: [RingL] 13
[10/06/26 07:17:23] D2BS 14068: equipped: [Belt] 17
[10/06/26 07:17:23] D2BS 14068: equipped: [Boots] 15
[10/06/26 07:17:23] D2BS 14068: equipped: [Mitts] 12
[10/06/26 07:17:23] D2BS 14068: updateStat
[10/06/26 07:17:23] D2BS 14068: granted: [Head] 15
[10/06/26 07:17:23] D2BS 14068: granted: [Body] 20
[10/06/26 07:17:23] D2BS 14068: granted: [ArmR] 22
[10/06/26 07:17:23] D2BS 14068: Loaded ÿc9[AutoSmurf.js]
[10/06/26 07:17:28] D2BS 14068: farmingON
[10/06/26 07:17:31] D2BS 14068: MiniShopBot: true
[10/06/26 07:17:31] D2BS 14068: UseMerc: true HP: 70
[10/06/26 07:17:41] D2BS 14068: [Craft] Caster Ring
[10/06/26 07:17:59] D2BS 14068: equipped: [RingL] 14
[10/06/26 07:18:02] D2BS 14068: Merc matched: Thorns
[10/06/26 07:18:10] D2BS 14068: act5+ BO
[10/06/26 07:18:22] D2BS 14068: ÿc4=== [BAAL] ===
[10/06/26 07:21:55] D2BS 14068: ÿc4=== [COUNTESS] ===
[10/06/26 07:23:10] D2BS 14068: ÿc4=== [PIT] ===
[10/06/26 07:24:36] D2BS 14068: ÿc4=== [ANDY] ===
[10/06/26 07:25:38] D2BS 14068: ÿc4=== [COWS] ===
[10/06/26 07:35:13] D2BS 14068: Cow King found
[10/06/26 07:35:13] D2BS 14068: Cows failed: followDriver
[10/06/26 07:35:28] D2BS 14068: ÿc4=== [MEPHISTO] ===
[10/06/26 07:36:57] D2BS 14068: ÿc4=== [DIABLO] ===
[10/06/26 07:42:20] D2BS 14068: party has left: fowo-xh
[10/06/26 07:42:20] D2BS 14068:  [24:57] +4.34% / [Level 90] 65.59%
[10/06/26 07:42:20] D2BS 14068: Script threads\autobuildthread.js ended
[10/06/26 07:42:20] D2BS 14068: Script threads\partythread.js ended
[10/06/26 07:42:20] D2BS 14068: Script threads\townchicken.js ended
[10/06/26 07:42:20] D2BS 14068: Script default.dbj ended
[10/06/26 07:42:33] D2BS 14068: joining game pz-215
[10/06/26 07:42:35] D2BS 14068: ÿc2D2BSÿc0 :: Starting default.dbj
[10/06/26 07:42:35] D2BS 14068: ÿc2D2BSÿc0 :: default.dbj running.
[10/06/26 07:42:35] D2BS 14068: Loaded ÿc9[X.nip] [Y.nip] [Z.nip] [V.nip] [N.SUMM.nip]
[10/06/26 07:42:35] D2BS 14068: Loaded ÿc9[N.SUMM.js]
[10/06/26 07:42:35] D2BS 14068: equipped: [Head] 15
[10/06/26 07:42:35] D2BS 14068: equipped: [Neck] 15
[10/06/26 07:42:35] D2BS 14068: equipped: [Body] 21
[10/06/26 07:42:35] D2BS 14068: equipped: [ArmR] 32
[10/06/26 07:42:35] D2BS 14068: equipped: [ArmL] 26
[10/06/26 07:42:35] D2BS 14068: equipped: [RingR] 14
[10/06/26 07:42:35] D2BS 14068: equipped: [RingL] 14
[10/06/26 07:42:35] D2BS 14068: equipped: [Belt] 17
[10/06/26 07:42:35] D2BS 14068: equipped: [Boots] 15
[10/06/26 07:42:35] D2BS 14068: equipped: [Mitts] 12
[10/06/26 07:42:35] D2BS 14068: updateStat
[10/06/26 07:42:35] D2BS 14068: granted: [Head] 15
[10/06/26 07:42:35] D2BS 14068: granted: [Body] 20
[10/06/26 07:42:35] D2BS 14068: granted: [ArmR] 22
[10/06/26 07:42:35] D2BS 14068: Loaded ÿc9[AutoSmurf.js]
[10/06/26 07:42:40] D2BS 14068: farmingON
[10/06/26 07:42:40] D2BS 14068: MiniShopBot: true
[10/06/26 07:42:40] D2BS 14068: UseMerc: true HP: 70
[10/06/26 07:43:00] D2BS 14068: equipped: [Belt] 18
[10/06/26 07:43:03] D2BS 14068: Merc matched: Thorns
[10/06/26 07:43:13] D2BS 14068: act5+ BO
[10/06/26 07:43:27] D2BS 14068: ÿc4=== [BAAL] ===
[10/06/26 07:43:40] D2BS 14068: Baal failed: souls found
[10/06/26 07:43:40] D2BS 14068: ÿc4=== [COUNTESS] ===
[10/06/26 07:44:41] D2BS 14068: ÿc4=== [PIT] ===
[10/06/26 07:45:36] D2BS 14068: updateStat
[10/06/26 07:46:41] D2BS 14068: ÿc4=== [ANDY] ===
[10/06/26 07:47:34] D2BS 14068: ÿc4=== [COWS] ===
[10/06/26 07:50:08] D2BS 14068: party has left: fowo-xc
[10/06/26 07:50:08] D2BS 14068:  [07:33] +0.71% / [Level 90] 66.30%
[10/06/26 07:50:08] D2BS 14068: Script threads\autobuildthread.js ended
[10/06/26 07:50:08] D2BS 14068: Script threads\partythread.js ended
[10/06/26 07:50:08] D2BS 14068: Script threads\townchicken.js ended
[10/06/26 07:50:08] D2BS 14068: Script default.dbj ended
[10/06/26 07:50:20] D2BS 14068: joining game pz-216
[10/06/26 07:50:22] D2BS 14068: ÿc2D2BSÿc0 :: Starting default.dbj
[10/06/26 07:50:22] D2BS 14068: ÿc2D2BSÿc0 :: default.dbj running.
[10/06/26 07:50:22] D2BS 14068: Loaded ÿc9[X.nip] [Y.nip] [Z.nip] [V.nip] [N.SUMM.nip]
[10/06/26 07:50:22] D2BS 14068: Loaded ÿc9[N.SUMM.js]
[10/06/26 07:50:22] D2BS 14068: equipped: [Head] 15
[10/06/26 07:50:22] D2BS 14068: equipped: [Neck] 15
[10/06/26 07:50:22] D2BS 14068: equipped: [Body] 21
[10/06/26 07:50:22] D2BS 14068: equipped: [ArmR] 32
[10/06/26 07:50:22] D2BS 14068: equipped: [ArmL] 26
[10/06/26 07:50:22] D2BS 14068: equipped: [RingR] 14
[10/06/26 07:50:22] D2BS 14068: equipped: [RingL] 14
[10/06/26 07:50:22] D2BS 14068: equipped: [Belt] 18
[10/06/26 07:50:22] D2BS 14068: equipped: [Boots] 15
[10/06/26 07:50:22] D2BS 14068: equipped: [Mitts] 12
[10/06/26 07:50:22] D2BS 14068: updateStat
[10/06/26 07:50:22] D2BS 14068: granted: [Head] 15
[10/06/26 07:50:22] D2BS 14068: granted: [Body] 20
[10/06/26 07:50:22] D2BS 14068: granted: [ArmR] 22
[10/06/26 07:50:22] D2BS 14068: Loaded ÿc9[AutoSmurf.js]
[10/06/26 07:50:29] D2BS 14068: farmingON
[10/06/26 07:50:31] D2BS 14068: MiniShopBot: true
[10/06/26 07:50:31] D2BS 14068: UseMerc: true HP: 70
[10/06/26 07:50:45] D2BS 14068: Merc matched: Thorns
[10/06/26 07:51:06] D2BS 14068: act5+ BO
[10/06/26 07:51:19] D2BS 14068: ÿc4=== [BAAL] ===
[10/06/26 07:55:16] D2BS 14068: ÿc4=== [COUNTESS] ===
[10/06/26 07:56:16] D2BS 14068: ÿc4=== [PIT] ===
[10/06/26 07:57:34] D2BS 14068: ÿc4=== [ANDY] ===
[10/06/26 07:58:40] D2BS 14068: ÿc4=== [COWS] ===
[10/06/26 08:04:33] D2BS 14068: Cows failed: followDriver
[10/06/26 08:05:02] D2BS 14068: ÿc4=== [MEPHISTO] ===
[10/06/26 08:06:53] D2BS 14068: ÿc4=== [DIABLO] ===
[10/06/26 08:13:15] D2BS 14068: party has left: fowo-xb
[10/06/26 08:13:15] D2BS 14068:  [22:53] +4.74% / [Level 90] 71.04%
[10/06/26 08:13:15] D2BS 14068: Script threads\autobuildthread.js ended
[10/06/26 08:13:15] D2BS 14068: Script threads\partythread.js ended
[10/06/26 08:13:15] D2BS 14068: Script threads\townchicken.js ended
[10/06/26 08:13:15] D2BS 14068: Script default.dbj ended
[10/06/26 08:13:29] D2BS 14068: joining game pz-217
[10/06/26 08:13:30] D2BS 14068: ÿc2D2BSÿc0 :: Starting default.dbj
[10/06/26 08:13:30] D2BS 14068: ÿc2D2BSÿc0 :: default.dbj running.
[10/06/26 08:13:31] D2BS 14068: Loaded ÿc9[X.nip] [Y.nip] [Z.nip] [V.nip] [N.SUMM.nip]
[10/06/26 08:13:31] D2BS 14068: Loaded ÿc9[N.SUMM.js]
[10/06/26 08:13:31] D2BS 14068: equipped: [Head] 15
[10/06/26 08:13:31] D2BS 14068: equipped: [Neck] 15
[10/06/26 08:13:31] D2BS 14068: equipped: [Body] 21
[10/06/26 08:13:31] D2BS 14068: equipped: [ArmR] 32
[10/06/26 08:13:31] D2BS 14068: equipped: [ArmL] 26
[10/06/26 08:13:31] D2BS 14068: equipped: [RingR] 14
[10/06/26 08:13:31] D2BS 14068: equipped: [RingL] 14
[10/06/26 08:13:31] D2BS 14068: equipped: [Belt] 18
[10/06/26 08:13:31] D2BS 14068: equipped: [Boots] 15
[10/06/26 08:13:31] D2BS 14068: equipped: [Mitts] 12
[10/06/26 08:13:31] D2BS 14068: updateStat
[10/06/26 08:13:31] D2BS 14068: granted: [Head] 15
[10/06/26 08:13:31] D2BS 14068: granted: [Body] 20
[10/06/26 08:13:31] D2BS 14068: granted: [ArmR] 22
[10/06/26 08:13:31] D2BS 14068: Loaded ÿc9[AutoSmurf.js]
[10/06/26 08:13:37] D2BS 14068: farmingON
[10/06/26 08:13:38] D2BS 14068: MiniShopBot: true
[10/06/26 08:13:38] D2BS 14068: UseMerc: true HP: 70
[10/06/26 08:13:57] D2BS 14068: Merc matched: Thorns
[10/06/26 08:14:11] D2BS 14068: act5+ BO
[10/06/26 08:14:25] D2BS 14068: ÿc4=== [BAAL] ===
[10/06/26 08:17:28] D2BS 14068: ÿc4=== [COUNTESS] ===
[10/06/26 08:18:35] D2BS 14068: ÿc4=== [PIT] ===
[10/06/26 08:19:58] D2BS 14068: ÿc4=== [ANDY] ===
[10/06/26 08:21:03] D2BS 14068: ÿc4=== [COWS] ===
[10/06/26 08:32:42] D2BS 14068: ÿc4=== [MEPHISTO] ===
[10/06/26 08:34:13] D2BS 14068: ÿc4=== [DIABLO] ===
[10/06/26 08:39:27] D2BS 14068: party has left: fowo-xa
[10/06/26 08:39:28] D2BS 14068:  [25:56] +3.44% / [Level 90] 74.48%
[10/06/26 08:39:28] D2BS 14068: Script threads\autobuildthread.js ended
[10/06/26 08:39:28] D2BS 14068: Script threads\partythread.js ended
[10/06/26 08:39:28] D2BS 14068: Script threads\townchicken.js ended
[10/06/26 08:39:28] D2BS 14068: Script default.dbj ended
[10/06/26 08:39:40] D2BS 14068: joining game pz-218
[10/06/26 08:39:41] D2BS 14068: ÿc2D2BSÿc0 :: Starting default.dbj
[10/06/26 08:39:41] D2BS 14068: ÿc2D2BSÿc0 :: default.dbj running.
[10/06/26 08:39:41] D2BS 14068: Loaded ÿc9[X.nip] [Y.nip] [Z.nip] [V.nip] [N.SUMM.nip]
[10/06/26 08:39:41] D2BS 14068: Loaded ÿc9[N.SUMM.js]
[10/06/26 08:39:41] D2BS 14068: equipped: [Head] 15
[10/06/26 08:39:41] D2BS 14068: equipped: [Neck] 15
[10/06/26 08:39:41] D2BS 14068: equipped: [Body] 21
[10/06/26 08:39:41] D2BS 14068: equipped: [ArmR] 32
[10/06/26 08:39:41] D2BS 14068: equipped: [ArmL] 26
[10/06/26 08:39:41] D2BS 14068: equipped: [RingR] 14
[10/06/26 08:39:41] D2BS 14068: equipped: [RingL] 14
[10/06/26 08:39:41] D2BS 14068: equipped: [Belt] 18
[10/06/26 08:39:41] D2BS 14068: equipped: [Boots] 15
[10/06/26 08:39:41] D2BS 14068: equipped: [Mitts] 12
[10/06/26 08:39:41] D2BS 14068: updateStat
[10/06/26 08:39:41] D2BS 14068: granted: [Head] 15
[10/06/26 08:39:41] D2BS 14068: granted: [Body] 20
[10/06/26 08:39:41] D2BS 14068: granted: [ArmR] 22
[10/06/26 08:39:43] D2BS 14068: Loaded ÿc9[AutoSmurf.js]
[10/06/26 08:39:48] D2BS 14068: MiniShopBot: true
[10/06/26 08:39:49] D2BS 14068: farmingON
[10/06/26 08:39:49] D2BS 14068: UseMerc: true HP: 70
[10/06/26 08:40:15] D2BS 14068: Merc matched: Thorns
[10/06/26 08:40:22] D2BS 14068: act5+ BO
[10/06/26 08:40:34] D2BS 14068: ÿc4=== [BAAL] ===
[10/06/26 08:43:47] D2BS 14068: ÿc4=== [COUNTESS] ===
[10/06/26 08:44:58] D2BS 14068: ÿc4=== [PIT] ===
[10/06/26 08:47:02] D2BS 14068: ÿc4=== [ANDY] ===
[10/06/26 08:48:02] D2BS 14068: ÿc4=== [COWS] ===
[10/06/26 09:00:21] D2BS 14068: ÿc4=== [MEPHISTO] ===
[10/06/26 09:01:58] D2BS 14068: ÿc4=== [DIABLO] ===
[10/06/26 09:07:15] D2BS 14068: party has left: fowo-xd
[10/06/26 09:07:15] D2BS 14068: Script ended
[10/06/26 09:07:15] D2BS 14068: party has left: fowo-xd
[10/06/26 09:07:15] D2BS 14068: party has left: fowo-xd
[10/06/26 09:07:15] D2BS 14068:  [27:33] +3.99% / [Level 90] 78.48%
[10/06/26 09:07:15] D2BS 14068: Script threads\autobuildthread.js ended
[10/06/26 09:07:15] D2BS 14068: Script threads\partythread.js ended
[10/06/26 09:07:15] D2BS 14068: Script threads\townchicken.js ended
[10/06/26 09:07:27] D2BS 14068: joining game pz-219
[10/06/26 09:07:29] D2BS 14068: ÿc2D2BSÿc0 :: Starting default.dbj
[10/06/26 09:07:29] D2BS 14068: ÿc2D2BSÿc0 :: default.dbj running.
[10/06/26 09:07:29] D2BS 14068: Loaded ÿc9[X.nip] [Y.nip] [Z.nip] [V.nip] [N.SUMM.nip]
[10/06/26 09:07:29] D2BS 14068: Loaded ÿc9[N.SUMM.js]
[10/06/26 09:07:29] D2BS 14068: equipped: [Head] 15
[10/06/26 09:07:29] D2BS 14068: equipped: [Neck] 15
[10/06/26 09:07:30] D2BS 14068: equipped: [Body] 21
[10/06/26 09:07:30] D2BS 14068: equipped: [ArmR] 32
[10/06/26 09:07:30] D2BS 14068: equipped: [ArmL] 26
[10/06/26 09:07:30] D2BS 14068: equipped: [RingR] 14
[10/06/26 09:07:30] D2BS 14068: equipped: [RingL] 14
[10/06/26 09:07:30] D2BS 14068: equipped: [Belt] 18
[10/06/26 09:07:30] D2BS 14068: equipped: [Boots] 15
[10/06/26 09:07:30] D2BS 14068: equipped: [Mitts] 12
[10/06/26 09:07:30] D2BS 14068: updateStat
[10/06/26 09:07:30] D2BS 14068: granted: [Head] 15
[10/06/26 09:07:30] D2BS 14068: granted: [Body] 20
[10/06/26 09:07:30] D2BS 14068: granted: [ArmR] 22
[10/06/26 09:07:30] D2BS 14068: Loaded ÿc9[AutoSmurf.js]
[10/06/26 09:07:36] D2BS 14068: farmingON
[10/06/26 09:07:37] D2BS 14068: MiniShopBot: true
[10/06/26 09:07:37] D2BS 14068: UseMerc: true HP: 70
[10/06/26 09:07:57] D2BS 14068: Merc matched: Thorns
[10/06/26 09:08:08] D2BS 14068: act5+ BO
[10/06/26 09:08:21] D2BS 14068: ÿc4=== [BAAL] ===
[10/06/26 09:11:38] D2BS 14068: ÿc4=== [COUNTESS] ===
[10/06/26 09:12:50] D2BS 14068: ÿc4=== [PIT] ===
[10/06/26 09:14:16] D2BS 14068: ÿc4=== [ANDY] ===
[10/06/26 09:15:14] D2BS 14068: ÿc4=== [COWS] ===
[10/06/26 09:30:50] D2BS 14068: ÿc4=== [MEPHISTO] ===
[10/06/26 09:31:07] D2BS 14068: act1 BO
[10/06/26 09:32:15] D2BS 14068: ÿc4=== [DIABLO] ===
[10/06/26 09:32:31] D2BS 14068: equipped: [Mitts] 13
[10/06/26 09:34:33] D2BS 14068: updateStat
[10/06/26 09:35:06] D2BS 14068: Going to town
[10/06/26 09:37:27] D2BS 14068: party has left: fowo-xa
[10/06/26 09:37:27] D2BS 14068:  [29:58] +3.58% / [Level 90] 82.05%
[10/06/26 09:37:27] D2BS 14068: Script threads\autobuildthread.js ended
[10/06/26 09:37:27] D2BS 14068: Script threads\partythread.js ended
[10/06/26 09:37:27] D2BS 14068: Script threads\townchicken.js ended
[10/06/26 09:37:27] D2BS 14068: Script default.dbj ended
[10/06/26 09:37:39] D2BS 14068: joining game pz-220
[10/06/26 09:37:41] D2BS 14068: ÿc2D2BSÿc0 :: Starting default.dbj
[10/06/26 09:37:41] D2BS 14068: ÿc2D2BSÿc0 :: default.dbj running.
[10/06/26 09:37:41] D2BS 14068: Loaded ÿc9[X.nip] [Y.nip] [Z.nip] [V.nip] [N.SUMM.nip]
[10/06/26 09:37:41] D2BS 14068: Loaded ÿc9[N.SUMM.js]
[10/06/26 09:37:41] D2BS 14068: equipped: [Head] 15
[10/06/26 09:37:41] D2BS 14068: equipped: [Neck] 15
[10/06/26 09:37:41] D2BS 14068: equipped: [Body] 21
[10/06/26 09:37:41] D2BS 14068: equipped: [ArmR] 32
[10/06/26 09:37:41] D2BS 14068: equipped: [ArmL] 26
[10/06/26 09:37:41] D2BS 14068: equipped: [RingR] 14
[10/06/26 09:37:41] D2BS 14068: equipped: [RingL] 14
[10/06/26 09:37:41] D2BS 14068: equipped: [Belt] 18
[10/06/26 09:37:41] D2BS 14068: equipped: [Boots] 15
[10/06/26 09:37:41] D2BS 14068: equipped: [Mitts] 13
[10/06/26 09:37:41] D2BS 14068: updateStat
[10/06/26 09:37:41] D2BS 14068: granted: [Head] 15
[10/06/26 09:37:41] D2BS 14068: granted: [Body] 20
[10/06/26 09:37:41] D2BS 14068: granted: [ArmR] 22
[10/06/26 09:37:41] D2BS 14068: Loaded ÿc9[AutoSmurf.js]
[10/06/26 09:37:47] D2BS 14068: farmingON
[10/06/26 09:37:48] D2BS 14068: MiniShopBot: true
[10/06/26 09:37:48] D2BS 14068: UseMerc: true HP: 70
[10/06/26 09:37:52] D2BS 14068: ÿc4[Runeword] ÿc0Moser's Blessed Circle Round Shield
[10/06/26 09:38:15] D2BS 14068: equipped: [ArmL] 41
[10/06/26 09:38:17] D2BS 14068: Merc matched: Thorns
[10/06/26 09:38:26] D2BS 14068: act5+ BO
[10/06/26 09:38:38] D2BS 14068: ÿc4=== [BAAL] ===
[10/06/26 09:42:18] D2BS 14068: ÿc4=== [COUNTESS] ===
[10/06/26 09:43:37] D2BS 14068: ÿc4=== [PIT] ===
[10/06/26 09:44:57] D2BS 14068: ÿc4=== [ANDY] ===
[10/06/26 09:46:02] D2BS 14068: ÿc4=== [COWS] ===
[10/06/26 09:59:49] D2BS 14068: ÿc4=== [MEPHISTO] ===
[10/06/26 10:01:15] D2BS 14068: ÿc4=== [DIABLO] ===
[10/06/26 10:07:26] D2BS 14068: Script ended
[10/06/26 10:07:26] D2BS 14068:  [29:46] +4.71% / [Level 90] 86.77%
[10/06/26 10:07:26] D2BS 14068: Script threads\autobuildthread.js ended
[10/06/26 10:07:26] D2BS 14068: Script threads\partythread.js ended
[10/06/26 10:07:26] D2BS 14068: Script threads\townchicken.js ended
[10/06/26 10:07:40] D2BS 14068: joining game pz-221
[10/06/26 10:07:42] D2BS 14068: ÿc2D2BSÿc0 :: Starting default.dbj
[10/06/26 10:07:42] D2BS 14068: ÿc2D2BSÿc0 :: default.dbj running.
[10/06/26 10:07:42] D2BS 14068: Loaded ÿc9[X.nip] [Y.nip] [Z.nip] [V.nip] [N.SUMM.nip]
[10/06/26 10:07:42] D2BS 14068: Loaded ÿc9[N.SUMM.js]
[10/06/26 10:07:42] D2BS 14068: equipped: [Head] 15
[10/06/26 10:07:42] D2BS 14068: equipped: [Neck] 15
[10/06/26 10:07:42] D2BS 14068: equipped: [Body] 21
[10/06/26 10:07:42] D2BS 14068: equipped: [ArmR] 32
[10/06/26 10:07:42] D2BS 14068: equipped: [ArmL] 41
[10/06/26 10:07:42] D2BS 14068: equipped: [RingR] 14
[10/06/26 10:07:42] D2BS 14068: equipped: [RingL] 14
[10/06/26 10:07:42] D2BS 14068: equipped: [Belt] 18
[10/06/26 10:07:42] D2BS 14068: equipped: [Boots] 15
[10/06/26 10:07:42] D2BS 14068: equipped: [Mitts] 13
[10/06/26 10:07:42] D2BS 14068: updateStat
[10/06/26 10:07:42] D2BS 14068: granted: [Head] 15
[10/06/26 10:07:42] D2BS 14068: granted: [Body] 20
[10/06/26 10:07:42] D2BS 14068: granted: [ArmR] 22
[10/06/26 10:07:42] D2BS 14068: Loaded ÿc9[AutoSmurf.js]
[10/06/26 10:07:48] D2BS 14068: farmingON
[10/06/26 10:07:51] D2BS 14068: MiniShopBot: true
[10/06/26 10:07:51] D2BS 14068: UseMerc: true HP: 70
[10/06/26 10:08:09] D2BS 14068: Merc matched: Thorns
[10/06/26 10:08:18] D2BS 14068: act5+ BO
[10/06/26 10:08:30] D2BS 14068: ÿc4=== [BAAL] ===
[10/06/26 10:11:56] D2BS 14068: ÿc4=== [COUNTESS] ===
[10/06/26 10:13:05] D2BS 14068: ÿc4=== [PIT] ===
[10/06/26 10:14:43] D2BS 14068: ÿc4=== [ANDY] ===
[10/06/26 10:15:38] D2BS 14068: ÿc4=== [COWS] ===
[10/06/26 10:27:40] D2BS 14068: ÿc4=== [MEPHISTO] ===
[10/06/26 10:29:03] D2BS 14068: ÿc4=== [DIABLO] ===
[10/06/26 10:35:39] D2BS 14068: party has left: fowo-xa, fowo-xb
[10/06/26 10:35:39] D2BS 14068:  [27:57] +4.18% / [Level 90] 90.95%
[10/06/26 10:35:39] D2BS 14068: Script threads\autobuildthread.js ended
[10/06/26 10:35:39] D2BS 14068: Script threads\partythread.js ended
[10/06/26 10:35:39] D2BS 14068: Script threads\townchicken.js ended
[10/06/26 10:35:39] D2BS 14068: Script default.dbj ended
[10/06/26 10:35:52] D2BS 14068: joining game pz-222
[10/06/26 10:35:54] D2BS 14068: ÿc2D2BSÿc0 :: Starting default.dbj
[10/06/26 10:35:54] D2BS 14068: ÿc2D2BSÿc0 :: default.dbj running.
[10/06/26 10:35:54] D2BS 14068: Loaded ÿc9[X.nip] [Y.nip] [Z.nip] [V.nip] [N.SUMM.nip]
[10/06/26 10:35:54] D2BS 14068: Loaded ÿc9[N.SUMM.js]
[10/06/26 10:35:54] D2BS 14068: equipped: [Head] 15
[10/06/26 10:35:54] D2BS 14068: equipped: [Neck] 15
[10/06/26 10:35:54] D2BS 14068: equipped: [Body] 21
[10/06/26 10:35:54] D2BS 14068: equipped: [ArmR] 32
[10/06/26 10:35:54] D2BS 14068: equipped: [ArmL] 41
[10/06/26 10:35:54] D2BS 14068: equipped: [RingR] 14
[10/06/26 10:35:54] D2BS 14068: equipped: [RingL] 14
[10/06/26 10:35:54] D2BS 14068: equipped: [Belt] 18
[10/06/26 10:35:54] D2BS 14068: equipped: [Boots] 15
[10/06/26 10:35:54] D2BS 14068: equipped: [Mitts] 13
[10/06/26 10:35:54] D2BS 14068: updateStat
[10/06/26 10:35:54] D2BS 14068: granted: [Head] 15
[10/06/26 10:35:54] D2BS 14068: granted: [Body] 20
[10/06/26 10:35:54] D2BS 14068: granted: [ArmR] 22
[10/06/26 10:35:54] D2BS 14068: Loaded ÿc9[AutoSmurf.js]
[10/06/26 10:36:00] D2BS 14068: farmingON
[10/06/26 10:36:01] D2BS 14068: MiniShopBot: true
[10/06/26 10:36:01] D2BS 14068: UseMerc: true HP: 70
[10/06/26 10:36:17] D2BS 14068: Merc matched: Thorns
[10/06/26 10:36:31] D2BS 14068: act5+ BO
[10/06/26 10:36:45] D2BS 14068: ÿc4=== [BAAL] ===
[10/06/26 10:40:15] D2BS 14068: ÿc4=== [COUNTESS] ===
[10/06/26 10:41:46] D2BS 14068: ÿc4=== [PIT] ===
[10/06/26 10:43:25] D2BS 14068: ÿc4=== [ANDY] ===
[10/06/26 10:44:30] D2BS 14068: ÿc4=== [COWS] ===
[10/06/26 10:51:02] D2BS 14068: party has left: fowo-xa
[10/06/26 10:51:02] D2BS 14068:  [15:08] +2.31% / [Level 90] 93.25%
[10/06/26 10:51:02] D2BS 14068: Script threads\autobuildthread.js ended
[10/06/26 10:51:02] D2BS 14068: Script threads\partythread.js ended
[10/06/26 10:51:02] D2BS 14068: Script threads\townchicken.js ended
[10/06/26 10:51:02] D2BS 14068: Script default.dbj ended
[10/06/26 10:51:16] D2BS 14068: joining game pz-223
[10/06/26 10:51:18] D2BS 14068: ÿc2D2BSÿc0 :: Starting default.dbj
[10/06/26 10:51:18] D2BS 14068: ÿc2D2BSÿc0 :: default.dbj running.
[10/06/26 10:51:18] D2BS 14068: Loaded ÿc9[X.nip] [Y.nip] [Z.nip] [V.nip] [N.SUMM.nip]
[10/06/26 10:51:18] D2BS 14068: Loaded ÿc9[N.SUMM.js]
[10/06/26 10:51:18] D2BS 14068: equipped: [Head] 15
[10/06/26 10:51:18] D2BS 14068: equipped: [Neck] 15
[10/06/26 10:51:18] D2BS 14068: equipped: [Body] 21
[10/06/26 10:51:18] D2BS 14068: equipped: [ArmR] 32
[10/06/26 10:51:18] D2BS 14068: equipped: [ArmL] 41
[10/06/26 10:51:18] D2BS 14068: equipped: [RingR] 14
[10/06/26 10:51:18] D2BS 14068: equipped: [RingL] 14
[10/06/26 10:51:18] D2BS 14068: equipped: [Belt] 18
[10/06/26 10:51:18] D2BS 14068: equipped: [Boots] 15
[10/06/26 10:51:18] D2BS 14068: equipped: [Mitts] 13
[10/06/26 10:51:18] D2BS 14068: updateStat
[10/06/26 10:51:18] D2BS 14068: granted: [Head] 15
[10/06/26 10:51:18] D2BS 14068: granted: [Body] 20
[10/06/26 10:51:18] D2BS 14068: granted: [ArmR] 22
[10/06/26 10:51:18] D2BS 14068: Loaded ÿc9[AutoSmurf.js]
[10/06/26 10:51:24] D2BS 14068: farmingON
[10/06/26 10:51:25] D2BS 14068: MiniShopBot: true
[10/06/26 10:51:25] D2BS 14068: UseMerc: true HP: 70
[10/06/26 10:51:50] D2BS 14068: equipped: [Neck] 20
[10/06/26 10:51:53] D2BS 14068: Merc matched: Thorns
[10/06/26 10:52:12] D2BS 14068: act5+ BO
[10/06/26 10:52:42] D2BS 14068: party has left: fowo-xa
[10/06/26 10:52:42] D2BS 14068: no exp [01:25]
[10/06/26 10:52:42] D2BS 14068: Script threads\autobuildthread.js ended
[10/06/26 10:52:42] D2BS 14068: Script threads\partythread.js ended
[10/06/26 10:52:42] D2BS 14068: Script threads\townchicken.js ended
[10/06/26 10:52:43] D2BS 14068: Script default.dbj ended
[10/06/26 10:52:55] D2BS 14068: joining game pz-224
[10/06/26 10:52:56] D2BS 14068: ÿc2D2BSÿc0 :: Starting default.dbj
[10/06/26 10:52:56] D2BS 14068: ÿc2D2BSÿc0 :: default.dbj running.
[10/06/26 10:52:56] D2BS 14068: Loaded ÿc9[X.nip] [Y.nip] [Z.nip] [V.nip] [N.SUMM.nip]
[10/06/26 10:52:56] D2BS 14068: Loaded ÿc9[N.SUMM.js]
[10/06/26 10:52:56] D2BS 14068: equipped: [Head] 15
[10/06/26 10:52:56] D2BS 14068: equipped: [Neck] 20
[10/06/26 10:52:57] D2BS 14068: equipped: [Body] 21
[10/06/26 10:52:57] D2BS 14068: equipped: [ArmR] 32
[10/06/26 10:52:57] D2BS 14068: equipped: [ArmL] 41
[10/06/26 10:52:57] D2BS 14068: equipped: [RingR] 14
[10/06/26 10:52:57] D2BS 14068: equipped: [RingL] 14
[10/06/26 10:52:57] D2BS 14068: equipped: [Belt] 18
[10/06/26 10:52:57] D2BS 14068: equipped: [Boots] 15
[10/06/26 10:52:57] D2BS 14068: equipped: [Mitts] 13
[10/06/26 10:52:57] D2BS 14068: updateStat
[10/06/26 10:52:57] D2BS 14068: granted: [Head] 15
[10/06/26 10:52:57] D2BS 14068: granted: [Body] 20
[10/06/26 10:52:57] D2BS 14068: granted: [ArmR] 22
[10/06/26 10:52:57] D2BS 14068: Loaded ÿc9[AutoSmurf.js]
[10/06/26 10:52:59] D2BS 14068: farmingON
[10/06/26 10:53:00] D2BS 14068: Tiered: true
[10/06/26 10:53:00] D2BS 14068: UseMerc: true HP: 70
[10/06/26 10:53:19] D2BS 14068: Merc matched: Thorns
[10/06/26 10:53:26] D2BS 14068: act5+ BO
[10/06/26 10:53:29] D2BS 14068: party has left: fowo-xb
[10/06/26 10:53:29] D2BS 14068: no exp [00:33]
[10/06/26 10:53:29] D2BS 14068: Script threads\autobuildthread.js ended
[10/06/26 10:53:32] D2BS 14068: Script threads\partythread.js ended
[10/06/26 10:53:32] D2BS 14068: Script threads\townchicken.js ended
[10/06/26 10:53:32] D2BS 14068: Script default.dbj ended
[10/06/26 10:54:55] D2BS 14068: joining game pz-225
[10/06/26 10:54:58] D2BS 14068: ÿc2D2BSÿc0 :: Starting default.dbj
[10/06/26 10:54:58] D2BS 14068: ÿc2D2BSÿc0 :: default.dbj running.
[10/06/26 10:54:58] D2BS 14068: Loaded ÿc9[X.nip] [Y.nip] [Z.nip] [V.nip] [N.SUMM.nip]
[10/06/26 10:54:58] D2BS 14068: Loaded ÿc9[N.SUMM.js]
[10/06/26 10:54:58] D2BS 14068: equipped: [Head] 15
[10/06/26 10:54:58] D2BS 14068: equipped: [Neck] 20
[10/06/26 10:54:58] D2BS 14068: equipped: [Body] 21
[10/06/26 10:54:58] D2BS 14068: equipped: [ArmR] 32
[10/06/26 10:54:58] D2BS 14068: equipped: [ArmL] 41
[10/06/26 10:54:58] D2BS 14068: equipped: [RingR] 14
[10/06/26 10:54:58] D2BS 14068: equipped: [RingL] 14
[10/06/26 10:54:58] D2BS 14068: equipped: [Belt] 18
[10/06/26 10:54:58] D2BS 14068: equipped: [Boots] 15
[10/06/26 10:54:58] D2BS 14068: equipped: [Mitts] 13
[10/06/26 10:54:58] D2BS 14068: Loaded ÿc9[AutoSmurf.js]
[10/06/26 10:54:59] D2BS 14068: Tiered: true
[10/06/26 10:54:59] D2BS 14068: UseMerc: true HP: 70
[10/06/26 10:54:59] D2BS 14068: Merc matched: Thorns
[10/06/26 10:54:59] D2BS 14068: farmingON
[10/06/26 10:55:22] D2BS 14068: act5+ BO
[10/06/26 10:55:24] D2BS 14068: updateStat
[10/06/26 10:55:48] D2BS 14068: party has left: fowo-xa
[10/06/26 10:55:48] D2BS 14068: no exp [00:51]
[10/06/26 10:55:48] D2BS 14068: Script threads\autobuildthread.js ended
[10/06/26 10:55:48] D2BS 14068: Script threads\partythread.js ended
[10/06/26 10:55:48] D2BS 14068: Script threads\townchicken.js ended
[10/06/26 10:55:48] D2BS 14068: Script default.dbj ended
[10/06/26 10:56:05] D2BS 14068: joining game pz-226
[10/06/26 10:56:07] D2BS 14068: ÿc2D2BSÿc0 :: Starting default.dbj
[10/06/26 10:56:07] D2BS 14068: ÿc2D2BSÿc0 :: default.dbj running.
[10/06/26 10:56:07] D2BS 14068: Loaded ÿc9[X.nip] [Y.nip] [Z.nip] [V.nip] [N.SUMM.nip]
[10/06/26 10:56:07] D2BS 14068: Loaded ÿc9[N.SUMM.js]
[10/06/26 10:56:07] D2BS 14068: equipped: [Head] 15
[10/06/26 10:56:07] D2BS 14068: equipped: [Neck] 20
[10/06/26 10:56:07] D2BS 14068: equipped: [Body] 21
[10/06/26 10:56:07] D2BS 14068: equipped: [ArmR] 32
[10/06/26 10:56:07] D2BS 14068: equipped: [ArmL] 41
[10/06/26 10:56:07] D2BS 14068: equipped: [RingR] 14
[10/06/26 10:56:07] D2BS 14068: equipped: [RingL] 14
[10/06/26 10:56:07] D2BS 14068: equipped: [Belt] 18
[10/06/26 10:56:07] D2BS 14068: equipped: [Boots] 15
[10/06/26 10:56:07] D2BS 14068: equipped: [Mitts] 13
[10/06/26 10:56:07] D2BS 14068: updateStat
[10/06/26 10:56:07] D2BS 14068: granted: [Head] 15
[10/06/26 10:56:07] D2BS 14068: granted: [Body] 20
[10/06/26 10:56:07] D2BS 14068: granted: [ArmR] 22
[10/06/26 10:56:07] D2BS 14068: Loaded ÿc9[AutoSmurf.js]
[10/06/26 10:56:09] D2BS 14068: Tiered: true
[10/06/26 10:56:09] D2BS 14068: UseMerc: true HP: 70
[10/06/26 10:56:09] D2BS 14068: farmingON
[10/06/26 10:56:09] D2BS 14068: Merc matched: Thorns
[10/06/26 10:56:35] D2BS 14068: act5+ BO
[10/06/26 10:56:48] D2BS 14068: ÿc4=== [BAAL] ===
[10/06/26 11:00:00] D2BS 14068: ÿc4=== [COUNTESS] ===
[10/06/26 11:01:13] D2BS 14068: ÿc4=== [PIT] ===
[10/06/26 11:02:54] D2BS 14068: ÿc4=== [ANDY] ===
[10/06/26 11:03:51] D2BS 14068: ÿc4=== [COWS] ===
[10/06/26 11:17:55] D2BS 14068: ÿc4=== [MEPHISTO] ===
[10/06/26 11:19:31] D2BS 14068: ÿc4=== [DIABLO] ===
[10/06/26 11:25:36] D2BS 14068: party has left: fowo-xf
[10/06/26 11:25:36] D2BS 14068:  [29:30] +3.98% / [Level 90] 97.24%
[10/06/26 11:25:36] D2BS 14068: Script threads\autobuildthread.js ended
[10/06/26 11:25:37] D2BS 14068: Script threads\partythread.js ended
[10/06/26 11:25:37] D2BS 14068: Script threads\townchicken.js ended
[10/06/26 11:25:37] D2BS 14068: Script default.dbj ended
[10/06/26 11:25:49] D2BS 14068: joining game pz-227
[10/06/26 11:25:51] D2BS 14068: ÿc2D2BSÿc0 :: Starting default.dbj
[10/06/26 11:25:51] D2BS 14068: ÿc2D2BSÿc0 :: default.dbj running.
[10/06/26 11:25:51] D2BS 14068: Loaded ÿc9[X.nip] [Y.nip] [Z.nip] [V.nip] [N.SUMM.nip]
[10/06/26 11:25:51] D2BS 14068: Loaded ÿc9[N.SUMM.js]
[10/06/26 11:25:51] D2BS 14068: equipped: [Head] 15
[10/06/26 11:25:51] D2BS 14068: equipped: [Neck] 20
[10/06/26 11:25:51] D2BS 14068: equipped: [Body] 21
[10/06/26 11:25:51] D2BS 14068: equipped: [ArmR] 32
[10/06/26 11:25:51] D2BS 14068: equipped: [ArmL] 41
[10/06/26 11:25:51] D2BS 14068: equipped: [RingR] 14
[10/06/26 11:25:51] D2BS 14068: equipped: [RingL] 14
[10/06/26 11:25:51] D2BS 14068: equipped: [Belt] 18
[10/06/26 11:25:51] D2BS 14068: equipped: [Boots] 15
[10/06/26 11:25:51] D2BS 14068: equipped: [Mitts] 13
[10/06/26 11:25:51] D2BS 14068: updateStat
[10/06/26 11:25:51] D2BS 14068: granted: [Head] 15
[10/06/26 11:25:51] D2BS 14068: granted: [Body] 20
[10/06/26 11:25:51] D2BS 14068: granted: [ArmR] 22
[10/06/26 11:25:51] D2BS 14068: Loaded ÿc9[AutoSmurf.js]
[10/06/26 11:25:56] D2BS 14068: farmingON
[10/06/26 11:25:57] D2BS 14068: Tiered: true
[10/06/26 11:25:57] D2BS 14068: UseMerc: true HP: 70
[10/06/26 11:26:06] D2BS 14068: Merc matched: Thorns
[10/06/26 11:26:31] D2BS 14068: act5+ BO
[10/06/26 11:26:43] D2BS 14068: ÿc4=== [BAAL] ===
[10/06/26 11:29:57] D2BS 14068: ÿc4=== [COUNTESS] ===
[10/06/26 11:31:11] D2BS 14068: ÿc4=== [PIT] ===
[10/06/26 11:32:42] D2BS 14068: ÿc4=== [ANDY] ===
[10/06/26 11:33:28] D2BS 14068: ÿc4=== [COWS] ===
[10/06/26 11:44:09] D2BS 14068: ÿc4=== [MEPHISTO] ===
[10/06/26 11:45:35] D2BS 14068: ÿc4=== [DIABLO] ===
[10/06/26 11:51:11] D2BS 14068: party has left: fowo-xd
[10/06/26 11:51:11] D2BS 14068:  [25:21] +3.40% / [Level 91] 0.86%
[10/06/26 11:51:11] D2BS 14068: Script threads\autobuildthread.js ended
[10/06/26 11:51:12] D2BS 14068: Script threads\partythread.js ended
[10/06/26 11:51:12] D2BS 14068: Script threads\townchicken.js ended
[10/06/26 11:51:12] D2BS 14068: Script default.dbj ended
[10/06/26 11:51:19] D2BS 14068: D2BS Shutdown complete.
