[10/06/26 00:01:04] D2BS 17100: ÿc4=== [DIABLO] ===
[10/06/26 00:06:43] D2BS 17100: party has left: fowo-xa
[10/06/26 00:06:43] D2BS 17100:  [15:06] +5.50% / [Level 89] 76.38%
[10/06/26 00:06:43] D2BS 17100: Script threads\autobuildthread.js ended
[10/06/26 00:06:43] D2BS 17100: Script threads\partythread.js ended
[10/06/26 00:06:43] D2BS 17100: Script threads\townchicken.js ended
[10/06/26 00:06:43] D2BS 17100: Script default.dbj ended
[10/06/26 00:06:56] D2BS 17100: joining game pz-187
[10/06/26 00:06:58] D2BS 17100: ÿc2D2BSÿc0 :: Starting default.dbj
[10/06/26 00:06:58] D2BS 17100: ÿc2D2BSÿc0 :: default.dbj running.
[10/06/26 00:06:58] D2BS 17100: Loaded ÿc9[X.nip] [Y.nip] [Z.nip] [V.nip] [P.CONC.nip]
[10/06/26 00:06:58] D2BS 17100: Loaded ÿc9[P.CONC.js]
[10/06/26 00:06:58] D2BS 17100: equipped: [Head] 15
[10/06/26 00:06:58] D2BS 17100: equipped: [Neck] 19
[10/06/26 00:06:59] D2BS 17100: equipped: [Body] 21
[10/06/26 00:06:59] D2BS 17100: equipped: [ArmR] 23
[10/06/26 00:06:59] D2BS 17100: equipped: [ArmL] 28
[10/06/26 00:06:59] D2BS 17100: equipped: [RingR] 15
[10/06/26 00:06:59] D2BS 17100: equipped: [RingL] 14
[10/06/26 00:06:59] D2BS 17100: equipped: [Belt] 19
[10/06/26 00:06:59] D2BS 17100: equipped: [Boots] 12
[10/06/26 00:06:59] D2BS 17100: equipped: [Mitts] 14
[10/06/26 00:06:59] D2BS 17100: updateStat
[10/06/26 00:06:59] D2BS 17100: granted: [Head] 30
[10/06/26 00:06:59] D2BS 17100: granted: [Body] 20
[10/06/26 00:06:59] D2BS 17100: granted: [ArmR] 22
[10/06/26 00:06:59] D2BS 17100: Loaded ÿc9[AutoSmurf.js]
[10/06/26 00:07:03] D2BS 17100: farmingON
[10/06/26 00:07:03] D2BS 17100: MiniShopBot: true
[10/06/26 00:07:03] D2BS 17100: UseMerc: true HP: 70
[10/06/26 00:07:19] D2BS 17100: Merc matched: Holy Freeze
[10/06/26 00:07:46] D2BS 17100: act5+ BO
[10/06/26 00:08:00] D2BS 17100: ÿc4=== [BAAL] ===
[10/06/26 00:11:29] D2BS 17100: ÿc4=== [COUNTESS] ===
[10/06/26 00:12:38] D2BS 17100: ÿc4=== [PIT] ===
[10/06/26 00:14:08] D2BS 17100: ÿc4=== [ANDY] ===
[10/06/26 00:15:01] D2BS 17100: ÿc4=== [MEPHISTO] ===
[10/06/26 00:16:30] D2BS 17100: ÿc4=== [DIABLO] ===
[10/06/26 00:18:16] D2BS 17100: Going to town
[10/06/26 00:22:53] D2BS 17100: party has left: fowo-xb
[10/06/26 00:22:53] D2BS 17100:  [15:56] +6.08% / [Level 89] 82.45%
[10/06/26 00:22:53] D2BS 17100: Script threads\autobuildthread.js ended
[10/06/26 00:22:53] D2BS 17100: Script threads\partythread.js ended
[10/06/26 00:22:53] D2BS 17100: Script threads\townchicken.js ended
[10/06/26 00:22:54] D2BS 17100: Script default.dbj ended
[10/06/26 00:23:06] D2BS 17100: joining game pz-188
[10/06/26 00:23:09] D2BS 17100: ÿc2D2BSÿc0 :: Starting default.dbj
[10/06/26 00:23:09] D2BS 17100: ÿc2D2BSÿc0 :: default.dbj running.
[10/06/26 00:23:09] D2BS 17100: Loaded ÿc9[X.nip] [Y.nip] [Z.nip] [V.nip] [P.CONC.nip]
[10/06/26 00:23:09] D2BS 17100: Loaded ÿc9[P.CONC.js]
[10/06/26 00:23:09] D2BS 17100: equipped: [Head] 15
[10/06/26 00:23:09] D2BS 17100: equipped: [Neck] 19
[10/06/26 00:23:09] D2BS 17100: equipped: [Body] 21
[10/06/26 00:23:09] D2BS 17100: equipped: [ArmR] 23
[10/06/26 00:23:09] D2BS 17100: equipped: [ArmL] 28
[10/06/26 00:23:09] D2BS 17100: equipped: [RingR] 15
[10/06/26 00:23:09] D2BS 17100: equipped: [RingL] 14
[10/06/26 00:23:09] D2BS 17100: equipped: [Belt] 19
[10/06/26 00:23:09] D2BS 17100: equipped: [Boots] 12
[10/06/26 00:23:09] D2BS 17100: equipped: [Mitts] 14
[10/06/26 00:23:09] D2BS 17100: updateStat
[10/06/26 00:23:09] D2BS 17100: granted: [Head] 30
[10/06/26 00:23:09] D2BS 17100: granted: [Body] 20
[10/06/26 00:23:09] D2BS 17100: granted: [ArmR] 22
[10/06/26 00:23:09] D2BS 17100: Loaded ÿc9[AutoSmurf.js]
[10/06/26 00:23:13] D2BS 17100: farmingON
[10/06/26 00:23:13] D2BS 17100: MiniShopBot: true
[10/06/26 00:23:13] D2BS 17100: UseMerc: true HP: 70
[10/06/26 00:23:32] D2BS 17100: Merc matched: Holy Freeze
[10/06/26 00:23:45] D2BS 17100: act5+ BO
[10/06/26 00:23:59] D2BS 17100: ÿc4=== [BAAL] ===
[10/06/26 00:27:27] D2BS 17100: ÿc4=== [COUNTESS] ===
[10/06/26 00:28:40] D2BS 17100: ÿc4=== [PIT] ===
[10/06/26 00:30:11] D2BS 17100: ÿc4=== [ANDY] ===
[10/06/26 00:31:00] D2BS 17100: ÿc4=== [MEPHISTO] ===
[10/06/26 00:32:14] D2BS 17100: ÿc4=== [DIABLO] ===
[10/06/26 00:37:08] D2BS 17100: party has left: fowo-xa
[10/06/26 00:37:08] D2BS 17100:  [14:00] +5.22% / [Level 89] 87.67%
[10/06/26 00:37:08] D2BS 17100: Script threads\autobuildthread.js ended
[10/06/26 00:37:08] D2BS 17100: Script threads\partythread.js ended
[10/06/26 00:37:08] D2BS 17100: Script threads\townchicken.js ended
[10/06/26 00:37:08] D2BS 17100: Script default.dbj ended
[10/06/26 00:37:21] D2BS 17100: joining game pz-189
[10/06/26 00:37:22] D2BS 17100: ÿc2D2BSÿc0 :: Starting default.dbj
[10/06/26 00:37:22] D2BS 17100: ÿc2D2BSÿc0 :: default.dbj running.
[10/06/26 00:37:23] D2BS 17100: Loaded ÿc9[X.nip] [Y.nip] [Z.nip] [V.nip] [P.CONC.nip]
[10/06/26 00:37:23] D2BS 17100: Loaded ÿc9[P.CONC.js]
[10/06/26 00:37:23] D2BS 17100: equipped: [Head] 15
[10/06/26 00:37:23] D2BS 17100: equipped: [Neck] 19
[10/06/26 00:37:23] D2BS 17100: equipped: [Body] 21
[10/06/26 00:37:23] D2BS 17100: equipped: [ArmR] 23
[10/06/26 00:37:23] D2BS 17100: equipped: [ArmL] 28
[10/06/26 00:37:23] D2BS 17100: equipped: [RingR] 15
[10/06/26 00:37:23] D2BS 17100: equipped: [RingL] 14
[10/06/26 00:37:23] D2BS 17100: equipped: [Belt] 19
[10/06/26 00:37:23] D2BS 17100: equipped: [Boots] 12
[10/06/26 00:37:23] D2BS 17100: equipped: [Mitts] 14
[10/06/26 00:37:23] D2BS 17100: updateStat
[10/06/26 00:37:23] D2BS 17100: granted: [Head] 30
[10/06/26 00:37:23] D2BS 17100: granted: [Body] 20
[10/06/26 00:37:23] D2BS 17100: granted: [ArmR] 22
[10/06/26 00:37:23] D2BS 17100: Loaded ÿc9[AutoSmurf.js]
[10/06/26 00:37:28] D2BS 17100: farmingON
[10/06/26 00:37:29] D2BS 17100: MiniShopBot: true
[10/06/26 00:37:29] D2BS 17100: UseMerc: true HP: 70
[10/06/26 00:37:45] D2BS 17100: Merc matched: Holy Freeze
[10/06/26 00:38:01] D2BS 17100: act5+ BO
[10/06/26 00:38:15] D2BS 17100: ÿc4=== [BAAL] ===
[10/06/26 00:38:32] D2BS 17100: Baal failed: souls found
[10/06/26 00:38:32] D2BS 17100: ÿc4=== [COUNTESS] ===
[10/06/26 00:39:35] D2BS 17100: ÿc4=== [PIT] ===
[10/06/26 00:41:23] D2BS 17100: ÿc4=== [ANDY] ===
[10/06/26 00:42:28] D2BS 17100: ÿc4=== [MEPHISTO] ===
[10/06/26 00:43:49] D2BS 17100: ÿc4=== [DIABLO] ===
[10/06/26 00:49:12] D2BS 17100: party has left: fowo-xc
[10/06/26 00:49:12] D2BS 17100:  [11:50] +2.96% / [Level 89] 90.63%
[10/06/26 00:49:12] D2BS 17100: Script threads\autobuildthread.js ended
[10/06/26 00:49:12] D2BS 17100: Script threads\partythread.js ended
[10/06/26 00:49:13] D2BS 17100: Script threads\townchicken.js ended
[10/06/26 00:49:13] D2BS 17100: Script default.dbj ended
[10/06/26 00:49:26] D2BS 17100: joining game pz-190
[10/06/26 00:49:28] D2BS 17100: ÿc2D2BSÿc0 :: Starting default.dbj
[10/06/26 00:49:28] D2BS 17100: ÿc2D2BSÿc0 :: default.dbj running.
[10/06/26 00:49:28] D2BS 17100: Loaded ÿc9[X.nip] [Y.nip] [Z.nip] [V.nip] [P.CONC.nip]
[10/06/26 00:49:28] D2BS 17100: Loaded ÿc9[P.CONC.js]
[10/06/26 00:49:28] D2BS 17100: equipped: [Head] 15
[10/06/26 00:49:28] D2BS 17100: equipped: [Neck] 19
[10/06/26 00:49:28] D2BS 17100: equipped: [Body] 21
[10/06/26 00:49:28] D2BS 17100: equipped: [ArmR] 23
[10/06/26 00:49:28] D2BS 17100: equipped: [ArmL] 28
[10/06/26 00:49:28] D2BS 17100: equipped: [RingR] 15
[10/06/26 00:49:28] D2BS 17100: equipped: [RingL] 14
[10/06/26 00:49:28] D2BS 17100: equipped: [Belt] 19
[10/06/26 00:49:28] D2BS 17100: equipped: [Boots] 12
[10/06/26 00:49:28] D2BS 17100: equipped: [Mitts] 14
[10/06/26 00:49:28] D2BS 17100: Loaded ÿc9[AutoSmurf.js]
[10/06/26 00:49:33] D2BS 17100: MiniShopBot: true
[10/06/26 00:49:33] D2BS 17100: farmingON
[10/06/26 00:49:33] D2BS 17100: UseMerc: true HP: 70
[10/06/26 00:49:54] D2BS 17100: Merc matched: Holy Freeze
[10/06/26 00:50:08] D2BS 17100: act5+ BO
[10/06/26 00:50:09] D2BS 17100: updateStat
[10/06/26 00:50:21] D2BS 17100: ÿc4=== [BAAL] ===
[10/06/26 00:50:34] D2BS 17100: Baal failed: souls found
[10/06/26 00:50:34] D2BS 17100: ÿc4=== [COUNTESS] ===
[10/06/26 00:51:45] D2BS 17100: ÿc4=== [PIT] ===
[10/06/26 00:53:28] D2BS 17100: ÿc4=== [ANDY] ===
[10/06/26 00:54:24] D2BS 17100: ÿc4=== [MEPHISTO] ===
[10/06/26 00:55:50] D2BS 17100: ÿc4=== [DIABLO] ===
[10/06/26 01:00:44] D2BS 17100: party has left: fowo-xa
[10/06/26 01:00:44] D2BS 17100: party has left: fowo-xa
[10/06/26 01:00:44] D2BS 17100:  [11:17] +2.96% / [Level 89] 93.59%
[10/06/26 01:00:44] D2BS 17100: Script threads\autobuildthread.js ended
[10/06/26 01:00:44] D2BS 17100: party has left: fowo-xa
[10/06/26 01:00:44] D2BS 17100: Script threads\partythread.js ended
[10/06/26 01:00:44] D2BS 17100: Script threads\townchicken.js ended
[10/06/26 01:00:45] D2BS 17100: Script default.dbj ended
[10/06/26 01:00:57] D2BS 17100: joining game pz-191
[10/06/26 01:00:59] D2BS 17100: ÿc2D2BSÿc0 :: Starting default.dbj
[10/06/26 01:00:59] D2BS 17100: ÿc2D2BSÿc0 :: default.dbj running.
[10/06/26 01:00:59] D2BS 17100: Loaded ÿc9[X.nip] [Y.nip] [Z.nip] [V.nip] [P.CONC.nip]
[10/06/26 01:00:59] D2BS 17100: Loaded ÿc9[P.CONC.js]
[10/06/26 01:00:59] D2BS 17100: equipped: [Head] 15
[10/06/26 01:00:59] D2BS 17100: equipped: [Neck] 19
[10/06/26 01:00:59] D2BS 17100: equipped: [Body] 21
[10/06/26 01:00:59] D2BS 17100: equipped: [ArmR] 23
[10/06/26 01:00:59] D2BS 17100: equipped: [ArmL] 28
[10/06/26 01:00:59] D2BS 17100: equipped: [RingR] 15
[10/06/26 01:00:59] D2BS 17100: equipped: [RingL] 14
[10/06/26 01:00:59] D2BS 17100: equipped: [Belt] 19
[10/06/26 01:00:59] D2BS 17100: equipped: [Boots] 12
[10/06/26 01:00:59] D2BS 17100: equipped: [Mitts] 14
[10/06/26 01:00:59] D2BS 17100: updateStat
[10/06/26 01:00:59] D2BS 17100: granted: [Head] 30
[10/06/26 01:00:59] D2BS 17100: granted: [Body] 20
[10/06/26 01:00:59] D2BS 17100: granted: [ArmR] 22
[10/06/26 01:00:59] D2BS 17100: Loaded ÿc9[AutoSmurf.js]
[10/06/26 01:01:05] D2BS 17100: farmingON
[10/06/26 01:01:07] D2BS 17100: MiniShopBot: true
[10/06/26 01:01:07] D2BS 17100: UseMerc: true HP: 70
[10/06/26 01:01:30] D2BS 17100: Merc matched: Holy Freeze
[10/06/26 01:01:44] D2BS 17100: act5+ BO
[10/06/26 01:01:58] D2BS 17100: ÿc4=== [BAAL] ===
[10/06/26 01:04:56] D2BS 17100: ÿc4=== [COUNTESS] ===
[10/06/26 01:06:00] D2BS 17100: ÿc4=== [PIT] ===
[10/06/26 01:07:28] D2BS 17100: ÿc4=== [ANDY] ===
[10/06/26 01:08:20] D2BS 17100: ÿc4=== [MEPHISTO] ===
[10/06/26 01:09:39] D2BS 17100: ÿc4=== [DIABLO] ===
[10/06/26 01:12:09] D2BS 17100: Going to town
[10/06/26 01:15:33] D2BS 17100: party has left: fowo-xa
[10/06/26 01:15:33] D2BS 17100:  [14:34] +5.38% / [Level 89] 98.97%
[10/06/26 01:15:33] D2BS 17100: Script threads\autobuildthread.js ended
[10/06/26 01:15:33] D2BS 17100: Script threads\partythread.js ended
[10/06/26 01:15:33] D2BS 17100: Script threads\townchicken.js ended
[10/06/26 01:15:33] D2BS 17100: Script default.dbj ended
[10/06/26 01:15:45] D2BS 17100: joining game pz-192
[10/06/26 01:15:46] D2BS 17100: ÿc2D2BSÿc0 :: Starting default.dbj
[10/06/26 01:15:46] D2BS 17100: ÿc2D2BSÿc0 :: default.dbj running.
[10/06/26 01:15:47] D2BS 17100: Loaded ÿc9[X.nip] [Y.nip] [Z.nip] [V.nip] [P.CONC.nip]
[10/06/26 01:15:47] D2BS 17100: Loaded ÿc9[P.CONC.js]
[10/06/26 01:15:47] D2BS 17100: equipped: [Head] 15
[10/06/26 01:15:47] D2BS 17100: equipped: [Neck] 19
[10/06/26 01:15:47] D2BS 17100: equipped: [Body] 21
[10/06/26 01:15:47] D2BS 17100: equipped: [ArmR] 23
[10/06/26 01:15:47] D2BS 17100: equipped: [ArmL] 28
[10/06/26 01:15:47] D2BS 17100: equipped: [RingR] 15
[10/06/26 01:15:47] D2BS 17100: equipped: [RingL] 14
[10/06/26 01:15:47] D2BS 17100: equipped: [Belt] 19
[10/06/26 01:15:47] D2BS 17100: equipped: [Boots] 12
[10/06/26 01:15:47] D2BS 17100: equipped: [Mitts] 14
[10/06/26 01:15:47] D2BS 17100: updateStat
[10/06/26 01:15:47] D2BS 17100: granted: [Head] 30
[10/06/26 01:15:47] D2BS 17100: granted: [Body] 20
[10/06/26 01:15:47] D2BS 17100: granted: [ArmR] 22
[10/06/26 01:15:47] D2BS 17100: Loaded ÿc9[AutoSmurf.js]
[10/06/26 01:15:52] D2BS 17100: farmingON
[10/06/26 01:15:53] D2BS 17100: MiniShopBot: true
[10/06/26 01:15:53] D2BS 17100: UseMerc: true HP: 70
[10/06/26 01:16:12] D2BS 17100: equipped: [Head] 16
[10/06/26 01:16:13] D2BS 17100: Merc matched: Holy Freeze
[10/06/26 01:16:26] D2BS 17100: act5+ BO
[10/06/26 01:16:39] D2BS 17100: ÿc4=== [BAAL] ===
[10/06/26 01:20:15] D2BS 17100: ÿc4=== [COUNTESS] ===
[10/06/26 01:21:27] D2BS 17100: ÿc4=== [PIT] ===
[10/06/26 01:22:51] D2BS 17100: ÿc4=== [ANDY] ===
[10/06/26 01:23:46] D2BS 17100: ÿc4=== [MEPHISTO] ===
[10/06/26 01:25:10] D2BS 17100: ÿc4=== [DIABLO] ===
[10/06/26 01:30:32] D2BS 17100: party has left: fowo-xa
[10/06/26 01:30:32] D2BS 17100:  [14:46] +3.72% / [Level 90] 2.77%
[10/06/26 01:30:32] D2BS 17100: Script threads\autobuildthread.js ended
[10/06/26 01:30:32] D2BS 17100: Script threads\partythread.js ended
[10/06/26 01:30:32] D2BS 17100: Script threads\townchicken.js ended
[10/06/26 01:30:33] D2BS 17100: Script default.dbj ended
[10/06/26 01:30:45] D2BS 17100: joining game pz-193
[10/06/26 01:30:47] D2BS 17100: ÿc2D2BSÿc0 :: Starting default.dbj
[10/06/26 01:30:47] D2BS 17100: ÿc2D2BSÿc0 :: default.dbj running.
[10/06/26 01:30:47] D2BS 17100: Loaded ÿc9[X.nip] [Y.nip] [Z.nip] [V.nip] [P.CONC.nip]
[10/06/26 01:30:47] D2BS 17100: Loaded ÿc9[P.CONC.js]
[10/06/26 01:30:47] D2BS 17100: equipped: [Head] 16
[10/06/26 01:30:47] D2BS 17100: equipped: [Neck] 19
[10/06/26 01:30:47] D2BS 17100: equipped: [Body] 21
[10/06/26 01:30:47] D2BS 17100: equipped: [ArmR] 23
[10/06/26 01:30:47] D2BS 17100: equipped: [ArmL] 28
[10/06/26 01:30:47] D2BS 17100: equipped: [RingR] 15
[10/06/26 01:30:47] D2BS 17100: equipped: [RingL] 14
[10/06/26 01:30:47] D2BS 17100: equipped: [Belt] 19
[10/06/26 01:30:47] D2BS 17100: equipped: [Boots] 12
[10/06/26 01:30:47] D2BS 17100: equipped: [Mitts] 14
[10/06/26 01:30:47] D2BS 17100: updateStat
[10/06/26 01:30:47] D2BS 17100: granted: [Head] 30
[10/06/26 01:30:47] D2BS 17100: granted: [Body] 20
[10/06/26 01:30:47] D2BS 17100: granted: [ArmR] 22
[10/06/26 01:30:48] D2BS 17100: Loaded ÿc9[AutoSmurf.js]
[10/06/26 01:30:52] D2BS 17100: farmingON
[10/06/26 01:30:53] D2BS 17100: MiniShopBot: true
[10/06/26 01:30:53] D2BS 17100: UseMerc: true HP: 70
[10/06/26 01:31:14] D2BS 17100: Merc matched: Holy Freeze
[10/06/26 01:31:24] D2BS 17100: act5+ BO
[10/06/26 01:31:37] D2BS 17100: ÿc4=== [BAAL] ===
[10/06/26 01:31:48] D2BS 17100: Baal failed: souls found
[10/06/26 01:31:48] D2BS 17100: ÿc4=== [COUNTESS] ===
[10/06/26 01:32:57] D2BS 17100: ÿc4=== [PIT] ===
[10/06/26 01:34:26] D2BS 17100: ÿc4=== [ANDY] ===
[10/06/26 01:35:22] D2BS 17100: ÿc4=== [COWS] ===
[10/06/26 01:36:52] D2BS 17100: Going to town
[10/06/26 01:39:30] D2BS 17100: party has left: fowo-xe
[10/06/26 01:39:30] D2BS 17100:  [08:43] +0.70% / [Level 90] 3.47%
[10/06/26 01:39:30] D2BS 17100: Script threads\autobuildthread.js ended
[10/06/26 01:39:30] D2BS 17100: Script threads\partythread.js ended
[10/06/26 01:39:30] D2BS 17100: Script threads\townchicken.js ended
[10/06/26 01:39:30] D2BS 17100: Script default.dbj ended
[10/06/26 01:39:42] D2BS 17100: joining game pz-194
[10/06/26 01:39:45] D2BS 17100: ÿc2D2BSÿc0 :: Starting default.dbj
[10/06/26 01:39:45] D2BS 17100: ÿc2D2BSÿc0 :: default.dbj running.
[10/06/26 01:39:45] D2BS 17100: Loaded ÿc9[X.nip] [Y.nip] [Z.nip] [V.nip] [P.CONC.nip]
[10/06/26 01:39:45] D2BS 17100: Loaded ÿc9[P.CONC.js]
[10/06/26 01:39:45] D2BS 17100: equipped: [Head] 16
[10/06/26 01:39:45] D2BS 17100: equipped: [Neck] 19
[10/06/26 01:39:45] D2BS 17100: equipped: [Body] 21
[10/06/26 01:39:45] D2BS 17100: equipped: [ArmR] 23
[10/06/26 01:39:45] D2BS 17100: equipped: [ArmL] 28
[10/06/26 01:39:45] D2BS 17100: equipped: [RingR] 15
[10/06/26 01:39:45] D2BS 17100: equipped: [RingL] 14
[10/06/26 01:39:45] D2BS 17100: equipped: [Belt] 19
[10/06/26 01:39:45] D2BS 17100: equipped: [Boots] 12
[10/06/26 01:39:45] D2BS 17100: equipped: [Mitts] 14
[10/06/26 01:39:45] D2BS 17100: updateStat
[10/06/26 01:39:45] D2BS 17100: granted: [Head] 30
[10/06/26 01:39:45] D2BS 17100: granted: [Body] 20
[10/06/26 01:39:45] D2BS 17100: granted: [ArmR] 22
[10/06/26 01:39:45] D2BS 17100: Loaded ÿc9[AutoSmurf.js]
[10/06/26 01:39:51] D2BS 17100: farmingON
[10/06/26 01:39:52] D2BS 17100: MiniShopBot: true
[10/06/26 01:39:52] D2BS 17100: UseMerc: true HP: 70
[10/06/26 01:40:08] D2BS 17100: Merc matched: Holy Freeze
[10/06/26 01:40:25] D2BS 17100: act5+ BO
[10/06/26 01:40:39] D2BS 17100: ÿc4=== [BAAL] ===
[10/06/26 01:43:57] D2BS 17100: ÿc4=== [COUNTESS] ===
[10/06/26 01:45:06] D2BS 17100: ÿc4=== [PIT] ===
[10/06/26 01:46:40] D2BS 17100: ÿc4=== [ANDY] ===
[10/06/26 01:47:32] D2BS 17100: ÿc4=== [COWS] ===
[10/06/26 01:48:37] D2BS 17100: Going to town
[10/06/26 01:57:31] D2BS 17100: Cows failed: followDriver
[10/06/26 01:58:05] D2BS 17100: ÿc4=== [MEPHISTO] ===
[10/06/26 02:00:02] D2BS 17100: ÿc4=== [DIABLO] ===
[10/06/26 02:06:20] D2BS 17100: party has left: fowo-xa
[10/06/26 02:06:20] D2BS 17100:  [26:36] +4.11% / [Level 90] 7.58%
[10/06/26 02:06:20] D2BS 17100: Script threads\autobuildthread.js ended
[10/06/26 02:06:20] D2BS 17100: Script threads\partythread.js ended
[10/06/26 02:06:20] D2BS 17100: Script threads\townchicken.js ended
[10/06/26 02:06:20] D2BS 17100: Script default.dbj ended
[10/06/26 02:06:34] D2BS 17100: joining game pz-195
[10/06/26 02:06:36] D2BS 17100: ÿc2D2BSÿc0 :: Starting default.dbj
[10/06/26 02:06:36] D2BS 17100: ÿc2D2BSÿc0 :: default.dbj running.
[10/06/26 02:06:36] D2BS 17100: Loaded ÿc9[X.nip] [Y.nip] [Z.nip] [V.nip] [P.CONC.nip]
[10/06/26 02:06:36] D2BS 17100: Loaded ÿc9[P.CONC.js]
[10/06/26 02:06:36] D2BS 17100: equipped: [Head] 16
[10/06/26 02:06:36] D2BS 17100: equipped: [Neck] 19
[10/06/26 02:06:36] D2BS 17100: equipped: [Body] 21
[10/06/26 02:06:36] D2BS 17100: equipped: [ArmR] 23
[10/06/26 02:06:36] D2BS 17100: equipped: [ArmL] 28
[10/06/26 02:06:36] D2BS 17100: equipped: [RingR] 15
[10/06/26 02:06:36] D2BS 17100: equipped: [RingL] 14
[10/06/26 02:06:36] D2BS 17100: equipped: [Belt] 19
[10/06/26 02:06:36] D2BS 17100: equipped: [Boots] 12
[10/06/26 02:06:36] D2BS 17100: equipped: [Mitts] 14
[10/06/26 02:06:36] D2BS 17100: updateStat
[10/06/26 02:06:36] D2BS 17100: granted: [Head] 30
[10/06/26 02:06:36] D2BS 17100: granted: [Body] 20
[10/06/26 02:06:36] D2BS 17100: granted: [ArmR] 22
[10/06/26 02:06:36] D2BS 17100: Loaded ÿc9[AutoSmurf.js]
[10/06/26 02:06:40] D2BS 17100: farmingON
[10/06/26 02:06:41] D2BS 17100: MiniShopBot: true
[10/06/26 02:06:41] D2BS 17100: UseMerc: true HP: 70
[10/06/26 02:06:57] D2BS 17100: Merc matched: Holy Freeze
[10/06/26 02:07:13] D2BS 17100: act5+ BO
[10/06/26 02:07:26] D2BS 17100: ÿc4=== [BAAL] ===
[10/06/26 02:08:21] D2BS 17100: Going to town
[10/06/26 02:09:45] D2BS 17100: Going to town
[10/06/26 02:10:31] D2BS 17100: ÿc4=== [COUNTESS] ===
[10/06/26 02:11:41] D2BS 17100: ÿc4=== [PIT] ===
[10/06/26 02:12:27] D2BS 17100: updateStat
[10/06/26 02:13:21] D2BS 17100: ÿc4=== [ANDY] ===
[10/06/26 02:14:16] D2BS 17100: ÿc4=== [COWS] ===
[10/06/26 02:16:47] D2BS 17100: Going to town
[10/06/26 02:24:32] D2BS 17100: Going to town
[10/06/26 02:25:35] D2BS 17100: Going to town
[10/06/26 02:25:52] D2BS 17100: Going to town
[10/06/26 02:26:25] D2BS 17100: Going to town
[10/06/26 02:26:47] D2BS 17100: party has left: fowo-xc, fowo-xe
[10/06/26 02:26:48] D2BS 17100:  [20:12] +2.37% / [Level 90] 9.96%
[10/06/26 02:26:48] D2BS 17100: Script threads\autobuildthread.js ended
[10/06/26 02:26:48] D2BS 17100: Script threads\partythread.js ended
[10/06/26 02:26:48] D2BS 17100: Script threads\townchicken.js ended
[10/06/26 02:26:48] D2BS 17100: Script default.dbj ended
[10/06/26 02:27:00] D2BS 17100: joining game pz-196
[10/06/26 02:27:01] D2BS 17100: ÿc2D2BSÿc0 :: Starting default.dbj
[10/06/26 02:27:01] D2BS 17100: ÿc2D2BSÿc0 :: default.dbj running.
[10/06/26 02:27:02] D2BS 17100: Loaded ÿc9[X.nip] [Y.nip] [Z.nip] [V.nip] [P.CONC.nip]
[10/06/26 02:27:02] D2BS 17100: Loaded ÿc9[P.CONC.js]
[10/06/26 02:27:03] D2BS 17100: equipped: [Head] 16
[10/06/26 02:27:03] D2BS 17100: equipped: [Neck] 19
[10/06/26 02:27:03] D2BS 17100: equipped: [Body] 21
[10/06/26 02:27:03] D2BS 17100: equipped: [ArmR] 23
[10/06/26 02:27:03] D2BS 17100: equipped: [ArmL] 28
[10/06/26 02:27:03] D2BS 17100: equipped: [RingR] 15
[10/06/26 02:27:03] D2BS 17100: equipped: [RingL] 14
[10/06/26 02:27:03] D2BS 17100: equipped: [Belt] 19
[10/06/26 02:27:03] D2BS 17100: equipped: [Boots] 12
[10/06/26 02:27:03] D2BS 17100: equipped: [Mitts] 14
[10/06/26 02:27:03] D2BS 17100: updateStat
[10/06/26 02:27:03] D2BS 17100: granted: [Head] 30
[10/06/26 02:27:03] D2BS 17100: granted: [Body] 20
[10/06/26 02:27:03] D2BS 17100: granted: [ArmR] 22
[10/06/26 02:27:03] D2BS 17100: Loaded ÿc9[AutoSmurf.js]
[10/06/26 02:27:08] D2BS 17100: MiniShopBot: true
[10/06/26 02:27:08] D2BS 17100: farmingON
[10/06/26 02:27:08] D2BS 17100: UseMerc: true HP: 70
[10/06/26 02:27:31] D2BS 17100: Merc matched: Holy Freeze
[10/06/26 02:28:00] D2BS 17100: act5+ BO
[10/06/26 02:28:15] D2BS 17100: ÿc4=== [BAAL] ===
[10/06/26 02:32:02] D2BS 17100: ÿc4=== [COUNTESS] ===
[10/06/26 02:33:09] D2BS 17100: ÿc4=== [PIT] ===
[10/06/26 02:34:37] D2BS 17100: ÿc4=== [ANDY] ===
[10/06/26 02:35:54] D2BS 17100: ÿc4=== [COWS] ===
[10/06/26 02:37:51] D2BS 17100: Going to town
[10/06/26 02:37:51] D2BS 17100: [Chicken] Life (979/3603) area:39 (25166,6029)
[10/06/26 02:37:51] D2BS 17100:  [10:50] +2.16% / [Level 90] 12.11%
[10/06/26 02:37:51] D2BS 17100: Script threads\autobuildthread.js ended
[10/06/26 02:37:51] D2BS 17100: Script threads\partythread.js ended
[10/06/26 02:37:51] D2BS 17100: Script threads\townchicken.js ended
[10/06/26 02:37:51] D2BS 17100: Script default.dbj ended
[10/06/26 02:38:04] D2BS 17100: joining game pz-197
[10/06/26 02:38:06] D2BS 17100: ÿc2D2BSÿc0 :: Starting default.dbj
[10/06/26 02:38:06] D2BS 17100: ÿc2D2BSÿc0 :: default.dbj running.
[10/06/26 02:38:07] D2BS 17100: Loaded ÿc9[X.nip] [Y.nip] [Z.nip] [V.nip] [P.CONC.nip]
[10/06/26 02:38:07] D2BS 17100: Loaded ÿc9[P.CONC.js]
[10/06/26 02:38:07] D2BS 17100: equipped: [Head] 16
[10/06/26 02:38:07] D2BS 17100: equipped: [Neck] 19
[10/06/26 02:38:07] D2BS 17100: equipped: [Body] 21
[10/06/26 02:38:07] D2BS 17100: equipped: [ArmR] 23
[10/06/26 02:38:07] D2BS 17100: equipped: [ArmL] 28
[10/06/26 02:38:07] D2BS 17100: equipped: [RingR] 15
[10/06/26 02:38:07] D2BS 17100: equipped: [RingL] 14
[10/06/26 02:38:07] D2BS 17100: equipped: [Belt] 19
[10/06/26 02:38:07] D2BS 17100: equipped: [Boots] 12
[10/06/26 02:38:07] D2BS 17100: equipped: [Mitts] 14
[10/06/26 02:38:07] D2BS 17100: Loaded ÿc9[AutoSmurf.js]
[10/06/26 02:38:12] D2BS 17100: MiniShopBot: true
[10/06/26 02:38:12] D2BS 17100: farmingON
[10/06/26 02:38:12] D2BS 17100: UseMerc: true HP: 70
[10/06/26 02:38:20] D2BS 17100: updateStat
[10/06/26 02:38:20] D2BS 17100: granted: [Head] 30
[10/06/26 02:38:20] D2BS 17100: granted: [Body] 20
[10/06/26 02:38:20] D2BS 17100: granted: [ArmR] 22
[10/06/26 02:38:34] D2BS 17100: Merc matched: Holy Freeze
[10/06/26 02:39:02] D2BS 17100: act5+ BO
[10/06/26 02:39:04] D2BS 17100: updateStat
[10/06/26 02:39:16] D2BS 17100: ÿc4=== [BAAL] ===
[10/06/26 02:43:06] D2BS 17100: party has left: fowo-xe
[10/06/26 02:43:06] D2BS 17100:  [05:00] +0.17% / [Level 90] 12.28%
[10/06/26 02:43:06] D2BS 17100: Script threads\autobuildthread.js ended
[10/06/26 02:43:06] D2BS 17100: Script threads\partythread.js ended
[10/06/26 02:43:06] D2BS 17100: Script threads\townchicken.js ended
[10/06/26 02:43:06] D2BS 17100: Script default.dbj ended
[10/06/26 02:43:20] D2BS 17100: joining game pz-198
[10/06/26 02:43:23] D2BS 17100: ÿc2D2BSÿc0 :: Starting default.dbj
[10/06/26 02:43:23] D2BS 17100: ÿc2D2BSÿc0 :: default.dbj running.
[10/06/26 02:43:23] D2BS 17100: Loaded ÿc9[X.nip] [Y.nip] [Z.nip] [V.nip] [P.CONC.nip]
[10/06/26 02:43:23] D2BS 17100: Loaded ÿc9[P.CONC.js]
[10/06/26 02:43:23] D2BS 17100: equipped: [Head] 16
[10/06/26 02:43:23] D2BS 17100: equipped: [Neck] 19
[10/06/26 02:43:23] D2BS 17100: equipped: [Body] 21
[10/06/26 02:43:23] D2BS 17100: equipped: [ArmR] 23
[10/06/26 02:43:23] D2BS 17100: equipped: [ArmL] 28
[10/06/26 02:43:23] D2BS 17100: equipped: [RingR] 15
[10/06/26 02:43:23] D2BS 17100: equipped: [RingL] 14
[10/06/26 02:43:23] D2BS 17100: equipped: [Belt] 19
[10/06/26 02:43:23] D2BS 17100: equipped: [Boots] 12
[10/06/26 02:43:23] D2BS 17100: equipped: [Mitts] 14
[10/06/26 02:43:23] D2BS 17100: updateStat
[10/06/26 02:43:23] D2BS 17100: granted: [Head] 30
[10/06/26 02:43:23] D2BS 17100: granted: [Body] 20
[10/06/26 02:43:23] D2BS 17100: granted: [ArmR] 22
[10/06/26 02:43:23] D2BS 17100: Loaded ÿc9[AutoSmurf.js]
[10/06/26 02:43:25] D2BS 17100: MiniShopBot: true
[10/06/26 02:43:25] D2BS 17100: farmingON
[10/06/26 02:43:25] D2BS 17100: UseMerc: true HP: 70
[10/06/26 02:43:36] D2BS 17100: Merc matched: Holy Freeze
[10/06/26 02:43:56] D2BS 17100: act5+ BO
[10/06/26 02:44:13] D2BS 17100: ÿc4=== [BAAL] ===
[10/06/26 02:47:47] D2BS 17100: ÿc4=== [COUNTESS] ===
[10/06/26 02:48:58] D2BS 17100: ÿc4=== [PIT] ===
[10/06/26 02:50:36] D2BS 17100: ÿc4=== [ANDY] ===
[10/06/26 02:51:24] D2BS 17100: ÿc4=== [COWS] ===
[10/06/26 02:52:51] D2BS 17100: party has left: fowo-xe
[10/06/26 02:52:51] D2BS 17100: party has left: fowo-xe
[10/06/26 02:52:51] D2BS 17100: party has left: fowo-xe
[10/06/26 02:52:51] D2BS 17100:  [09:29] +2.71% / [Level 90] 14.98%
[10/06/26 02:52:51] D2BS 17100: Script threads\autobuildthread.js ended
[10/06/26 02:52:52] D2BS 17100: Script threads\partythread.js ended
[10/06/26 02:52:52] D2BS 17100: Script threads\townchicken.js ended
[10/06/26 02:52:52] D2BS 17100: Script default.dbj ended
[10/06/26 02:53:05] D2BS 17100: joining game pz-199
[10/06/26 02:53:07] D2BS 17100: ÿc2D2BSÿc0 :: Starting default.dbj
[10/06/26 02:53:07] D2BS 17100: ÿc2D2BSÿc0 :: default.dbj running.
[10/06/26 02:53:07] D2BS 17100: Loaded ÿc9[X.nip] [Y.nip] [Z.nip] [V.nip] [P.CONC.nip]
[10/06/26 02:53:07] D2BS 17100: Loaded ÿc9[P.CONC.js]
[10/06/26 02:53:07] D2BS 17100: equipped: [Head] 16
[10/06/26 02:53:07] D2BS 17100: equipped: [Neck] 19
[10/06/26 02:53:07] D2BS 17100: equipped: [Body] 21
[10/06/26 02:53:07] D2BS 17100: equipped: [ArmR] 23
[10/06/26 02:53:07] D2BS 17100: equipped: [ArmL] 28
[10/06/26 02:53:07] D2BS 17100: equipped: [RingR] 15
[10/06/26 02:53:07] D2BS 17100: equipped: [RingL] 14
[10/06/26 02:53:07] D2BS 17100: equipped: [Belt] 19
[10/06/26 02:53:07] D2BS 17100: equipped: [Boots] 12
[10/06/26 02:53:07] D2BS 17100: equipped: [Mitts] 14
[10/06/26 02:53:07] D2BS 17100: updateStat
[10/06/26 02:53:07] D2BS 17100: granted: [Head] 30
[10/06/26 02:53:07] D2BS 17100: granted: [Body] 20
[10/06/26 02:53:07] D2BS 17100: granted: [ArmR] 22
[10/06/26 02:53:07] D2BS 17100: Loaded ÿc9[AutoSmurf.js]
[10/06/26 02:53:12] D2BS 17100: MiniShopBot: true
[10/06/26 02:53:12] D2BS 17100: farmingON
[10/06/26 02:53:12] D2BS 17100: UseMerc: true HP: 70
[10/06/26 02:53:27] D2BS 17100: Merc matched: Holy Freeze
[10/06/26 02:53:47] D2BS 17100: act5+ BO
[10/06/26 02:54:01] D2BS 17100: ÿc4=== [BAAL] ===
[10/06/26 02:57:05] D2BS 17100: ÿc4=== [COUNTESS] ===
[10/06/26 02:58:16] D2BS 17100: ÿc4=== [PIT] ===
[10/06/26 02:59:48] D2BS 17100: ÿc4=== [ANDY] ===
[10/06/26 03:00:40] D2BS 17100: ÿc4=== [COWS] ===
[10/06/26 03:09:00] D2BS 17100: Going to town
[10/06/26 03:09:49] D2BS 17100: Going to town
[10/06/26 03:10:19] D2BS 17100: Going to town
[10/06/26 03:10:35] D2BS 17100: Going to town
[10/06/26 03:10:35] D2BS 17100: [Chicken] Life (1084/3603) area:39 (25163,5876)
[10/06/26 03:10:35] D2BS 17100:  [17:29] +2.56% / [Level 90] 17.54%
[10/06/26 03:10:35] D2BS 17100: Script threads\autobuildthread.js ended
[10/06/26 03:10:35] D2BS 17100: Script threads\partythread.js ended
[10/06/26 03:10:35] D2BS 17100: Script threads\townchicken.js ended
[10/06/26 03:10:35] D2BS 17100: Script default.dbj ended
[10/06/26 03:10:48] D2BS 17100: joining game pz-200
[10/06/26 03:10:50] D2BS 17100: ÿc2D2BSÿc0 :: Starting default.dbj
[10/06/26 03:10:50] D2BS 17100: ÿc2D2BSÿc0 :: default.dbj running.
[10/06/26 03:10:50] D2BS 17100: Loaded ÿc9[X.nip] [Y.nip] [Z.nip] [V.nip] [P.CONC.nip]
[10/06/26 03:10:50] D2BS 17100: Loaded ÿc9[P.CONC.js]
[10/06/26 03:10:50] D2BS 17100: equipped: [Head] 16
[10/06/26 03:10:50] D2BS 17100: equipped: [Neck] 19
[10/06/26 03:10:50] D2BS 17100: equipped: [Body] 21
[10/06/26 03:10:50] D2BS 17100: equipped: [ArmR] 23
[10/06/26 03:10:50] D2BS 17100: equipped: [ArmL] 28
[10/06/26 03:10:50] D2BS 17100: equipped: [RingR] 15
[10/06/26 03:10:50] D2BS 17100: equipped: [RingL] 14
[10/06/26 03:10:50] D2BS 17100: equipped: [Belt] 19
[10/06/26 03:10:50] D2BS 17100: equipped: [Boots] 12
[10/06/26 03:10:50] D2BS 17100: equipped: [Mitts] 14
[10/06/26 03:10:50] D2BS 17100: Loaded ÿc9[AutoSmurf.js]
[10/06/26 03:10:55] D2BS 17100: farmingON
[10/06/26 03:10:58] D2BS 17100: MiniShopBot: true
[10/06/26 03:10:58] D2BS 17100: UseMerc: true HP: 70
[10/06/26 03:11:05] D2BS 17100: updateStat
[10/06/26 03:11:05] D2BS 17100: granted: [Head] 30
[10/06/26 03:11:05] D2BS 17100: granted: [Body] 20
[10/06/26 03:11:05] D2BS 17100: granted: [ArmR] 22
[10/06/26 03:11:21] D2BS 17100: Merc matched: Holy Freeze
[10/06/26 03:11:39] D2BS 17100: act5+ BO
[10/06/26 03:11:40] D2BS 17100: updateStat
[10/06/26 03:11:55] D2BS 17100: ÿc4=== [BAAL] ===
[10/06/26 03:14:49] D2BS 17100: ÿc4=== [COUNTESS] ===
[10/06/26 03:16:15] D2BS 17100: ÿc4=== [PIT] ===
[10/06/26 03:17:43] D2BS 17100: ÿc4=== [ANDY] ===
[10/06/26 03:18:33] D2BS 17100: ÿc4=== [COWS] ===
[10/06/26 03:24:49] D2BS 17100: Going to town
[10/06/26 03:29:07] D2BS 17100: party has left: fowo-xc
[10/06/26 03:29:07] D2BS 17100:  [18:17] +2.34% / [Level 90] 19.88%
[10/06/26 03:29:07] D2BS 17100: Script threads\autobuildthread.js ended
[10/06/26 03:29:07] D2BS 17100: Script threads\partythread.js ended
[10/06/26 03:29:07] D2BS 17100: Script threads\townchicken.js ended
[10/06/26 03:29:07] D2BS 17100: Script default.dbj ended
[10/06/26 03:29:20] D2BS 17100: joining game pz-201
[10/06/26 03:29:23] D2BS 17100: ÿc2D2BSÿc0 :: Starting default.dbj
[10/06/26 03:29:23] D2BS 17100: ÿc2D2BSÿc0 :: default.dbj running.
[10/06/26 03:29:23] D2BS 17100: Loaded ÿc9[X.nip] [Y.nip] [Z.nip] [V.nip] [P.CONC.nip]
[10/06/26 03:29:23] D2BS 17100: Loaded ÿc9[P.CONC.js]
[10/06/26 03:29:23] D2BS 17100: equipped: [Head] 16
[10/06/26 03:29:23] D2BS 17100: equipped: [Neck] 19
[10/06/26 03:29:23] D2BS 17100: equipped: [Body] 21
[10/06/26 03:29:23] D2BS 17100: equipped: [ArmR] 23
[10/06/26 03:29:23] D2BS 17100: equipped: [ArmL] 28
[10/06/26 03:29:23] D2BS 17100: equipped: [RingR] 15
[10/06/26 03:29:23] D2BS 17100: equipped: [RingL] 14
[10/06/26 03:29:23] D2BS 17100: equipped: [Belt] 19
[10/06/26 03:29:23] D2BS 17100: equipped: [Boots] 12
[10/06/26 03:29:23] D2BS 17100: equipped: [Mitts] 14
[10/06/26 03:29:23] D2BS 17100: updateStat
[10/06/26 03:29:23] D2BS 17100: granted: [Head] 30
[10/06/26 03:29:23] D2BS 17100: granted: [Body] 20
[10/06/26 03:29:23] D2BS 17100: granted: [ArmR] 22
[10/06/26 03:29:23] D2BS 17100: Loaded ÿc9[AutoSmurf.js]
[10/06/26 03:29:28] D2BS 17100: farmingON
[10/06/26 03:29:28] D2BS 17100: MiniShopBot: true
[10/06/26 03:29:28] D2BS 17100: UseMerc: true HP: 70
[10/06/26 03:29:44] D2BS 17100: Merc matched: Holy Freeze
[10/06/26 03:30:16] D2BS 17100: act5+ BO
[10/06/26 03:30:27] D2BS 17100: ÿc4=== [BAAL] ===
[10/06/26 03:33:25] D2BS 17100: ÿc4=== [COUNTESS] ===
[10/06/26 03:34:26] D2BS 17100: ÿc4=== [PIT] ===
[10/06/26 03:36:02] D2BS 17100: ÿc4=== [ANDY] ===
[10/06/26 03:36:54] D2BS 17100: ÿc4=== [COWS] ===
[10/06/26 03:42:45] D2BS 17100: Cow King found
[10/06/26 03:42:45] D2BS 17100: Cows failed: followDriver
[10/06/26 03:43:02] D2BS 17100: ÿc4=== [MEPHISTO] ===
[10/06/26 03:44:27] D2BS 17100: ÿc4=== [DIABLO] ===
[10/06/26 03:49:30] D2BS 17100: party has left: fowo-xg
[10/06/26 03:49:30] D2BS 17100:  [20:08] +4.23% / [Level 90] 24.11%
[10/06/26 03:49:30] D2BS 17100: Script threads\autobuildthread.js ended
[10/06/26 03:49:30] D2BS 17100: Script threads\partythread.js ended
[10/06/26 03:49:30] D2BS 17100: Script threads\townchicken.js ended
[10/06/26 03:49:30] D2BS 17100: Script default.dbj ended
[10/06/26 03:49:43] D2BS 17100: joining game pz-202
[10/06/26 03:49:45] D2BS 17100: ÿc2D2BSÿc0 :: Starting default.dbj
[10/06/26 03:49:45] D2BS 17100: ÿc2D2BSÿc0 :: default.dbj running.
[10/06/26 03:49:45] D2BS 17100: Loaded ÿc9[X.nip] [Y.nip] [Z.nip] [V.nip] [P.CONC.nip]
[10/06/26 03:49:45] D2BS 17100: Loaded ÿc9[P.CONC.js]
[10/06/26 03:49:45] D2BS 17100: equipped: [Head] 16
[10/06/26 03:49:45] D2BS 17100: equipped: [Neck] 19
[10/06/26 03:49:45] D2BS 17100: equipped: [Body] 21
[10/06/26 03:49:45] D2BS 17100: equipped: [ArmR] 23
[10/06/26 03:49:45] D2BS 17100: equipped: [ArmL] 28
[10/06/26 03:49:45] D2BS 17100: equipped: [RingR] 15
[10/06/26 03:49:45] D2BS 17100: equipped: [RingL] 14
[10/06/26 03:49:45] D2BS 17100: equipped: [Belt] 19
[10/06/26 03:49:45] D2BS 17100: equipped: [Boots] 12
[10/06/26 03:49:45] D2BS 17100: equipped: [Mitts] 14
[10/06/26 03:49:45] D2BS 17100: updateStat
[10/06/26 03:49:45] D2BS 17100: granted: [Head] 30
[10/06/26 03:49:45] D2BS 17100: granted: [Body] 20
[10/06/26 03:49:45] D2BS 17100: granted: [ArmR] 22
[10/06/26 03:49:45] D2BS 17100: Loaded ÿc9[AutoSmurf.js]
[10/06/26 03:49:49] D2BS 17100: farmingON
[10/06/26 03:49:50] D2BS 17100: MiniShopBot: true
[10/06/26 03:49:50] D2BS 17100: UseMerc: true HP: 70
[10/06/26 03:50:12] D2BS 17100: Merc matched: Holy Freeze
[10/06/26 03:50:23] D2BS 17100: act5+ BO
[10/06/26 03:50:36] D2BS 17100: ÿc4=== [BAAL] ===
[10/06/26 03:53:50] D2BS 17100: ÿc4=== [COUNTESS] ===
[10/06/26 03:53:57] D2BS 17100: equipped: [RingL] 21
[10/06/26 03:54:58] D2BS 17100: ÿc4=== [PIT] ===
[10/06/26 03:56:35] D2BS 17100: ÿc4=== [ANDY] ===
[10/06/26 03:57:24] D2BS 17100: ÿc4=== [COWS] ===
[10/06/26 04:07:33] D2BS 17100: party has left: fowo-xb
[10/06/26 04:07:33] D2BS 17100:  [17:48] +2.39% / [Level 90] 26.51%
[10/06/26 04:07:33] D2BS 17100: Script threads\autobuildthread.js ended
[10/06/26 04:07:33] D2BS 17100: Script threads\partythread.js ended
[10/06/26 04:07:33] D2BS 17100: Script threads\townchicken.js ended
[10/06/26 04:07:33] D2BS 17100: Script default.dbj ended
[10/06/26 04:07:51] D2BS 17100: joining game pz-203
[10/06/26 04:07:54] D2BS 17100: ÿc2D2BSÿc0 :: Starting default.dbj
[10/06/26 04:07:54] D2BS 17100: ÿc2D2BSÿc0 :: default.dbj running.
[10/06/26 04:07:54] D2BS 17100: Loaded ÿc9[X.nip] [Y.nip] [Z.nip] [V.nip] [P.CONC.nip]
[10/06/26 04:07:54] D2BS 17100: Loaded ÿc9[P.CONC.js]
[10/06/26 04:07:54] D2BS 17100: equipped: [Head] 16
[10/06/26 04:07:54] D2BS 17100: equipped: [Neck] 19
[10/06/26 04:07:54] D2BS 17100: equipped: [Body] 21
[10/06/26 04:07:54] D2BS 17100: equipped: [ArmR] 23
[10/06/26 04:07:54] D2BS 17100: equipped: [ArmL] 28
[10/06/26 04:07:54] D2BS 17100: equipped: [RingR] 15
[10/06/26 04:07:54] D2BS 17100: equipped: [RingL] 21
[10/06/26 04:07:54] D2BS 17100: equipped: [Belt] 19
[10/06/26 04:07:54] D2BS 17100: equipped: [Boots] 12
[10/06/26 04:07:54] D2BS 17100: equipped: [Mitts] 14
[10/06/26 04:07:54] D2BS 17100: updateStat
[10/06/26 04:07:54] D2BS 17100: granted: [Head] 30
[10/06/26 04:07:54] D2BS 17100: granted: [Body] 20
[10/06/26 04:07:54] D2BS 17100: granted: [ArmR] 22
[10/06/26 04:07:54] D2BS 17100: Loaded ÿc9[AutoSmurf.js]
[10/06/26 04:08:00] D2BS 17100: farmingON
[10/06/26 04:08:01] D2BS 17100: MiniShopBot: true
[10/06/26 04:08:01] D2BS 17100: UseMerc: true HP: 70
[10/06/26 04:08:26] D2BS 17100: Merc matched: Holy Freeze
[10/06/26 04:08:34] D2BS 17100: act5+ BO
[10/06/26 04:08:48] D2BS 17100: ÿc4=== [BAAL] ===
[10/06/26 04:12:13] D2BS 17100: ÿc4=== [COUNTESS] ===
[10/06/26 04:13:15] D2BS 17100: ÿc4=== [PIT] ===
[10/06/26 04:14:53] D2BS 17100: ÿc4=== [ANDY] ===
[10/06/26 04:16:04] D2BS 17100: ÿc4=== [COWS] ===
[10/06/26 04:17:43] D2BS 17100: Going to town
[10/06/26 04:18:08] D2BS 17100: Going to town
[10/06/26 04:18:09] D2BS 17100: [Chicken] Life (994/3600) area:39 (25151,5857)
[10/06/26 04:18:09] D2BS 17100:  [10:16] +2.27% / [Level 90] 28.77%
[10/06/26 04:18:09] D2BS 17100: Script threads\autobuildthread.js ended
[10/06/26 04:18:09] D2BS 17100: Script threads\partythread.js ended
[10/06/26 04:18:09] D2BS 17100: Script threads\townchicken.js ended
[10/06/26 04:18:09] D2BS 17100: Script default.dbj ended
[10/06/26 04:18:22] D2BS 17100: joining game pz-204
[10/06/26 04:18:24] D2BS 17100: ÿc2D2BSÿc0 :: Starting default.dbj
[10/06/26 04:18:24] D2BS 17100: ÿc2D2BSÿc0 :: default.dbj running.
[10/06/26 04:18:24] D2BS 17100: Loaded ÿc9[X.nip] [Y.nip] [Z.nip] [V.nip] [P.CONC.nip]
[10/06/26 04:18:24] D2BS 17100: Loaded ÿc9[P.CONC.js]
[10/06/26 04:18:24] D2BS 17100: equipped: [Head] 16
[10/06/26 04:18:24] D2BS 17100: equipped: [Neck] 19
[10/06/26 04:18:24] D2BS 17100: equipped: [Body] 21
[10/06/26 04:18:24] D2BS 17100: equipped: [ArmR] 23
[10/06/26 04:18:24] D2BS 17100: equipped: [ArmL] 28
[10/06/26 04:18:24] D2BS 17100: equipped: [RingR] 15
[10/06/26 04:18:24] D2BS 17100: equipped: [RingL] 21
[10/06/26 04:18:24] D2BS 17100: equipped: [Belt] 19
[10/06/26 04:18:24] D2BS 17100: equipped: [Boots] 12
[10/06/26 04:18:24] D2BS 17100: equipped: [Mitts] 14
[10/06/26 04:18:24] D2BS 17100: Loaded ÿc9[AutoSmurf.js]
[10/06/26 04:18:31] D2BS 17100: farmingON
[10/06/26 04:18:32] D2BS 17100: MiniShopBot: true
[10/06/26 04:18:32] D2BS 17100: UseMerc: true HP: 70
[10/06/26 04:18:38] D2BS 17100: updateStat
[10/06/26 04:18:38] D2BS 17100: granted: [Head] 30
[10/06/26 04:18:38] D2BS 17100: granted: [Body] 20
[10/06/26 04:18:38] D2BS 17100: granted: [ArmR] 22
[10/06/26 04:18:52] D2BS 17100: Merc matched: Holy Freeze
[10/06/26 04:19:02] D2BS 17100: act5+ BO
[10/06/26 04:19:03] D2BS 17100: updateStat
[10/06/26 04:19:16] D2BS 17100: ÿc4=== [BAAL] ===
[10/06/26 04:22:22] D2BS 17100: ÿc4=== [COUNTESS] ===
[10/06/26 04:23:32] D2BS 17100: ÿc4=== [PIT] ===
[10/06/26 04:25:03] D2BS 17100: ÿc4=== [ANDY] ===
[10/06/26 04:25:53] D2BS 17100: ÿc4=== [COWS] ===
[10/06/26 04:37:25] D2BS 17100: ÿc4=== [MEPHISTO] ===
[10/06/26 04:38:46] D2BS 17100: ÿc4=== [DIABLO] ===
[10/06/26 04:44:03] D2BS 17100: Script ended
[10/06/26 04:44:03] D2BS 17100:  [25:39] +4.03% / [Level 90] 32.80%
[10/06/26 04:44:03] D2BS 17100: Script threads\autobuildthread.js ended
[10/06/26 04:44:03] D2BS 17100: Script threads\partythread.js ended
[10/06/26 04:44:03] D2BS 17100: Script threads\townchicken.js ended
[10/06/26 04:44:16] D2BS 17100: joining game pz-205
[10/06/26 04:44:17] D2BS 17100: ÿc2D2BSÿc0 :: Starting default.dbj
[10/06/26 04:44:17] D2BS 17100: ÿc2D2BSÿc0 :: default.dbj running.
[10/06/26 04:44:18] D2BS 17100: Loaded ÿc9[X.nip] [Y.nip] [Z.nip] [V.nip] [P.CONC.nip]
[10/06/26 04:44:18] D2BS 17100: Loaded ÿc9[P.CONC.js]
[10/06/26 04:44:18] D2BS 17100: equipped: [Head] 16
[10/06/26 04:44:18] D2BS 17100: equipped: [Neck] 19
[10/06/26 04:44:18] D2BS 17100: equipped: [Body] 21
[10/06/26 04:44:18] D2BS 17100: equipped: [ArmR] 23
[10/06/26 04:44:18] D2BS 17100: equipped: [ArmL] 28
[10/06/26 04:44:18] D2BS 17100: equipped: [RingR] 15
[10/06/26 04:44:18] D2BS 17100: equipped: [RingL] 21
[10/06/26 04:44:18] D2BS 17100: equipped: [Belt] 19
[10/06/26 04:44:18] D2BS 17100: equipped: [Boots] 12
[10/06/26 04:44:18] D2BS 17100: equipped: [Mitts] 14
[10/06/26 04:44:18] D2BS 17100: updateStat
[10/06/26 04:44:18] D2BS 17100: granted: [Head] 30
[10/06/26 04:44:18] D2BS 17100: granted: [Body] 20
[10/06/26 04:44:18] D2BS 17100: granted: [ArmR] 22
[10/06/26 04:44:18] D2BS 17100: Loaded ÿc9[AutoSmurf.js]
[10/06/26 04:44:23] D2BS 17100: MiniShopBot: true
[10/06/26 04:44:23] D2BS 17100: farmingON
[10/06/26 04:44:23] D2BS 17100: UseMerc: true HP: 70
[10/06/26 04:44:40] D2BS 17100: Merc matched: Holy Freeze
[10/06/26 04:44:59] D2BS 17100: act5+ BO
[10/06/26 04:45:13] D2BS 17100: ÿc4=== [BAAL] ===
[10/06/26 04:48:22] D2BS 17100: ÿc4=== [COUNTESS] ===
[10/06/26 04:49:30] D2BS 17100: ÿc4=== [PIT] ===
[10/06/26 04:50:43] D2BS 17100: ÿc4=== [ANDY] ===
[10/06/26 04:51:35] D2BS 17100: ÿc4=== [COWS] ===
[10/06/26 05:02:02] D2BS 17100: Cows failed: followDriver
[10/06/26 05:03:14] D2BS 17100: ÿc4=== [MEPHISTO] ===
[10/06/26 05:03:27] D2BS 17100: equipped: [Boots] 13
[10/06/26 05:04:34] D2BS 17100: ÿc4=== [DIABLO] ===
[10/06/26 05:04:45] D2BS 17100: [Socket] Thresher
[10/06/26 05:05:41] D2BS 17100: Going to town
[10/06/26 05:07:09] D2BS 17100: Going to town
[10/06/26 05:07:09] D2BS 17100: [Chicken] Life (1188/3600) area:108 (7777,5228)
[10/06/26 05:07:09] D2BS 17100:  [22:52] +2.82% / [Level 90] 35.63%
[10/06/26 05:07:09] D2BS 17100: Script threads\autobuildthread.js ended
[10/06/26 05:07:09] D2BS 17100: Script threads\partythread.js ended
[10/06/26 05:07:10] D2BS 17100: Script threads\townchicken.js ended
[10/06/26 05:07:10] D2BS 17100: Script default.dbj ended
[10/06/26 05:07:23] D2BS 17100: joining game pz-206
[10/06/26 05:07:24] D2BS 17100: ÿc2D2BSÿc0 :: Starting default.dbj
[10/06/26 05:07:24] D2BS 17100: ÿc2D2BSÿc0 :: default.dbj running.
[10/06/26 05:07:24] D2BS 17100: Loaded ÿc9[X.nip] [Y.nip] [Z.nip] [V.nip] [P.CONC.nip]
[10/06/26 05:07:24] D2BS 17100: Loaded ÿc9[P.CONC.js]
[10/06/26 05:07:24] D2BS 17100: equipped: [Head] 16
[10/06/26 05:07:24] D2BS 17100: equipped: [Neck] 19
[10/06/26 05:07:24] D2BS 17100: equipped: [Body] 21
[10/06/26 05:07:24] D2BS 17100: equipped: [ArmR] 23
[10/06/26 05:07:24] D2BS 17100: equipped: [ArmL] 28
[10/06/26 05:07:24] D2BS 17100: equipped: [RingR] 15
[10/06/26 05:07:24] D2BS 17100: equipped: [RingL] 21
[10/06/26 05:07:24] D2BS 17100: equipped: [Belt] 19
[10/06/26 05:07:24] D2BS 17100: equipped: [Boots] 13
[10/06/26 05:07:24] D2BS 17100: equipped: [Mitts] 14
[10/06/26 05:07:24] D2BS 17100: updateStat
[10/06/26 05:07:24] D2BS 17100: granted: [Head] 30
[10/06/26 05:07:24] D2BS 17100: granted: [Body] 20
[10/06/26 05:07:24] D2BS 17100: granted: [ArmR] 22
[10/06/26 05:07:25] D2BS 17100: Loaded ÿc9[AutoSmurf.js]
[10/06/26 05:07:30] D2BS 17100: farmingON
[10/06/26 05:07:31] D2BS 17100: MiniShopBot: true
[10/06/26 05:07:31] D2BS 17100: UseMerc: true HP: 70
[10/06/26 05:07:51] D2BS 17100: Merc matched: Holy Freeze
[10/06/26 05:08:03] D2BS 17100: act5+ BO
[10/06/26 05:08:17] D2BS 17100: ÿc4=== [BAAL] ===
[10/06/26 05:08:30] D2BS 17100: Baal failed: souls found
[10/06/26 05:08:30] D2BS 17100: ÿc4=== [COUNTESS] ===
[10/06/26 05:09:38] D2BS 17100: ÿc4=== [PIT] ===
[10/06/26 05:10:57] D2BS 17100: ÿc4=== [ANDY] ===
[10/06/26 05:11:54] D2BS 17100: ÿc4=== [COWS] ===
[10/06/26 05:23:45] D2BS 17100: Going to town
[10/06/26 05:26:55] D2BS 17100: ÿc4=== [MEPHISTO] ===
[10/06/26 05:28:06] D2BS 17100: ÿc4=== [DIABLO] ===
[10/06/26 05:33:45] D2BS 17100: party has left: fowo-xc
[10/06/26 05:33:45] D2BS 17100:  [26:21] +2.66% / [Level 90] 38.28%
[10/06/26 05:33:45] D2BS 17100: Script threads\autobuildthread.js ended
[10/06/26 05:33:45] D2BS 17100: Script threads\partythread.js ended
[10/06/26 05:33:45] D2BS 17100: Script threads\townchicken.js ended
[10/06/26 05:33:45] D2BS 17100: Script default.dbj ended
[10/06/26 05:33:57] D2BS 17100: joining game pz-207
[10/06/26 05:33:59] D2BS 17100: ÿc2D2BSÿc0 :: Starting default.dbj
[10/06/26 05:33:59] D2BS 17100: ÿc2D2BSÿc0 :: default.dbj running.
[10/06/26 05:33:59] D2BS 17100: Loaded ÿc9[X.nip] [Y.nip] [Z.nip] [V.nip] [P.CONC.nip]
[10/06/26 05:33:59] D2BS 17100: Loaded ÿc9[P.CONC.js]
[10/06/26 05:33:59] D2BS 17100: equipped: [Head] 16
[10/06/26 05:33:59] D2BS 17100: equipped: [Neck] 19
[10/06/26 05:33:59] D2BS 17100: equipped: [Body] 21
[10/06/26 05:33:59] D2BS 17100: equipped: [ArmR] 23
[10/06/26 05:34:00] D2BS 17100: equipped: [ArmL] 28
[10/06/26 05:34:00] D2BS 17100: equipped: [RingR] 15
[10/06/26 05:34:00] D2BS 17100: equipped: [RingL] 21
[10/06/26 05:34:00] D2BS 17100: equipped: [Belt] 19
[10/06/26 05:34:00] D2BS 17100: equipped: [Boots] 13
[10/06/26 05:34:00] D2BS 17100: equipped: [Mitts] 14
[10/06/26 05:34:00] D2BS 17100: updateStat
[10/06/26 05:34:00] D2BS 17100: granted: [Head] 30
[10/06/26 05:34:00] D2BS 17100: granted: [Body] 20
[10/06/26 05:34:00] D2BS 17100: granted: [ArmR] 22
[10/06/26 05:34:00] D2BS 17100: Loaded ÿc9[AutoSmurf.js]
[10/06/26 05:34:05] D2BS 17100: farmingON
[10/06/26 05:34:07] D2BS 17100: MiniShopBot: true
[10/06/26 05:34:07] D2BS 17100: UseMerc: true HP: 70
[10/06/26 05:34:36] D2BS 17100: Merc matched: Holy Freeze
[10/06/26 05:34:44] D2BS 17100: act5+ BO
[10/06/26 05:34:56] D2BS 17100: ÿc4=== [BAAL] ===
[10/06/26 05:35:13] D2BS 17100: Baal failed: souls found
[10/06/26 05:35:13] D2BS 17100: ÿc4=== [COUNTESS] ===
[10/06/26 05:36:10] D2BS 17100: ÿc4=== [PIT] ===
[10/06/26 05:37:54] D2BS 17100: ÿc4=== [ANDY] ===
[10/06/26 05:38:44] D2BS 17100: ÿc4=== [COWS] ===
[10/06/26 05:42:30] D2BS 17100: party has left: fowo-xe
[10/06/26 05:42:30] D2BS 17100:  [08:32] +0.56% / [Level 90] 38.85%
[10/06/26 05:42:30] D2BS 17100: Script threads\autobuildthread.js ended
[10/06/26 05:42:31] D2BS 17100: Script threads\partythread.js ended
[10/06/26 05:42:31] D2BS 17100: Script threads\townchicken.js ended
[10/06/26 05:42:31] D2BS 17100: Script default.dbj ended
[10/06/26 05:42:43] D2BS 17100: joining game pz-208
[10/06/26 05:42:46] D2BS 17100: ÿc2D2BSÿc0 :: Starting default.dbj
[10/06/26 05:42:46] D2BS 17100: ÿc2D2BSÿc0 :: default.dbj running.
[10/06/26 05:42:46] D2BS 17100: Loaded ÿc9[X.nip] [Y.nip] [Z.nip] [V.nip] [P.CONC.nip]
[10/06/26 05:42:46] D2BS 17100: Loaded ÿc9[P.CONC.js]
[10/06/26 05:42:46] D2BS 17100: equipped: [Head] 16
[10/06/26 05:42:46] D2BS 17100: equipped: [Neck] 19
[10/06/26 05:42:46] D2BS 17100: equipped: [Body] 21
[10/06/26 05:42:46] D2BS 17100: equipped: [ArmR] 23
[10/06/26 05:42:46] D2BS 17100: equipped: [ArmL] 28
[10/06/26 05:42:46] D2BS 17100: equipped: [RingR] 15
[10/06/26 05:42:46] D2BS 17100: equipped: [RingL] 21
[10/06/26 05:42:46] D2BS 17100: equipped: [Belt] 19
[10/06/26 05:42:46] D2BS 17100: equipped: [Boots] 13
[10/06/26 05:42:46] D2BS 17100: equipped: [Mitts] 14
[10/06/26 05:42:46] D2BS 17100: updateStat
[10/06/26 05:42:46] D2BS 17100: granted: [Head] 30
[10/06/26 05:42:46] D2BS 17100: granted: [Body] 20
[10/06/26 05:42:46] D2BS 17100: granted: [ArmR] 22
[10/06/26 05:42:46] D2BS 17100: Loaded ÿc9[AutoSmurf.js]
[10/06/26 05:42:51] D2BS 17100: farmingON
[10/06/26 05:42:51] D2BS 17100: MiniShopBot: true
[10/06/26 05:42:51] D2BS 17100: UseMerc: true HP: 70
[10/06/26 05:43:09] D2BS 17100: Merc matched: Holy Freeze
[10/06/26 05:43:27] D2BS 17100: act5+ BO
[10/06/26 05:43:41] D2BS 17100: ÿc4=== [BAAL] ===
[10/06/26 05:43:52] D2BS 17100: Baal failed: souls found
[10/06/26 05:43:52] D2BS 17100: ÿc4=== [COUNTESS] ===
[10/06/26 05:45:04] D2BS 17100: ÿc4=== [PIT] ===
[10/06/26 05:46:56] D2BS 17100: ÿc4=== [ANDY] ===
[10/06/26 05:47:50] D2BS 17100: ÿc4=== [COWS] ===
[10/06/26 05:50:29] D2BS 17100: party has left: fowo-xe
[10/06/26 05:50:29] D2BS 17100:  [07:44] +0.44% / [Level 90] 39.29%
[10/06/26 05:50:29] D2BS 17100: Script threads\autobuildthread.js ended
[10/06/26 05:50:29] D2BS 17100: Script threads\partythread.js ended
[10/06/26 05:50:29] D2BS 17100: Script threads\townchicken.js ended
[10/06/26 05:50:29] D2BS 17100: Script default.dbj ended
[10/06/26 05:50:40] D2BS 17100: joining game pz-209
[10/06/26 05:50:41] D2BS 17100: ÿc2D2BSÿc0 :: Starting default.dbj
[10/06/26 05:50:41] D2BS 17100: ÿc2D2BSÿc0 :: default.dbj running.
[10/06/26 05:50:42] D2BS 17100: Loaded ÿc9[X.nip] [Y.nip] [Z.nip] [V.nip] [P.CONC.nip]
[10/06/26 05:50:42] D2BS 17100: Loaded ÿc9[P.CONC.js]
[10/06/26 05:50:42] D2BS 17100: equipped: [Head] 16
[10/06/26 05:50:42] D2BS 17100: equipped: [Neck] 19
[10/06/26 05:50:42] D2BS 17100: equipped: [Body] 21
[10/06/26 05:50:42] D2BS 17100: equipped: [ArmR] 23
[10/06/26 05:50:42] D2BS 17100: equipped: [ArmL] 28
[10/06/26 05:50:42] D2BS 17100: equipped: [RingR] 15
[10/06/26 05:50:42] D2BS 17100: equipped: [RingL] 21
[10/06/26 05:50:42] D2BS 17100: equipped: [Belt] 19
[10/06/26 05:50:42] D2BS 17100: equipped: [Boots] 13
[10/06/26 05:50:42] D2BS 17100: equipped: [Mitts] 14
[10/06/26 05:50:42] D2BS 17100: updateStat
[10/06/26 05:50:42] D2BS 17100: granted: [Head] 30
[10/06/26 05:50:42] D2BS 17100: granted: [Body] 20
[10/06/26 05:50:42] D2BS 17100: granted: [ArmR] 22
[10/06/26 05:50:43] D2BS 17100: Loaded ÿc9[AutoSmurf.js]
[10/06/26 05:50:48] D2BS 17100: farmingON
[10/06/26 05:50:50] D2BS 17100: MiniShopBot: true
[10/06/26 05:50:50] D2BS 17100: UseMerc: true HP: 70
[10/06/26 05:51:05] D2BS 17100: Merc matched: Holy Freeze
[10/06/26 05:51:42] D2BS 17100: act5+ BO
[10/06/26 05:51:57] D2BS 17100: ÿc4=== [BAAL] ===
[10/06/26 05:55:47] D2BS 17100: ÿc4=== [COUNTESS] ===
[10/06/26 05:57:06] D2BS 17100: ÿc4=== [PIT] ===
[10/06/26 05:59:00] D2BS 17100: ÿc4=== [ANDY] ===
[10/06/26 06:00:03] D2BS 17100: ÿc4=== [COWS] ===
[10/06/26 06:10:32] D2BS 17100: Cow King found
[10/06/26 06:10:32] D2BS 17100: Cows failed: followDriver
[10/06/26 06:11:46] D2BS 17100: ÿc4=== [MEPHISTO] ===
[10/06/26 06:13:07] D2BS 17100: ÿc4=== [DIABLO] ===
[10/06/26 06:20:39] D2BS 17100: party has left: fowo-xa
[10/06/26 06:20:40] D2BS 17100:  [29:58] +4.51% / [Level 90] 43.79%
[10/06/26 06:20:40] D2BS 17100: Script threads\autobuildthread.js ended
[10/06/26 06:20:40] D2BS 17100: Script threads\partythread.js ended
[10/06/26 06:20:40] D2BS 17100: Script threads\townchicken.js ended
[10/06/26 06:20:40] D2BS 17100: Script default.dbj ended
[10/06/26 06:20:53] D2BS 17100: joining game pz-210
[10/06/26 06:20:55] D2BS 17100: ÿc2D2BSÿc0 :: Starting default.dbj
[10/06/26 06:20:55] D2BS 17100: ÿc2D2BSÿc0 :: default.dbj running.
[10/06/26 06:20:55] D2BS 17100: Loaded ÿc9[X.nip] [Y.nip] [Z.nip] [V.nip] [P.CONC.nip]
[10/06/26 06:20:55] D2BS 17100: Loaded ÿc9[P.CONC.js]
[10/06/26 06:20:55] D2BS 17100: equipped: [Head] 16
[10/06/26 06:20:55] D2BS 17100: equipped: [Neck] 19
[10/06/26 06:20:55] D2BS 17100: equipped: [Body] 21
[10/06/26 06:20:55] D2BS 17100: equipped: [ArmR] 23
[10/06/26 06:20:55] D2BS 17100: equipped: [ArmL] 28
[10/06/26 06:20:55] D2BS 17100: equipped: [RingR] 15
[10/06/26 06:20:55] D2BS 17100: equipped: [RingL] 21
[10/06/26 06:20:55] D2BS 17100: equipped: [Belt] 19
[10/06/26 06:20:55] D2BS 17100: equipped: [Boots] 13
[10/06/26 06:20:55] D2BS 17100: equipped: [Mitts] 14
[10/06/26 06:20:55] D2BS 17100: updateStat
[10/06/26 06:20:55] D2BS 17100: granted: [Head] 30
[10/06/26 06:20:55] D2BS 17100: granted: [Body] 20
[10/06/26 06:20:55] D2BS 17100: granted: [ArmR] 22
[10/06/26 06:20:55] D2BS 17100: Loaded ÿc9[AutoSmurf.js]
[10/06/26 06:20:59] D2BS 17100: MiniShopBot: true
[10/06/26 06:20:59] D2BS 17100: farmingON
[10/06/26 06:20:59] D2BS 17100: UseMerc: true HP: 70
[10/06/26 06:21:17] D2BS 17100: granted: [ArmR] 25
[10/06/26 06:21:17] D2BS 17100: Merc matched: Holy Freeze
[10/06/26 06:21:34] D2BS 17100: act5+ BO
[10/06/26 06:21:49] D2BS 17100: ÿc4=== [BAAL] ===
[10/06/26 06:24:25] D2BS 17100: party has left: fowo-xe
[10/06/26 06:24:25] D2BS 17100:  [03:30] +1.53% / [Level 90] 45.32%
[10/06/26 06:24:25] D2BS 17100: Script threads\autobuildthread.js ended
[10/06/26 06:24:25] D2BS 17100: Script threads\partythread.js ended
[10/06/26 06:24:25] D2BS 17100: Script threads\townchicken.js ended
[10/06/26 06:24:26] D2BS 17100: Script default.dbj ended
[10/06/26 06:24:43] D2BS 17100: joining game pz-211
[10/06/26 06:24:45] D2BS 17100: ÿc2D2BSÿc0 :: Starting default.dbj
[10/06/26 06:24:45] D2BS 17100: ÿc2D2BSÿc0 :: default.dbj running.
[10/06/26 06:24:45] D2BS 17100: Loaded ÿc9[X.nip] [Y.nip] [Z.nip] [V.nip] [P.CONC.nip]
[10/06/26 06:24:45] D2BS 17100: Loaded ÿc9[P.CONC.js]
[10/06/26 06:24:45] D2BS 17100: equipped: [Head] 16
[10/06/26 06:24:45] D2BS 17100: equipped: [Neck] 19
[10/06/26 06:24:45] D2BS 17100: equipped: [Body] 21
[10/06/26 06:24:45] D2BS 17100: equipped: [ArmR] 23
[10/06/26 06:24:45] D2BS 17100: equipped: [ArmL] 28
[10/06/26 06:24:45] D2BS 17100: equipped: [RingR] 15
[10/06/26 06:24:45] D2BS 17100: equipped: [RingL] 21
[10/06/26 06:24:45] D2BS 17100: equipped: [Belt] 19
[10/06/26 06:24:45] D2BS 17100: equipped: [Boots] 13
[10/06/26 06:24:45] D2BS 17100: equipped: [Mitts] 14
[10/06/26 06:24:45] D2BS 17100: updateStat
[10/06/26 06:24:45] D2BS 17100: granted: [Head] 30
[10/06/26 06:24:45] D2BS 17100: granted: [Body] 20
[10/06/26 06:24:45] D2BS 17100: granted: [ArmR] 25
[10/06/26 06:24:45] D2BS 17100: Loaded ÿc9[AutoSmurf.js]
[10/06/26 06:24:48] D2BS 17100: MiniShopBot: true
[10/06/26 06:24:48] D2BS 17100: farmingON
[10/06/26 06:24:48] D2BS 17100: UseMerc: true HP: 70
[10/06/26 06:25:08] D2BS 17100: Merc matched: Holy Freeze
[10/06/26 06:25:44] D2BS 17100: act5+ BO
[10/06/26 06:25:57] D2BS 17100: ÿc4=== [BAAL] ===
[10/06/26 06:26:10] D2BS 17100: Baal failed: souls found
[10/06/26 06:26:10] D2BS 17100: ÿc4=== [COUNTESS] ===
[10/06/26 06:27:14] D2BS 17100: ÿc4=== [PIT] ===
[10/06/26 06:29:08] D2BS 17100: ÿc4=== [ANDY] ===
[10/06/26 06:30:10] D2BS 17100: ÿc4=== [COWS] ===
[10/06/26 06:35:51] D2BS 17100: Cows failed: followDriver
[10/06/26 06:36:22] D2BS 17100: ÿc4=== [MEPHISTO] ===
[10/06/26 06:37:50] D2BS 17100: ÿc4=== [DIABLO] ===
[10/06/26 06:43:04] D2BS 17100: party has left: fowo-xe
[10/06/26 06:43:04] D2BS 17100:  [18:20] +2.20% / [Level 90] 47.52%
[10/06/26 06:43:04] D2BS 17100: Script threads\autobuildthread.js ended
[10/06/26 06:43:05] D2BS 17100: Script threads\partythread.js ended
[10/06/26 06:43:05] D2BS 17100: Script threads\townchicken.js ended
[10/06/26 06:43:05] D2BS 17100: Script default.dbj ended
[10/06/26 06:43:16] D2BS 17100: joining game pz-212
[10/06/26 06:43:17] D2BS 17100: ÿc2D2BSÿc0 :: Starting default.dbj
[10/06/26 06:43:17] D2BS 17100: ÿc2D2BSÿc0 :: default.dbj running.
[10/06/26 06:43:17] D2BS 17100: Loaded ÿc9[X.nip] [Y.nip] [Z.nip] [V.nip] [P.CONC.nip]
[10/06/26 06:43:17] D2BS 17100: Loaded ÿc9[P.CONC.js]
[10/06/26 06:43:17] D2BS 17100: equipped: [Head] 16
[10/06/26 06:43:17] D2BS 17100: equipped: [Neck] 19
[10/06/26 06:43:18] D2BS 17100: equipped: [Body] 21
[10/06/26 06:43:18] D2BS 17100: equipped: [ArmR] 23
[10/06/26 06:43:18] D2BS 17100: equipped: [ArmL] 28
[10/06/26 06:43:18] D2BS 17100: equipped: [RingR] 15
[10/06/26 06:43:18] D2BS 17100: equipped: [RingL] 21
[10/06/26 06:43:18] D2BS 17100: equipped: [Belt] 19
[10/06/26 06:43:18] D2BS 17100: equipped: [Boots] 13
[10/06/26 06:43:18] D2BS 17100: equipped: [Mitts] 14
[10/06/26 06:43:18] D2BS 17100: updateStat
[10/06/26 06:43:18] D2BS 17100: granted: [Head] 30
[10/06/26 06:43:18] D2BS 17100: granted: [Body] 20
[10/06/26 06:43:18] D2BS 17100: granted: [ArmR] 25
[10/06/26 06:43:18] D2BS 17100: Loaded ÿc9[AutoSmurf.js]
[10/06/26 06:43:24] D2BS 17100: farmingON
[10/06/26 06:43:25] D2BS 17100: MiniShopBot: true
[10/06/26 06:43:25] D2BS 17100: UseMerc: true HP: 70
[10/06/26 06:43:43] D2BS 17100: Merc matched: Holy Freeze
[10/06/26 06:44:03] D2BS 17100: act5+ BO
[10/06/26 06:44:15] D2BS 17100: ÿc4=== [BAAL] ===
[10/06/26 06:47:05] D2BS 17100: ÿc4=== [COUNTESS] ===
[10/06/26 06:48:18] D2BS 17100: ÿc4=== [PIT] ===
[10/06/26 06:49:38] D2BS 17100: ÿc4=== [ANDY] ===
[10/06/26 06:50:37] D2BS 17100: ÿc4=== [COWS] ===
[10/06/26 07:02:36] D2BS 17100: party has left: fowo-xe
[10/06/26 07:02:36] D2BS 17100:  [19:19] +2.43% / [Level 90] 49.95%
[10/06/26 07:02:36] D2BS 17100: Script threads\autobuildthread.js ended
[10/06/26 07:02:36] D2BS 17100: Script threads\partythread.js ended
[10/06/26 07:02:36] D2BS 17100: Script threads\townchicken.js ended
[10/06/26 07:02:36] D2BS 17100: Script default.dbj ended
[10/06/26 07:02:50] D2BS 17100: joining game pz-213
[10/06/26 07:02:51] D2BS 17100: ÿc2D2BSÿc0 :: Starting default.dbj
[10/06/26 07:02:51] D2BS 17100: ÿc2D2BSÿc0 :: default.dbj running.
[10/06/26 07:02:52] D2BS 17100: Loaded ÿc9[X.nip] [Y.nip] [Z.nip] [V.nip] [P.CONC.nip]
[10/06/26 07:02:52] D2BS 17100: Loaded ÿc9[P.CONC.js]
[10/06/26 07:02:52] D2BS 17100: equipped: [Head] 16
[10/06/26 07:02:52] D2BS 17100: equipped: [Neck] 19
[10/06/26 07:02:52] D2BS 17100: equipped: [Body] 21
[10/06/26 07:02:52] D2BS 17100: equipped: [ArmR] 23
[10/06/26 07:02:52] D2BS 17100: equipped: [ArmL] 28
[10/06/26 07:02:52] D2BS 17100: equipped: [RingR] 15
[10/06/26 07:02:52] D2BS 17100: equipped: [RingL] 21
[10/06/26 07:02:53] D2BS 17100: equipped: [Belt] 19
[10/06/26 07:02:53] D2BS 17100: equipped: [Boots] 13
[10/06/26 07:02:53] D2BS 17100: equipped: [Mitts] 14
[10/06/26 07:02:53] D2BS 17100: updateStat
[10/06/26 07:02:53] D2BS 17100: granted: [Head] 30
[10/06/26 07:02:53] D2BS 17100: granted: [Body] 20
[10/06/26 07:02:53] D2BS 17100: granted: [ArmR] 25
[10/06/26 07:02:53] D2BS 17100: Loaded ÿc9[AutoSmurf.js]
[10/06/26 07:02:58] D2BS 17100: farmingON
[10/06/26 07:03:00] D2BS 17100: MiniShopBot: true
[10/06/26 07:03:00] D2BS 17100: UseMerc: true HP: 70
[10/06/26 07:03:21] D2BS 17100: Merc matched: Holy Freeze
[10/06/26 07:03:33] D2BS 17100: act5+ BO
[10/06/26 07:03:46] D2BS 17100: ÿc4=== [BAAL] ===
[10/06/26 07:06:57] D2BS 17100: ÿc4=== [COUNTESS] ===
[10/06/26 07:08:13] D2BS 17100: ÿc4=== [PIT] ===
[10/06/26 07:09:43] D2BS 17100: ÿc4=== [ANDY] ===
[10/06/26 07:10:37] D2BS 17100: ÿc4=== [COWS] ===
[10/06/26 07:16:47] D2BS 17100: Going to town
[10/06/26 07:17:08] D2BS 17100: [Chicken] Life (1135/3600) area:39 (25111,5918)
[10/06/26 07:17:08] D2BS 17100: Going to town
[10/06/26 07:17:08] D2BS 17100:  [14:17] +2.75% / [Level 90] 52.70%
[10/06/26 07:17:08] D2BS 17100: Script threads\autobuildthread.js ended
[10/06/26 07:17:08] D2BS 17100: Script threads\partythread.js ended
[10/06/26 07:17:08] D2BS 17100: Script threads\townchicken.js ended
[10/06/26 07:17:08] D2BS 17100: Script default.dbj ended
[10/06/26 07:17:21] D2BS 17100: joining game pz-214
[10/06/26 07:17:23] D2BS 17100: ÿc2D2BSÿc0 :: Starting default.dbj
[10/06/26 07:17:23] D2BS 17100: ÿc2D2BSÿc0 :: default.dbj running.
[10/06/26 07:17:23] D2BS 17100: Loaded ÿc9[X.nip] [Y.nip] [Z.nip] [V.nip] [P.CONC.nip]
[10/06/26 07:17:23] D2BS 17100: Loaded ÿc9[P.CONC.js]
[10/06/26 07:17:23] D2BS 17100: equipped: [Head] 16
[10/06/26 07:17:23] D2BS 17100: equipped: [Neck] 19
[10/06/26 07:17:23] D2BS 17100: equipped: [Body] 21
[10/06/26 07:17:23] D2BS 17100: equipped: [ArmR] 23
[10/06/26 07:17:23] D2BS 17100: equipped: [ArmL] 28
[10/06/26 07:17:23] D2BS 17100: equipped: [RingR] 15
[10/06/26 07:17:23] D2BS 17100: equipped: [RingL] 21
[10/06/26 07:17:23] D2BS 17100: equipped: [Belt] 19
[10/06/26 07:17:23] D2BS 17100: equipped: [Boots] 13
[10/06/26 07:17:23] D2BS 17100: equipped: [Mitts] 14
[10/06/26 07:17:23] D2BS 17100: Loaded ÿc9[AutoSmurf.js]
[10/06/26 07:17:28] D2BS 17100: MiniShopBot: true
[10/06/26 07:17:28] D2BS 17100: farmingON
[10/06/26 07:17:28] D2BS 17100: UseMerc: true HP: 70
[10/06/26 07:17:37] D2BS 17100: updateStat
[10/06/26 07:17:37] D2BS 17100: granted: [Head] 30
[10/06/26 07:17:37] D2BS 17100: granted: [Body] 20
[10/06/26 07:17:37] D2BS 17100: granted: [ArmR] 25
[10/06/26 07:17:52] D2BS 17100: Merc matched: Holy Freeze
[10/06/26 07:18:09] D2BS 17100: act5+ BO
[10/06/26 07:18:11] D2BS 17100: updateStat
[10/06/26 07:18:22] D2BS 17100: ÿc4=== [BAAL] ===
[10/06/26 07:21:58] D2BS 17100: ÿc4=== [COUNTESS] ===
[10/06/26 07:23:09] D2BS 17100: ÿc4=== [PIT] ===
[10/06/26 07:24:36] D2BS 17100: ÿc4=== [ANDY] ===
[10/06/26 07:25:37] D2BS 17100: ÿc4=== [COWS] ===
[10/06/26 07:35:24] D2BS 17100: Cows failed: followDriver
[10/06/26 07:35:28] D2BS 17100: ÿc4=== [MEPHISTO] ===
[10/06/26 07:36:57] D2BS 17100: ÿc4=== [DIABLO] ===
[10/06/26 07:42:19] D2BS 17100: party has left: fowo-xh
[10/06/26 07:42:19] D2BS 17100:  [24:57] +4.35% / [Level 90] 57.05%
[10/06/26 07:42:19] D2BS 17100: Script threads\autobuildthread.js ended
[10/06/26 07:42:19] D2BS 17100: Script threads\partythread.js ended
[10/06/26 07:42:20] D2BS 17100: Script threads\townchicken.js ended
[10/06/26 07:42:20] D2BS 17100: Script default.dbj ended
[10/06/26 07:42:33] D2BS 17100: joining game pz-215
[10/06/26 07:42:35] D2BS 17100: ÿc2D2BSÿc0 :: Starting default.dbj
[10/06/26 07:42:35] D2BS 17100: ÿc2D2BSÿc0 :: default.dbj running.
[10/06/26 07:42:35] D2BS 17100: Loaded ÿc9[X.nip] [Y.nip] [Z.nip] [V.nip] [P.CONC.nip]
[10/06/26 07:42:35] D2BS 17100: Loaded ÿc9[P.CONC.js]
[10/06/26 07:42:35] D2BS 17100: equipped: [Head] 16
[10/06/26 07:42:35] D2BS 17100: equipped: [Neck] 19
[10/06/26 07:42:35] D2BS 17100: equipped: [Body] 21
[10/06/26 07:42:35] D2BS 17100: equipped: [ArmR] 23
[10/06/26 07:42:35] D2BS 17100: equipped: [ArmL] 28
[10/06/26 07:42:35] D2BS 17100: equipped: [RingR] 15
[10/06/26 07:42:35] D2BS 17100: equipped: [RingL] 21
[10/06/26 07:42:35] D2BS 17100: equipped: [Belt] 19
[10/06/26 07:42:35] D2BS 17100: equipped: [Boots] 13
[10/06/26 07:42:35] D2BS 17100: equipped: [Mitts] 14
[10/06/26 07:42:35] D2BS 17100: updateStat
[10/06/26 07:42:35] D2BS 17100: granted: [Head] 30
[10/06/26 07:42:35] D2BS 17100: granted: [Body] 20
[10/06/26 07:42:35] D2BS 17100: granted: [ArmR] 25
[10/06/26 07:42:35] D2BS 17100: Loaded ÿc9[AutoSmurf.js]
[10/06/26 07:42:39] D2BS 17100: MiniShopBot: true
[10/06/26 07:42:40] D2BS 17100: farmingON
[10/06/26 07:42:40] D2BS 17100: UseMerc: true HP: 70
[10/06/26 07:42:59] D2BS 17100: Merc matched: Holy Freeze
[10/06/26 07:43:14] D2BS 17100: act5+ BO
[10/06/26 07:43:27] D2BS 17100: ÿc4=== [BAAL] ===
[10/06/26 07:43:41] D2BS 17100: Baal failed: souls found
[10/06/26 07:43:41] D2BS 17100: ÿc4=== [COUNTESS] ===
[10/06/26 07:44:42] D2BS 17100: ÿc4=== [PIT] ===
[10/06/26 07:46:42] D2BS 17100: ÿc4=== [ANDY] ===
[10/06/26 07:47:36] D2BS 17100: ÿc4=== [COWS] ===
[10/06/26 07:50:08] D2BS 17100: party has left: fowo-xc
[10/06/26 07:50:08] D2BS 17100:  [07:33] +0.72% / [Level 90] 57.76%
[10/06/26 07:50:08] D2BS 17100: Script threads\autobuildthread.js ended
[10/06/26 07:50:08] D2BS 17100: Script threads\partythread.js ended
[10/06/26 07:50:08] D2BS 17100: Script threads\townchicken.js ended
[10/06/26 07:50:08] D2BS 17100: Script default.dbj ended
[10/06/26 07:50:20] D2BS 17100: joining game pz-216
[10/06/26 07:50:22] D2BS 17100: ÿc2D2BSÿc0 :: Starting default.dbj
[10/06/26 07:50:22] D2BS 17100: ÿc2D2BSÿc0 :: default.dbj running.
[10/06/26 07:50:23] D2BS 17100: Loaded ÿc9[X.nip] [Y.nip] [Z.nip] [V.nip] [P.CONC.nip]
[10/06/26 07:50:23] D2BS 17100: Loaded ÿc9[P.CONC.js]
[10/06/26 07:50:23] D2BS 17100: equipped: [Head] 16
[10/06/26 07:50:23] D2BS 17100: equipped: [Neck] 19
[10/06/26 07:50:23] D2BS 17100: equipped: [Body] 21
[10/06/26 07:50:23] D2BS 17100: equipped: [ArmR] 23
[10/06/26 07:50:23] D2BS 17100: equipped: [ArmL] 28
[10/06/26 07:50:23] D2BS 17100: equipped: [RingR] 15
[10/06/26 07:50:23] D2BS 17100: equipped: [RingL] 21
[10/06/26 07:50:23] D2BS 17100: equipped: [Belt] 19
[10/06/26 07:50:23] D2BS 17100: equipped: [Boots] 13
[10/06/26 07:50:23] D2BS 17100: equipped: [Mitts] 14
[10/06/26 07:50:23] D2BS 17100: updateStat
[10/06/26 07:50:23] D2BS 17100: granted: [Head] 30
[10/06/26 07:50:23] D2BS 17100: granted: [Body] 20
[10/06/26 07:50:23] D2BS 17100: granted: [ArmR] 25
[10/06/26 07:50:23] D2BS 17100: Loaded ÿc9[AutoSmurf.js]
[10/06/26 07:50:29] D2BS 17100: MiniShopBot: true
[10/06/26 07:50:29] D2BS 17100: farmingON
[10/06/26 07:50:29] D2BS 17100: UseMerc: true HP: 70
[10/06/26 07:50:46] D2BS 17100: Merc matched: Holy Freeze
[10/06/26 07:51:06] D2BS 17100: act5+ BO
[10/06/26 07:51:19] D2BS 17100: ÿc4=== [BAAL] ===
[10/06/26 07:55:19] D2BS 17100: ÿc4=== [COUNTESS] ===
[10/06/26 07:56:15] D2BS 17100: ÿc4=== [PIT] ===
[10/06/26 07:57:34] D2BS 17100: ÿc4=== [ANDY] ===
[10/06/26 07:58:42] D2BS 17100: ÿc4=== [COWS] ===
[10/06/26 08:01:52] D2BS 17100: Going to town
[10/06/26 08:03:56] D2BS 17100: Going to town
[10/06/26 08:04:30] D2BS 17100: Cows failed: followDriver
[10/06/26 08:05:02] D2BS 17100: ÿc4=== [MEPHISTO] ===
[10/06/26 08:06:53] D2BS 17100: ÿc4=== [DIABLO] ===
[10/06/26 08:07:06] D2BS 17100: [Craft] Caster Wyrmhide Boots
[10/06/26 08:07:23] D2BS 17100: equipped: [Boots] 14
[10/06/26 08:13:15] D2BS 17100: party has left: fowo-xb
[10/06/26 08:13:15] D2BS 17100:  [22:53] +4.70% / [Level 90] 62.46%
[10/06/26 08:13:15] D2BS 17100: Script threads\autobuildthread.js ended
[10/06/26 08:13:15] D2BS 17100: Script threads\partythread.js ended
[10/06/26 08:13:15] D2BS 17100: Script threads\townchicken.js ended
[10/06/26 08:13:15] D2BS 17100: Script default.dbj ended
[10/06/26 08:13:29] D2BS 17100: joining game pz-217
[10/06/26 08:13:31] D2BS 17100: ÿc2D2BSÿc0 :: Starting default.dbj
[10/06/26 08:13:31] D2BS 17100: ÿc2D2BSÿc0 :: default.dbj running.
[10/06/26 08:13:31] D2BS 17100: Loaded ÿc9[X.nip] [Y.nip] [Z.nip] [V.nip] [P.CONC.nip]
[10/06/26 08:13:31] D2BS 17100: Loaded ÿc9[P.CONC.js]
[10/06/26 08:13:31] D2BS 17100: equipped: [Head] 16
[10/06/26 08:13:31] D2BS 17100: equipped: [Neck] 19
[10/06/26 08:13:31] D2BS 17100: equipped: [Body] 21
[10/06/26 08:13:31] D2BS 17100: equipped: [ArmR] 23
[10/06/26 08:13:31] D2BS 17100: equipped: [ArmL] 28
[10/06/26 08:13:31] D2BS 17100: equipped: [RingR] 15
[10/06/26 08:13:32] D2BS 17100: equipped: [RingL] 21
[10/06/26 08:13:32] D2BS 17100: equipped: [Belt] 19
[10/06/26 08:13:32] D2BS 17100: equipped: [Boots] 14
[10/06/26 08:13:32] D2BS 17100: equipped: [Mitts] 14
[10/06/26 08:13:32] D2BS 17100: Loaded ÿc9[AutoSmurf.js]
[10/06/26 08:13:36] D2BS 17100: MiniShopBot: true
[10/06/26 08:13:37] D2BS 17100: farmingON
[10/06/26 08:13:37] D2BS 17100: UseMerc: true HP: 70
[10/06/26 08:13:44] D2BS 17100: updateStat
[10/06/26 08:13:44] D2BS 17100: granted: [Head] 30
[10/06/26 08:13:44] D2BS 17100: granted: [Body] 20
[10/06/26 08:13:44] D2BS 17100: granted: [ArmR] 25
[10/06/26 08:14:03] D2BS 17100: Merc matched: Holy Freeze
[10/06/26 08:14:11] D2BS 17100: act5+ BO
[10/06/26 08:14:12] D2BS 17100: updateStat
[10/06/26 08:14:24] D2BS 17100: ÿc4=== [BAAL] ===
[10/06/26 08:17:30] D2BS 17100: ÿc4=== [COUNTESS] ===
[10/06/26 08:18:36] D2BS 17100: ÿc4=== [PIT] ===
[10/06/26 08:19:58] D2BS 17100: ÿc4=== [ANDY] ===
[10/06/26 08:21:04] D2BS 17100: ÿc4=== [COWS] ===
[10/06/26 08:29:18] D2BS 17100: Going to town
[10/06/26 08:30:18] D2BS 17100: Going to town
[10/06/26 08:32:41] D2BS 17100: ÿc4=== [MEPHISTO] ===
[10/06/26 08:34:13] D2BS 17100: ÿc4=== [DIABLO] ===
[10/06/26 08:39:27] D2BS 17100: party has left: fowo-xa
[10/06/26 08:39:27] D2BS 17100:  [25:56] +3.43% / [Level 90] 65.89%
[10/06/26 08:39:27] D2BS 17100: Script threads\autobuildthread.js ended
[10/06/26 08:39:27] D2BS 17100: Script threads\partythread.js ended
[10/06/26 08:39:28] D2BS 17100: Script threads\townchicken.js ended
[10/06/26 08:39:28] D2BS 17100: Script default.dbj ended
[10/06/26 08:39:40] D2BS 17100: joining game pz-218
[10/06/26 08:39:42] D2BS 17100: ÿc2D2BSÿc0 :: Starting default.dbj
[10/06/26 08:39:42] D2BS 17100: ÿc2D2BSÿc0 :: default.dbj running.
[10/06/26 08:39:42] D2BS 17100: Loaded ÿc9[X.nip] [Y.nip] [Z.nip] [V.nip] [P.CONC.nip]
[10/06/26 08:39:42] D2BS 17100: Loaded ÿc9[P.CONC.js]
[10/06/26 08:39:42] D2BS 17100: equipped: [Head] 16
[10/06/26 08:39:42] D2BS 17100: equipped: [Neck] 19
[10/06/26 08:39:42] D2BS 17100: equipped: [Body] 21
[10/06/26 08:39:42] D2BS 17100: equipped: [ArmR] 23
[10/06/26 08:39:42] D2BS 17100: equipped: [ArmL] 28
[10/06/26 08:39:42] D2BS 17100: equipped: [RingR] 15
[10/06/26 08:39:42] D2BS 17100: equipped: [RingL] 21
[10/06/26 08:39:42] D2BS 17100: equipped: [Belt] 19
[10/06/26 08:39:43] D2BS 17100: equipped: [Boots] 14
[10/06/26 08:39:43] D2BS 17100: equipped: [Mitts] 14
[10/06/26 08:39:43] D2BS 17100: updateStat
[10/06/26 08:39:43] D2BS 17100: granted: [Head] 30
[10/06/26 08:39:43] D2BS 17100: granted: [Body] 20
[10/06/26 08:39:43] D2BS 17100: granted: [ArmR] 25
[10/06/26 08:39:43] D2BS 17100: Loaded ÿc9[AutoSmurf.js]
[10/06/26 08:39:48] D2BS 17100: MiniShopBot: true
[10/06/26 08:39:49] D2BS 17100: farmingON
[10/06/26 08:39:49] D2BS 17100: UseMerc: true HP: 70
[10/06/26 08:40:11] D2BS 17100: Merc matched: Holy Freeze
[10/06/26 08:40:21] D2BS 17100: act5+ BO
[10/06/26 08:40:35] D2BS 17100: ÿc4=== [BAAL] ===
[10/06/26 08:43:48] D2BS 17100: ÿc4=== [COUNTESS] ===
[10/06/26 08:45:00] D2BS 17100: ÿc4=== [PIT] ===
[10/06/26 08:47:02] D2BS 17100: ÿc4=== [ANDY] ===
[10/06/26 08:48:02] D2BS 17100: ÿc4=== [COWS] ===
[10/06/26 09:00:19] D2BS 17100: ÿc4=== [MEPHISTO] ===
[10/06/26 09:01:59] D2BS 17100: ÿc4=== [DIABLO] ===
[10/06/26 09:07:14] D2BS 17100: Script ended
[10/06/26 09:07:14] D2BS 17100:  [27:33] +3.99% / [Level 90] 69.88%
[10/06/26 09:07:14] D2BS 17100: Script threads\autobuildthread.js ended
[10/06/26 09:07:15] D2BS 17100: Script threads\partythread.js ended
[10/06/26 09:07:15] D2BS 17100: Script threads\townchicken.js ended
[10/06/26 09:07:28] D2BS 17100: joining game pz-219
[10/06/26 09:07:30] D2BS 17100: ÿc2D2BSÿc0 :: Starting default.dbj
[10/06/26 09:07:30] D2BS 17100: ÿc2D2BSÿc0 :: default.dbj running.
[10/06/26 09:07:30] D2BS 17100: Loaded ÿc9[X.nip] [Y.nip] [Z.nip] [V.nip] [P.CONC.nip]
[10/06/26 09:07:30] D2BS 17100: Loaded ÿc9[P.CONC.js]
[10/06/26 09:07:30] D2BS 17100: equipped: [Head] 16
[10/06/26 09:07:30] D2BS 17100: equipped: [Neck] 19
[10/06/26 09:07:30] D2BS 17100: equipped: [Body] 21
[10/06/26 09:07:30] D2BS 17100: equipped: [ArmR] 23
[10/06/26 09:07:30] D2BS 17100: equipped: [ArmL] 28
[10/06/26 09:07:30] D2BS 17100: equipped: [RingR] 15
[10/06/26 09:07:31] D2BS 17100: equipped: [RingL] 21
[10/06/26 09:07:31] D2BS 17100: equipped: [Belt] 19
[10/06/26 09:07:31] D2BS 17100: equipped: [Boots] 14
[10/06/26 09:07:31] D2BS 17100: equipped: [Mitts] 14
[10/06/26 09:07:31] D2BS 17100: updateStat
[10/06/26 09:07:31] D2BS 17100: granted: [Head] 30
[10/06/26 09:07:31] D2BS 17100: granted: [Body] 20
[10/06/26 09:07:31] D2BS 17100: granted: [ArmR] 25
[10/06/26 09:07:31] D2BS 17100: Loaded ÿc9[AutoSmurf.js]
[10/06/26 09:07:36] D2BS 17100: farmingON
[10/06/26 09:07:37] D2BS 17100: MiniShopBot: true
[10/06/26 09:07:37] D2BS 17100: UseMerc: true HP: 70
[10/06/26 09:07:52] D2BS 17100: Merc matched: Holy Freeze
[10/06/26 09:08:07] D2BS 17100: act5+ BO
[10/06/26 09:08:21] D2BS 17100: ÿc4=== [BAAL] ===
[10/06/26 09:11:39] D2BS 17100: ÿc4=== [COUNTESS] ===
[10/06/26 09:12:48] D2BS 17100: ÿc4=== [PIT] ===
[10/06/26 09:14:17] D2BS 17100: ÿc4=== [ANDY] ===
[10/06/26 09:15:14] D2BS 17100: ÿc4=== [COWS] ===
[10/06/26 09:17:46] D2BS 17100: Going to town
[10/06/26 09:30:50] D2BS 17100: ÿc4=== [MEPHISTO] ===
[10/06/26 09:31:08] D2BS 17100: act1 BO
[10/06/26 09:32:15] D2BS 17100: ÿc4=== [DIABLO] ===
[10/06/26 09:37:27] D2BS 17100: party has left: fowo-xa
[10/06/26 09:37:27] D2BS 17100:  [29:57] +3.54% / [Level 90] 73.42%
[10/06/26 09:37:27] D2BS 17100: Script threads\autobuildthread.js ended
[10/06/26 09:37:27] D2BS 17100: Script threads\partythread.js ended
[10/06/26 09:37:27] D2BS 17100: Script threads\townchicken.js ended
[10/06/26 09:37:27] D2BS 17100: Script default.dbj ended
[10/06/26 09:37:39] D2BS 17100: joining game pz-220
[10/06/26 09:37:41] D2BS 17100: ÿc2D2BSÿc0 :: Starting default.dbj
[10/06/26 09:37:41] D2BS 17100: ÿc2D2BSÿc0 :: default.dbj running.
[10/06/26 09:37:42] D2BS 17100: Loaded ÿc9[X.nip] [Y.nip] [Z.nip] [V.nip] [P.CONC.nip]
[10/06/26 09:37:42] D2BS 17100: Loaded ÿc9[P.CONC.js]
[10/06/26 09:37:42] D2BS 17100: equipped: [Head] 16
[10/06/26 09:37:42] D2BS 17100: equipped: [Neck] 19
[10/06/26 09:37:42] D2BS 17100: equipped: [Body] 21
[10/06/26 09:37:42] D2BS 17100: equipped: [ArmR] 23
[10/06/26 09:37:42] D2BS 17100: equipped: [ArmL] 28
[10/06/26 09:37:42] D2BS 17100: equipped: [RingR] 15
[10/06/26 09:37:42] D2BS 17100: equipped: [RingL] 21
[10/06/26 09:37:42] D2BS 17100: equipped: [Belt] 19
[10/06/26 09:37:42] D2BS 17100: equipped: [Boots] 14
[10/06/26 09:37:42] D2BS 17100: equipped: [Mitts] 14
[10/06/26 09:37:42] D2BS 17100: updateStat
[10/06/26 09:37:42] D2BS 17100: granted: [Head] 30
[10/06/26 09:37:42] D2BS 17100: granted: [Body] 20
[10/06/26 09:37:42] D2BS 17100: granted: [ArmR] 25
[10/06/26 09:37:42] D2BS 17100: Loaded ÿc9[AutoSmurf.js]
[10/06/26 09:37:47] D2BS 17100: MiniShopBot: true
[10/06/26 09:37:47] D2BS 17100: farmingON
[10/06/26 09:37:47] D2BS 17100: UseMerc: true HP: 70
[10/06/26 09:38:07] D2BS 17100: Merc matched: Holy Freeze
[10/06/26 09:38:25] D2BS 17100: act5+ BO
[10/06/26 09:38:37] D2BS 17100: ÿc4=== [BAAL] ===
[10/06/26 09:42:17] D2BS 17100: ÿc4=== [COUNTESS] ===
[10/06/26 09:43:38] D2BS 17100: ÿc4=== [PIT] ===
[10/06/26 09:44:57] D2BS 17100: ÿc4=== [ANDY] ===
[10/06/26 09:46:03] D2BS 17100: ÿc4=== [COWS] ===
[10/06/26 09:53:31] D2BS 17100: Going to town
[10/06/26 09:59:50] D2BS 17100: ÿc4=== [MEPHISTO] ===
[10/06/26 10:01:16] D2BS 17100: ÿc4=== [DIABLO] ===
[10/06/26 10:04:21] D2BS 17100: Going to town
[10/06/26 10:07:26] D2BS 17100: Script ended
[10/06/26 10:07:26] D2BS 17100:  [29:45] +4.70% / [Level 90] 78.12%
[10/06/26 10:07:26] D2BS 17100: Script threads\autobuildthread.js ended
[10/06/26 10:07:27] D2BS 17100: Script threads\partythread.js ended
[10/06/26 10:07:27] D2BS 17100: Script threads\townchicken.js ended
[10/06/26 10:07:40] D2BS 17100: joining game pz-221
[10/06/26 10:07:42] D2BS 17100: ÿc2D2BSÿc0 :: Starting default.dbj
[10/06/26 10:07:42] D2BS 17100: ÿc2D2BSÿc0 :: default.dbj running.
[10/06/26 10:07:42] D2BS 17100: Loaded ÿc9[X.nip] [Y.nip] [Z.nip] [V.nip] [P.CONC.nip]
[10/06/26 10:07:42] D2BS 17100: Loaded ÿc9[P.CONC.js]
[10/06/26 10:07:42] D2BS 17100: equipped: [Head] 16
[10/06/26 10:07:42] D2BS 17100: equipped: [Neck] 19
[10/06/26 10:07:42] D2BS 17100: equipped: [Body] 21
[10/06/26 10:07:42] D2BS 17100: equipped: [ArmR] 23
[10/06/26 10:07:42] D2BS 17100: equipped: [ArmL] 28
[10/06/26 10:07:42] D2BS 17100: equipped: [RingR] 15
[10/06/26 10:07:42] D2BS 17100: equipped: [RingL] 21
[10/06/26 10:07:42] D2BS 17100: equipped: [Belt] 19
[10/06/26 10:07:42] D2BS 17100: equipped: [Boots] 14
[10/06/26 10:07:42] D2BS 17100: equipped: [Mitts] 14
[10/06/26 10:07:42] D2BS 17100: updateStat
[10/06/26 10:07:42] D2BS 17100: granted: [Head] 30
[10/06/26 10:07:42] D2BS 17100: granted: [Body] 20
[10/06/26 10:07:42] D2BS 17100: granted: [ArmR] 25
[10/06/26 10:07:42] D2BS 17100: Loaded ÿc9[AutoSmurf.js]
[10/06/26 10:07:48] D2BS 17100: MiniShopBot: true
[10/06/26 10:07:48] D2BS 17100: farmingON
[10/06/26 10:07:48] D2BS 17100: UseMerc: true HP: 70
[10/06/26 10:08:06] D2BS 17100: Merc matched: Holy Freeze
[10/06/26 10:08:18] D2BS 17100: act5+ BO
[10/06/26 10:08:32] D2BS 17100: ÿc4=== [BAAL] ===
[10/06/26 10:11:58] D2BS 17100: ÿc4=== [COUNTESS] ===
[10/06/26 10:13:05] D2BS 17100: ÿc4=== [PIT] ===
[10/06/26 10:14:43] D2BS 17100: ÿc4=== [ANDY] ===
[10/06/26 10:15:41] D2BS 17100: ÿc4=== [COWS] ===
[10/06/26 10:19:01] D2BS 17100: Going to town
[10/06/26 10:27:38] D2BS 17100: ÿc4=== [MEPHISTO] ===
[10/06/26 10:29:04] D2BS 17100: ÿc4=== [DIABLO] ===
[10/06/26 10:29:10] D2BS 17100: updateStat
[10/06/26 10:29:10] D2BS 17100: granted: [Head] 30
[10/06/26 10:29:10] D2BS 17100: granted: [Body] 20
[10/06/26 10:29:10] D2BS 17100: granted: [ArmR] 25
[10/06/26 10:35:39] D2BS 17100: party has left: fowo-xa
[10/06/26 10:35:39] D2BS 17100:  [27:57] +4.12% / [Level 90] 82.24%
[10/06/26 10:35:39] D2BS 17100: Script threads\autobuildthread.js ended
[10/06/26 10:35:39] D2BS 17100: Script threads\partythread.js ended
[10/06/26 10:35:39] D2BS 17100: Script threads\townchicken.js ended
[10/06/26 10:35:39] D2BS 17100: Script default.dbj ended
[10/06/26 10:35:51] D2BS 17100: joining game pz-222
[10/06/26 10:35:52] D2BS 17100: ÿc2D2BSÿc0 :: Starting default.dbj
[10/06/26 10:35:52] D2BS 17100: ÿc2D2BSÿc0 :: default.dbj running.
[10/06/26 10:35:53] D2BS 17100: Loaded ÿc9[X.nip] [Y.nip] [Z.nip] [V.nip] [P.CONC.nip]
[10/06/26 10:35:53] D2BS 17100: Loaded ÿc9[P.CONC.js]
[10/06/26 10:35:53] D2BS 17100: equipped: [Head] 16
[10/06/26 10:35:53] D2BS 17100: equipped: [Neck] 19
[10/06/26 10:35:53] D2BS 17100: equipped: [Body] 21
[10/06/26 10:35:53] D2BS 17100: equipped: [ArmR] 23
[10/06/26 10:35:53] D2BS 17100: equipped: [ArmL] 28
[10/06/26 10:35:53] D2BS 17100: equipped: [RingR] 15
[10/06/26 10:35:53] D2BS 17100: equipped: [RingL] 21
[10/06/26 10:35:53] D2BS 17100: equipped: [Belt] 19
[10/06/26 10:35:53] D2BS 17100: equipped: [Boots] 14
[10/06/26 10:35:53] D2BS 17100: equipped: [Mitts] 14
[10/06/26 10:35:53] D2BS 17100: updateStat
[10/06/26 10:35:53] D2BS 17100: granted: [Head] 30
[10/06/26 10:35:53] D2BS 17100: granted: [Body] 20
[10/06/26 10:35:53] D2BS 17100: granted: [ArmR] 25
[10/06/26 10:35:53] D2BS 17100: Loaded ÿc9[AutoSmurf.js]
[10/06/26 10:36:00] D2BS 17100: farmingON
[10/06/26 10:36:00] D2BS 17100: MiniShopBot: true
[10/06/26 10:36:00] D2BS 17100: UseMerc: true HP: 70
[10/06/26 10:36:19] D2BS 17100: Merc matched: Holy Freeze
[10/06/26 10:36:31] D2BS 17100: act5+ BO
[10/06/26 10:36:45] D2BS 17100: ÿc4=== [BAAL] ===
[10/06/26 10:40:14] D2BS 17100: ÿc4=== [COUNTESS] ===
[10/06/26 10:41:44] D2BS 17100: ÿc4=== [PIT] ===
[10/06/26 10:43:26] D2BS 17100: ÿc4=== [ANDY] ===
[10/06/26 10:44:30] D2BS 17100: ÿc4=== [COWS] ===
[10/06/26 10:51:02] D2BS 17100: party has left: fowo-xa
[10/06/26 10:51:02] D2BS 17100:  [15:09] +2.31% / [Level 90] 84.55%
[10/06/26 10:51:02] D2BS 17100: Script threads\autobuildthread.js ended
[10/06/26 10:51:02] D2BS 17100: Script threads\partythread.js ended
[10/06/26 10:51:02] D2BS 17100: Script threads\townchicken.js ended
[10/06/26 10:51:02] D2BS 17100: Script default.dbj ended
[10/06/26 10:51:15] D2BS 17100: joining game pz-223
[10/06/26 10:51:17] D2BS 17100: ÿc2D2BSÿc0 :: Starting default.dbj
[10/06/26 10:51:17] D2BS 17100: ÿc2D2BSÿc0 :: default.dbj running.
[10/06/26 10:51:17] D2BS 17100: Loaded ÿc9[X.nip] [Y.nip] [Z.nip] [V.nip] [P.CONC.nip]
[10/06/26 10:51:17] D2BS 17100: Loaded ÿc9[P.CONC.js]
[10/06/26 10:51:17] D2BS 17100: equipped: [Head] 16
[10/06/26 10:51:17] D2BS 17100: equipped: [Neck] 19
[10/06/26 10:51:17] D2BS 17100: equipped: [Body] 21
[10/06/26 10:51:17] D2BS 17100: equipped: [ArmR] 23
[10/06/26 10:51:17] D2BS 17100: equipped: [ArmL] 28
[10/06/26 10:51:17] D2BS 17100: equipped: [RingR] 15
[10/06/26 10:51:17] D2BS 17100: equipped: [RingL] 21
[10/06/26 10:51:17] D2BS 17100: equipped: [Belt] 19
[10/06/26 10:51:17] D2BS 17100: equipped: [Boots] 14
[10/06/26 10:51:17] D2BS 17100: equipped: [Mitts] 14
[10/06/26 10:51:17] D2BS 17100: updateStat
[10/06/26 10:51:17] D2BS 17100: granted: [Head] 30
[10/06/26 10:51:17] D2BS 17100: granted: [Body] 20
[10/06/26 10:51:17] D2BS 17100: granted: [ArmR] 25
[10/06/26 10:51:17] D2BS 17100: Loaded ÿc9[AutoSmurf.js]
[10/06/26 10:51:24] D2BS 17100: farmingON
[10/06/26 10:51:26] D2BS 17100: MiniShopBot: true
[10/06/26 10:51:26] D2BS 17100: UseMerc: true HP: 70
[10/06/26 10:51:43] D2BS 17100: Merc matched: Holy Freeze
[10/06/26 10:52:12] D2BS 17100: act5+ BO
[10/06/26 10:52:42] D2BS 17100: party has left: fowo-xa
[10/06/26 10:52:42] D2BS 17100: no exp [01:26]
[10/06/26 10:52:42] D2BS 17100: Script threads\autobuildthread.js ended
[10/06/26 10:52:42] D2BS 17100: Script threads\partythread.js ended
[10/06/26 10:52:42] D2BS 17100: Script threads\townchicken.js ended
[10/06/26 10:52:42] D2BS 17100: Script default.dbj ended
[10/06/26 10:52:55] D2BS 17100: joining game pz-224
[10/06/26 10:52:57] D2BS 17100: ÿc2D2BSÿc0 :: Starting default.dbj
[10/06/26 10:52:57] D2BS 17100: ÿc2D2BSÿc0 :: default.dbj running.
[10/06/26 10:52:57] D2BS 17100: Loaded ÿc9[X.nip] [Y.nip] [Z.nip] [V.nip] [P.CONC.nip]
[10/06/26 10:52:57] D2BS 17100: Loaded ÿc9[P.CONC.js]
[10/06/26 10:52:57] D2BS 17100: equipped: [Head] 16
[10/06/26 10:52:57] D2BS 17100: equipped: [Neck] 19
[10/06/26 10:52:57] D2BS 17100: equipped: [Body] 21
[10/06/26 10:52:57] D2BS 17100: equipped: [ArmR] 23
[10/06/26 10:52:57] D2BS 17100: equipped: [ArmL] 28
[10/06/26 10:52:57] D2BS 17100: equipped: [RingR] 15
[10/06/26 10:52:57] D2BS 17100: equipped: [RingL] 21
[10/06/26 10:52:57] D2BS 17100: equipped: [Belt] 19
[10/06/26 10:52:57] D2BS 17100: equipped: [Boots] 14
[10/06/26 10:52:57] D2BS 17100: equipped: [Mitts] 14
[10/06/26 10:52:57] D2BS 17100: updateStat
[10/06/26 10:52:57] D2BS 17100: granted: [Head] 30
[10/06/26 10:52:57] D2BS 17100: granted: [Body] 20
[10/06/26 10:52:58] D2BS 17100: granted: [ArmR] 25
[10/06/26 10:52:58] D2BS 17100: Loaded ÿc9[AutoSmurf.js]
[10/06/26 10:52:59] D2BS 17100: farmingON
[10/06/26 10:53:00] D2BS 17100: MiniShopBot: true
[10/06/26 10:53:00] D2BS 17100: UseMerc: true HP: 70
[10/06/26 10:53:11] D2BS 17100: Merc matched: Holy Freeze
[10/06/26 10:53:26] D2BS 17100: act5+ BO
[10/06/26 10:53:29] D2BS 17100: party has left: fowo-xb
[10/06/26 10:53:29] D2BS 17100: no exp [00:32]
[10/06/26 10:53:29] D2BS 17100: Script threads\autobuildthread.js ended
[10/06/26 10:53:31] D2BS 17100: Script threads\partythread.js ended
[10/06/26 10:53:31] D2BS 17100: Script threads\townchicken.js ended
[10/06/26 10:53:31] D2BS 17100: Script default.dbj ended
[10/06/26 10:54:55] D2BS 17100: joining game pz-225
[10/06/26 10:54:56] D2BS 17100: ÿc2D2BSÿc0 :: Starting default.dbj
[10/06/26 10:54:56] D2BS 17100: ÿc2D2BSÿc0 :: default.dbj running.
[10/06/26 10:54:57] D2BS 17100: Loaded ÿc9[X.nip] [Y.nip] [Z.nip] [V.nip] [P.CONC.nip]
[10/06/26 10:54:57] D2BS 17100: Loaded ÿc9[P.CONC.js]
[10/06/26 10:54:57] D2BS 17100: equipped: [Head] 16
[10/06/26 10:54:58] D2BS 17100: equipped: [Neck] 19
[10/06/26 10:54:58] D2BS 17100: equipped: [Body] 21
[10/06/26 10:54:58] D2BS 17100: equipped: [ArmR] 23
[10/06/26 10:54:58] D2BS 17100: equipped: [ArmL] 28
[10/06/26 10:54:58] D2BS 17100: equipped: [RingR] 15
[10/06/26 10:54:58] D2BS 17100: equipped: [RingL] 21
[10/06/26 10:54:58] D2BS 17100: equipped: [Belt] 19
[10/06/26 10:54:58] D2BS 17100: equipped: [Boots] 14
[10/06/26 10:54:58] D2BS 17100: equipped: [Mitts] 14
[10/06/26 10:54:58] D2BS 17100: updateStat
[10/06/26 10:54:58] D2BS 17100: granted: [Head] 30
[10/06/26 10:54:58] D2BS 17100: granted: [Body] 20
[10/06/26 10:54:58] D2BS 17100: granted: [ArmR] 25
[10/06/26 10:54:58] D2BS 17100: Loaded ÿc9[AutoSmurf.js]
[10/06/26 10:54:59] D2BS 17100: MiniShopBot: true
[10/06/26 10:54:59] D2BS 17100: farmingON
[10/06/26 10:54:59] D2BS 17100: UseMerc: true HP: 70
[10/06/26 10:55:13] D2BS 17100: Merc matched: Holy Freeze
[10/06/26 10:55:23] D2BS 17100: act5+ BO
[10/06/26 10:55:48] D2BS 17100: party has left: fowo-xa
[10/06/26 10:55:48] D2BS 17100: no exp [00:52]
[10/06/26 10:55:48] D2BS 17100: Script threads\autobuildthread.js ended
[10/06/26 10:55:48] D2BS 17100: Script threads\partythread.js ended
[10/06/26 10:55:48] D2BS 17100: Script threads\townchicken.js ended
[10/06/26 10:55:48] D2BS 17100: Script default.dbj ended
[10/06/26 10:56:04] D2BS 17100: joining game pz-226
[10/06/26 10:56:06] D2BS 17100: ÿc2D2BSÿc0 :: Starting default.dbj
[10/06/26 10:56:06] D2BS 17100: ÿc2D2BSÿc0 :: default.dbj running.
[10/06/26 10:56:07] D2BS 17100: Loaded ÿc9[X.nip] [Y.nip] [Z.nip] [V.nip] [P.CONC.nip]
[10/06/26 10:56:07] D2BS 17100: Loaded ÿc9[P.CONC.js]
[10/06/26 10:56:07] D2BS 17100: equipped: [Head] 16
[10/06/26 10:56:07] D2BS 17100: equipped: [Neck] 19
[10/06/26 10:56:07] D2BS 17100: equipped: [Body] 21
[10/06/26 10:56:07] D2BS 17100: equipped: [ArmR] 23
[10/06/26 10:56:07] D2BS 17100: equipped: [ArmL] 28
[10/06/26 10:56:07] D2BS 17100: equipped: [RingR] 15
[10/06/26 10:56:07] D2BS 17100: equipped: [RingL] 21
[10/06/26 10:56:07] D2BS 17100: equipped: [Belt] 19
[10/06/26 10:56:07] D2BS 17100: equipped: [Boots] 14
[10/06/26 10:56:07] D2BS 17100: equipped: [Mitts] 14
[10/06/26 10:56:07] D2BS 17100: updateStat
[10/06/26 10:56:07] D2BS 17100: granted: [Head] 30
[10/06/26 10:56:07] D2BS 17100: granted: [Body] 20
[10/06/26 10:56:07] D2BS 17100: granted: [ArmR] 25
[10/06/26 10:56:07] D2BS 17100: Loaded ÿc9[AutoSmurf.js]
[10/06/26 10:56:09] D2BS 17100: MiniShopBot: true
[10/06/26 10:56:09] D2BS 17100: farmingON
[10/06/26 10:56:09] D2BS 17100: UseMerc: true HP: 70
[10/06/26 10:56:21] D2BS 17100: Merc matched: Holy Freeze
[10/06/26 10:56:34] D2BS 17100: act5+ BO
[10/06/26 10:56:47] D2BS 17100: ÿc4=== [BAAL] ===
[10/06/26 11:00:02] D2BS 17100: ÿc4=== [COUNTESS] ===
[10/06/26 11:01:12] D2BS 17100: ÿc4=== [PIT] ===
[10/06/26 11:02:54] D2BS 17100: ÿc4=== [ANDY] ===
[10/06/26 11:03:52] D2BS 17100: ÿc4=== [COWS] ===
[10/06/26 11:13:58] D2BS 17100: Going to town
[10/06/26 11:17:56] D2BS 17100: ÿc4=== [MEPHISTO] ===
[10/06/26 11:19:31] D2BS 17100: ÿc4=== [DIABLO] ===
[10/06/26 11:25:36] D2BS 17100: party has left: fowo-xf
[10/06/26 11:25:36] D2BS 17100:  [29:30] +3.97% / [Level 90] 88.52%
[10/06/26 11:25:36] D2BS 17100: Script threads\autobuildthread.js ended
[10/06/26 11:25:36] D2BS 17100: Script threads\partythread.js ended
[10/06/26 11:25:36] D2BS 17100: Script threads\townchicken.js ended
[10/06/26 11:25:36] D2BS 17100: Script default.dbj ended
[10/06/26 11:25:49] D2BS 17100: joining game pz-227
[10/06/26 11:25:50] D2BS 17100: ÿc2D2BSÿc0 :: Starting default.dbj
[10/06/26 11:25:50] D2BS 17100: ÿc2D2BSÿc0 :: default.dbj running.
[10/06/26 11:25:51] D2BS 17100: Loaded ÿc9[X.nip] [Y.nip] [Z.nip] [V.nip] [P.CONC.nip]
[10/06/26 11:25:51] D2BS 17100: Loaded ÿc9[P.CONC.js]
[10/06/26 11:25:51] D2BS 17100: equipped: [Head] 16
[10/06/26 11:25:51] D2BS 17100: equipped: [Neck] 19
[10/06/26 11:25:51] D2BS 17100: equipped: [Body] 21
[10/06/26 11:25:51] D2BS 17100: equipped: [ArmR] 23
[10/06/26 11:25:51] D2BS 17100: equipped: [ArmL] 28
[10/06/26 11:25:51] D2BS 17100: equipped: [RingR] 15
[10/06/26 11:25:51] D2BS 17100: equipped: [RingL] 21
[10/06/26 11:25:51] D2BS 17100: equipped: [Belt] 19
[10/06/26 11:25:51] D2BS 17100: equipped: [Boots] 14
[10/06/26 11:25:51] D2BS 17100: equipped: [Mitts] 14
[10/06/26 11:25:51] D2BS 17100: updateStat
[10/06/26 11:25:51] D2BS 17100: granted: [Head] 30
[10/06/26 11:25:51] D2BS 17100: granted: [Body] 20
[10/06/26 11:25:51] D2BS 17100: granted: [ArmR] 25
[10/06/26 11:25:51] D2BS 17100: Loaded ÿc9[AutoSmurf.js]
[10/06/26 11:25:56] D2BS 17100: farmingON
[10/06/26 11:25:59] D2BS 17100: MiniShopBot: true
[10/06/26 11:25:59] D2BS 17100: UseMerc: true HP: 70
[10/06/26 11:26:18] D2BS 17100: Merc matched: Holy Freeze
[10/06/26 11:26:31] D2BS 17100: act5+ BO
[10/06/26 11:26:44] D2BS 17100: ÿc4=== [BAAL] ===
[10/06/26 11:30:00] D2BS 17100: ÿc4=== [COUNTESS] ===
[10/06/26 11:31:11] D2BS 17100: ÿc4=== [PIT] ===
[10/06/26 11:32:43] D2BS 17100: ÿc4=== [ANDY] ===
[10/06/26 11:33:29] D2BS 17100: ÿc4=== [COWS] ===
[10/06/26 11:44:09] D2BS 17100: ÿc4=== [MEPHISTO] ===
[10/06/26 11:45:35] D2BS 17100: ÿc4=== [DIABLO] ===
[10/06/26 11:51:11] D2BS 17100: Script ended
[10/06/26 11:51:11] D2BS 17100:  [25:21] +4.05% / [Level 90] 92.57%
[10/06/26 11:51:11] D2BS 17100: Script threads\autobuildthread.js ended
[10/06/26 11:51:11] D2BS 17100: Script threads\partythread.js ended
[10/06/26 11:51:11] D2BS 17100: Script threads\townchicken.js ended
[10/06/26 11:51:18] D2BS 17100: D2BS Shutdown complete.
