[10/06/26 00:01:03] D2BS 5964: ÿc4=== [DIABLO] ===
[10/06/26 00:06:43] D2BS 5964: party has left: fowo-xa
[10/06/26 00:06:43] D2BS 5964:  [15:06] +5.50% / [Level 89] 85.45%
[10/06/26 00:06:43] D2BS 5964: Script threads\autobuildthread.js ended
[10/06/26 00:06:43] D2BS 5964: Script threads\partythread.js ended
[10/06/26 00:06:43] D2BS 5964: Script threads\townchicken.js ended
[10/06/26 00:06:43] D2BS 5964: Script default.dbj ended
[10/06/26 00:06:56] D2BS 5964: joining game pz-187
[10/06/26 00:06:57] D2BS 5964: ÿc2D2BSÿc0 :: Starting default.dbj
[10/06/26 00:06:57] D2BS 5964: ÿc2D2BSÿc0 :: default.dbj running.
[10/06/26 00:06:57] D2BS 5964: Loaded ÿc9[X.nip] [Y.nip] [Z.nip] [V.nip] [A.TRAP.nip]
[10/06/26 00:06:57] D2BS 5964: Loaded ÿc9[A.TRAP.js]
[10/06/26 00:06:57] D2BS 5964: equipped: [Head] 16
[10/06/26 00:06:57] D2BS 5964: equipped: [Neck] 16
[10/06/26 00:06:57] D2BS 5964: equipped: [Body] 19
[10/06/26 00:06:57] D2BS 5964: equipped: [ArmR] 32
[10/06/26 00:06:57] D2BS 5964: equipped: [ArmL] 26
[10/06/26 00:06:58] D2BS 5964: equipped: [RingR] 16
[10/06/26 00:06:58] D2BS 5964: equipped: [RingL] 13
[10/06/26 00:06:58] D2BS 5964: equipped: [Belt] 19
[10/06/26 00:06:58] D2BS 5964: equipped: [Boots] 13
[10/06/26 00:06:58] D2BS 5964: equipped: [Mitts] 12
[10/06/26 00:06:58] D2BS 5964: updateStat
[10/06/26 00:06:58] D2BS 5964: granted: [Head] 15
[10/06/26 00:06:58] D2BS 5964: granted: [Body] 19
[10/06/26 00:06:58] D2BS 5964: granted: [ArmR] 23
[10/06/26 00:06:59] D2BS 5964: Loaded ÿc9[AutoSmurf.js]
[10/06/26 00:07:03] D2BS 5964: farmingON
[10/06/26 00:07:04] D2BS 5964: MiniShopBot: true
[10/06/26 00:07:04] D2BS 5964: UseMerc: true HP: 70
[10/06/26 00:07:14] D2BS 5964: [Reroll] Magic Small Charm
[10/06/26 00:07:36] D2BS 5964: equipped: [Mitts] 14
[10/06/26 00:07:39] D2BS 5964: Merc matched: Blessed Aim
[10/06/26 00:07:46] D2BS 5964: act5+ BO
[10/06/26 00:07:59] D2BS 5964: ÿc4=== [BAAL] ===
[10/06/26 00:11:29] D2BS 5964: ÿc4=== [COUNTESS] ===
[10/06/26 00:12:39] D2BS 5964: ÿc4=== [PIT] ===
[10/06/26 00:14:08] D2BS 5964: ÿc4=== [ANDY] ===
[10/06/26 00:14:59] D2BS 5964: ÿc4=== [MEPHISTO] ===
[10/06/26 00:16:30] D2BS 5964: ÿc4=== [DIABLO] ===
[10/06/26 00:22:53] D2BS 5964: party has left: fowo-xb
[10/06/26 00:22:54] D2BS 5964:  [15:56] +6.13% / [Level 89] 91.58%
[10/06/26 00:22:54] D2BS 5964: Script threads\autobuildthread.js ended
[10/06/26 00:22:54] D2BS 5964: Script threads\partythread.js ended
[10/06/26 00:22:54] D2BS 5964: Script threads\townchicken.js ended
[10/06/26 00:22:54] D2BS 5964: Script default.dbj ended
[10/06/26 00:23:06] D2BS 5964: joining game pz-188
[10/06/26 00:23:09] D2BS 5964: ÿc2D2BSÿc0 :: Starting default.dbj
[10/06/26 00:23:09] D2BS 5964: ÿc2D2BSÿc0 :: default.dbj running.
[10/06/26 00:23:09] D2BS 5964: Loaded ÿc9[X.nip] [Y.nip] [Z.nip] [V.nip] [A.TRAP.nip]
[10/06/26 00:23:09] D2BS 5964: Loaded ÿc9[A.TRAP.js]
[10/06/26 00:23:09] D2BS 5964: equipped: [Head] 16
[10/06/26 00:23:09] D2BS 5964: equipped: [Neck] 16
[10/06/26 00:23:09] D2BS 5964: equipped: [Body] 19
[10/06/26 00:23:09] D2BS 5964: equipped: [ArmR] 32
[10/06/26 00:23:09] D2BS 5964: equipped: [ArmL] 26
[10/06/26 00:23:09] D2BS 5964: equipped: [RingR] 16
[10/06/26 00:23:09] D2BS 5964: equipped: [RingL] 13
[10/06/26 00:23:09] D2BS 5964: equipped: [Belt] 19
[10/06/26 00:23:09] D2BS 5964: equipped: [Boots] 13
[10/06/26 00:23:09] D2BS 5964: equipped: [Mitts] 14
[10/06/26 00:23:09] D2BS 5964: updateStat
[10/06/26 00:23:09] D2BS 5964: granted: [Head] 15
[10/06/26 00:23:09] D2BS 5964: granted: [Body] 19
[10/06/26 00:23:09] D2BS 5964: granted: [ArmR] 23
[10/06/26 00:23:09] D2BS 5964: Loaded ÿc9[AutoSmurf.js]
[10/06/26 00:23:13] D2BS 5964: farmingON
[10/06/26 00:23:15] D2BS 5964: MiniShopBot: true
[10/06/26 00:23:15] D2BS 5964: UseMerc: true HP: 70
[10/06/26 00:23:36] D2BS 5964: granted: [Body] 20
[10/06/26 00:23:36] D2BS 5964: Merc matched: Blessed Aim
[10/06/26 00:23:46] D2BS 5964: act5+ BO
[10/06/26 00:23:59] D2BS 5964: ÿc4=== [BAAL] ===
[10/06/26 00:27:27] D2BS 5964: ÿc4=== [COUNTESS] ===
[10/06/26 00:28:40] D2BS 5964: ÿc4=== [PIT] ===
[10/06/26 00:30:10] D2BS 5964: ÿc4=== [ANDY] ===
[10/06/26 00:31:00] D2BS 5964: ÿc4=== [MEPHISTO] ===
[10/06/26 00:32:14] D2BS 5964: ÿc4=== [DIABLO] ===
[10/06/26 00:37:08] D2BS 5964: party has left: fowo-xa
[10/06/26 00:37:08] D2BS 5964:  [14:00] +5.22% / [Level 89] 96.80%
[10/06/26 00:37:08] D2BS 5964: Script threads\autobuildthread.js ended
[10/06/26 00:37:08] D2BS 5964: Script threads\partythread.js ended
[10/06/26 00:37:08] D2BS 5964: Script threads\townchicken.js ended
[10/06/26 00:37:08] D2BS 5964: Script default.dbj ended
[10/06/26 00:37:21] D2BS 5964: joining game pz-189
[10/06/26 00:37:23] D2BS 5964: ÿc2D2BSÿc0 :: Starting default.dbj
[10/06/26 00:37:23] D2BS 5964: ÿc2D2BSÿc0 :: default.dbj running.
[10/06/26 00:37:23] D2BS 5964: Loaded ÿc9[X.nip] [Y.nip] [Z.nip] [V.nip] [A.TRAP.nip]
[10/06/26 00:37:23] D2BS 5964: Loaded ÿc9[A.TRAP.js]
[10/06/26 00:37:23] D2BS 5964: equipped: [Head] 16
[10/06/26 00:37:23] D2BS 5964: equipped: [Neck] 16
[10/06/26 00:37:23] D2BS 5964: equipped: [Body] 19
[10/06/26 00:37:23] D2BS 5964: equipped: [ArmR] 32
[10/06/26 00:37:23] D2BS 5964: equipped: [ArmL] 26
[10/06/26 00:37:23] D2BS 5964: equipped: [RingR] 16
[10/06/26 00:37:23] D2BS 5964: equipped: [RingL] 13
[10/06/26 00:37:23] D2BS 5964: equipped: [Belt] 19
[10/06/26 00:37:23] D2BS 5964: equipped: [Boots] 13
[10/06/26 00:37:23] D2BS 5964: equipped: [Mitts] 14
[10/06/26 00:37:23] D2BS 5964: updateStat
[10/06/26 00:37:23] D2BS 5964: granted: [Head] 15
[10/06/26 00:37:23] D2BS 5964: granted: [Body] 20
[10/06/26 00:37:23] D2BS 5964: granted: [ArmR] 23
[10/06/26 00:37:23] D2BS 5964: Loaded ÿc9[AutoSmurf.js]
[10/06/26 00:37:28] D2BS 5964: farmingON
[10/06/26 00:37:29] D2BS 5964: MiniShopBot: true
[10/06/26 00:37:29] D2BS 5964: UseMerc: true HP: 70
[10/06/26 00:37:50] D2BS 5964: Merc matched: Blessed Aim
[10/06/26 00:38:01] D2BS 5964: act5+ BO
[10/06/26 00:38:15] D2BS 5964: ÿc4=== [BAAL] ===
[10/06/26 00:38:32] D2BS 5964: Baal failed: souls found
[10/06/26 00:38:32] D2BS 5964: ÿc4=== [COUNTESS] ===
[10/06/26 00:39:35] D2BS 5964: ÿc4=== [PIT] ===
[10/06/26 00:41:24] D2BS 5964: ÿc4=== [ANDY] ===
[10/06/26 00:42:28] D2BS 5964: ÿc4=== [MEPHISTO] ===
[10/06/26 00:43:48] D2BS 5964: ÿc4=== [DIABLO] ===
[10/06/26 00:49:12] D2BS 5964: Script ended
[10/06/26 00:49:12] D2BS 5964:  [11:50] +3.01% / [Level 89] 99.80%
[10/06/26 00:49:12] D2BS 5964: Script threads\autobuildthread.js ended
[10/06/26 00:49:12] D2BS 5964: Script threads\partythread.js ended
[10/06/26 00:49:13] D2BS 5964: Script threads\townchicken.js ended
[10/06/26 00:49:26] D2BS 5964: joining game pz-190
[10/06/26 00:49:27] D2BS 5964: ÿc2D2BSÿc0 :: Starting default.dbj
[10/06/26 00:49:27] D2BS 5964: ÿc2D2BSÿc0 :: default.dbj running.
[10/06/26 00:49:27] D2BS 5964: Loaded ÿc9[X.nip] [Y.nip] [Z.nip] [V.nip] [A.TRAP.nip]
[10/06/26 00:49:27] D2BS 5964: Loaded ÿc9[A.TRAP.js]
[10/06/26 00:49:27] D2BS 5964: equipped: [Head] 16
[10/06/26 00:49:27] D2BS 5964: equipped: [Neck] 16
[10/06/26 00:49:27] D2BS 5964: equipped: [Body] 19
[10/06/26 00:49:27] D2BS 5964: equipped: [ArmR] 32
[10/06/26 00:49:27] D2BS 5964: equipped: [ArmL] 26
[10/06/26 00:49:27] D2BS 5964: equipped: [RingR] 16
[10/06/26 00:49:27] D2BS 5964: equipped: [RingL] 13
[10/06/26 00:49:27] D2BS 5964: equipped: [Belt] 19
[10/06/26 00:49:27] D2BS 5964: equipped: [Boots] 13
[10/06/26 00:49:27] D2BS 5964: equipped: [Mitts] 14
[10/06/26 00:49:27] D2BS 5964: updateStat
[10/06/26 00:49:27] D2BS 5964: granted: [Head] 15
[10/06/26 00:49:27] D2BS 5964: granted: [Body] 20
[10/06/26 00:49:27] D2BS 5964: granted: [ArmR] 23
[10/06/26 00:49:27] D2BS 5964: Loaded ÿc9[AutoSmurf.js]
[10/06/26 00:49:33] D2BS 5964: farmingON
[10/06/26 00:49:33] D2BS 5964: MiniShopBot: true
[10/06/26 00:49:33] D2BS 5964: UseMerc: true HP: 70
[10/06/26 00:50:01] D2BS 5964: Merc matched: Blessed Aim
[10/06/26 00:50:07] D2BS 5964: act5+ BO
[10/06/26 00:50:20] D2BS 5964: ÿc4=== [BAAL] ===
[10/06/26 00:50:34] D2BS 5964: Baal failed: souls found
[10/06/26 00:50:34] D2BS 5964: ÿc4=== [COUNTESS] ===
[10/06/26 00:51:45] D2BS 5964: ÿc4=== [PIT] ===
[10/06/26 00:53:28] D2BS 5964: ÿc4=== [ANDY] ===
[10/06/26 00:54:25] D2BS 5964: ÿc4=== [MEPHISTO] ===
[10/06/26 00:55:50] D2BS 5964: ÿc4=== [DIABLO] ===
[10/06/26 01:00:44] D2BS 5964: party has left: fowo-xa
[10/06/26 01:00:44] D2BS 5964:  [11:17] +2.11% / [Level 90] 1.93%
[10/06/26 01:00:44] D2BS 5964: Script threads\autobuildthread.js ended
[10/06/26 01:00:44] D2BS 5964: Script threads\partythread.js ended
[10/06/26 01:00:44] D2BS 5964: Script threads\townchicken.js ended
[10/06/26 01:00:44] D2BS 5964: Script default.dbj ended
[10/06/26 01:00:57] D2BS 5964: joining game pz-191
[10/06/26 01:00:59] D2BS 5964: ÿc2D2BSÿc0 :: Starting default.dbj
[10/06/26 01:00:59] D2BS 5964: ÿc2D2BSÿc0 :: default.dbj running.
[10/06/26 01:00:59] D2BS 5964: Loaded ÿc9[X.nip] [Y.nip] [Z.nip] [V.nip] [A.TRAP.nip]
[10/06/26 01:00:59] D2BS 5964: Loaded ÿc9[A.TRAP.js]
[10/06/26 01:00:59] D2BS 5964: equipped: [Head] 16
[10/06/26 01:00:59] D2BS 5964: equipped: [Neck] 16
[10/06/26 01:00:59] D2BS 5964: equipped: [Body] 19
[10/06/26 01:00:59] D2BS 5964: equipped: [ArmR] 32
[10/06/26 01:00:59] D2BS 5964: equipped: [ArmL] 26
[10/06/26 01:00:59] D2BS 5964: equipped: [RingR] 16
[10/06/26 01:00:59] D2BS 5964: equipped: [RingL] 13
[10/06/26 01:00:59] D2BS 5964: equipped: [Belt] 19
[10/06/26 01:00:59] D2BS 5964: equipped: [Boots] 13
[10/06/26 01:00:59] D2BS 5964: equipped: [Mitts] 14
[10/06/26 01:00:59] D2BS 5964: updateStat
[10/06/26 01:00:59] D2BS 5964: granted: [Head] 15
[10/06/26 01:00:59] D2BS 5964: granted: [Body] 20
[10/06/26 01:00:59] D2BS 5964: granted: [ArmR] 23
[10/06/26 01:01:00] D2BS 5964: Loaded ÿc9[AutoSmurf.js]
[10/06/26 01:01:05] D2BS 5964: MiniShopBot: true
[10/06/26 01:01:05] D2BS 5964: farmingON
[10/06/26 01:01:05] D2BS 5964: UseMerc: true HP: 70
[10/06/26 01:01:24] D2BS 5964: Merc matched: Blessed Aim
[10/06/26 01:01:44] D2BS 5964: act5+ BO
[10/06/26 01:01:57] D2BS 5964: ÿc4=== [BAAL] ===
[10/06/26 01:04:56] D2BS 5964: ÿc4=== [COUNTESS] ===
[10/06/26 01:05:59] D2BS 5964: ÿc4=== [PIT] ===
[10/06/26 01:07:28] D2BS 5964: ÿc4=== [ANDY] ===
[10/06/26 01:08:20] D2BS 5964: ÿc4=== [MEPHISTO] ===
[10/06/26 01:09:39] D2BS 5964: ÿc4=== [DIABLO] ===
[10/06/26 01:15:33] D2BS 5964: party has left: fowo-xa
[10/06/26 01:15:33] D2BS 5964:  [14:34] +3.78% / [Level 90] 5.71%
[10/06/26 01:15:33] D2BS 5964: Script threads\autobuildthread.js ended
[10/06/26 01:15:33] D2BS 5964: Script threads\partythread.js ended
[10/06/26 01:15:33] D2BS 5964: Script threads\townchicken.js ended
[10/06/26 01:15:33] D2BS 5964: Script default.dbj ended
[10/06/26 01:15:45] D2BS 5964: joining game pz-192
[10/06/26 01:15:47] D2BS 5964: ÿc2D2BSÿc0 :: Starting default.dbj
[10/06/26 01:15:47] D2BS 5964: ÿc2D2BSÿc0 :: default.dbj running.
[10/06/26 01:15:47] D2BS 5964: Loaded ÿc9[X.nip] [Y.nip] [Z.nip] [V.nip] [A.TRAP.nip]
[10/06/26 01:15:47] D2BS 5964: Loaded ÿc9[A.TRAP.js]
[10/06/26 01:15:47] D2BS 5964: equipped: [Head] 16
[10/06/26 01:15:47] D2BS 5964: equipped: [Neck] 16
[10/06/26 01:15:47] D2BS 5964: equipped: [Body] 19
[10/06/26 01:15:47] D2BS 5964: equipped: [ArmR] 32
[10/06/26 01:15:47] D2BS 5964: equipped: [ArmL] 26
[10/06/26 01:15:47] D2BS 5964: equipped: [RingR] 16
[10/06/26 01:15:47] D2BS 5964: equipped: [RingL] 13
[10/06/26 01:15:47] D2BS 5964: equipped: [Belt] 19
[10/06/26 01:15:47] D2BS 5964: equipped: [Boots] 13
[10/06/26 01:15:47] D2BS 5964: equipped: [Mitts] 14
[10/06/26 01:15:47] D2BS 5964: updateStat
[10/06/26 01:15:47] D2BS 5964: granted: [Head] 15
[10/06/26 01:15:47] D2BS 5964: granted: [Body] 20
[10/06/26 01:15:47] D2BS 5964: granted: [ArmR] 23
[10/06/26 01:15:47] D2BS 5964: Loaded ÿc9[AutoSmurf.js]
[10/06/26 01:15:52] D2BS 5964: farmingON
[10/06/26 01:15:53] D2BS 5964: MiniShopBot: true
[10/06/26 01:15:53] D2BS 5964: UseMerc: true HP: 70
[10/06/26 01:16:10] D2BS 5964: Merc matched: Blessed Aim
[10/06/26 01:16:26] D2BS 5964: act5+ BO
[10/06/26 01:16:39] D2BS 5964: ÿc4=== [BAAL] ===
[10/06/26 01:19:21] D2BS 5964: updateStat
[10/06/26 01:20:15] D2BS 5964: ÿc4=== [COUNTESS] ===
[10/06/26 01:21:26] D2BS 5964: ÿc4=== [PIT] ===
[10/06/26 01:22:50] D2BS 5964: ÿc4=== [ANDY] ===
[10/06/26 01:23:46] D2BS 5964: ÿc4=== [MEPHISTO] ===
[10/06/26 01:25:10] D2BS 5964: ÿc4=== [DIABLO] ===
[10/06/26 01:30:33] D2BS 5964: party has left: fowo-xa
[10/06/26 01:30:33] D2BS 5964:  [14:46] +3.51% / [Level 90] 9.21%
[10/06/26 01:30:33] D2BS 5964: Script threads\autobuildthread.js ended
[10/06/26 01:30:33] D2BS 5964: Script threads\partythread.js ended
[10/06/26 01:30:33] D2BS 5964: Script threads\townchicken.js ended
[10/06/26 01:30:33] D2BS 5964: Script default.dbj ended
[10/06/26 01:30:44] D2BS 5964: joining game pz-193
[10/06/26 01:30:46] D2BS 5964: ÿc2D2BSÿc0 :: Starting default.dbj
[10/06/26 01:30:46] D2BS 5964: ÿc2D2BSÿc0 :: default.dbj running.
[10/06/26 01:30:46] D2BS 5964: Loaded ÿc9[X.nip] [Y.nip] [Z.nip] [V.nip] [A.TRAP.nip]
[10/06/26 01:30:46] D2BS 5964: Loaded ÿc9[A.TRAP.js]
[10/06/26 01:30:46] D2BS 5964: equipped: [Head] 16
[10/06/26 01:30:46] D2BS 5964: equipped: [Neck] 16
[10/06/26 01:30:46] D2BS 5964: equipped: [Body] 19
[10/06/26 01:30:46] D2BS 5964: equipped: [ArmR] 32
[10/06/26 01:30:46] D2BS 5964: equipped: [ArmL] 26
[10/06/26 01:30:46] D2BS 5964: equipped: [RingR] 16
[10/06/26 01:30:46] D2BS 5964: equipped: [RingL] 13
[10/06/26 01:30:46] D2BS 5964: equipped: [Belt] 19
[10/06/26 01:30:46] D2BS 5964: equipped: [Boots] 13
[10/06/26 01:30:46] D2BS 5964: equipped: [Mitts] 14
[10/06/26 01:30:46] D2BS 5964: updateStat
[10/06/26 01:30:46] D2BS 5964: granted: [Head] 15
[10/06/26 01:30:46] D2BS 5964: granted: [Body] 20
[10/06/26 01:30:46] D2BS 5964: granted: [ArmR] 23
[10/06/26 01:30:46] D2BS 5964: Loaded ÿc9[AutoSmurf.js]
[10/06/26 01:30:52] D2BS 5964: MiniShopBot: true
[10/06/26 01:30:52] D2BS 5964: farmingON
[10/06/26 01:30:52] D2BS 5964: UseMerc: true HP: 70
[10/06/26 01:31:11] D2BS 5964: Merc matched: Blessed Aim
[10/06/26 01:31:24] D2BS 5964: act5+ BO
[10/06/26 01:31:37] D2BS 5964: ÿc4=== [BAAL] ===
[10/06/26 01:31:48] D2BS 5964: Baal failed: souls found
[10/06/26 01:31:48] D2BS 5964: ÿc4=== [COUNTESS] ===
[10/06/26 01:32:57] D2BS 5964: ÿc4=== [PIT] ===
[10/06/26 01:34:26] D2BS 5964: ÿc4=== [ANDY] ===
[10/06/26 01:35:22] D2BS 5964: ÿc4=== [COWS] ===
[10/06/26 01:39:30] D2BS 5964: party has left: fowo-xe
[10/06/26 01:39:30] D2BS 5964:  [08:44] +0.81% / [Level 90] 10.02%
[10/06/26 01:39:30] D2BS 5964: Script threads\autobuildthread.js ended
[10/06/26 01:39:30] D2BS 5964: Script threads\partythread.js ended
[10/06/26 01:39:30] D2BS 5964: Script threads\townchicken.js ended
[10/06/26 01:39:30] D2BS 5964: Script default.dbj ended
[10/06/26 01:39:43] D2BS 5964: joining game pz-194
[10/06/26 01:39:45] D2BS 5964: ÿc2D2BSÿc0 :: Starting default.dbj
[10/06/26 01:39:45] D2BS 5964: ÿc2D2BSÿc0 :: default.dbj running.
[10/06/26 01:39:45] D2BS 5964: Loaded ÿc9[X.nip] [Y.nip] [Z.nip] [V.nip] [A.TRAP.nip]
[10/06/26 01:39:45] D2BS 5964: Loaded ÿc9[A.TRAP.js]
[10/06/26 01:39:45] D2BS 5964: equipped: [Head] 16
[10/06/26 01:39:45] D2BS 5964: equipped: [Neck] 16
[10/06/26 01:39:45] D2BS 5964: equipped: [Body] 19
[10/06/26 01:39:45] D2BS 5964: equipped: [ArmR] 32
[10/06/26 01:39:45] D2BS 5964: equipped: [ArmL] 26
[10/06/26 01:39:45] D2BS 5964: equipped: [RingR] 16
[10/06/26 01:39:45] D2BS 5964: equipped: [RingL] 13
[10/06/26 01:39:45] D2BS 5964: equipped: [Belt] 19
[10/06/26 01:39:45] D2BS 5964: equipped: [Boots] 13
[10/06/26 01:39:45] D2BS 5964: equipped: [Mitts] 14
[10/06/26 01:39:45] D2BS 5964: updateStat
[10/06/26 01:39:45] D2BS 5964: granted: [Head] 15
[10/06/26 01:39:45] D2BS 5964: granted: [Body] 20
[10/06/26 01:39:45] D2BS 5964: granted: [ArmR] 23
[10/06/26 01:39:45] D2BS 5964: Loaded ÿc9[AutoSmurf.js]
[10/06/26 01:39:51] D2BS 5964: farmingON
[10/06/26 01:39:52] D2BS 5964: MiniShopBot: true
[10/06/26 01:39:52] D2BS 5964: UseMerc: true HP: 70
[10/06/26 01:40:12] D2BS 5964: Merc matched: Blessed Aim
[10/06/26 01:40:25] D2BS 5964: act5+ BO
[10/06/26 01:40:40] D2BS 5964: ÿc4=== [BAAL] ===
[10/06/26 01:43:57] D2BS 5964: ÿc4=== [COUNTESS] ===
[10/06/26 01:45:06] D2BS 5964: ÿc4=== [PIT] ===
[10/06/26 01:46:39] D2BS 5964: ÿc4=== [ANDY] ===
[10/06/26 01:47:32] D2BS 5964: ÿc4=== [COWS] ===
[10/06/26 01:56:31] D2BS 5964: Going to town
[10/06/26 01:58:02] D2BS 5964: Cows failed: followDriver
[10/06/26 01:58:04] D2BS 5964: ÿc4=== [MEPHISTO] ===
[10/06/26 02:00:02] D2BS 5964: ÿc4=== [DIABLO] ===
[10/06/26 02:00:09] D2BS 5964: updateStat
[10/06/26 02:00:09] D2BS 5964: granted: [Head] 15
[10/06/26 02:00:09] D2BS 5964: granted: [Body] 20
[10/06/26 02:00:09] D2BS 5964: granted: [ArmR] 23
[10/06/26 02:00:23] D2BS 5964: [Reroll] Magic Small Charm
[10/06/26 02:00:43] D2BS 5964: equipped: [RingL] 14
[10/06/26 02:06:20] D2BS 5964: party has left: fowo-xa
[10/06/26 02:06:20] D2BS 5964:  [26:35] +4.38% / [Level 90] 14.40%
[10/06/26 02:06:20] D2BS 5964: Script threads\autobuildthread.js ended
[10/06/26 02:06:20] D2BS 5964: Script threads\partythread.js ended
[10/06/26 02:06:20] D2BS 5964: Script threads\townchicken.js ended
[10/06/26 02:06:20] D2BS 5964: Script default.dbj ended
[10/06/26 02:06:34] D2BS 5964: joining game pz-195
[10/06/26 02:06:36] D2BS 5964: ÿc2D2BSÿc0 :: Starting default.dbj
[10/06/26 02:06:36] D2BS 5964: ÿc2D2BSÿc0 :: default.dbj running.
[10/06/26 02:06:36] D2BS 5964: Loaded ÿc9[X.nip] [Y.nip] [Z.nip] [V.nip] [A.TRAP.nip]
[10/06/26 02:06:36] D2BS 5964: Loaded ÿc9[A.TRAP.js]
[10/06/26 02:06:36] D2BS 5964: equipped: [Head] 16
[10/06/26 02:06:36] D2BS 5964: equipped: [Neck] 16
[10/06/26 02:06:36] D2BS 5964: equipped: [Body] 19
[10/06/26 02:06:36] D2BS 5964: equipped: [ArmR] 32
[10/06/26 02:06:36] D2BS 5964: equipped: [ArmL] 26
[10/06/26 02:06:36] D2BS 5964: equipped: [RingR] 16
[10/06/26 02:06:36] D2BS 5964: equipped: [RingL] 14
[10/06/26 02:06:36] D2BS 5964: equipped: [Belt] 19
[10/06/26 02:06:36] D2BS 5964: equipped: [Boots] 13
[10/06/26 02:06:36] D2BS 5964: equipped: [Mitts] 14
[10/06/26 02:06:36] D2BS 5964: updateStat
[10/06/26 02:06:36] D2BS 5964: granted: [Head] 15
[10/06/26 02:06:36] D2BS 5964: granted: [Body] 20
[10/06/26 02:06:36] D2BS 5964: granted: [ArmR] 23
[10/06/26 02:06:36] D2BS 5964: Loaded ÿc9[AutoSmurf.js]
[10/06/26 02:06:41] D2BS 5964: farmingON
[10/06/26 02:06:41] D2BS 5964: MiniShopBot: true
[10/06/26 02:06:41] D2BS 5964: UseMerc: true HP: 70
[10/06/26 02:07:05] D2BS 5964: Merc matched: Blessed Aim
[10/06/26 02:07:12] D2BS 5964: act5+ BO
[10/06/26 02:07:26] D2BS 5964: ÿc4=== [BAAL] ===
[10/06/26 02:10:30] D2BS 5964: ÿc4=== [COUNTESS] ===
[10/06/26 02:11:41] D2BS 5964: ÿc4=== [PIT] ===
[10/06/26 02:13:20] D2BS 5964: ÿc4=== [ANDY] ===
[10/06/26 02:14:15] D2BS 5964: ÿc4=== [COWS] ===
[10/06/26 02:21:14] D2BS 5964: Going to town
[10/06/26 02:24:46] D2BS 5964: Cows failed: followDriver
[10/06/26 02:26:47] D2BS 5964:  [20:12] +2.36% / [Level 90] 16.76%
[10/06/26 02:26:47] D2BS 5964: Script threads\autobuildthread.js ended
[10/06/26 02:26:47] D2BS 5964: Script threads\partythread.js ended
[10/06/26 02:26:47] D2BS 5964: Script threads\townchicken.js ended
[10/06/26 02:26:47] D2BS 5964: Script default.dbj ended
[10/06/26 02:27:00] D2BS 5964: joining game pz-196
[10/06/26 02:27:02] D2BS 5964: ÿc2D2BSÿc0 :: Starting default.dbj
[10/06/26 02:27:02] D2BS 5964: ÿc2D2BSÿc0 :: default.dbj running.
[10/06/26 02:27:02] D2BS 5964: Loaded ÿc9[X.nip] [Y.nip] [Z.nip] [V.nip] [A.TRAP.nip]
[10/06/26 02:27:02] D2BS 5964: Loaded ÿc9[A.TRAP.js]
[10/06/26 02:27:03] D2BS 5964: equipped: [Head] 16
[10/06/26 02:27:03] D2BS 5964: equipped: [Neck] 16
[10/06/26 02:27:03] D2BS 5964: equipped: [Body] 19
[10/06/26 02:27:03] D2BS 5964: equipped: [ArmR] 32
[10/06/26 02:27:03] D2BS 5964: equipped: [ArmL] 26
[10/06/26 02:27:03] D2BS 5964: equipped: [RingR] 16
[10/06/26 02:27:03] D2BS 5964: equipped: [RingL] 14
[10/06/26 02:27:03] D2BS 5964: equipped: [Belt] 19
[10/06/26 02:27:03] D2BS 5964: equipped: [Boots] 13
[10/06/26 02:27:03] D2BS 5964: equipped: [Mitts] 14
[10/06/26 02:27:03] D2BS 5964: updateStat
[10/06/26 02:27:03] D2BS 5964: granted: [Head] 15
[10/06/26 02:27:03] D2BS 5964: granted: [Body] 20
[10/06/26 02:27:03] D2BS 5964: granted: [ArmR] 23
[10/06/26 02:27:03] D2BS 5964: Loaded ÿc9[AutoSmurf.js]
[10/06/26 02:27:08] D2BS 5964: farmingON
[10/06/26 02:27:08] D2BS 5964: MiniShopBot: true
[10/06/26 02:27:08] D2BS 5964: UseMerc: true HP: 70
[10/06/26 02:27:32] D2BS 5964: Merc matched: Blessed Aim
[10/06/26 02:28:01] D2BS 5964: act5+ BO
[10/06/26 02:28:13] D2BS 5964: ÿc4=== [BAAL] ===
[10/06/26 02:32:02] D2BS 5964: ÿc4=== [COUNTESS] ===
[10/06/26 02:33:09] D2BS 5964: ÿc4=== [PIT] ===
[10/06/26 02:34:39] D2BS 5964: ÿc4=== [ANDY] ===
[10/06/26 02:35:53] D2BS 5964: ÿc4=== [COWS] ===
[10/06/26 02:37:51] D2BS 5964: party has left: fowo-xd
[10/06/26 02:37:52] D2BS 5964:  [10:50] +2.16% / [Level 90] 18.92%
[10/06/26 02:37:52] D2BS 5964: Script threads\autobuildthread.js ended
[10/06/26 02:37:52] D2BS 5964: Script threads\partythread.js ended
[10/06/26 02:37:52] D2BS 5964: Script threads\townchicken.js ended
[10/06/26 02:37:52] D2BS 5964: Script default.dbj ended
[10/06/26 02:38:04] D2BS 5964: joining game pz-197
[10/06/26 02:38:05] D2BS 5964: ÿc2D2BSÿc0 :: Starting default.dbj
[10/06/26 02:38:05] D2BS 5964: ÿc2D2BSÿc0 :: default.dbj running.
[10/06/26 02:38:07] D2BS 5964: Loaded ÿc9[X.nip] [Y.nip] [Z.nip] [V.nip] [A.TRAP.nip]
[10/06/26 02:38:07] D2BS 5964: Loaded ÿc9[A.TRAP.js]
[10/06/26 02:38:07] D2BS 5964: equipped: [Head] 16
[10/06/26 02:38:07] D2BS 5964: equipped: [Neck] 16
[10/06/26 02:38:07] D2BS 5964: equipped: [Body] 19
[10/06/26 02:38:07] D2BS 5964: equipped: [ArmR] 32
[10/06/26 02:38:07] D2BS 5964: equipped: [ArmL] 26
[10/06/26 02:38:07] D2BS 5964: equipped: [RingR] 16
[10/06/26 02:38:07] D2BS 5964: equipped: [RingL] 14
[10/06/26 02:38:07] D2BS 5964: equipped: [Belt] 19
[10/06/26 02:38:07] D2BS 5964: equipped: [Boots] 13
[10/06/26 02:38:07] D2BS 5964: equipped: [Mitts] 14
[10/06/26 02:38:07] D2BS 5964: Loaded ÿc9[AutoSmurf.js]
[10/06/26 02:38:12] D2BS 5964: farmingON
[10/06/26 02:38:13] D2BS 5964: MiniShopBot: true
[10/06/26 02:38:13] D2BS 5964: UseMerc: true HP: 70
[10/06/26 02:38:23] D2BS 5964: updateStat
[10/06/26 02:38:23] D2BS 5964: granted: [Head] 15
[10/06/26 02:38:23] D2BS 5964: granted: [Body] 20
[10/06/26 02:38:23] D2BS 5964: granted: [ArmR] 23
[10/06/26 02:38:55] D2BS 5964: Merc matched: Blessed Aim
[10/06/26 02:39:02] D2BS 5964: act5+ BO
[10/06/26 02:39:03] D2BS 5964: updateStat
[10/06/26 02:39:16] D2BS 5964: ÿc4=== [BAAL] ===
[10/06/26 02:43:06] D2BS 5964: party has left: fowo-xe
[10/06/26 02:43:06] D2BS 5964:  [05:01] +2.09% / [Level 90] 21.01%
[10/06/26 02:43:06] D2BS 5964: Script threads\autobuildthread.js ended
[10/06/26 02:43:06] D2BS 5964: Script threads\partythread.js ended
[10/06/26 02:43:06] D2BS 5964: Script threads\townchicken.js ended
[10/06/26 02:43:06] D2BS 5964: Script default.dbj ended
[10/06/26 02:43:20] D2BS 5964: joining game pz-198
[10/06/26 02:43:22] D2BS 5964: ÿc2D2BSÿc0 :: Starting default.dbj
[10/06/26 02:43:22] D2BS 5964: ÿc2D2BSÿc0 :: default.dbj running.
[10/06/26 02:43:23] D2BS 5964: Loaded ÿc9[X.nip] [Y.nip] [Z.nip] [V.nip] [A.TRAP.nip]
[10/06/26 02:43:23] D2BS 5964: Loaded ÿc9[A.TRAP.js]
[10/06/26 02:43:23] D2BS 5964: equipped: [Head] 16
[10/06/26 02:43:23] D2BS 5964: equipped: [Neck] 16
[10/06/26 02:43:23] D2BS 5964: equipped: [Body] 19
[10/06/26 02:43:23] D2BS 5964: equipped: [ArmR] 32
[10/06/26 02:43:23] D2BS 5964: equipped: [ArmL] 26
[10/06/26 02:43:23] D2BS 5964: equipped: [RingR] 16
[10/06/26 02:43:23] D2BS 5964: equipped: [RingL] 14
[10/06/26 02:43:23] D2BS 5964: equipped: [Belt] 19
[10/06/26 02:43:23] D2BS 5964: equipped: [Boots] 13
[10/06/26 02:43:23] D2BS 5964: equipped: [Mitts] 14
[10/06/26 02:43:23] D2BS 5964: updateStat
[10/06/26 02:43:23] D2BS 5964: granted: [Head] 15
[10/06/26 02:43:23] D2BS 5964: granted: [Body] 20
[10/06/26 02:43:23] D2BS 5964: granted: [ArmR] 23
[10/06/26 02:43:23] D2BS 5964: Loaded ÿc9[AutoSmurf.js]
[10/06/26 02:43:25] D2BS 5964: MiniShopBot: true
[10/06/26 02:43:25] D2BS 5964: farmingON
[10/06/26 02:43:25] D2BS 5964: UseMerc: true HP: 70
[10/06/26 02:43:41] D2BS 5964: Merc matched: Blessed Aim
[10/06/26 02:43:56] D2BS 5964: act5+ BO
[10/06/26 02:44:13] D2BS 5964: ÿc4=== [BAAL] ===
[10/06/26 02:47:47] D2BS 5964: ÿc4=== [COUNTESS] ===
[10/06/26 02:48:58] D2BS 5964: ÿc4=== [PIT] ===
[10/06/26 02:50:36] D2BS 5964: ÿc4=== [ANDY] ===
[10/06/26 02:51:24] D2BS 5964: ÿc4=== [COWS] ===
[10/06/26 02:52:51] D2BS 5964: party has left: fowo-xe
[10/06/26 02:52:51] D2BS 5964: party has left: fowo-xe
[10/06/26 02:52:51] D2BS 5964: party has left: fowo-xe
[10/06/26 02:52:52] D2BS 5964:  [09:29] +2.68% / [Level 90] 23.69%
[10/06/26 02:52:52] D2BS 5964: Script threads\autobuildthread.js ended
[10/06/26 02:52:52] D2BS 5964: Script threads\partythread.js ended
[10/06/26 02:52:52] D2BS 5964: Script threads\townchicken.js ended
[10/06/26 02:52:52] D2BS 5964: Script default.dbj ended
[10/06/26 02:53:04] D2BS 5964: joining game pz-199
[10/06/26 02:53:07] D2BS 5964: ÿc2D2BSÿc0 :: Starting default.dbj
[10/06/26 02:53:07] D2BS 5964: ÿc2D2BSÿc0 :: default.dbj running.
[10/06/26 02:53:07] D2BS 5964: Loaded ÿc9[X.nip] [Y.nip] [Z.nip] [V.nip] [A.TRAP.nip]
[10/06/26 02:53:07] D2BS 5964: Loaded ÿc9[A.TRAP.js]
[10/06/26 02:53:07] D2BS 5964: equipped: [Head] 16
[10/06/26 02:53:07] D2BS 5964: equipped: [Neck] 16
[10/06/26 02:53:07] D2BS 5964: equipped: [Body] 19
[10/06/26 02:53:07] D2BS 5964: equipped: [ArmR] 32
[10/06/26 02:53:07] D2BS 5964: equipped: [ArmL] 26
[10/06/26 02:53:07] D2BS 5964: equipped: [RingR] 16
[10/06/26 02:53:07] D2BS 5964: equipped: [RingL] 14
[10/06/26 02:53:07] D2BS 5964: equipped: [Belt] 19
[10/06/26 02:53:07] D2BS 5964: equipped: [Boots] 13
[10/06/26 02:53:07] D2BS 5964: equipped: [Mitts] 14
[10/06/26 02:53:07] D2BS 5964: updateStat
[10/06/26 02:53:07] D2BS 5964: granted: [Head] 15
[10/06/26 02:53:07] D2BS 5964: granted: [Body] 20
[10/06/26 02:53:07] D2BS 5964: granted: [ArmR] 23
[10/06/26 02:53:07] D2BS 5964: Loaded ÿc9[AutoSmurf.js]
[10/06/26 02:53:12] D2BS 5964: farmingON
[10/06/26 02:53:15] D2BS 5964: MiniShopBot: true
[10/06/26 02:53:15] D2BS 5964: UseMerc: true HP: 70
[10/06/26 02:53:41] D2BS 5964: Merc matched: Blessed Aim
[10/06/26 02:53:48] D2BS 5964: act5+ BO
[10/06/26 02:54:01] D2BS 5964: ÿc4=== [BAAL] ===
[10/06/26 02:57:05] D2BS 5964: ÿc4=== [COUNTESS] ===
[10/06/26 02:58:15] D2BS 5964: ÿc4=== [PIT] ===
[10/06/26 02:59:46] D2BS 5964: ÿc4=== [ANDY] ===
[10/06/26 03:00:38] D2BS 5964: ÿc4=== [COWS] ===
[10/06/26 03:10:36] D2BS 5964: party has left: fowo-xd
[10/06/26 03:10:36] D2BS 5964:  [17:30] +2.60% / [Level 90] 26.28%
[10/06/26 03:10:36] D2BS 5964: Script threads\autobuildthread.js ended
[10/06/26 03:10:36] D2BS 5964: Script threads\partythread.js ended
[10/06/26 03:10:36] D2BS 5964: Script threads\townchicken.js ended
[10/06/26 03:10:36] D2BS 5964: Script default.dbj ended
[10/06/26 03:10:47] D2BS 5964: joining game pz-200
[10/06/26 03:10:50] D2BS 5964: ÿc2D2BSÿc0 :: Starting default.dbj
[10/06/26 03:10:50] D2BS 5964: ÿc2D2BSÿc0 :: default.dbj running.
[10/06/26 03:10:50] D2BS 5964: Loaded ÿc9[X.nip] [Y.nip] [Z.nip] [V.nip] [A.TRAP.nip]
[10/06/26 03:10:50] D2BS 5964: Loaded ÿc9[A.TRAP.js]
[10/06/26 03:10:50] D2BS 5964: equipped: [Head] 16
[10/06/26 03:10:50] D2BS 5964: equipped: [Neck] 16
[10/06/26 03:10:50] D2BS 5964: equipped: [Body] 19
[10/06/26 03:10:50] D2BS 5964: equipped: [ArmR] 32
[10/06/26 03:10:50] D2BS 5964: equipped: [ArmL] 26
[10/06/26 03:10:50] D2BS 5964: equipped: [RingR] 16
[10/06/26 03:10:50] D2BS 5964: equipped: [RingL] 14
[10/06/26 03:10:50] D2BS 5964: equipped: [Belt] 19
[10/06/26 03:10:50] D2BS 5964: equipped: [Boots] 13
[10/06/26 03:10:50] D2BS 5964: equipped: [Mitts] 14
[10/06/26 03:10:50] D2BS 5964: updateStat
[10/06/26 03:10:50] D2BS 5964: granted: [Head] 15
[10/06/26 03:10:50] D2BS 5964: granted: [Body] 20
[10/06/26 03:10:50] D2BS 5964: granted: [ArmR] 23
[10/06/26 03:10:50] D2BS 5964: Loaded ÿc9[AutoSmurf.js]
[10/06/26 03:10:55] D2BS 5964: farmingON
[10/06/26 03:10:57] D2BS 5964: MiniShopBot: true
[10/06/26 03:10:57] D2BS 5964: UseMerc: true HP: 70
[10/06/26 03:11:08] D2BS 5964: [Reroll] Magic Small Charm
[10/06/26 03:11:32] D2BS 5964: Merc matched: Blessed Aim
[10/06/26 03:11:38] D2BS 5964: act5+ BO
[10/06/26 03:11:56] D2BS 5964: ÿc4=== [BAAL] ===
[10/06/26 03:14:48] D2BS 5964: ÿc4=== [COUNTESS] ===
[10/06/26 03:16:16] D2BS 5964: ÿc4=== [PIT] ===
[10/06/26 03:17:44] D2BS 5964: ÿc4=== [ANDY] ===
[10/06/26 03:18:33] D2BS 5964: ÿc4=== [COWS] ===
[10/06/26 03:27:09] D2BS 5964: Going to town
[10/06/26 03:27:54] D2BS 5964: Going to town
[10/06/26 03:28:46] D2BS 5964: Going to town
[10/06/26 03:29:05] D2BS 5964: Going to town
[10/06/26 03:29:06] D2BS 5964: [Chicken] Life (440/1586) area:39 (25100,5984)
[10/06/26 03:29:06] D2BS 5964:  [18:17] +2.27% / [Level 90] 28.55%
[10/06/26 03:29:06] D2BS 5964: Script threads\autobuildthread.js ended
[10/06/26 03:29:06] D2BS 5964: Script threads\partythread.js ended
[10/06/26 03:29:06] D2BS 5964: Script threads\townchicken.js ended
[10/06/26 03:29:06] D2BS 5964: Script default.dbj ended
[10/06/26 03:29:20] D2BS 5964: joining game pz-201
[10/06/26 03:29:21] D2BS 5964: ÿc2D2BSÿc0 :: Starting default.dbj
[10/06/26 03:29:21] D2BS 5964: ÿc2D2BSÿc0 :: default.dbj running.
[10/06/26 03:29:22] D2BS 5964: Loaded ÿc9[X.nip] [Y.nip] [Z.nip] [V.nip] [A.TRAP.nip]
[10/06/26 03:29:22] D2BS 5964: Loaded ÿc9[A.TRAP.js]
[10/06/26 03:29:22] D2BS 5964: equipped: [Head] 16
[10/06/26 03:29:22] D2BS 5964: equipped: [Neck] 16
[10/06/26 03:29:22] D2BS 5964: equipped: [Body] 19
[10/06/26 03:29:22] D2BS 5964: equipped: [ArmR] 32
[10/06/26 03:29:22] D2BS 5964: equipped: [ArmL] 26
[10/06/26 03:29:22] D2BS 5964: equipped: [RingR] 16
[10/06/26 03:29:22] D2BS 5964: equipped: [RingL] 14
[10/06/26 03:29:22] D2BS 5964: equipped: [Belt] 19
[10/06/26 03:29:22] D2BS 5964: equipped: [Boots] 13
[10/06/26 03:29:22] D2BS 5964: equipped: [Mitts] 14
[10/06/26 03:29:22] D2BS 5964: Loaded ÿc9[AutoSmurf.js]
[10/06/26 03:29:28] D2BS 5964: farmingON
[10/06/26 03:29:30] D2BS 5964: MiniShopBot: true
[10/06/26 03:29:30] D2BS 5964: UseMerc: true HP: 70
[10/06/26 03:29:38] D2BS 5964: updateStat
[10/06/26 03:29:38] D2BS 5964: granted: [Head] 15
[10/06/26 03:29:38] D2BS 5964: granted: [Body] 20
[10/06/26 03:29:38] D2BS 5964: granted: [ArmR] 23
[10/06/26 03:30:07] D2BS 5964: Merc matched: Blessed Aim
[10/06/26 03:30:16] D2BS 5964: act5+ BO
[10/06/26 03:30:17] D2BS 5964: updateStat
[10/06/26 03:30:28] D2BS 5964: ÿc4=== [BAAL] ===
[10/06/26 03:33:24] D2BS 5964: ÿc4=== [COUNTESS] ===
[10/06/26 03:34:27] D2BS 5964: ÿc4=== [PIT] ===
[10/06/26 03:36:02] D2BS 5964: ÿc4=== [ANDY] ===
[10/06/26 03:36:53] D2BS 5964: ÿc4=== [COWS] ===
[10/06/26 03:42:58] D2BS 5964: Cow King found
[10/06/26 03:42:58] D2BS 5964: Cows failed: followDriver
[10/06/26 03:43:02] D2BS 5964: ÿc4=== [MEPHISTO] ===
[10/06/26 03:44:27] D2BS 5964: ÿc4=== [DIABLO] ===
[10/06/26 03:49:30] D2BS 5964: party has left: fowo-xg
[10/06/26 03:49:30] D2BS 5964:  [20:09] +4.25% / [Level 90] 32.80%
[10/06/26 03:49:30] D2BS 5964: Script threads\autobuildthread.js ended
[10/06/26 03:49:30] D2BS 5964: Script threads\partythread.js ended
[10/06/26 03:49:30] D2BS 5964: Script threads\townchicken.js ended
[10/06/26 03:49:30] D2BS 5964: Script default.dbj ended
[10/06/26 03:49:43] D2BS 5964: joining game pz-202
[10/06/26 03:49:45] D2BS 5964: ÿc2D2BSÿc0 :: Starting default.dbj
[10/06/26 03:49:45] D2BS 5964: ÿc2D2BSÿc0 :: default.dbj running.
[10/06/26 03:49:45] D2BS 5964: Loaded ÿc9[X.nip] [Y.nip] [Z.nip] [V.nip] [A.TRAP.nip]
[10/06/26 03:49:45] D2BS 5964: Loaded ÿc9[A.TRAP.js]
[10/06/26 03:49:45] D2BS 5964: equipped: [Head] 16
[10/06/26 03:49:45] D2BS 5964: equipped: [Neck] 16
[10/06/26 03:49:45] D2BS 5964: equipped: [Body] 19
[10/06/26 03:49:45] D2BS 5964: equipped: [ArmR] 32
[10/06/26 03:49:45] D2BS 5964: equipped: [ArmL] 26
[10/06/26 03:49:45] D2BS 5964: equipped: [RingR] 16
[10/06/26 03:49:45] D2BS 5964: equipped: [RingL] 14
[10/06/26 03:49:45] D2BS 5964: equipped: [Belt] 19
[10/06/26 03:49:45] D2BS 5964: equipped: [Boots] 13
[10/06/26 03:49:45] D2BS 5964: equipped: [Mitts] 14
[10/06/26 03:49:45] D2BS 5964: updateStat
[10/06/26 03:49:45] D2BS 5964: granted: [Head] 15
[10/06/26 03:49:45] D2BS 5964: granted: [Body] 20
[10/06/26 03:49:45] D2BS 5964: granted: [ArmR] 23
[10/06/26 03:49:45] D2BS 5964: Loaded ÿc9[AutoSmurf.js]
[10/06/26 03:49:49] D2BS 5964: farmingON
[10/06/26 03:49:50] D2BS 5964: MiniShopBot: true
[10/06/26 03:49:50] D2BS 5964: UseMerc: true HP: 70
[10/06/26 03:50:12] D2BS 5964: Merc matched: Blessed Aim
[10/06/26 03:50:23] D2BS 5964: act5+ BO
[10/06/26 03:50:36] D2BS 5964: ÿc4=== [BAAL] ===
[10/06/26 03:53:51] D2BS 5964: ÿc4=== [COUNTESS] ===
[10/06/26 03:54:58] D2BS 5964: ÿc4=== [PIT] ===
[10/06/26 03:56:34] D2BS 5964: ÿc4=== [ANDY] ===
[10/06/26 03:57:25] D2BS 5964: ÿc4=== [COWS] ===
[10/06/26 04:03:46] D2BS 5964: Going to town
[10/06/26 04:07:33] D2BS 5964: party has left: fowo-xb
[10/06/26 04:07:33] D2BS 5964:  [17:48] +2.39% / [Level 90] 35.19%
[10/06/26 04:07:33] D2BS 5964: Script threads\autobuildthread.js ended
[10/06/26 04:07:33] D2BS 5964: Script threads\partythread.js ended
[10/06/26 04:07:33] D2BS 5964: Script threads\townchicken.js ended
[10/06/26 04:07:33] D2BS 5964: Script default.dbj ended
[10/06/26 04:07:51] D2BS 5964: joining game pz-203
[10/06/26 04:07:53] D2BS 5964: ÿc2D2BSÿc0 :: Starting default.dbj
[10/06/26 04:07:53] D2BS 5964: ÿc2D2BSÿc0 :: default.dbj running.
[10/06/26 04:07:53] D2BS 5964: Loaded ÿc9[X.nip] [Y.nip] [Z.nip] [V.nip] [A.TRAP.nip]
[10/06/26 04:07:54] D2BS 5964: Loaded ÿc9[A.TRAP.js]
[10/06/26 04:07:54] D2BS 5964: equipped: [Head] 16
[10/06/26 04:07:54] D2BS 5964: equipped: [Neck] 16
[10/06/26 04:07:54] D2BS 5964: equipped: [Body] 19
[10/06/26 04:07:54] D2BS 5964: equipped: [ArmR] 32
[10/06/26 04:07:54] D2BS 5964: equipped: [ArmL] 26
[10/06/26 04:07:54] D2BS 5964: equipped: [RingR] 16
[10/06/26 04:07:54] D2BS 5964: equipped: [RingL] 14
[10/06/26 04:07:54] D2BS 5964: equipped: [Belt] 19
[10/06/26 04:07:54] D2BS 5964: equipped: [Boots] 13
[10/06/26 04:07:54] D2BS 5964: equipped: [Mitts] 14
[10/06/26 04:07:54] D2BS 5964: updateStat
[10/06/26 04:07:54] D2BS 5964: granted: [Head] 15
[10/06/26 04:07:54] D2BS 5964: granted: [Body] 20
[10/06/26 04:07:54] D2BS 5964: granted: [ArmR] 23
[10/06/26 04:07:54] D2BS 5964: Loaded ÿc9[AutoSmurf.js]
[10/06/26 04:07:59] D2BS 5964: farmingON
[10/06/26 04:08:02] D2BS 5964: MiniShopBot: true
[10/06/26 04:08:02] D2BS 5964: UseMerc: true HP: 70
[10/06/26 04:08:20] D2BS 5964: Merc matched: Blessed Aim
[10/06/26 04:08:34] D2BS 5964: act5+ BO
[10/06/26 04:08:48] D2BS 5964: ÿc4=== [BAAL] ===
[10/06/26 04:12:11] D2BS 5964: ÿc4=== [COUNTESS] ===
[10/06/26 04:13:15] D2BS 5964: ÿc4=== [PIT] ===
[10/06/26 04:14:53] D2BS 5964: ÿc4=== [ANDY] ===
[10/06/26 04:16:04] D2BS 5964: ÿc4=== [COWS] ===
[10/06/26 04:18:09] D2BS 5964: party has left: fowo-xd
[10/06/26 04:18:09] D2BS 5964:  [10:16] +2.27% / [Level 90] 37.46%
[10/06/26 04:18:09] D2BS 5964: Script threads\autobuildthread.js ended
[10/06/26 04:18:09] D2BS 5964: Script threads\partythread.js ended
[10/06/26 04:18:10] D2BS 5964: Script threads\townchicken.js ended
[10/06/26 04:18:10] D2BS 5964: Script default.dbj ended
[10/06/26 04:18:23] D2BS 5964: joining game pz-204
[10/06/26 04:18:25] D2BS 5964: ÿc2D2BSÿc0 :: Starting default.dbj
[10/06/26 04:18:25] D2BS 5964: ÿc2D2BSÿc0 :: default.dbj running.
[10/06/26 04:18:25] D2BS 5964: Loaded ÿc9[X.nip] [Y.nip] [Z.nip] [V.nip] [A.TRAP.nip]
[10/06/26 04:18:25] D2BS 5964: Loaded ÿc9[A.TRAP.js]
[10/06/26 04:18:25] D2BS 5964: equipped: [Head] 16
[10/06/26 04:18:25] D2BS 5964: equipped: [Neck] 16
[10/06/26 04:18:25] D2BS 5964: equipped: [Body] 19
[10/06/26 04:18:25] D2BS 5964: equipped: [ArmR] 32
[10/06/26 04:18:25] D2BS 5964: equipped: [ArmL] 26
[10/06/26 04:18:26] D2BS 5964: equipped: [RingR] 16
[10/06/26 04:18:26] D2BS 5964: equipped: [RingL] 14
[10/06/26 04:18:26] D2BS 5964: equipped: [Belt] 19
[10/06/26 04:18:26] D2BS 5964: equipped: [Boots] 13
[10/06/26 04:18:26] D2BS 5964: equipped: [Mitts] 14
[10/06/26 04:18:26] D2BS 5964: updateStat
[10/06/26 04:18:26] D2BS 5964: granted: [Head] 15
[10/06/26 04:18:26] D2BS 5964: granted: [Body] 20
[10/06/26 04:18:26] D2BS 5964: granted: [ArmR] 23
[10/06/26 04:18:26] D2BS 5964: Loaded ÿc9[AutoSmurf.js]
[10/06/26 04:18:31] D2BS 5964: farmingON
[10/06/26 04:18:32] D2BS 5964: MiniShopBot: true
[10/06/26 04:18:32] D2BS 5964: UseMerc: true HP: 70
[10/06/26 04:18:49] D2BS 5964: Merc matched: Blessed Aim
[10/06/26 04:19:02] D2BS 5964: act5+ BO
[10/06/26 04:19:16] D2BS 5964: ÿc4=== [BAAL] ===
[10/06/26 04:22:22] D2BS 5964: ÿc4=== [COUNTESS] ===
[10/06/26 04:23:33] D2BS 5964: ÿc4=== [PIT] ===
[10/06/26 04:25:03] D2BS 5964: ÿc4=== [ANDY] ===
[10/06/26 04:25:53] D2BS 5964: ÿc4=== [COWS] ===
[10/06/26 04:37:24] D2BS 5964: ÿc4=== [MEPHISTO] ===
[10/06/26 04:38:46] D2BS 5964: ÿc4=== [DIABLO] ===
[10/06/26 04:44:03] D2BS 5964: party has left: fowo-xd
[10/06/26 04:44:03] D2BS 5964:  [25:38] +4.03% / [Level 90] 41.49%
[10/06/26 04:44:03] D2BS 5964: Script threads\autobuildthread.js ended
[10/06/26 04:44:04] D2BS 5964: Script threads\partythread.js ended
[10/06/26 04:44:04] D2BS 5964: Script threads\townchicken.js ended
[10/06/26 04:44:04] D2BS 5964: Script default.dbj ended
[10/06/26 04:44:16] D2BS 5964: joining game pz-205
[10/06/26 04:44:19] D2BS 5964: ÿc2D2BSÿc0 :: Starting default.dbj
[10/06/26 04:44:19] D2BS 5964: ÿc2D2BSÿc0 :: default.dbj running.
[10/06/26 04:44:19] D2BS 5964: Loaded ÿc9[X.nip] [Y.nip] [Z.nip] [V.nip] [A.TRAP.nip]
[10/06/26 04:44:19] D2BS 5964: Loaded ÿc9[A.TRAP.js]
[10/06/26 04:44:19] D2BS 5964: equipped: [Head] 16
[10/06/26 04:44:19] D2BS 5964: equipped: [Neck] 16
[10/06/26 04:44:19] D2BS 5964: equipped: [Body] 19
[10/06/26 04:44:19] D2BS 5964: equipped: [ArmR] 32
[10/06/26 04:44:19] D2BS 5964: equipped: [ArmL] 26
[10/06/26 04:44:19] D2BS 5964: equipped: [RingR] 16
[10/06/26 04:44:19] D2BS 5964: equipped: [RingL] 14
[10/06/26 04:44:19] D2BS 5964: equipped: [Belt] 19
[10/06/26 04:44:19] D2BS 5964: equipped: [Boots] 13
[10/06/26 04:44:19] D2BS 5964: equipped: [Mitts] 14
[10/06/26 04:44:19] D2BS 5964: updateStat
[10/06/26 04:44:19] D2BS 5964: granted: [Head] 15
[10/06/26 04:44:19] D2BS 5964: granted: [Body] 20
[10/06/26 04:44:19] D2BS 5964: granted: [ArmR] 23
[10/06/26 04:44:19] D2BS 5964: Loaded ÿc9[AutoSmurf.js]
[10/06/26 04:44:23] D2BS 5964: farmingON
[10/06/26 04:44:24] D2BS 5964: MiniShopBot: true
[10/06/26 04:44:24] D2BS 5964: UseMerc: true HP: 70
[10/06/26 04:44:45] D2BS 5964: Merc matched: Blessed Aim
[10/06/26 04:44:59] D2BS 5964: act5+ BO
[10/06/26 04:45:12] D2BS 5964: ÿc4=== [BAAL] ===
[10/06/26 04:48:22] D2BS 5964: ÿc4=== [COUNTESS] ===
[10/06/26 04:49:31] D2BS 5964: ÿc4=== [PIT] ===
[10/06/26 04:50:43] D2BS 5964: ÿc4=== [ANDY] ===
[10/06/26 04:51:35] D2BS 5964: ÿc4=== [COWS] ===
[10/06/26 05:02:02] D2BS 5964: Cows failed: followDriver
[10/06/26 05:03:14] D2BS 5964: ÿc4=== [MEPHISTO] ===
[10/06/26 05:04:34] D2BS 5964: ÿc4=== [DIABLO] ===
[10/06/26 05:07:10] D2BS 5964: party has left: fowo-xd
[10/06/26 05:07:10] D2BS 5964:  [22:52] +2.82% / [Level 90] 44.31%
[10/06/26 05:07:10] D2BS 5964: Script threads\autobuildthread.js ended
[10/06/26 05:07:10] D2BS 5964: Script threads\partythread.js ended
[10/06/26 05:07:10] D2BS 5964: Script threads\townchicken.js ended
[10/06/26 05:07:10] D2BS 5964: Script default.dbj ended
[10/06/26 05:07:23] D2BS 5964: joining game pz-206
[10/06/26 05:07:24] D2BS 5964: ÿc2D2BSÿc0 :: Starting default.dbj
[10/06/26 05:07:24] D2BS 5964: ÿc2D2BSÿc0 :: default.dbj running.
[10/06/26 05:07:24] D2BS 5964: Loaded ÿc9[X.nip] [Y.nip] [Z.nip] [V.nip] [A.TRAP.nip]
[10/06/26 05:07:24] D2BS 5964: Loaded ÿc9[A.TRAP.js]
[10/06/26 05:07:24] D2BS 5964: equipped: [Head] 16
[10/06/26 05:07:25] D2BS 5964: equipped: [Neck] 16
[10/06/26 05:07:25] D2BS 5964: equipped: [Body] 19
[10/06/26 05:07:25] D2BS 5964: equipped: [ArmR] 32
[10/06/26 05:07:25] D2BS 5964: equipped: [ArmL] 26
[10/06/26 05:07:25] D2BS 5964: equipped: [RingR] 16
[10/06/26 05:07:25] D2BS 5964: equipped: [RingL] 14
[10/06/26 05:07:25] D2BS 5964: equipped: [Belt] 19
[10/06/26 05:07:25] D2BS 5964: equipped: [Boots] 13
[10/06/26 05:07:25] D2BS 5964: equipped: [Mitts] 14
[10/06/26 05:07:25] D2BS 5964: updateStat
[10/06/26 05:07:25] D2BS 5964: granted: [Head] 15
[10/06/26 05:07:25] D2BS 5964: granted: [Body] 20
[10/06/26 05:07:25] D2BS 5964: granted: [ArmR] 23
[10/06/26 05:07:25] D2BS 5964: Loaded ÿc9[AutoSmurf.js]
[10/06/26 05:07:30] D2BS 5964: farmingON
[10/06/26 05:07:31] D2BS 5964: MiniShopBot: true
[10/06/26 05:07:31] D2BS 5964: UseMerc: true HP: 70
[10/06/26 05:07:52] D2BS 5964: Merc matched: Blessed Aim
[10/06/26 05:08:04] D2BS 5964: act5+ BO
[10/06/26 05:08:16] D2BS 5964: ÿc4=== [BAAL] ===
[10/06/26 05:08:30] D2BS 5964: Baal failed: souls found
[10/06/26 05:08:30] D2BS 5964: ÿc4=== [COUNTESS] ===
[10/06/26 05:09:37] D2BS 5964: ÿc4=== [PIT] ===
[10/06/26 05:10:57] D2BS 5964: ÿc4=== [ANDY] ===
[10/06/26 05:11:53] D2BS 5964: ÿc4=== [COWS] ===
[10/06/26 05:14:08] D2BS 5964: Going to town
[10/06/26 05:25:48] D2BS 5964: Going to town
[10/06/26 05:26:55] D2BS 5964: ÿc4=== [MEPHISTO] ===
[10/06/26 05:28:05] D2BS 5964: ÿc4=== [DIABLO] ===
[10/06/26 05:33:44] D2BS 5964: Script ended
[10/06/26 05:33:44] D2BS 5964:  [26:20] +2.63% / [Level 90] 46.95%
[10/06/26 05:33:44] D2BS 5964: Script threads\autobuildthread.js ended
[10/06/26 05:33:44] D2BS 5964: Script threads\partythread.js ended
[10/06/26 05:33:44] D2BS 5964: Script threads\townchicken.js ended
[10/06/26 05:33:57] D2BS 5964: joining game pz-207
[10/06/26 05:33:59] D2BS 5964: ÿc2D2BSÿc0 :: Starting default.dbj
[10/06/26 05:33:59] D2BS 5964: ÿc2D2BSÿc0 :: default.dbj running.
[10/06/26 05:33:59] D2BS 5964: Loaded ÿc9[X.nip] [Y.nip] [Z.nip] [V.nip] [A.TRAP.nip]
[10/06/26 05:33:59] D2BS 5964: Loaded ÿc9[A.TRAP.js]
[10/06/26 05:33:59] D2BS 5964: equipped: [Head] 16
[10/06/26 05:33:59] D2BS 5964: equipped: [Neck] 16
[10/06/26 05:33:59] D2BS 5964: equipped: [Body] 19
[10/06/26 05:33:59] D2BS 5964: equipped: [ArmR] 32
[10/06/26 05:33:59] D2BS 5964: equipped: [ArmL] 26
[10/06/26 05:33:59] D2BS 5964: equipped: [RingR] 16
[10/06/26 05:33:59] D2BS 5964: equipped: [RingL] 14
[10/06/26 05:33:59] D2BS 5964: equipped: [Belt] 19
[10/06/26 05:33:59] D2BS 5964: equipped: [Boots] 13
[10/06/26 05:33:59] D2BS 5964: equipped: [Mitts] 14
[10/06/26 05:33:59] D2BS 5964: updateStat
[10/06/26 05:33:59] D2BS 5964: granted: [Head] 15
[10/06/26 05:33:59] D2BS 5964: granted: [Body] 20
[10/06/26 05:33:59] D2BS 5964: granted: [ArmR] 23
[10/06/26 05:34:00] D2BS 5964: Loaded ÿc9[AutoSmurf.js]
[10/06/26 05:34:05] D2BS 5964: MiniShopBot: true
[10/06/26 05:34:05] D2BS 5964: farmingON
[10/06/26 05:34:05] D2BS 5964: UseMerc: true HP: 70
[10/06/26 05:34:22] D2BS 5964: Merc matched: Blessed Aim
[10/06/26 05:34:43] D2BS 5964: act5+ BO
[10/06/26 05:34:56] D2BS 5964: ÿc4=== [BAAL] ===
[10/06/26 05:35:13] D2BS 5964: Baal failed: souls found
[10/06/26 05:35:13] D2BS 5964: ÿc4=== [COUNTESS] ===
[10/06/26 05:36:11] D2BS 5964: ÿc4=== [PIT] ===
[10/06/26 05:37:53] D2BS 5964: ÿc4=== [ANDY] ===
[10/06/26 05:38:43] D2BS 5964: ÿc4=== [COWS] ===
[10/06/26 05:42:30] D2BS 5964: party has left: fowo-xe
[10/06/26 05:42:30] D2BS 5964:  [08:32] +0.56% / [Level 90] 47.51%
[10/06/26 05:42:30] D2BS 5964: Script threads\autobuildthread.js ended
[10/06/26 05:42:30] D2BS 5964: Script threads\partythread.js ended
[10/06/26 05:42:31] D2BS 5964: Script threads\townchicken.js ended
[10/06/26 05:42:31] D2BS 5964: Script default.dbj ended
[10/06/26 05:42:43] D2BS 5964: joining game pz-208
[10/06/26 05:42:46] D2BS 5964: ÿc2D2BSÿc0 :: Starting default.dbj
[10/06/26 05:42:46] D2BS 5964: ÿc2D2BSÿc0 :: default.dbj running.
[10/06/26 05:42:46] D2BS 5964: Loaded ÿc9[X.nip] [Y.nip] [Z.nip] [V.nip] [A.TRAP.nip]
[10/06/26 05:42:46] D2BS 5964: Loaded ÿc9[A.TRAP.js]
[10/06/26 05:42:46] D2BS 5964: equipped: [Head] 16
[10/06/26 05:42:46] D2BS 5964: equipped: [Neck] 16
[10/06/26 05:42:46] D2BS 5964: equipped: [Body] 19
[10/06/26 05:42:46] D2BS 5964: equipped: [ArmR] 32
[10/06/26 05:42:46] D2BS 5964: equipped: [ArmL] 26
[10/06/26 05:42:46] D2BS 5964: equipped: [RingR] 16
[10/06/26 05:42:46] D2BS 5964: equipped: [RingL] 14
[10/06/26 05:42:46] D2BS 5964: equipped: [Belt] 19
[10/06/26 05:42:46] D2BS 5964: equipped: [Boots] 13
[10/06/26 05:42:46] D2BS 5964: equipped: [Mitts] 14
[10/06/26 05:42:46] D2BS 5964: updateStat
[10/06/26 05:42:46] D2BS 5964: granted: [Head] 15
[10/06/26 05:42:46] D2BS 5964: granted: [Body] 20
[10/06/26 05:42:46] D2BS 5964: granted: [ArmR] 23
[10/06/26 05:42:46] D2BS 5964: Loaded ÿc9[AutoSmurf.js]
[10/06/26 05:42:51] D2BS 5964: farmingON
[10/06/26 05:42:52] D2BS 5964: MiniShopBot: true
[10/06/26 05:42:52] D2BS 5964: UseMerc: true HP: 70
[10/06/26 05:43:14] D2BS 5964: Merc matched: Blessed Aim
[10/06/26 05:43:26] D2BS 5964: act5+ BO
[10/06/26 05:43:40] D2BS 5964: ÿc4=== [BAAL] ===
[10/06/26 05:43:52] D2BS 5964: Baal failed: souls found
[10/06/26 05:43:52] D2BS 5964: ÿc4=== [COUNTESS] ===
[10/06/26 05:45:04] D2BS 5964: ÿc4=== [PIT] ===
[10/06/26 05:46:57] D2BS 5964: ÿc4=== [ANDY] ===
[10/06/26 05:47:50] D2BS 5964: ÿc4=== [COWS] ===
[10/06/26 05:50:29] D2BS 5964: party has left: fowo-xe
[10/06/26 05:50:29] D2BS 5964:  [07:44] +0.43% / [Level 90] 47.94%
[10/06/26 05:50:29] D2BS 5964: Script threads\autobuildthread.js ended
[10/06/26 05:50:29] D2BS 5964: Script threads\partythread.js ended
[10/06/26 05:50:29] D2BS 5964: Script threads\townchicken.js ended
[10/06/26 05:50:29] D2BS 5964: Script default.dbj ended
[10/06/26 05:50:41] D2BS 5964: joining game pz-209
[10/06/26 05:50:43] D2BS 5964: ÿc2D2BSÿc0 :: Starting default.dbj
[10/06/26 05:50:43] D2BS 5964: ÿc2D2BSÿc0 :: default.dbj running.
[10/06/26 05:50:43] D2BS 5964: Loaded ÿc9[X.nip] [Y.nip] [Z.nip] [V.nip] [A.TRAP.nip]
[10/06/26 05:50:43] D2BS 5964: Loaded ÿc9[A.TRAP.js]
[10/06/26 05:50:43] D2BS 5964: equipped: [Head] 16
[10/06/26 05:50:43] D2BS 5964: equipped: [Neck] 16
[10/06/26 05:50:43] D2BS 5964: equipped: [Body] 19
[10/06/26 05:50:43] D2BS 5964: equipped: [ArmR] 32
[10/06/26 05:50:43] D2BS 5964: equipped: [ArmL] 26
[10/06/26 05:50:43] D2BS 5964: equipped: [RingR] 16
[10/06/26 05:50:43] D2BS 5964: equipped: [RingL] 14
[10/06/26 05:50:43] D2BS 5964: equipped: [Belt] 19
[10/06/26 05:50:43] D2BS 5964: equipped: [Boots] 13
[10/06/26 05:50:43] D2BS 5964: equipped: [Mitts] 14
[10/06/26 05:50:43] D2BS 5964: Loaded ÿc9[AutoSmurf.js]
[10/06/26 05:50:48] D2BS 5964: MiniShopBot: true
[10/06/26 05:50:48] D2BS 5964: farmingON
[10/06/26 05:50:48] D2BS 5964: UseMerc: true HP: 70
[10/06/26 05:51:05] D2BS 5964: Merc matched: Blessed Aim
[10/06/26 05:51:42] D2BS 5964: act5+ BO
[10/06/26 05:51:44] D2BS 5964: updateStat
[10/06/26 05:51:56] D2BS 5964: ÿc4=== [BAAL] ===
[10/06/26 05:55:46] D2BS 5964: ÿc4=== [COUNTESS] ===
[10/06/26 05:57:06] D2BS 5964: ÿc4=== [PIT] ===
[10/06/26 05:59:00] D2BS 5964: ÿc4=== [ANDY] ===
[10/06/26 06:00:02] D2BS 5964: ÿc4=== [COWS] ===
[10/06/26 06:11:00] D2BS 5964: Cows failed: followDriver
[10/06/26 06:11:46] D2BS 5964: ÿc4=== [MEPHISTO] ===
[10/06/26 06:13:07] D2BS 5964: ÿc4=== [DIABLO] ===
[10/06/26 06:20:39] D2BS 5964: party has left: fowo-xa
[10/06/26 06:20:40] D2BS 5964:  [29:57] +4.58% / [Level 90] 52.52%
[10/06/26 06:20:40] D2BS 5964: Script threads\autobuildthread.js ended
[10/06/26 06:20:40] D2BS 5964: Script threads\partythread.js ended
[10/06/26 06:20:40] D2BS 5964: Script threads\townchicken.js ended
[10/06/26 06:20:40] D2BS 5964: Script default.dbj ended
[10/06/26 06:20:52] D2BS 5964: joining game pz-210
[10/06/26 06:20:54] D2BS 5964: ÿc2D2BSÿc0 :: Starting default.dbj
[10/06/26 06:20:54] D2BS 5964: ÿc2D2BSÿc0 :: default.dbj running.
[10/06/26 06:20:54] D2BS 5964: Loaded ÿc9[X.nip] [Y.nip] [Z.nip] [V.nip] [A.TRAP.nip]
[10/06/26 06:20:54] D2BS 5964: Loaded ÿc9[A.TRAP.js]
[10/06/26 06:20:54] D2BS 5964: equipped: [Head] 16
[10/06/26 06:20:54] D2BS 5964: equipped: [Neck] 16
[10/06/26 06:20:54] D2BS 5964: equipped: [Body] 19
[10/06/26 06:20:54] D2BS 5964: equipped: [ArmR] 32
[10/06/26 06:20:54] D2BS 5964: equipped: [ArmL] 26
[10/06/26 06:20:54] D2BS 5964: equipped: [RingR] 16
[10/06/26 06:20:54] D2BS 5964: equipped: [RingL] 14
[10/06/26 06:20:54] D2BS 5964: equipped: [Belt] 19
[10/06/26 06:20:54] D2BS 5964: equipped: [Boots] 13
[10/06/26 06:20:54] D2BS 5964: equipped: [Mitts] 14
[10/06/26 06:20:54] D2BS 5964: updateStat
[10/06/26 06:20:54] D2BS 5964: granted: [Head] 15
[10/06/26 06:20:54] D2BS 5964: granted: [Body] 20
[10/06/26 06:20:54] D2BS 5964: granted: [ArmR] 23
[10/06/26 06:20:54] D2BS 5964: Loaded ÿc9[AutoSmurf.js]
[10/06/26 06:20:59] D2BS 5964: farmingON
[10/06/26 06:21:01] D2BS 5964: MiniShopBot: true
[10/06/26 06:21:01] D2BS 5964: UseMerc: true HP: 70
[10/06/26 06:21:22] D2BS 5964: Merc matched: Blessed Aim
[10/06/26 06:21:35] D2BS 5964: act5+ BO
[10/06/26 06:21:48] D2BS 5964: ÿc4=== [BAAL] ===
[10/06/26 06:24:25] D2BS 5964: party has left: fowo-xe
[10/06/26 06:24:25] D2BS 5964:  [03:31] +1.53% / [Level 90] 54.04%
[10/06/26 06:24:25] D2BS 5964: Script threads\autobuildthread.js ended
[10/06/26 06:24:25] D2BS 5964: Script threads\partythread.js ended
[10/06/26 06:24:25] D2BS 5964: Script threads\townchicken.js ended
[10/06/26 06:24:26] D2BS 5964: Script default.dbj ended
[10/06/26 06:24:44] D2BS 5964: joining game pz-211
[10/06/26 06:24:46] D2BS 5964: ÿc2D2BSÿc0 :: Starting default.dbj
[10/06/26 06:24:46] D2BS 5964: ÿc2D2BSÿc0 :: default.dbj running.
[10/06/26 06:24:46] D2BS 5964: Loaded ÿc9[X.nip] [Y.nip] [Z.nip] [V.nip] [A.TRAP.nip]
[10/06/26 06:24:46] D2BS 5964: Loaded ÿc9[A.TRAP.js]
[10/06/26 06:24:46] D2BS 5964: equipped: [Head] 16
[10/06/26 06:24:46] D2BS 5964: equipped: [Neck] 16
[10/06/26 06:24:46] D2BS 5964: equipped: [Body] 19
[10/06/26 06:24:46] D2BS 5964: equipped: [ArmR] 32
[10/06/26 06:24:46] D2BS 5964: equipped: [ArmL] 26
[10/06/26 06:24:46] D2BS 5964: equipped: [RingR] 16
[10/06/26 06:24:46] D2BS 5964: equipped: [RingL] 14
[10/06/26 06:24:46] D2BS 5964: equipped: [Belt] 19
[10/06/26 06:24:46] D2BS 5964: equipped: [Boots] 13
[10/06/26 06:24:47] D2BS 5964: equipped: [Mitts] 14
[10/06/26 06:24:47] D2BS 5964: updateStat
[10/06/26 06:24:47] D2BS 5964: granted: [Head] 15
[10/06/26 06:24:47] D2BS 5964: granted: [Body] 20
[10/06/26 06:24:47] D2BS 5964: granted: [ArmR] 23
[10/06/26 06:24:47] D2BS 5964: Loaded ÿc9[AutoSmurf.js]
[10/06/26 06:24:48] D2BS 5964: MiniShopBot: true
[10/06/26 06:24:48] D2BS 5964: farmingON
[10/06/26 06:24:48] D2BS 5964: UseMerc: true HP: 70
[10/06/26 06:25:04] D2BS 5964: Merc matched: Blessed Aim
[10/06/26 06:25:44] D2BS 5964: act5+ BO
[10/06/26 06:25:57] D2BS 5964: ÿc4=== [BAAL] ===
[10/06/26 06:26:10] D2BS 5964: Baal failed: souls found
[10/06/26 06:26:10] D2BS 5964: ÿc4=== [COUNTESS] ===
[10/06/26 06:27:14] D2BS 5964: ÿc4=== [PIT] ===
[10/06/26 06:29:08] D2BS 5964: ÿc4=== [ANDY] ===
[10/06/26 06:30:10] D2BS 5964: ÿc4=== [COWS] ===
[10/06/26 06:35:51] D2BS 5964: Cows failed: followDriver
[10/06/26 06:36:22] D2BS 5964: ÿc4=== [MEPHISTO] ===
[10/06/26 06:37:50] D2BS 5964: ÿc4=== [DIABLO] ===
[10/06/26 06:43:04] D2BS 5964: party has left: fowo-xe
[10/06/26 06:43:04] D2BS 5964: Script ended
[10/06/26 06:43:04] D2BS 5964:  [18:18] +2.19% / [Level 90] 56.23%
[10/06/26 06:43:04] D2BS 5964: Script threads\autobuildthread.js ended
[10/06/26 06:43:05] D2BS 5964: Script threads\partythread.js ended
[10/06/26 06:43:05] D2BS 5964: Script threads\townchicken.js ended
[10/06/26 06:43:17] D2BS 5964: joining game pz-212
[10/06/26 06:43:19] D2BS 5964: ÿc2D2BSÿc0 :: Starting default.dbj
[10/06/26 06:43:19] D2BS 5964: ÿc2D2BSÿc0 :: default.dbj running.
[10/06/26 06:43:20] D2BS 5964: Loaded ÿc9[X.nip] [Y.nip] [Z.nip] [V.nip] [A.TRAP.nip]
[10/06/26 06:43:20] D2BS 5964: Loaded ÿc9[A.TRAP.js]
[10/06/26 06:43:20] D2BS 5964: equipped: [Head] 16
[10/06/26 06:43:20] D2BS 5964: equipped: [Neck] 16
[10/06/26 06:43:20] D2BS 5964: equipped: [Body] 19
[10/06/26 06:43:20] D2BS 5964: equipped: [ArmR] 32
[10/06/26 06:43:20] D2BS 5964: equipped: [ArmL] 26
[10/06/26 06:43:20] D2BS 5964: equipped: [RingR] 16
[10/06/26 06:43:20] D2BS 5964: equipped: [RingL] 14
[10/06/26 06:43:20] D2BS 5964: equipped: [Belt] 19
[10/06/26 06:43:20] D2BS 5964: equipped: [Boots] 13
[10/06/26 06:43:20] D2BS 5964: equipped: [Mitts] 14
[10/06/26 06:43:20] D2BS 5964: updateStat
[10/06/26 06:43:20] D2BS 5964: granted: [Head] 15
[10/06/26 06:43:20] D2BS 5964: granted: [Body] 20
[10/06/26 06:43:20] D2BS 5964: granted: [ArmR] 23
[10/06/26 06:43:20] D2BS 5964: Loaded ÿc9[AutoSmurf.js]
[10/06/26 06:43:24] D2BS 5964: MiniShopBot: true
[10/06/26 06:43:24] D2BS 5964: farmingON
[10/06/26 06:43:24] D2BS 5964: UseMerc: true HP: 70
[10/06/26 06:43:51] D2BS 5964: Merc matched: Blessed Aim
[10/06/26 06:44:02] D2BS 5964: act5+ BO
[10/06/26 06:44:16] D2BS 5964: ÿc4=== [BAAL] ===
[10/06/26 06:47:05] D2BS 5964: ÿc4=== [COUNTESS] ===
[10/06/26 06:48:18] D2BS 5964: ÿc4=== [PIT] ===
[10/06/26 06:49:40] D2BS 5964: ÿc4=== [ANDY] ===
[10/06/26 06:50:37] D2BS 5964: ÿc4=== [COWS] ===
[10/06/26 07:02:36] D2BS 5964: party has left: fowo-xe
[10/06/26 07:02:36] D2BS 5964:  [19:17] +2.44% / [Level 90] 58.67%
[10/06/26 07:02:36] D2BS 5964: Script threads\autobuildthread.js ended
[10/06/26 07:02:36] D2BS 5964: Script threads\partythread.js ended
[10/06/26 07:02:36] D2BS 5964: Script threads\townchicken.js ended
[10/06/26 07:02:36] D2BS 5964: Script default.dbj ended
[10/06/26 07:02:50] D2BS 5964: joining game pz-213
[10/06/26 07:02:52] D2BS 5964: ÿc2D2BSÿc0 :: Starting default.dbj
[10/06/26 07:02:52] D2BS 5964: ÿc2D2BSÿc0 :: default.dbj running.
[10/06/26 07:02:52] D2BS 5964: Loaded ÿc9[X.nip] [Y.nip] [Z.nip] [V.nip] [A.TRAP.nip]
[10/06/26 07:02:52] D2BS 5964: Loaded ÿc9[A.TRAP.js]
[10/06/26 07:02:52] D2BS 5964: equipped: [Head] 16
[10/06/26 07:02:52] D2BS 5964: equipped: [Neck] 16
[10/06/26 07:02:52] D2BS 5964: equipped: [Body] 19
[10/06/26 07:02:52] D2BS 5964: equipped: [ArmR] 32
[10/06/26 07:02:52] D2BS 5964: equipped: [ArmL] 26
[10/06/26 07:02:52] D2BS 5964: equipped: [RingR] 16
[10/06/26 07:02:52] D2BS 5964: equipped: [RingL] 14
[10/06/26 07:02:52] D2BS 5964: equipped: [Belt] 19
[10/06/26 07:02:52] D2BS 5964: equipped: [Boots] 13
[10/06/26 07:02:52] D2BS 5964: equipped: [Mitts] 14
[10/06/26 07:02:52] D2BS 5964: updateStat
[10/06/26 07:02:52] D2BS 5964: granted: [Head] 15
[10/06/26 07:02:53] D2BS 5964: granted: [Body] 20
[10/06/26 07:02:53] D2BS 5964: granted: [ArmR] 23
[10/06/26 07:02:53] D2BS 5964: Loaded ÿc9[AutoSmurf.js]
[10/06/26 07:02:58] D2BS 5964: MiniShopBot: true
[10/06/26 07:02:58] D2BS 5964: farmingON
[10/06/26 07:02:58] D2BS 5964: UseMerc: true HP: 70
[10/06/26 07:03:22] D2BS 5964: Merc matched: Blessed Aim
[10/06/26 07:03:33] D2BS 5964: act5+ BO
[10/06/26 07:03:47] D2BS 5964: ÿc4=== [BAAL] ===
[10/06/26 07:06:56] D2BS 5964: ÿc4=== [COUNTESS] ===
[10/06/26 07:08:11] D2BS 5964: ÿc4=== [PIT] ===
[10/06/26 07:09:42] D2BS 5964: ÿc4=== [ANDY] ===
[10/06/26 07:10:37] D2BS 5964: ÿc4=== [COWS] ===
[10/06/26 07:17:09] D2BS 5964: party has left: fowo-xd
[10/06/26 07:17:09] D2BS 5964:  [14:17] +2.76% / [Level 90] 61.43%
[10/06/26 07:17:09] D2BS 5964: Script threads\autobuildthread.js ended
[10/06/26 07:17:09] D2BS 5964: Script threads\partythread.js ended
[10/06/26 07:17:09] D2BS 5964: Script threads\townchicken.js ended
[10/06/26 07:17:09] D2BS 5964: Script default.dbj ended
[10/06/26 07:17:22] D2BS 5964: joining game pz-214
[10/06/26 07:17:24] D2BS 5964: ÿc2D2BSÿc0 :: Starting default.dbj
[10/06/26 07:17:24] D2BS 5964: ÿc2D2BSÿc0 :: default.dbj running.
[10/06/26 07:17:24] D2BS 5964: Loaded ÿc9[X.nip] [Y.nip] [Z.nip] [V.nip] [A.TRAP.nip]
[10/06/26 07:17:24] D2BS 5964: Loaded ÿc9[A.TRAP.js]
[10/06/26 07:17:24] D2BS 5964: equipped: [Head] 16
[10/06/26 07:17:24] D2BS 5964: equipped: [Neck] 16
[10/06/26 07:17:24] D2BS 5964: equipped: [Body] 19
[10/06/26 07:17:24] D2BS 5964: equipped: [ArmR] 32
[10/06/26 07:17:24] D2BS 5964: equipped: [ArmL] 26
[10/06/26 07:17:24] D2BS 5964: equipped: [RingR] 16
[10/06/26 07:17:24] D2BS 5964: equipped: [RingL] 14
[10/06/26 07:17:24] D2BS 5964: equipped: [Belt] 19
[10/06/26 07:17:24] D2BS 5964: equipped: [Boots] 13
[10/06/26 07:17:24] D2BS 5964: equipped: [Mitts] 14
[10/06/26 07:17:24] D2BS 5964: updateStat
[10/06/26 07:17:24] D2BS 5964: granted: [Head] 15
[10/06/26 07:17:24] D2BS 5964: granted: [Body] 20
[10/06/26 07:17:24] D2BS 5964: granted: [ArmR] 23
[10/06/26 07:17:24] D2BS 5964: Loaded ÿc9[AutoSmurf.js]
[10/06/26 07:17:28] D2BS 5964: farmingON
[10/06/26 07:17:32] D2BS 5964: MiniShopBot: true
[10/06/26 07:17:32] D2BS 5964: UseMerc: true HP: 70
[10/06/26 07:17:51] D2BS 5964: equipped: [RingL] 15
[10/06/26 07:17:51] D2BS 5964: Merc matched: Blessed Aim
[10/06/26 07:18:09] D2BS 5964: act5+ BO
[10/06/26 07:18:22] D2BS 5964: ÿc4=== [BAAL] ===
[10/06/26 07:21:56] D2BS 5964: ÿc4=== [COUNTESS] ===
[10/06/26 07:23:11] D2BS 5964: ÿc4=== [PIT] ===
[10/06/26 07:24:35] D2BS 5964: ÿc4=== [ANDY] ===
[10/06/26 07:25:38] D2BS 5964: ÿc4=== [COWS] ===
[10/06/26 07:35:25] D2BS 5964: Cows failed: followDriver
[10/06/26 07:35:28] D2BS 5964: ÿc4=== [MEPHISTO] ===
[10/06/26 07:36:56] D2BS 5964: ÿc4=== [DIABLO] ===
[10/06/26 07:42:19] D2BS 5964: party has left: fowo-xh
[10/06/26 07:42:20] D2BS 5964:  [24:56] +4.35% / [Level 90] 65.78%
[10/06/26 07:42:20] D2BS 5964: Script threads\autobuildthread.js ended
[10/06/26 07:42:20] D2BS 5964: Script threads\partythread.js ended
[10/06/26 07:42:20] D2BS 5964: Script threads\townchicken.js ended
[10/06/26 07:42:20] D2BS 5964: Script default.dbj ended
[10/06/26 07:42:33] D2BS 5964: joining game pz-215
[10/06/26 07:42:34] D2BS 5964: ÿc2D2BSÿc0 :: Starting default.dbj
[10/06/26 07:42:34] D2BS 5964: ÿc2D2BSÿc0 :: default.dbj running.
[10/06/26 07:42:34] D2BS 5964: Loaded ÿc9[X.nip] [Y.nip] [Z.nip] [V.nip] [A.TRAP.nip]
[10/06/26 07:42:34] D2BS 5964: Loaded ÿc9[A.TRAP.js]
[10/06/26 07:42:34] D2BS 5964: equipped: [Head] 16
[10/06/26 07:42:34] D2BS 5964: equipped: [Neck] 16
[10/06/26 07:42:34] D2BS 5964: equipped: [Body] 19
[10/06/26 07:42:35] D2BS 5964: equipped: [ArmR] 32
[10/06/26 07:42:35] D2BS 5964: equipped: [ArmL] 26
[10/06/26 07:42:35] D2BS 5964: equipped: [RingR] 16
[10/06/26 07:42:35] D2BS 5964: equipped: [RingL] 15
[10/06/26 07:42:35] D2BS 5964: equipped: [Belt] 19
[10/06/26 07:42:35] D2BS 5964: equipped: [Boots] 13
[10/06/26 07:42:35] D2BS 5964: equipped: [Mitts] 14
[10/06/26 07:42:35] D2BS 5964: updateStat
[10/06/26 07:42:35] D2BS 5964: granted: [Head] 15
[10/06/26 07:42:35] D2BS 5964: granted: [Body] 20
[10/06/26 07:42:35] D2BS 5964: granted: [ArmR] 23
[10/06/26 07:42:35] D2BS 5964: Loaded ÿc9[AutoSmurf.js]
[10/06/26 07:42:39] D2BS 5964: farmingON
[10/06/26 07:42:42] D2BS 5964: MiniShopBot: true
[10/06/26 07:42:42] D2BS 5964: UseMerc: true HP: 70
[10/06/26 07:43:03] D2BS 5964: Merc matched: Blessed Aim
[10/06/26 07:43:13] D2BS 5964: act5+ BO
[10/06/26 07:43:27] D2BS 5964: ÿc4=== [BAAL] ===
[10/06/26 07:43:40] D2BS 5964: Baal failed: souls found
[10/06/26 07:43:40] D2BS 5964: ÿc4=== [COUNTESS] ===
[10/06/26 07:44:43] D2BS 5964: ÿc4=== [PIT] ===
[10/06/26 07:46:42] D2BS 5964: ÿc4=== [ANDY] ===
[10/06/26 07:47:36] D2BS 5964: ÿc4=== [COWS] ===
[10/06/26 07:50:07] D2BS 5964: Going to town
[10/06/26 07:50:07] D2BS 5964: [Chicken] Life (1088/3327) area:1 (4413,5663)
[10/06/26 07:50:07] D2BS 5964:  [07:33] +0.69% / [Level 90] 66.47%
[10/06/26 07:50:07] D2BS 5964: Script threads\autobuildthread.js ended
[10/06/26 07:50:07] D2BS 5964: Script threads\partythread.js ended
[10/06/26 07:50:07] D2BS 5964: Script threads\townchicken.js ended
[10/06/26 07:50:07] D2BS 5964: Script default.dbj ended
[10/06/26 07:50:20] D2BS 5964: joining game pz-216
[10/06/26 07:50:23] D2BS 5964: ÿc2D2BSÿc0 :: Starting default.dbj
[10/06/26 07:50:23] D2BS 5964: ÿc2D2BSÿc0 :: default.dbj running.
[10/06/26 07:50:23] D2BS 5964: Loaded ÿc9[X.nip] [Y.nip] [Z.nip] [V.nip] [A.TRAP.nip]
[10/06/26 07:50:23] D2BS 5964: Loaded ÿc9[A.TRAP.js]
[10/06/26 07:50:23] D2BS 5964: equipped: [Head] 16
[10/06/26 07:50:23] D2BS 5964: equipped: [Neck] 16
[10/06/26 07:50:23] D2BS 5964: equipped: [Body] 19
[10/06/26 07:50:23] D2BS 5964: equipped: [ArmR] 32
[10/06/26 07:50:23] D2BS 5964: equipped: [ArmL] 26
[10/06/26 07:50:23] D2BS 5964: equipped: [RingR] 16
[10/06/26 07:50:23] D2BS 5964: equipped: [RingL] 15
[10/06/26 07:50:23] D2BS 5964: equipped: [Belt] 19
[10/06/26 07:50:23] D2BS 5964: equipped: [Boots] 13
[10/06/26 07:50:23] D2BS 5964: equipped: [Mitts] 14
[10/06/26 07:50:23] D2BS 5964: Loaded ÿc9[AutoSmurf.js]
[10/06/26 07:50:29] D2BS 5964: farmingON
[10/06/26 07:50:30] D2BS 5964: MiniShopBot: true
[10/06/26 07:50:30] D2BS 5964: UseMerc: true HP: 70
[10/06/26 07:50:39] D2BS 5964: updateStat
[10/06/26 07:50:39] D2BS 5964: granted: [Head] 15
[10/06/26 07:50:39] D2BS 5964: granted: [Body] 20
[10/06/26 07:50:39] D2BS 5964: granted: [ArmR] 23
[10/06/26 07:50:58] D2BS 5964: Merc matched: Blessed Aim
[10/06/26 07:51:06] D2BS 5964: act5+ BO
[10/06/26 07:51:08] D2BS 5964: updateStat
[10/06/26 07:51:19] D2BS 5964: ÿc4=== [BAAL] ===
[10/06/26 07:55:15] D2BS 5964: ÿc4=== [COUNTESS] ===
[10/06/26 07:56:16] D2BS 5964: ÿc4=== [PIT] ===
[10/06/26 07:57:33] D2BS 5964: ÿc4=== [ANDY] ===
[10/06/26 07:58:40] D2BS 5964: ÿc4=== [COWS] ===
[10/06/26 08:04:32] D2BS 5964: Cows failed: followDriver
[10/06/26 08:05:02] D2BS 5964: ÿc4=== [MEPHISTO] ===
[10/06/26 08:06:54] D2BS 5964: ÿc4=== [DIABLO] ===
[10/06/26 08:13:15] D2BS 5964: party has left: fowo-xb
[10/06/26 08:13:15] D2BS 5964:  [22:53] +4.74% / [Level 90] 71.21%
[10/06/26 08:13:15] D2BS 5964: Script threads\autobuildthread.js ended
[10/06/26 08:13:15] D2BS 5964: Script threads\partythread.js ended
[10/06/26 08:13:15] D2BS 5964: Script threads\townchicken.js ended
[10/06/26 08:13:15] D2BS 5964: Script default.dbj ended
[10/06/26 08:13:29] D2BS 5964: joining game pz-217
[10/06/26 08:13:31] D2BS 5964: ÿc2D2BSÿc0 :: Starting default.dbj
[10/06/26 08:13:31] D2BS 5964: ÿc2D2BSÿc0 :: default.dbj running.
[10/06/26 08:13:31] D2BS 5964: Loaded ÿc9[X.nip] [Y.nip] [Z.nip] [V.nip] [A.TRAP.nip]
[10/06/26 08:13:31] D2BS 5964: Loaded ÿc9[A.TRAP.js]
[10/06/26 08:13:31] D2BS 5964: equipped: [Head] 16
[10/06/26 08:13:31] D2BS 5964: equipped: [Neck] 16
[10/06/26 08:13:31] D2BS 5964: equipped: [Body] 19
[10/06/26 08:13:31] D2BS 5964: equipped: [ArmR] 32
[10/06/26 08:13:32] D2BS 5964: equipped: [ArmL] 26
[10/06/26 08:13:32] D2BS 5964: equipped: [RingR] 16
[10/06/26 08:13:32] D2BS 5964: equipped: [RingL] 15
[10/06/26 08:13:32] D2BS 5964: equipped: [Belt] 19
[10/06/26 08:13:32] D2BS 5964: equipped: [Boots] 13
[10/06/26 08:13:32] D2BS 5964: equipped: [Mitts] 14
[10/06/26 08:13:32] D2BS 5964: updateStat
[10/06/26 08:13:32] D2BS 5964: granted: [Head] 15
[10/06/26 08:13:32] D2BS 5964: granted: [Body] 20
[10/06/26 08:13:32] D2BS 5964: granted: [ArmR] 23
[10/06/26 08:13:32] D2BS 5964: Loaded ÿc9[AutoSmurf.js]
[10/06/26 08:13:37] D2BS 5964: farmingON
[10/06/26 08:13:37] D2BS 5964: MiniShopBot: true
[10/06/26 08:13:37] D2BS 5964: UseMerc: true HP: 70
[10/06/26 08:13:55] D2BS 5964: Merc matched: Blessed Aim
[10/06/26 08:14:11] D2BS 5964: act5+ BO
[10/06/26 08:14:24] D2BS 5964: ÿc4=== [BAAL] ===
[10/06/26 08:17:29] D2BS 5964: ÿc4=== [COUNTESS] ===
[10/06/26 08:18:36] D2BS 5964: ÿc4=== [PIT] ===
[10/06/26 08:19:58] D2BS 5964: ÿc4=== [ANDY] ===
[10/06/26 08:21:03] D2BS 5964: ÿc4=== [COWS] ===
[10/06/26 08:32:43] D2BS 5964: ÿc4=== [MEPHISTO] ===
[10/06/26 08:34:13] D2BS 5964: ÿc4=== [DIABLO] ===
[10/06/26 08:34:25] D2BS 5964: [Craft] Caster Wyrmhide Boots (Eth)
[10/06/26 08:34:42] D2BS 5964: equipped: [Boots] 14
[10/06/26 08:39:27] D2BS 5964: party has left: fowo-xa
[10/06/26 08:39:27] D2BS 5964:  [25:56] +3.44% / [Level 90] 74.65%
[10/06/26 08:39:27] D2BS 5964: Script threads\autobuildthread.js ended
[10/06/26 08:39:27] D2BS 5964: Script threads\partythread.js ended
[10/06/26 08:39:27] D2BS 5964: Script threads\townchicken.js ended
[10/06/26 08:39:27] D2BS 5964: Script default.dbj ended
[10/06/26 08:39:40] D2BS 5964: joining game pz-218
[10/06/26 08:39:43] D2BS 5964: ÿc2D2BSÿc0 :: Starting default.dbj
[10/06/26 08:39:43] D2BS 5964: ÿc2D2BSÿc0 :: default.dbj running.
[10/06/26 08:39:43] D2BS 5964: Loaded ÿc9[X.nip] [Y.nip] [Z.nip] [V.nip] [A.TRAP.nip]
[10/06/26 08:39:43] D2BS 5964: Loaded ÿc9[A.TRAP.js]
[10/06/26 08:39:43] D2BS 5964: equipped: [Head] 16
[10/06/26 08:39:43] D2BS 5964: equipped: [Neck] 16
[10/06/26 08:39:43] D2BS 5964: equipped: [Body] 19
[10/06/26 08:39:43] D2BS 5964: equipped: [ArmR] 32
[10/06/26 08:39:43] D2BS 5964: equipped: [ArmL] 26
[10/06/26 08:39:43] D2BS 5964: equipped: [RingR] 16
[10/06/26 08:39:43] D2BS 5964: equipped: [RingL] 15
[10/06/26 08:39:43] D2BS 5964: equipped: [Belt] 19
[10/06/26 08:39:43] D2BS 5964: equipped: [Boots] 14
[10/06/26 08:39:43] D2BS 5964: equipped: [Mitts] 14
[10/06/26 08:39:43] D2BS 5964: updateStat
[10/06/26 08:39:43] D2BS 5964: granted: [Head] 15
[10/06/26 08:39:43] D2BS 5964: granted: [Body] 20
[10/06/26 08:39:43] D2BS 5964: granted: [ArmR] 23
[10/06/26 08:39:43] D2BS 5964: Loaded ÿc9[AutoSmurf.js]
[10/06/26 08:39:49] D2BS 5964: farmingON
[10/06/26 08:39:49] D2BS 5964: MiniShopBot: true
[10/06/26 08:39:49] D2BS 5964: UseMerc: true HP: 70
[10/06/26 08:40:09] D2BS 5964: Merc matched: Blessed Aim
[10/06/26 08:40:22] D2BS 5964: act5+ BO
[10/06/26 08:40:34] D2BS 5964: ÿc4=== [BAAL] ===
[10/06/26 08:43:46] D2BS 5964: ÿc4=== [COUNTESS] ===
[10/06/26 08:44:59] D2BS 5964: ÿc4=== [PIT] ===
[10/06/26 08:47:03] D2BS 5964: ÿc4=== [ANDY] ===
[10/06/26 08:47:05] D2BS 5964: granted: [ArmR] 24
[10/06/26 08:48:03] D2BS 5964: ÿc4=== [COWS] ===
[10/06/26 09:00:19] D2BS 5964: ÿc4=== [MEPHISTO] ===
[10/06/26 09:01:59] D2BS 5964: ÿc4=== [DIABLO] ===
[10/06/26 09:07:15] D2BS 5964: party has left: fowo-xd
[10/06/26 09:07:15] D2BS 5964: party has left: fowo-xd
[10/06/26 09:07:15] D2BS 5964: party has left: fowo-xd
[10/06/26 09:07:15] D2BS 5964:  [27:33] +3.99% / [Level 90] 78.64%
[10/06/26 09:07:15] D2BS 5964: Script threads\autobuildthread.js ended
[10/06/26 09:07:15] D2BS 5964: Script threads\partythread.js ended
[10/06/26 09:07:15] D2BS 5964: Script threads\townchicken.js ended
[10/06/26 09:07:15] D2BS 5964: Script default.dbj ended
[10/06/26 09:07:27] D2BS 5964: joining game pz-219
[10/06/26 09:07:29] D2BS 5964: ÿc2D2BSÿc0 :: Starting default.dbj
[10/06/26 09:07:29] D2BS 5964: ÿc2D2BSÿc0 :: default.dbj running.
[10/06/26 09:07:29] D2BS 5964: Loaded ÿc9[X.nip] [Y.nip] [Z.nip] [V.nip] [A.TRAP.nip]
[10/06/26 09:07:29] D2BS 5964: Loaded ÿc9[A.TRAP.js]
[10/06/26 09:07:29] D2BS 5964: equipped: [Head] 16
[10/06/26 09:07:29] D2BS 5964: equipped: [Neck] 16
[10/06/26 09:07:29] D2BS 5964: equipped: [Body] 19
[10/06/26 09:07:29] D2BS 5964: equipped: [ArmR] 32
[10/06/26 09:07:30] D2BS 5964: equipped: [ArmL] 26
[10/06/26 09:07:30] D2BS 5964: equipped: [RingR] 16
[10/06/26 09:07:30] D2BS 5964: equipped: [RingL] 15
[10/06/26 09:07:30] D2BS 5964: equipped: [Belt] 19
[10/06/26 09:07:30] D2BS 5964: equipped: [Boots] 14
[10/06/26 09:07:30] D2BS 5964: equipped: [Mitts] 14
[10/06/26 09:07:30] D2BS 5964: updateStat
[10/06/26 09:07:30] D2BS 5964: granted: [Head] 15
[10/06/26 09:07:30] D2BS 5964: granted: [Body] 20
[10/06/26 09:07:30] D2BS 5964: granted: [ArmR] 24
[10/06/26 09:07:30] D2BS 5964: Loaded ÿc9[AutoSmurf.js]
[10/06/26 09:07:36] D2BS 5964: MiniShopBot: true
[10/06/26 09:07:36] D2BS 5964: farmingON
[10/06/26 09:07:36] D2BS 5964: UseMerc: true HP: 70
[10/06/26 09:08:00] D2BS 5964: Merc matched: Blessed Aim
[10/06/26 09:08:08] D2BS 5964: act5+ BO
[10/06/26 09:08:21] D2BS 5964: ÿc4=== [BAAL] ===
[10/06/26 09:11:37] D2BS 5964: ÿc4=== [COUNTESS] ===
[10/06/26 09:12:48] D2BS 5964: ÿc4=== [PIT] ===
[10/06/26 09:14:17] D2BS 5964: ÿc4=== [ANDY] ===
[10/06/26 09:15:14] D2BS 5964: ÿc4=== [COWS] ===
[10/06/26 09:30:51] D2BS 5964: ÿc4=== [MEPHISTO] ===
[10/06/26 09:31:07] D2BS 5964: act1 BO
[10/06/26 09:32:16] D2BS 5964: ÿc4=== [DIABLO] ===
[10/06/26 09:37:27] D2BS 5964: party has left: fowo-xa
[10/06/26 09:37:27] D2BS 5964:  [29:58] +3.63% / [Level 90] 82.27%
[10/06/26 09:37:27] D2BS 5964: Script threads\autobuildthread.js ended
[10/06/26 09:37:27] D2BS 5964: Script threads\partythread.js ended
[10/06/26 09:37:27] D2BS 5964: Script threads\townchicken.js ended
[10/06/26 09:37:27] D2BS 5964: Script default.dbj ended
[10/06/26 09:37:39] D2BS 5964: joining game pz-220
[10/06/26 09:37:41] D2BS 5964: ÿc2D2BSÿc0 :: Starting default.dbj
[10/06/26 09:37:41] D2BS 5964: ÿc2D2BSÿc0 :: default.dbj running.
[10/06/26 09:37:42] D2BS 5964: Loaded ÿc9[X.nip] [Y.nip] [Z.nip] [V.nip] [A.TRAP.nip]
[10/06/26 09:37:42] D2BS 5964: Loaded ÿc9[A.TRAP.js]
[10/06/26 09:37:42] D2BS 5964: equipped: [Head] 16
[10/06/26 09:37:42] D2BS 5964: equipped: [Neck] 16
[10/06/26 09:37:42] D2BS 5964: equipped: [Body] 19
[10/06/26 09:37:42] D2BS 5964: equipped: [ArmR] 32
[10/06/26 09:37:42] D2BS 5964: equipped: [ArmL] 26
[10/06/26 09:37:42] D2BS 5964: equipped: [RingR] 16
[10/06/26 09:37:42] D2BS 5964: equipped: [RingL] 15
[10/06/26 09:37:42] D2BS 5964: equipped: [Belt] 19
[10/06/26 09:37:42] D2BS 5964: equipped: [Boots] 14
[10/06/26 09:37:42] D2BS 5964: equipped: [Mitts] 14
[10/06/26 09:37:42] D2BS 5964: updateStat
[10/06/26 09:37:42] D2BS 5964: granted: [Head] 15
[10/06/26 09:37:42] D2BS 5964: granted: [Body] 20
[10/06/26 09:37:42] D2BS 5964: granted: [ArmR] 24
[10/06/26 09:37:42] D2BS 5964: Loaded ÿc9[AutoSmurf.js]
[10/06/26 09:37:47] D2BS 5964: MiniShopBot: true
[10/06/26 09:37:47] D2BS 5964: farmingON
[10/06/26 09:37:47] D2BS 5964: UseMerc: true HP: 70
[10/06/26 09:38:08] D2BS 5964: Merc matched: Blessed Aim
[10/06/26 09:38:25] D2BS 5964: act5+ BO
[10/06/26 09:38:37] D2BS 5964: ÿc4=== [BAAL] ===
[10/06/26 09:42:19] D2BS 5964: ÿc4=== [COUNTESS] ===
[10/06/26 09:43:37] D2BS 5964: ÿc4=== [PIT] ===
[10/06/26 09:44:57] D2BS 5964: ÿc4=== [ANDY] ===
[10/06/26 09:46:02] D2BS 5964: ÿc4=== [COWS] ===
[10/06/26 09:59:50] D2BS 5964: ÿc4=== [MEPHISTO] ===
[10/06/26 10:01:16] D2BS 5964: ÿc4=== [DIABLO] ===
[10/06/26 10:07:27] D2BS 5964: party has left: fowo-xg
[10/06/26 10:07:27] D2BS 5964:  [29:46] +4.74% / [Level 90] 87.01%
[10/06/26 10:07:27] D2BS 5964: Script threads\autobuildthread.js ended
[10/06/26 10:07:28] D2BS 5964: Script threads\partythread.js ended
[10/06/26 10:07:28] D2BS 5964: Script threads\townchicken.js ended
[10/06/26 10:07:28] D2BS 5964: Script default.dbj ended
[10/06/26 10:07:39] D2BS 5964: joining game pz-221
[10/06/26 10:07:41] D2BS 5964: ÿc2D2BSÿc0 :: Starting default.dbj
[10/06/26 10:07:41] D2BS 5964: ÿc2D2BSÿc0 :: default.dbj running.
[10/06/26 10:07:42] D2BS 5964: Loaded ÿc9[X.nip] [Y.nip] [Z.nip] [V.nip] [A.TRAP.nip]
[10/06/26 10:07:42] D2BS 5964: Loaded ÿc9[A.TRAP.js]
[10/06/26 10:07:42] D2BS 5964: equipped: [Head] 16
[10/06/26 10:07:42] D2BS 5964: equipped: [Neck] 16
[10/06/26 10:07:42] D2BS 5964: equipped: [Body] 19
[10/06/26 10:07:42] D2BS 5964: equipped: [ArmR] 32
[10/06/26 10:07:42] D2BS 5964: equipped: [ArmL] 26
[10/06/26 10:07:42] D2BS 5964: equipped: [RingR] 16
[10/06/26 10:07:42] D2BS 5964: equipped: [RingL] 15
[10/06/26 10:07:42] D2BS 5964: equipped: [Belt] 19
[10/06/26 10:07:42] D2BS 5964: equipped: [Boots] 14
[10/06/26 10:07:42] D2BS 5964: equipped: [Mitts] 14
[10/06/26 10:07:42] D2BS 5964: updateStat
[10/06/26 10:07:42] D2BS 5964: granted: [Head] 15
[10/06/26 10:07:42] D2BS 5964: granted: [Body] 20
[10/06/26 10:07:42] D2BS 5964: granted: [ArmR] 24
[10/06/26 10:07:42] D2BS 5964: Loaded ÿc9[AutoSmurf.js]
[10/06/26 10:07:48] D2BS 5964: farmingON
[10/06/26 10:07:49] D2BS 5964: MiniShopBot: true
[10/06/26 10:07:49] D2BS 5964: UseMerc: true HP: 70
[10/06/26 10:08:07] D2BS 5964: Merc matched: Blessed Aim
[10/06/26 10:08:17] D2BS 5964: act5+ BO
[10/06/26 10:08:31] D2BS 5964: ÿc4=== [BAAL] ===
[10/06/26 10:11:58] D2BS 5964: ÿc4=== [COUNTESS] ===
[10/06/26 10:13:04] D2BS 5964: ÿc4=== [PIT] ===
[10/06/26 10:14:43] D2BS 5964: ÿc4=== [ANDY] ===
[10/06/26 10:15:39] D2BS 5964: ÿc4=== [COWS] ===
[10/06/26 10:27:38] D2BS 5964: ÿc4=== [MEPHISTO] ===
[10/06/26 10:29:03] D2BS 5964: ÿc4=== [DIABLO] ===
[10/06/26 10:29:11] D2BS 5964: ÿc4[Runeword] ÿc0Insight Cryptic Axe
[10/06/26 10:29:30] D2BS 5964: granted: [ArmR] 41
[10/06/26 10:35:39] D2BS 5964: party has left: fowo-xa, fowo-xb
[10/06/26 10:35:39] D2BS 5964:  [27:58] +4.18% / [Level 90] 91.19%
[10/06/26 10:35:39] D2BS 5964: Script threads\autobuildthread.js ended
[10/06/26 10:35:39] D2BS 5964: Script threads\partythread.js ended
[10/06/26 10:35:39] D2BS 5964: Script threads\townchicken.js ended
[10/06/26 10:35:39] D2BS 5964: Script default.dbj ended
[10/06/26 10:35:52] D2BS 5964: joining game pz-222
[10/06/26 10:35:54] D2BS 5964: ÿc2D2BSÿc0 :: Starting default.dbj
[10/06/26 10:35:54] D2BS 5964: ÿc2D2BSÿc0 :: default.dbj running.
[10/06/26 10:35:54] D2BS 5964: Loaded ÿc9[X.nip] [Y.nip] [Z.nip] [V.nip] [A.TRAP.nip]
[10/06/26 10:35:54] D2BS 5964: Loaded ÿc9[A.TRAP.js]
[10/06/26 10:35:54] D2BS 5964: equipped: [Head] 16
[10/06/26 10:35:54] D2BS 5964: equipped: [Neck] 16
[10/06/26 10:35:54] D2BS 5964: equipped: [Body] 19
[10/06/26 10:35:54] D2BS 5964: equipped: [ArmR] 32
[10/06/26 10:35:54] D2BS 5964: equipped: [ArmL] 26
[10/06/26 10:35:54] D2BS 5964: equipped: [RingR] 16
[10/06/26 10:35:54] D2BS 5964: equipped: [RingL] 15
[10/06/26 10:35:54] D2BS 5964: equipped: [Belt] 19
[10/06/26 10:35:54] D2BS 5964: equipped: [Boots] 14
[10/06/26 10:35:54] D2BS 5964: equipped: [Mitts] 14
[10/06/26 10:35:54] D2BS 5964: updateStat
[10/06/26 10:35:54] D2BS 5964: granted: [Head] 15
[10/06/26 10:35:54] D2BS 5964: granted: [Body] 20
[10/06/26 10:35:54] D2BS 5964: granted: [ArmR] 41
[10/06/26 10:35:54] D2BS 5964: Loaded ÿc9[AutoSmurf.js]
[10/06/26 10:36:00] D2BS 5964: MiniShopBot: true
[10/06/26 10:36:00] D2BS 5964: farmingON
[10/06/26 10:36:00] D2BS 5964: UseMerc: true HP: 70
[10/06/26 10:36:21] D2BS 5964: Merc matched: Blessed Aim
[10/06/26 10:36:32] D2BS 5964: act5+ BO
[10/06/26 10:36:44] D2BS 5964: ÿc4=== [BAAL] ===
[10/06/26 10:40:13] D2BS 5964: ÿc4=== [COUNTESS] ===
[10/06/26 10:41:44] D2BS 5964: ÿc4=== [PIT] ===
[10/06/26 10:43:26] D2BS 5964: ÿc4=== [ANDY] ===
[10/06/26 10:44:29] D2BS 5964: ÿc4=== [COWS] ===
[10/06/26 10:51:02] D2BS 5964: party has left: fowo-xa
[10/06/26 10:51:02] D2BS 5964:  [15:08] +2.31% / [Level 90] 93.50%
[10/06/26 10:51:02] D2BS 5964: Script threads\autobuildthread.js ended
[10/06/26 10:51:02] D2BS 5964: Script threads\partythread.js ended
[10/06/26 10:51:02] D2BS 5964: Script threads\townchicken.js ended
[10/06/26 10:51:02] D2BS 5964: Script default.dbj ended
[10/06/26 10:51:15] D2BS 5964: joining game pz-223
[10/06/26 10:51:18] D2BS 5964: ÿc2D2BSÿc0 :: Starting default.dbj
[10/06/26 10:51:18] D2BS 5964: ÿc2D2BSÿc0 :: default.dbj running.
[10/06/26 10:51:18] D2BS 5964: Loaded ÿc9[X.nip] [Y.nip] [Z.nip] [V.nip] [A.TRAP.nip]
[10/06/26 10:51:18] D2BS 5964: Loaded ÿc9[A.TRAP.js]
[10/06/26 10:51:18] D2BS 5964: equipped: [Head] 16
[10/06/26 10:51:18] D2BS 5964: equipped: [Neck] 16
[10/06/26 10:51:18] D2BS 5964: equipped: [Body] 19
[10/06/26 10:51:18] D2BS 5964: equipped: [ArmR] 32
[10/06/26 10:51:18] D2BS 5964: equipped: [ArmL] 26
[10/06/26 10:51:18] D2BS 5964: equipped: [RingR] 16
[10/06/26 10:51:18] D2BS 5964: equipped: [RingL] 15
[10/06/26 10:51:18] D2BS 5964: equipped: [Belt] 19
[10/06/26 10:51:18] D2BS 5964: equipped: [Boots] 14
[10/06/26 10:51:18] D2BS 5964: equipped: [Mitts] 14
[10/06/26 10:51:18] D2BS 5964: updateStat
[10/06/26 10:51:18] D2BS 5964: granted: [Head] 15
[10/06/26 10:51:18] D2BS 5964: granted: [Body] 20
[10/06/26 10:51:18] D2BS 5964: granted: [ArmR] 41
[10/06/26 10:51:18] D2BS 5964: Loaded ÿc9[AutoSmurf.js]
[10/06/26 10:51:24] D2BS 5964: MiniShopBot: true
[10/06/26 10:51:24] D2BS 5964: farmingON
[10/06/26 10:51:24] D2BS 5964: UseMerc: true HP: 70
[10/06/26 10:51:42] D2BS 5964: Merc matched: Blessed Aim
[10/06/26 10:52:12] D2BS 5964: act5+ BO
[10/06/26 10:52:42] D2BS 5964: party has left: fowo-xa
[10/06/26 10:52:42] D2BS 5964: no exp [01:25]
[10/06/26 10:52:42] D2BS 5964: Script threads\autobuildthread.js ended
[10/06/26 10:52:42] D2BS 5964: Script threads\partythread.js ended
[10/06/26 10:52:42] D2BS 5964: Script threads\townchicken.js ended
[10/06/26 10:52:42] D2BS 5964: Script default.dbj ended
[10/06/26 10:52:55] D2BS 5964: joining game pz-224
[10/06/26 10:52:56] D2BS 5964: ÿc2D2BSÿc0 :: Starting default.dbj
[10/06/26 10:52:56] D2BS 5964: ÿc2D2BSÿc0 :: default.dbj running.
[10/06/26 10:52:57] D2BS 5964: Loaded ÿc9[X.nip] [Y.nip] [Z.nip] [V.nip] [A.TRAP.nip]
[10/06/26 10:52:57] D2BS 5964: Loaded ÿc9[A.TRAP.js]
[10/06/26 10:52:57] D2BS 5964: equipped: [Head] 16
[10/06/26 10:52:57] D2BS 5964: equipped: [Neck] 16
[10/06/26 10:52:57] D2BS 5964: equipped: [Body] 19
[10/06/26 10:52:57] D2BS 5964: equipped: [ArmR] 32
[10/06/26 10:52:57] D2BS 5964: equipped: [ArmL] 26
[10/06/26 10:52:57] D2BS 5964: equipped: [RingR] 16
[10/06/26 10:52:57] D2BS 5964: equipped: [RingL] 15
[10/06/26 10:52:57] D2BS 5964: equipped: [Belt] 19
[10/06/26 10:52:57] D2BS 5964: equipped: [Boots] 14
[10/06/26 10:52:57] D2BS 5964: equipped: [Mitts] 14
[10/06/26 10:52:57] D2BS 5964: updateStat
[10/06/26 10:52:57] D2BS 5964: granted: [Head] 15
[10/06/26 10:52:57] D2BS 5964: granted: [Body] 20
[10/06/26 10:52:57] D2BS 5964: granted: [ArmR] 41
[10/06/26 10:52:57] D2BS 5964: Loaded ÿc9[AutoSmurf.js]
[10/06/26 10:52:59] D2BS 5964: MiniShopBot: true
[10/06/26 10:52:59] D2BS 5964: farmingON
[10/06/26 10:52:59] D2BS 5964: UseMerc: true HP: 70
[10/06/26 10:53:13] D2BS 5964: Merc matched: Blessed Aim
[10/06/26 10:53:25] D2BS 5964: act5+ BO
[10/06/26 10:53:29] D2BS 5964: party has left: fowo-xb
[10/06/26 10:53:29] D2BS 5964: no exp [00:33]
[10/06/26 10:53:29] D2BS 5964: Script threads\autobuildthread.js ended
[10/06/26 10:53:29] D2BS 5964: Script threads\partythread.js ended
[10/06/26 10:53:32] D2BS 5964: Script threads\townchicken.js ended
[10/06/26 10:53:32] D2BS 5964: Script default.dbj ended
[10/06/26 10:54:55] D2BS 5964: joining game pz-225
[10/06/26 10:54:57] D2BS 5964: ÿc2D2BSÿc0 :: Starting default.dbj
[10/06/26 10:54:57] D2BS 5964: ÿc2D2BSÿc0 :: default.dbj running.
[10/06/26 10:54:57] D2BS 5964: Loaded ÿc9[X.nip] [Y.nip] [Z.nip] [V.nip] [A.TRAP.nip]
[10/06/26 10:54:57] D2BS 5964: Loaded ÿc9[A.TRAP.js]
[10/06/26 10:54:57] D2BS 5964: equipped: [Head] 16
[10/06/26 10:54:57] D2BS 5964: equipped: [Neck] 16
[10/06/26 10:54:57] D2BS 5964: equipped: [Body] 19
[10/06/26 10:54:57] D2BS 5964: equipped: [ArmR] 32
[10/06/26 10:54:57] D2BS 5964: equipped: [ArmL] 26
[10/06/26 10:54:57] D2BS 5964: equipped: [RingR] 16
[10/06/26 10:54:57] D2BS 5964: equipped: [RingL] 15
[10/06/26 10:54:57] D2BS 5964: equipped: [Belt] 19
[10/06/26 10:54:57] D2BS 5964: equipped: [Boots] 14
[10/06/26 10:54:57] D2BS 5964: equipped: [Mitts] 14
[10/06/26 10:54:58] D2BS 5964: updateStat
[10/06/26 10:54:58] D2BS 5964: granted: [Head] 15
[10/06/26 10:54:58] D2BS 5964: granted: [Body] 20
[10/06/26 10:54:58] D2BS 5964: granted: [ArmR] 41
[10/06/26 10:54:58] D2BS 5964: Loaded ÿc9[AutoSmurf.js]
[10/06/26 10:54:59] D2BS 5964: MiniShopBot: true
[10/06/26 10:54:59] D2BS 5964: farmingON
[10/06/26 10:54:59] D2BS 5964: UseMerc: true HP: 70
[10/06/26 10:55:15] D2BS 5964: Merc matched: Blessed Aim
[10/06/26 10:55:22] D2BS 5964: act5+ BO
[10/06/26 10:55:48] D2BS 5964: party has left: fowo-xa
[10/06/26 10:55:48] D2BS 5964: no exp [00:51]
[10/06/26 10:55:48] D2BS 5964: Script threads\autobuildthread.js ended
[10/06/26 10:55:48] D2BS 5964: Script threads\partythread.js ended
[10/06/26 10:55:48] D2BS 5964: Script threads\townchicken.js ended
[10/06/26 10:55:48] D2BS 5964: Script default.dbj ended
[10/06/26 10:56:05] D2BS 5964: joining game pz-226
[10/06/26 10:56:07] D2BS 5964: ÿc2D2BSÿc0 :: Starting default.dbj
[10/06/26 10:56:07] D2BS 5964: ÿc2D2BSÿc0 :: default.dbj running.
[10/06/26 10:56:07] D2BS 5964: Loaded ÿc9[X.nip] [Y.nip] [Z.nip] [V.nip] [A.TRAP.nip]
[10/06/26 10:56:07] D2BS 5964: Loaded ÿc9[A.TRAP.js]
[10/06/26 10:56:07] D2BS 5964: equipped: [Head] 16
[10/06/26 10:56:07] D2BS 5964: equipped: [Neck] 16
[10/06/26 10:56:07] D2BS 5964: equipped: [Body] 19
[10/06/26 10:56:07] D2BS 5964: equipped: [ArmR] 32
[10/06/26 10:56:07] D2BS 5964: equipped: [ArmL] 26
[10/06/26 10:56:07] D2BS 5964: equipped: [RingR] 16
[10/06/26 10:56:07] D2BS 5964: equipped: [RingL] 15
[10/06/26 10:56:07] D2BS 5964: equipped: [Belt] 19
[10/06/26 10:56:07] D2BS 5964: equipped: [Boots] 14
[10/06/26 10:56:07] D2BS 5964: equipped: [Mitts] 14
[10/06/26 10:56:07] D2BS 5964: updateStat
[10/06/26 10:56:07] D2BS 5964: granted: [Head] 15
[10/06/26 10:56:07] D2BS 5964: granted: [Body] 20
[10/06/26 10:56:07] D2BS 5964: granted: [ArmR] 41
[10/06/26 10:56:07] D2BS 5964: Loaded ÿc9[AutoSmurf.js]
[10/06/26 10:56:09] D2BS 5964: MiniShopBot: true
[10/06/26 10:56:09] D2BS 5964: farmingON
[10/06/26 10:56:09] D2BS 5964: UseMerc: true HP: 70
[10/06/26 10:56:25] D2BS 5964: Merc matched: Blessed Aim
[10/06/26 10:56:35] D2BS 5964: act5+ BO
[10/06/26 10:56:48] D2BS 5964: ÿc4=== [BAAL] ===
[10/06/26 11:00:01] D2BS 5964: ÿc4=== [COUNTESS] ===
[10/06/26 11:01:12] D2BS 5964: ÿc4=== [PIT] ===
[10/06/26 11:02:54] D2BS 5964: ÿc4=== [ANDY] ===
[10/06/26 11:03:50] D2BS 5964: ÿc4=== [COWS] ===
[10/06/26 11:14:07] D2BS 5964: Going to town
[10/06/26 11:17:56] D2BS 5964: ÿc4=== [MEPHISTO] ===
[10/06/26 11:19:31] D2BS 5964: ÿc4=== [DIABLO] ===
[10/06/26 11:19:39] D2BS 5964: updateStat
[10/06/26 11:19:39] D2BS 5964: granted: [Head] 15
[10/06/26 11:19:39] D2BS 5964: granted: [Body] 20
[10/06/26 11:19:39] D2BS 5964: granted: [ArmR] 41
[10/06/26 11:25:36] D2BS 5964: party has left: fowo-xf
[10/06/26 11:25:36] D2BS 5964:  [29:30] +3.97% / [Level 90] 97.47%
[10/06/26 11:25:36] D2BS 5964: Script threads\autobuildthread.js ended
[10/06/26 11:25:37] D2BS 5964: Script threads\partythread.js ended
[10/06/26 11:25:37] D2BS 5964: Script threads\townchicken.js ended
[10/06/26 11:25:37] D2BS 5964: Script default.dbj ended
[10/06/26 11:25:49] D2BS 5964: joining game pz-227
[10/06/26 11:25:51] D2BS 5964: ÿc2D2BSÿc0 :: Starting default.dbj
[10/06/26 11:25:51] D2BS 5964: ÿc2D2BSÿc0 :: default.dbj running.
[10/06/26 11:25:51] D2BS 5964: Loaded ÿc9[X.nip] [Y.nip] [Z.nip] [V.nip] [A.TRAP.nip]
[10/06/26 11:25:51] D2BS 5964: Loaded ÿc9[A.TRAP.js]
[10/06/26 11:25:51] D2BS 5964: equipped: [Head] 16
[10/06/26 11:25:51] D2BS 5964: equipped: [Neck] 16
[10/06/26 11:25:51] D2BS 5964: equipped: [Body] 19
[10/06/26 11:25:51] D2BS 5964: equipped: [ArmR] 32
[10/06/26 11:25:51] D2BS 5964: equipped: [ArmL] 26
[10/06/26 11:25:51] D2BS 5964: equipped: [RingR] 16
[10/06/26 11:25:51] D2BS 5964: equipped: [RingL] 15
[10/06/26 11:25:51] D2BS 5964: equipped: [Belt] 19
[10/06/26 11:25:51] D2BS 5964: equipped: [Boots] 14
[10/06/26 11:25:51] D2BS 5964: equipped: [Mitts] 14
[10/06/26 11:25:51] D2BS 5964: updateStat
[10/06/26 11:25:51] D2BS 5964: granted: [Head] 15
[10/06/26 11:25:51] D2BS 5964: granted: [Body] 20
[10/06/26 11:25:51] D2BS 5964: granted: [ArmR] 41
[10/06/26 11:25:51] D2BS 5964: Loaded ÿc9[AutoSmurf.js]
[10/06/26 11:25:56] D2BS 5964: MiniShopBot: true
[10/06/26 11:25:56] D2BS 5964: farmingON
[10/06/26 11:25:56] D2BS 5964: UseMerc: true HP: 70
[10/06/26 11:26:17] D2BS 5964: Merc matched: Blessed Aim
[10/06/26 11:26:30] D2BS 5964: act5+ BO
[10/06/26 11:26:44] D2BS 5964: ÿc4=== [BAAL] ===
[10/06/26 11:29:58] D2BS 5964: ÿc4=== [COUNTESS] ===
[10/06/26 11:31:12] D2BS 5964: ÿc4=== [PIT] ===
[10/06/26 11:32:42] D2BS 5964: ÿc4=== [ANDY] ===
[10/06/26 11:33:28] D2BS 5964: ÿc4=== [COWS] ===
[10/06/26 11:44:09] D2BS 5964: ÿc4=== [MEPHISTO] ===
[10/06/26 11:45:35] D2BS 5964: ÿc4=== [DIABLO] ===
[10/06/26 11:51:11] D2BS 5964: party has left: fowo-xd
[10/06/26 11:51:11] D2BS 5964:  [25:21] +3.32% / [Level 91] 1.00%
[10/06/26 11:51:11] D2BS 5964: Script threads\autobuildthread.js ended
[10/06/26 11:51:11] D2BS 5964: Script threads\partythread.js ended
[10/06/26 11:51:11] D2BS 5964: Script threads\townchicken.js ended
[10/06/26 11:51:11] D2BS 5964: Script default.dbj ended
[10/06/26 11:51:18] D2BS 5964: D2BS Shutdown complete.
