[10/06/26 00:01:03] D2BS 3256: ÿc4=== [DIABLO] ===
[10/06/26 00:02:15] D2BS 3256: updateStat
[10/06/26 00:06:42] D2BS 3256: Script ended
[10/06/26 00:06:42] D2BS 3256:  [15:09] +5.50% / [Level 89] 72.69%
[10/06/26 00:06:42] D2BS 3256: Script threads\autobuildthread.js ended
[10/06/26 00:06:42] D2BS 3256: Script threads\partythread.js ended
[10/06/26 00:06:44] D2BS 3256: Script threads\townchicken.js ended
[10/06/26 00:06:52] D2BS 3256: Creating Game: pz-187
[10/06/26 00:06:54] D2BS 3256: ÿc2D2BSÿc0 :: Starting default.dbj
[10/06/26 00:06:54] D2BS 3256: ÿc2D2BSÿc0 :: default.dbj running.
[10/06/26 00:06:54] D2BS 3256: Loaded ÿc9[X.nip] [Y.nip] [Z.nip] [V.nip] [S.SFFW.nip]
[10/06/26 00:06:54] D2BS 3256: Loaded ÿc9[S.SFFW.js]
[10/06/26 00:06:54] D2BS 3256: equipped: [Head] 16
[10/06/26 00:06:54] D2BS 3256: equipped: [Neck] 18
[10/06/26 00:06:54] D2BS 3256: equipped: [Body] 21
[10/06/26 00:06:54] D2BS 3256: equipped: [ArmR] 33
[10/06/26 00:06:54] D2BS 3256: equipped: [ArmL] 26
[10/06/26 00:06:54] D2BS 3256: equipped: [RingR] 15
[10/06/26 00:06:54] D2BS 3256: equipped: [RingL] 13
[10/06/26 00:06:54] D2BS 3256: equipped: [Belt] 19
[10/06/26 00:06:54] D2BS 3256: equipped: [Boots] 13
[10/06/26 00:06:54] D2BS 3256: equipped: [Mitts] 12
[10/06/26 00:06:54] D2BS 3256: updateStat
[10/06/26 00:06:54] D2BS 3256: granted: [Head] 14
[10/06/26 00:06:54] D2BS 3256: granted: [Body] 22
[10/06/26 00:06:54] D2BS 3256: granted: [ArmR] 41
[10/06/26 00:06:54] D2BS 3256: Loaded ÿc9[AutoSmurf.js]
[10/06/26 00:07:03] D2BS 3256: farmingON
[10/06/26 00:07:05] D2BS 3256: MiniShopBot: true
[10/06/26 00:07:05] D2BS 3256: UseMerc: true HP: 70
[10/06/26 00:07:22] D2BS 3256: Merc matched: Holy Freeze
[10/06/26 00:07:47] D2BS 3256: act5+ BO
[10/06/26 00:07:59] D2BS 3256: ÿc4=== [BAAL] ===
[10/06/26 00:11:28] D2BS 3256: ÿc4=== [COUNTESS] ===
[10/06/26 00:12:37] D2BS 3256: ÿc4=== [PIT] ===
[10/06/26 00:14:08] D2BS 3256: ÿc4=== [ANDY] ===
[10/06/26 00:15:01] D2BS 3256: ÿc4=== [MEPHISTO] ===
[10/06/26 00:16:30] D2BS 3256: ÿc4=== [DIABLO] ===
[10/06/26 00:22:53] D2BS 3256: party has left: fowo-xb
[10/06/26 00:22:54] D2BS 3256:  [15:59] +6.13% / [Level 89] 78.82%
[10/06/26 00:22:54] D2BS 3256: Script threads\autobuildthread.js ended
[10/06/26 00:22:54] D2BS 3256: Script threads\partythread.js ended
[10/06/26 00:22:54] D2BS 3256: Script threads\townchicken.js ended
[10/06/26 00:22:54] D2BS 3256: Script default.dbj ended
[10/06/26 00:23:03] D2BS 3256: Creating Game: pz-188
[10/06/26 00:23:05] D2BS 3256: ÿc2D2BSÿc0 :: Starting default.dbj
[10/06/26 00:23:05] D2BS 3256: ÿc2D2BSÿc0 :: default.dbj running.
[10/06/26 00:23:05] D2BS 3256: Loaded ÿc9[X.nip] [Y.nip] [Z.nip] [V.nip] [S.SFFW.nip]
[10/06/26 00:23:05] D2BS 3256: Loaded ÿc9[S.SFFW.js]
[10/06/26 00:23:05] D2BS 3256: equipped: [Head] 16
[10/06/26 00:23:05] D2BS 3256: equipped: [Neck] 18
[10/06/26 00:23:05] D2BS 3256: equipped: [Body] 21
[10/06/26 00:23:05] D2BS 3256: equipped: [ArmR] 33
[10/06/26 00:23:05] D2BS 3256: equipped: [ArmL] 26
[10/06/26 00:23:05] D2BS 3256: equipped: [RingR] 15
[10/06/26 00:23:05] D2BS 3256: equipped: [RingL] 13
[10/06/26 00:23:05] D2BS 3256: equipped: [Belt] 19
[10/06/26 00:23:05] D2BS 3256: equipped: [Boots] 13
[10/06/26 00:23:05] D2BS 3256: equipped: [Mitts] 12
[10/06/26 00:23:05] D2BS 3256: updateStat
[10/06/26 00:23:05] D2BS 3256: granted: [Head] 14
[10/06/26 00:23:05] D2BS 3256: granted: [Body] 22
[10/06/26 00:23:05] D2BS 3256: granted: [ArmR] 41
[10/06/26 00:23:05] D2BS 3256: Loaded ÿc9[AutoSmurf.js]
[10/06/26 00:23:13] D2BS 3256: farmingON
[10/06/26 00:23:16] D2BS 3256: MiniShopBot: true
[10/06/26 00:23:16] D2BS 3256: UseMerc: true HP: 70
[10/06/26 00:23:37] D2BS 3256: granted: [Head] 15
[10/06/26 00:23:37] D2BS 3256: Merc matched: Holy Freeze
[10/06/26 00:23:46] D2BS 3256: act5+ BO
[10/06/26 00:23:58] D2BS 3256: ÿc4=== [BAAL] ===
[10/06/26 00:27:29] D2BS 3256: ÿc4=== [COUNTESS] ===
[10/06/26 00:28:40] D2BS 3256: ÿc4=== [PIT] ===
[10/06/26 00:30:11] D2BS 3256: ÿc4=== [ANDY] ===
[10/06/26 00:31:02] D2BS 3256: ÿc4=== [MEPHISTO] ===
[10/06/26 00:32:14] D2BS 3256: ÿc4=== [DIABLO] ===
[10/06/26 00:37:07] D2BS 3256: Script ended
[10/06/26 00:37:07] D2BS 3256:  [14:02] +5.22% / [Level 89] 84.04%
[10/06/26 00:37:07] D2BS 3256: Script threads\autobuildthread.js ended
[10/06/26 00:37:07] D2BS 3256: Script threads\partythread.js ended
[10/06/26 00:37:08] D2BS 3256: Script threads\townchicken.js ended
[10/06/26 00:37:17] D2BS 3256: Creating Game: pz-189
[10/06/26 00:37:18] D2BS 3256: ÿc2D2BSÿc0 :: Starting default.dbj
[10/06/26 00:37:18] D2BS 3256: ÿc2D2BSÿc0 :: default.dbj running.
[10/06/26 00:37:18] D2BS 3256: Loaded ÿc9[X.nip] [Y.nip] [Z.nip] [V.nip] [S.SFFW.nip]
[10/06/26 00:37:18] D2BS 3256: Loaded ÿc9[S.SFFW.js]
[10/06/26 00:37:18] D2BS 3256: equipped: [Head] 16
[10/06/26 00:37:18] D2BS 3256: equipped: [Neck] 18
[10/06/26 00:37:18] D2BS 3256: equipped: [Body] 21
[10/06/26 00:37:18] D2BS 3256: equipped: [ArmR] 33
[10/06/26 00:37:18] D2BS 3256: equipped: [ArmL] 26
[10/06/26 00:37:18] D2BS 3256: equipped: [RingR] 15
[10/06/26 00:37:18] D2BS 3256: equipped: [RingL] 13
[10/06/26 00:37:18] D2BS 3256: equipped: [Belt] 19
[10/06/26 00:37:18] D2BS 3256: equipped: [Boots] 13
[10/06/26 00:37:18] D2BS 3256: equipped: [Mitts] 12
[10/06/26 00:37:18] D2BS 3256: updateStat
[10/06/26 00:37:18] D2BS 3256: granted: [Head] 15
[10/06/26 00:37:18] D2BS 3256: granted: [Body] 22
[10/06/26 00:37:18] D2BS 3256: granted: [ArmR] 41
[10/06/26 00:37:19] D2BS 3256: Loaded ÿc9[AutoSmurf.js]
[10/06/26 00:37:28] D2BS 3256: farmingON
[10/06/26 00:37:29] D2BS 3256: MiniShopBot: true
[10/06/26 00:37:29] D2BS 3256: UseMerc: true HP: 70
[10/06/26 00:37:48] D2BS 3256: Merc matched: Holy Freeze
[10/06/26 00:38:01] D2BS 3256: act5+ BO
[10/06/26 00:38:14] D2BS 3256: ÿc4=== [BAAL] ===
[10/06/26 00:38:32] D2BS 3256: Baal failed: souls found
[10/06/26 00:38:34] D2BS 3256: ÿc4=== [COUNTESS] ===
[10/06/26 00:39:34] D2BS 3256: ÿc4=== [PIT] ===
[10/06/26 00:41:23] D2BS 3256: ÿc4=== [ANDY] ===
[10/06/26 00:42:30] D2BS 3256: ÿc4=== [MEPHISTO] ===
[10/06/26 00:43:49] D2BS 3256: ÿc4=== [DIABLO] ===
[10/06/26 00:49:12] D2BS 3256: party has left: fowo-xc
[10/06/26 00:49:12] D2BS 3256:  [11:54] +2.96% / [Level 89] 86.99%
[10/06/26 00:49:12] D2BS 3256: Script threads\autobuildthread.js ended
[10/06/26 00:49:12] D2BS 3256: Script threads\partythread.js ended
[10/06/26 00:49:12] D2BS 3256: Script threads\townchicken.js ended
[10/06/26 00:49:12] D2BS 3256: Script default.dbj ended
[10/06/26 00:49:23] D2BS 3256: Creating Game: pz-190
[10/06/26 00:49:25] D2BS 3256: ÿc2D2BSÿc0 :: Starting default.dbj
[10/06/26 00:49:25] D2BS 3256: ÿc2D2BSÿc0 :: default.dbj running.
[10/06/26 00:49:25] D2BS 3256: Loaded ÿc9[X.nip] [Y.nip] [Z.nip] [V.nip] [S.SFFW.nip]
[10/06/26 00:49:25] D2BS 3256: Loaded ÿc9[S.SFFW.js]
[10/06/26 00:49:25] D2BS 3256: equipped: [Head] 16
[10/06/26 00:49:25] D2BS 3256: equipped: [Neck] 18
[10/06/26 00:49:25] D2BS 3256: equipped: [Body] 21
[10/06/26 00:49:25] D2BS 3256: equipped: [ArmR] 33
[10/06/26 00:49:25] D2BS 3256: equipped: [ArmL] 26
[10/06/26 00:49:25] D2BS 3256: equipped: [RingR] 15
[10/06/26 00:49:25] D2BS 3256: equipped: [RingL] 13
[10/06/26 00:49:25] D2BS 3256: equipped: [Belt] 19
[10/06/26 00:49:25] D2BS 3256: equipped: [Boots] 13
[10/06/26 00:49:25] D2BS 3256: equipped: [Mitts] 12
[10/06/26 00:49:25] D2BS 3256: updateStat
[10/06/26 00:49:25] D2BS 3256: granted: [Head] 15
[10/06/26 00:49:25] D2BS 3256: granted: [Body] 22
[10/06/26 00:49:25] D2BS 3256: granted: [ArmR] 41
[10/06/26 00:49:25] D2BS 3256: Loaded ÿc9[AutoSmurf.js]
[10/06/26 00:49:33] D2BS 3256: farmingON
[10/06/26 00:49:34] D2BS 3256: MiniShopBot: true
[10/06/26 00:49:34] D2BS 3256: UseMerc: true HP: 70
[10/06/26 00:49:55] D2BS 3256: Merc matched: Holy Freeze
[10/06/26 00:50:07] D2BS 3256: act5+ BO
[10/06/26 00:50:21] D2BS 3256: ÿc4=== [BAAL] ===
[10/06/26 00:50:34] D2BS 3256: Baal failed: souls found
[10/06/26 00:50:38] D2BS 3256: ÿc4=== [COUNTESS] ===
[10/06/26 00:51:44] D2BS 3256: ÿc4=== [PIT] ===
[10/06/26 00:53:27] D2BS 3256: ÿc4=== [ANDY] ===
[10/06/26 00:54:26] D2BS 3256: ÿc4=== [MEPHISTO] ===
[10/06/26 00:55:51] D2BS 3256: ÿc4=== [DIABLO] ===
[10/06/26 01:00:44] D2BS 3256: Script ended
[10/06/26 01:00:44] D2BS 3256:  [11:19] +2.96% / [Level 89] 89.95%
[10/06/26 01:00:44] D2BS 3256: Script threads\autobuildthread.js ended
[10/06/26 01:00:44] D2BS 3256: Script threads\partythread.js ended
[10/06/26 01:00:44] D2BS 3256: Script threads\townchicken.js ended
[10/06/26 01:00:54] D2BS 3256: Creating Game: pz-191
[10/06/26 01:00:55] D2BS 3256: ÿc2D2BSÿc0 :: Starting default.dbj
[10/06/26 01:00:55] D2BS 3256: ÿc2D2BSÿc0 :: default.dbj running.
[10/06/26 01:00:55] D2BS 3256: Loaded ÿc9[X.nip] [Y.nip] [Z.nip] [V.nip] [S.SFFW.nip]
[10/06/26 01:00:55] D2BS 3256: Loaded ÿc9[S.SFFW.js]
[10/06/26 01:00:55] D2BS 3256: equipped: [Head] 16
[10/06/26 01:00:55] D2BS 3256: equipped: [Neck] 18
[10/06/26 01:00:55] D2BS 3256: equipped: [Body] 21
[10/06/26 01:00:55] D2BS 3256: equipped: [ArmR] 33
[10/06/26 01:00:55] D2BS 3256: equipped: [ArmL] 26
[10/06/26 01:00:55] D2BS 3256: equipped: [RingR] 15
[10/06/26 01:00:55] D2BS 3256: equipped: [RingL] 13
[10/06/26 01:00:55] D2BS 3256: equipped: [Belt] 19
[10/06/26 01:00:55] D2BS 3256: equipped: [Boots] 13
[10/06/26 01:00:55] D2BS 3256: equipped: [Mitts] 12
[10/06/26 01:00:55] D2BS 3256: updateStat
[10/06/26 01:00:55] D2BS 3256: granted: [Head] 15
[10/06/26 01:00:55] D2BS 3256: granted: [Body] 22
[10/06/26 01:00:56] D2BS 3256: granted: [ArmR] 41
[10/06/26 01:00:56] D2BS 3256: Loaded ÿc9[AutoSmurf.js]
[10/06/26 01:01:05] D2BS 3256: farmingON
[10/06/26 01:01:07] D2BS 3256: MiniShopBot: true
[10/06/26 01:01:07] D2BS 3256: UseMerc: true HP: 70
[10/06/26 01:01:24] D2BS 3256: Merc matched: Holy Freeze
[10/06/26 01:01:45] D2BS 3256: act5+ BO
[10/06/26 01:01:57] D2BS 3256: ÿc4=== [BAAL] ===
[10/06/26 01:04:58] D2BS 3256: ÿc4=== [COUNTESS] ===
[10/06/26 01:06:00] D2BS 3256: ÿc4=== [PIT] ===
[10/06/26 01:07:28] D2BS 3256: ÿc4=== [ANDY] ===
[10/06/26 01:08:21] D2BS 3256: ÿc4=== [MEPHISTO] ===
[10/06/26 01:09:39] D2BS 3256: ÿc4=== [DIABLO] ===
[10/06/26 01:15:32] D2BS 3256: Script ended
[10/06/26 01:15:32] D2BS 3256:  [14:37] +5.45% / [Level 89] 95.40%
[10/06/26 01:15:32] D2BS 3256: Script threads\autobuildthread.js ended
[10/06/26 01:15:32] D2BS 3256: Script threads\partythread.js ended
[10/06/26 01:15:33] D2BS 3256: Script threads\townchicken.js ended
[10/06/26 01:15:42] D2BS 3256: Creating Game: pz-192
[10/06/26 01:15:43] D2BS 3256: ÿc2D2BSÿc0 :: Starting default.dbj
[10/06/26 01:15:43] D2BS 3256: ÿc2D2BSÿc0 :: default.dbj running.
[10/06/26 01:15:44] D2BS 3256: Loaded ÿc9[X.nip] [Y.nip] [Z.nip] [V.nip] [S.SFFW.nip]
[10/06/26 01:15:44] D2BS 3256: Loaded ÿc9[S.SFFW.js]
[10/06/26 01:15:44] D2BS 3256: equipped: [Head] 16
[10/06/26 01:15:44] D2BS 3256: equipped: [Neck] 18
[10/06/26 01:15:44] D2BS 3256: equipped: [Body] 21
[10/06/26 01:15:44] D2BS 3256: equipped: [ArmR] 33
[10/06/26 01:15:44] D2BS 3256: equipped: [ArmL] 26
[10/06/26 01:15:44] D2BS 3256: equipped: [RingR] 15
[10/06/26 01:15:44] D2BS 3256: equipped: [RingL] 13
[10/06/26 01:15:44] D2BS 3256: equipped: [Belt] 19
[10/06/26 01:15:44] D2BS 3256: equipped: [Boots] 13
[10/06/26 01:15:44] D2BS 3256: equipped: [Mitts] 12
[10/06/26 01:15:44] D2BS 3256: updateStat
[10/06/26 01:15:44] D2BS 3256: granted: [Head] 15
[10/06/26 01:15:44] D2BS 3256: granted: [Body] 22
[10/06/26 01:15:44] D2BS 3256: granted: [ArmR] 41
[10/06/26 01:15:44] D2BS 3256: Loaded ÿc9[AutoSmurf.js]
[10/06/26 01:15:52] D2BS 3256: farmingON
[10/06/26 01:15:54] D2BS 3256: MiniShopBot: true
[10/06/26 01:15:54] D2BS 3256: UseMerc: true HP: 70
[10/06/26 01:16:13] D2BS 3256: Merc matched: Holy Freeze
[10/06/26 01:16:27] D2BS 3256: act5+ BO
[10/06/26 01:16:39] D2BS 3256: ÿc4=== [BAAL] ===
[10/06/26 01:20:17] D2BS 3256: ÿc4=== [COUNTESS] ===
[10/06/26 01:21:25] D2BS 3256: ÿc4=== [PIT] ===
[10/06/26 01:22:50] D2BS 3256: ÿc4=== [ANDY] ===
[10/06/26 01:23:46] D2BS 3256: ÿc4=== [MEPHISTO] ===
[10/06/26 01:25:10] D2BS 3256: ÿc4=== [DIABLO] ===
[10/06/26 01:30:32] D2BS 3256: Script ended
[10/06/26 01:30:32] D2BS 3256:  [14:48] +4.55% / [Level 90] 0.33%
[10/06/26 01:30:32] D2BS 3256: Script threads\autobuildthread.js ended
[10/06/26 01:30:32] D2BS 3256: Script threads\partythread.js ended
[10/06/26 01:30:33] D2BS 3256: Script threads\townchicken.js ended
[10/06/26 01:30:41] D2BS 3256: Creating Game: pz-193
[10/06/26 01:30:43] D2BS 3256: ÿc2D2BSÿc0 :: Starting default.dbj
[10/06/26 01:30:43] D2BS 3256: ÿc2D2BSÿc0 :: default.dbj running.
[10/06/26 01:30:43] D2BS 3256: Loaded ÿc9[X.nip] [Y.nip] [Z.nip] [V.nip] [S.SFFW.nip]
[10/06/26 01:30:43] D2BS 3256: Loaded ÿc9[S.SFFW.js]
[10/06/26 01:30:43] D2BS 3256: equipped: [Head] 16
[10/06/26 01:30:43] D2BS 3256: equipped: [Neck] 18
[10/06/26 01:30:43] D2BS 3256: equipped: [Body] 21
[10/06/26 01:30:43] D2BS 3256: equipped: [ArmR] 33
[10/06/26 01:30:43] D2BS 3256: equipped: [ArmL] 26
[10/06/26 01:30:43] D2BS 3256: equipped: [RingR] 15
[10/06/26 01:30:43] D2BS 3256: equipped: [RingL] 13
[10/06/26 01:30:43] D2BS 3256: equipped: [Belt] 19
[10/06/26 01:30:43] D2BS 3256: equipped: [Boots] 13
[10/06/26 01:30:43] D2BS 3256: equipped: [Mitts] 12
[10/06/26 01:30:43] D2BS 3256: updateStat
[10/06/26 01:30:43] D2BS 3256: granted: [Head] 15
[10/06/26 01:30:43] D2BS 3256: granted: [Body] 22
[10/06/26 01:30:43] D2BS 3256: granted: [ArmR] 41
[10/06/26 01:30:43] D2BS 3256: Loaded ÿc9[AutoSmurf.js]
[10/06/26 01:30:52] D2BS 3256: farmingON
[10/06/26 01:30:53] D2BS 3256: MiniShopBot: true
[10/06/26 01:30:53] D2BS 3256: UseMerc: true HP: 70
[10/06/26 01:31:14] D2BS 3256: Merc matched: Holy Freeze
[10/06/26 01:31:25] D2BS 3256: act5+ BO
[10/06/26 01:31:37] D2BS 3256: ÿc4=== [BAAL] ===
[10/06/26 01:31:48] D2BS 3256: Baal failed: souls found
[10/06/26 01:31:50] D2BS 3256: ÿc4=== [COUNTESS] ===
[10/06/26 01:32:57] D2BS 3256: ÿc4=== [PIT] ===
[10/06/26 01:34:26] D2BS 3256: ÿc4=== [ANDY] ===
[10/06/26 01:35:22] D2BS 3256: ÿc4=== [COWS] ===
[10/06/26 01:39:30] D2BS 3256: party has left: fowo-xe
[10/06/26 01:39:30] D2BS 3256:  [08:47] +0.80% / [Level 90] 1.14%
[10/06/26 01:39:30] D2BS 3256: Script threads\autobuildthread.js ended
[10/06/26 01:39:30] D2BS 3256: Script threads\partythread.js ended
[10/06/26 01:39:30] D2BS 3256: Script threads\townchicken.js ended
[10/06/26 01:39:30] D2BS 3256: Script default.dbj ended
[10/06/26 01:39:39] D2BS 3256: Creating Game: pz-194
[10/06/26 01:39:41] D2BS 3256: ÿc2D2BSÿc0 :: Starting default.dbj
[10/06/26 01:39:41] D2BS 3256: ÿc2D2BSÿc0 :: default.dbj running.
[10/06/26 01:39:41] D2BS 3256: Loaded ÿc9[X.nip] [Y.nip] [Z.nip] [V.nip] [S.SFFW.nip]
[10/06/26 01:39:41] D2BS 3256: Loaded ÿc9[S.SFFW.js]
[10/06/26 01:39:41] D2BS 3256: equipped: [Head] 16
[10/06/26 01:39:41] D2BS 3256: equipped: [Neck] 18
[10/06/26 01:39:41] D2BS 3256: equipped: [Body] 21
[10/06/26 01:39:41] D2BS 3256: equipped: [ArmR] 33
[10/06/26 01:39:41] D2BS 3256: equipped: [ArmL] 26
[10/06/26 01:39:41] D2BS 3256: equipped: [RingR] 15
[10/06/26 01:39:41] D2BS 3256: equipped: [RingL] 13
[10/06/26 01:39:41] D2BS 3256: equipped: [Belt] 19
[10/06/26 01:39:41] D2BS 3256: equipped: [Boots] 13
[10/06/26 01:39:41] D2BS 3256: equipped: [Mitts] 12
[10/06/26 01:39:41] D2BS 3256: updateStat
[10/06/26 01:39:41] D2BS 3256: granted: [Head] 15
[10/06/26 01:39:41] D2BS 3256: granted: [Body] 22
[10/06/26 01:39:41] D2BS 3256: granted: [ArmR] 41
[10/06/26 01:39:41] D2BS 3256: Loaded ÿc9[AutoSmurf.js]
[10/06/26 01:39:51] D2BS 3256: farmingON
[10/06/26 01:39:53] D2BS 3256: MiniShopBot: true
[10/06/26 01:39:53] D2BS 3256: UseMerc: true HP: 70
[10/06/26 01:40:10] D2BS 3256: Merc matched: Holy Freeze
[10/06/26 01:40:26] D2BS 3256: act5+ BO
[10/06/26 01:40:39] D2BS 3256: ÿc4=== [BAAL] ===
[10/06/26 01:43:58] D2BS 3256: ÿc4=== [COUNTESS] ===
[10/06/26 01:45:05] D2BS 3256: ÿc4=== [PIT] ===
[10/06/26 01:46:41] D2BS 3256: ÿc4=== [ANDY] ===
[10/06/26 01:47:33] D2BS 3256: ÿc4=== [COWS] ===
[10/06/26 01:57:28] D2BS 3256: Cow King found
[10/06/26 01:57:28] D2BS 3256: Cows failed: clearCowLevel
[10/06/26 01:58:04] D2BS 3256: ÿc4=== [MEPHISTO] ===
[10/06/26 02:00:02] D2BS 3256: ÿc4=== [DIABLO] ===
[10/06/26 02:06:19] D2BS 3256: Script ended
[10/06/26 02:06:19] D2BS 3256:  [26:39] +4.23% / [Level 90] 5.37%
[10/06/26 02:06:19] D2BS 3256: Script threads\autobuildthread.js ended
[10/06/26 02:06:20] D2BS 3256: Script threads\partythread.js ended
[10/06/26 02:06:20] D2BS 3256: Script threads\townchicken.js ended
[10/06/26 02:06:30] D2BS 3256: Creating Game: pz-195
[10/06/26 02:06:31] D2BS 3256: ÿc2D2BSÿc0 :: Starting default.dbj
[10/06/26 02:06:31] D2BS 3256: ÿc2D2BSÿc0 :: default.dbj running.
[10/06/26 02:06:31] D2BS 3256: Loaded ÿc9[X.nip] [Y.nip] [Z.nip] [V.nip] [S.SFFW.nip]
[10/06/26 02:06:31] D2BS 3256: Loaded ÿc9[S.SFFW.js]
[10/06/26 02:06:31] D2BS 3256: equipped: [Head] 16
[10/06/26 02:06:31] D2BS 3256: equipped: [Neck] 18
[10/06/26 02:06:31] D2BS 3256: equipped: [Body] 21
[10/06/26 02:06:31] D2BS 3256: equipped: [ArmR] 33
[10/06/26 02:06:31] D2BS 3256: equipped: [ArmL] 26
[10/06/26 02:06:32] D2BS 3256: equipped: [RingR] 15
[10/06/26 02:06:32] D2BS 3256: equipped: [RingL] 13
[10/06/26 02:06:32] D2BS 3256: equipped: [Belt] 19
[10/06/26 02:06:32] D2BS 3256: equipped: [Boots] 13
[10/06/26 02:06:32] D2BS 3256: equipped: [Mitts] 12
[10/06/26 02:06:32] D2BS 3256: updateStat
[10/06/26 02:06:32] D2BS 3256: granted: [Head] 15
[10/06/26 02:06:32] D2BS 3256: granted: [Body] 22
[10/06/26 02:06:32] D2BS 3256: granted: [ArmR] 41
[10/06/26 02:06:32] D2BS 3256: Loaded ÿc9[AutoSmurf.js]
[10/06/26 02:06:40] D2BS 3256: farmingON
[10/06/26 02:06:42] D2BS 3256: MiniShopBot: true
[10/06/26 02:06:42] D2BS 3256: UseMerc: true HP: 70
[10/06/26 02:07:03] D2BS 3256: Merc matched: Holy Freeze
[10/06/26 02:07:13] D2BS 3256: act5+ BO
[10/06/26 02:07:27] D2BS 3256: ÿc4=== [BAAL] ===
[10/06/26 02:10:32] D2BS 3256: ÿc4=== [COUNTESS] ===
[10/06/26 02:11:42] D2BS 3256: ÿc4=== [PIT] ===
[10/06/26 02:13:21] D2BS 3256: ÿc4=== [ANDY] ===
[10/06/26 02:14:16] D2BS 3256: ÿc4=== [COWS] ===
[10/06/26 02:23:13] D2BS 3256: updateStat
[10/06/26 02:24:47] D2BS 3256: Cow King found
[10/06/26 02:24:47] D2BS 3256: Cows failed: clearCowLevel
[10/06/26 02:26:48] D2BS 3256: party has left: fowo-xc, fowo-xe
[10/06/26 02:26:48] D2BS 3256:  [20:16] +2.38% / [Level 90] 7.75%
[10/06/26 02:26:48] D2BS 3256: Script threads\autobuildthread.js ended
[10/06/26 02:26:48] D2BS 3256: Script threads\partythread.js ended
[10/06/26 02:26:48] D2BS 3256: Script threads\townchicken.js ended
[10/06/26 02:26:48] D2BS 3256: Script default.dbj ended
[10/06/26 02:26:57] D2BS 3256: Creating Game: pz-196
[10/06/26 02:26:59] D2BS 3256: ÿc2D2BSÿc0 :: Starting default.dbj
[10/06/26 02:26:59] D2BS 3256: ÿc2D2BSÿc0 :: default.dbj running.
[10/06/26 02:26:59] D2BS 3256: Loaded ÿc9[X.nip] [Y.nip] [Z.nip] [V.nip] [S.SFFW.nip]
[10/06/26 02:26:59] D2BS 3256: Loaded ÿc9[S.SFFW.js]
[10/06/26 02:26:59] D2BS 3256: equipped: [Head] 16
[10/06/26 02:26:59] D2BS 3256: equipped: [Neck] 18
[10/06/26 02:26:59] D2BS 3256: equipped: [Body] 21
[10/06/26 02:26:59] D2BS 3256: equipped: [ArmR] 33
[10/06/26 02:26:59] D2BS 3256: equipped: [ArmL] 26
[10/06/26 02:26:59] D2BS 3256: equipped: [RingR] 15
[10/06/26 02:26:59] D2BS 3256: equipped: [RingL] 13
[10/06/26 02:26:59] D2BS 3256: equipped: [Belt] 19
[10/06/26 02:26:59] D2BS 3256: equipped: [Boots] 13
[10/06/26 02:26:59] D2BS 3256: equipped: [Mitts] 12
[10/06/26 02:26:59] D2BS 3256: updateStat
[10/06/26 02:26:59] D2BS 3256: granted: [Head] 15
[10/06/26 02:26:59] D2BS 3256: granted: [Body] 22
[10/06/26 02:26:59] D2BS 3256: granted: [ArmR] 41
[10/06/26 02:26:59] D2BS 3256: Loaded ÿc9[AutoSmurf.js]
[10/06/26 02:27:08] D2BS 3256: farmingON
[10/06/26 02:27:11] D2BS 3256: MiniShopBot: true
[10/06/26 02:27:11] D2BS 3256: UseMerc: true HP: 70
[10/06/26 02:27:37] D2BS 3256: Merc matched: Holy Freeze
[10/06/26 02:28:01] D2BS 3256: act5+ BO
[10/06/26 02:28:12] D2BS 3256: ÿc4=== [BAAL] ===
[10/06/26 02:32:03] D2BS 3256: ÿc4=== [COUNTESS] ===
[10/06/26 02:33:09] D2BS 3256: ÿc4=== [PIT] ===
[10/06/26 02:34:38] D2BS 3256: ÿc4=== [ANDY] ===
[10/06/26 02:35:52] D2BS 3256: ÿc4=== [COWS] ===
[10/06/26 02:37:51] D2BS 3256: party has left: fowo-xd
[10/06/26 02:37:51] D2BS 3256:  [10:53] +2.12% / [Level 90] 9.88%
[10/06/26 02:37:51] D2BS 3256: Script threads\autobuildthread.js ended
[10/06/26 02:37:52] D2BS 3256: Script threads\partythread.js ended
[10/06/26 02:37:52] D2BS 3256: Script threads\townchicken.js ended
[10/06/26 02:37:52] D2BS 3256: Script default.dbj ended
[10/06/26 02:38:01] D2BS 3256: Creating Game: pz-197
[10/06/26 02:38:03] D2BS 3256: ÿc2D2BSÿc0 :: Starting default.dbj
[10/06/26 02:38:03] D2BS 3256: ÿc2D2BSÿc0 :: default.dbj running.
[10/06/26 02:38:03] D2BS 3256: Loaded ÿc9[X.nip] [Y.nip] [Z.nip] [V.nip] [S.SFFW.nip]
[10/06/26 02:38:03] D2BS 3256: Loaded ÿc9[S.SFFW.js]
[10/06/26 02:38:03] D2BS 3256: equipped: [Head] 16
[10/06/26 02:38:03] D2BS 3256: equipped: [Neck] 18
[10/06/26 02:38:03] D2BS 3256: equipped: [Body] 21
[10/06/26 02:38:03] D2BS 3256: equipped: [ArmR] 33
[10/06/26 02:38:03] D2BS 3256: equipped: [ArmL] 26
[10/06/26 02:38:03] D2BS 3256: equipped: [RingR] 15
[10/06/26 02:38:03] D2BS 3256: equipped: [RingL] 13
[10/06/26 02:38:03] D2BS 3256: equipped: [Belt] 19
[10/06/26 02:38:03] D2BS 3256: equipped: [Boots] 13
[10/06/26 02:38:03] D2BS 3256: equipped: [Mitts] 12
[10/06/26 02:38:03] D2BS 3256: updateStat
[10/06/26 02:38:03] D2BS 3256: granted: [Head] 15
[10/06/26 02:38:03] D2BS 3256: granted: [Body] 22
[10/06/26 02:38:03] D2BS 3256: granted: [ArmR] 41
[10/06/26 02:38:03] D2BS 3256: Loaded ÿc9[AutoSmurf.js]
[10/06/26 02:38:12] D2BS 3256: farmingON
[10/06/26 02:38:14] D2BS 3256: MiniShopBot: true
[10/06/26 02:38:14] D2BS 3256: UseMerc: true HP: 70
[10/06/26 02:38:36] D2BS 3256: Merc matched: Holy Freeze
[10/06/26 02:39:02] D2BS 3256: act5+ BO
[10/06/26 02:39:15] D2BS 3256: ÿc4=== [BAAL] ===
[10/06/26 02:43:06] D2BS 3256: party has left: fowo-xe
[10/06/26 02:43:06] D2BS 3256:  [05:04] +2.09% / [Level 90] 11.97%
[10/06/26 02:43:06] D2BS 3256: Script threads\autobuildthread.js ended
[10/06/26 02:43:06] D2BS 3256: Script threads\partythread.js ended
[10/06/26 02:43:06] D2BS 3256: Script threads\townchicken.js ended
[10/06/26 02:43:06] D2BS 3256: Script default.dbj ended
[10/06/26 02:43:17] D2BS 3256: Creating Game: pz-198
[10/06/26 02:43:18] D2BS 3256: ÿc2D2BSÿc0 :: Starting default.dbj
[10/06/26 02:43:18] D2BS 3256: ÿc2D2BSÿc0 :: default.dbj running.
[10/06/26 02:43:18] D2BS 3256: Loaded ÿc9[X.nip] [Y.nip] [Z.nip] [V.nip] [S.SFFW.nip]
[10/06/26 02:43:18] D2BS 3256: Loaded ÿc9[S.SFFW.js]
[10/06/26 02:43:18] D2BS 3256: equipped: [Head] 16
[10/06/26 02:43:18] D2BS 3256: equipped: [Neck] 18
[10/06/26 02:43:18] D2BS 3256: equipped: [Body] 21
[10/06/26 02:43:18] D2BS 3256: equipped: [ArmR] 33
[10/06/26 02:43:18] D2BS 3256: equipped: [ArmL] 26
[10/06/26 02:43:18] D2BS 3256: equipped: [RingR] 15
[10/06/26 02:43:18] D2BS 3256: equipped: [RingL] 13
[10/06/26 02:43:18] D2BS 3256: equipped: [Belt] 19
[10/06/26 02:43:18] D2BS 3256: equipped: [Boots] 13
[10/06/26 02:43:18] D2BS 3256: equipped: [Mitts] 12
[10/06/26 02:43:18] D2BS 3256: updateStat
[10/06/26 02:43:18] D2BS 3256: granted: [Head] 15
[10/06/26 02:43:18] D2BS 3256: granted: [Body] 22
[10/06/26 02:43:18] D2BS 3256: granted: [ArmR] 41
[10/06/26 02:43:18] D2BS 3256: Loaded ÿc9[AutoSmurf.js]
[10/06/26 02:43:25] D2BS 3256: farmingON
[10/06/26 02:43:25] D2BS 3256: MiniShopBot: true
[10/06/26 02:43:25] D2BS 3256: UseMerc: true HP: 70
[10/06/26 02:43:49] D2BS 3256: Merc matched: Holy Freeze
[10/06/26 02:44:01] D2BS 3256: act5+ BO
[10/06/26 02:44:13] D2BS 3256: ÿc4=== [BAAL] ===
[10/06/26 02:47:48] D2BS 3256: ÿc4=== [COUNTESS] ===
[10/06/26 02:48:58] D2BS 3256: ÿc4=== [PIT] ===
[10/06/26 02:50:36] D2BS 3256: ÿc4=== [ANDY] ===
[10/06/26 02:51:23] D2BS 3256: ÿc4=== [COWS] ===
[10/06/26 02:52:52] D2BS 3256: party has left: fowo-xe
[10/06/26 02:52:52] D2BS 3256: party has left: fowo-xe
[10/06/26 02:52:52] D2BS 3256: party has left: fowo-xe
[10/06/26 02:52:52] D2BS 3256:  [09:33] +2.71% / [Level 90] 14.67%
[10/06/26 02:52:52] D2BS 3256: Script threads\autobuildthread.js ended
[10/06/26 02:52:52] D2BS 3256: Script threads\partythread.js ended
[10/06/26 02:52:52] D2BS 3256: Script threads\townchicken.js ended
[10/06/26 02:52:52] D2BS 3256: Script default.dbj ended
[10/06/26 02:53:02] D2BS 3256: Creating Game: pz-199
[10/06/26 02:53:03] D2BS 3256: ÿc2D2BSÿc0 :: Starting default.dbj
[10/06/26 02:53:03] D2BS 3256: ÿc2D2BSÿc0 :: default.dbj running.
[10/06/26 02:53:04] D2BS 3256: Loaded ÿc9[X.nip] [Y.nip] [Z.nip] [V.nip] [S.SFFW.nip]
[10/06/26 02:53:04] D2BS 3256: Loaded ÿc9[S.SFFW.js]
[10/06/26 02:53:04] D2BS 3256: equipped: [Head] 16
[10/06/26 02:53:04] D2BS 3256: equipped: [Neck] 18
[10/06/26 02:53:04] D2BS 3256: equipped: [Body] 21
[10/06/26 02:53:04] D2BS 3256: equipped: [ArmR] 33
[10/06/26 02:53:04] D2BS 3256: equipped: [ArmL] 26
[10/06/26 02:53:04] D2BS 3256: equipped: [RingR] 15
[10/06/26 02:53:04] D2BS 3256: equipped: [RingL] 13
[10/06/26 02:53:04] D2BS 3256: equipped: [Belt] 19
[10/06/26 02:53:04] D2BS 3256: equipped: [Boots] 13
[10/06/26 02:53:04] D2BS 3256: equipped: [Mitts] 12
[10/06/26 02:53:04] D2BS 3256: updateStat
[10/06/26 02:53:04] D2BS 3256: granted: [Head] 15
[10/06/26 02:53:04] D2BS 3256: granted: [Body] 22
[10/06/26 02:53:04] D2BS 3256: granted: [ArmR] 41
[10/06/26 02:53:04] D2BS 3256: Loaded ÿc9[AutoSmurf.js]
[10/06/26 02:53:12] D2BS 3256: farmingON
[10/06/26 02:53:14] D2BS 3256: MiniShopBot: true
[10/06/26 02:53:14] D2BS 3256: UseMerc: true HP: 70
[10/06/26 02:53:34] D2BS 3256: Merc matched: Holy Freeze
[10/06/26 02:53:48] D2BS 3256: act5+ BO
[10/06/26 02:54:01] D2BS 3256: ÿc4=== [BAAL] ===
[10/06/26 02:57:05] D2BS 3256: ÿc4=== [COUNTESS] ===
[10/06/26 02:58:15] D2BS 3256: ÿc4=== [PIT] ===
[10/06/26 02:59:48] D2BS 3256: ÿc4=== [ANDY] ===
[10/06/26 03:00:41] D2BS 3256: ÿc4=== [COWS] ===
[10/06/26 03:10:36] D2BS 3256: party has left: fowo-xd
[10/06/26 03:10:36] D2BS 3256:  [17:32] +2.59% / [Level 90] 17.26%
[10/06/26 03:10:36] D2BS 3256: Script threads\autobuildthread.js ended
[10/06/26 03:10:36] D2BS 3256: Script threads\partythread.js ended
[10/06/26 03:10:36] D2BS 3256: Script threads\townchicken.js ended
[10/06/26 03:10:36] D2BS 3256: Script default.dbj ended
[10/06/26 03:10:45] D2BS 3256: Creating Game: pz-200
[10/06/26 03:10:46] D2BS 3256: ÿc2D2BSÿc0 :: Starting default.dbj
[10/06/26 03:10:46] D2BS 3256: ÿc2D2BSÿc0 :: default.dbj running.
[10/06/26 03:10:47] D2BS 3256: Loaded ÿc9[X.nip] [Y.nip] [Z.nip] [V.nip] [S.SFFW.nip]
[10/06/26 03:10:47] D2BS 3256: Loaded ÿc9[S.SFFW.js]
[10/06/26 03:10:47] D2BS 3256: equipped: [Head] 16
[10/06/26 03:10:47] D2BS 3256: equipped: [Neck] 18
[10/06/26 03:10:47] D2BS 3256: equipped: [Body] 21
[10/06/26 03:10:47] D2BS 3256: equipped: [ArmR] 33
[10/06/26 03:10:47] D2BS 3256: equipped: [ArmL] 26
[10/06/26 03:10:47] D2BS 3256: equipped: [RingR] 15
[10/06/26 03:10:47] D2BS 3256: equipped: [RingL] 13
[10/06/26 03:10:47] D2BS 3256: equipped: [Belt] 19
[10/06/26 03:10:47] D2BS 3256: equipped: [Boots] 13
[10/06/26 03:10:47] D2BS 3256: equipped: [Mitts] 12
[10/06/26 03:10:47] D2BS 3256: updateStat
[10/06/26 03:10:47] D2BS 3256: granted: [Head] 15
[10/06/26 03:10:47] D2BS 3256: granted: [Body] 22
[10/06/26 03:10:47] D2BS 3256: granted: [ArmR] 41
[10/06/26 03:10:47] D2BS 3256: Loaded ÿc9[AutoSmurf.js]
[10/06/26 03:10:55] D2BS 3256: farmingON
[10/06/26 03:10:59] D2BS 3256: MiniShopBot: true
[10/06/26 03:10:59] D2BS 3256: UseMerc: true HP: 70
[10/06/26 03:11:19] D2BS 3256: Merc matched: Holy Freeze
[10/06/26 03:11:43] D2BS 3256: act5+ BO
[10/06/26 03:11:55] D2BS 3256: ÿc4=== [BAAL] ===
[10/06/26 03:14:49] D2BS 3256: ÿc4=== [COUNTESS] ===
[10/06/26 03:16:15] D2BS 3256: ÿc4=== [PIT] ===
[10/06/26 03:17:44] D2BS 3256: ÿc4=== [ANDY] ===
[10/06/26 03:18:33] D2BS 3256: ÿc4=== [COWS] ===
[10/06/26 03:29:06] D2BS 3256: party has left: fowo-xc
[10/06/26 03:29:07] D2BS 3256:  [18:20] +2.37% / [Level 90] 19.64%
[10/06/26 03:29:07] D2BS 3256: Script threads\autobuildthread.js ended
[10/06/26 03:29:07] D2BS 3256: Script threads\partythread.js ended
[10/06/26 03:29:07] D2BS 3256: Script threads\townchicken.js ended
[10/06/26 03:29:07] D2BS 3256: Script default.dbj ended
[10/06/26 03:29:17] D2BS 3256: Creating Game: pz-201
[10/06/26 03:29:18] D2BS 3256: ÿc2D2BSÿc0 :: Starting default.dbj
[10/06/26 03:29:18] D2BS 3256: ÿc2D2BSÿc0 :: default.dbj running.
[10/06/26 03:29:18] D2BS 3256: Loaded ÿc9[X.nip] [Y.nip] [Z.nip] [V.nip] [S.SFFW.nip]
[10/06/26 03:29:18] D2BS 3256: Loaded ÿc9[S.SFFW.js]
[10/06/26 03:29:18] D2BS 3256: equipped: [Head] 16
[10/06/26 03:29:18] D2BS 3256: equipped: [Neck] 18
[10/06/26 03:29:18] D2BS 3256: equipped: [Body] 21
[10/06/26 03:29:18] D2BS 3256: equipped: [ArmR] 33
[10/06/26 03:29:18] D2BS 3256: equipped: [ArmL] 26
[10/06/26 03:29:18] D2BS 3256: equipped: [RingR] 15
[10/06/26 03:29:18] D2BS 3256: equipped: [RingL] 13
[10/06/26 03:29:18] D2BS 3256: equipped: [Belt] 19
[10/06/26 03:29:18] D2BS 3256: equipped: [Boots] 13
[10/06/26 03:29:18] D2BS 3256: equipped: [Mitts] 12
[10/06/26 03:29:18] D2BS 3256: updateStat
[10/06/26 03:29:18] D2BS 3256: granted: [Head] 15
[10/06/26 03:29:18] D2BS 3256: granted: [Body] 22
[10/06/26 03:29:18] D2BS 3256: granted: [ArmR] 41
[10/06/26 03:29:19] D2BS 3256: Loaded ÿc9[AutoSmurf.js]
[10/06/26 03:29:28] D2BS 3256: farmingON
[10/06/26 03:29:30] D2BS 3256: MiniShopBot: true
[10/06/26 03:29:30] D2BS 3256: UseMerc: true HP: 70
[10/06/26 03:29:40] D2BS 3256: [Craft] Caster Ring
[10/06/26 03:29:58] D2BS 3256: Merc matched: Holy Freeze
[10/06/26 03:30:16] D2BS 3256: act5+ BO
[10/06/26 03:30:27] D2BS 3256: ÿc4=== [BAAL] ===
[10/06/26 03:33:26] D2BS 3256: ÿc4=== [COUNTESS] ===
[10/06/26 03:34:26] D2BS 3256: ÿc4=== [PIT] ===
[10/06/26 03:36:02] D2BS 3256: ÿc4=== [ANDY] ===
[10/06/26 03:36:54] D2BS 3256: ÿc4=== [COWS] ===
[10/06/26 03:38:38] D2BS 3256: Going to town
[10/06/26 03:42:58] D2BS 3256: Cow King found
[10/06/26 03:42:58] D2BS 3256: Cows failed: clearCowLevel
[10/06/26 03:43:02] D2BS 3256: ÿc4=== [MEPHISTO] ===
[10/06/26 03:44:27] D2BS 3256: ÿc4=== [DIABLO] ===
[10/06/26 03:49:30] D2BS 3256: party has left: fowo-xg
[10/06/26 03:49:30] D2BS 3256:  [20:12] +4.17% / [Level 90] 23.81%
[10/06/26 03:49:30] D2BS 3256: Script threads\autobuildthread.js ended
[10/06/26 03:49:30] D2BS 3256: Script threads\partythread.js ended
[10/06/26 03:49:30] D2BS 3256: Script threads\townchicken.js ended
[10/06/26 03:49:30] D2BS 3256: Script default.dbj ended
[10/06/26 03:49:40] D2BS 3256: Creating Game: pz-202
[10/06/26 03:49:42] D2BS 3256: ÿc2D2BSÿc0 :: Starting default.dbj
[10/06/26 03:49:42] D2BS 3256: ÿc2D2BSÿc0 :: default.dbj running.
[10/06/26 03:49:42] D2BS 3256: Loaded ÿc9[X.nip] [Y.nip] [Z.nip] [V.nip] [S.SFFW.nip]
[10/06/26 03:49:42] D2BS 3256: Loaded ÿc9[S.SFFW.js]
[10/06/26 03:49:42] D2BS 3256: equipped: [Head] 16
[10/06/26 03:49:42] D2BS 3256: equipped: [Neck] 18
[10/06/26 03:49:42] D2BS 3256: equipped: [Body] 21
[10/06/26 03:49:42] D2BS 3256: equipped: [ArmR] 33
[10/06/26 03:49:42] D2BS 3256: equipped: [ArmL] 26
[10/06/26 03:49:42] D2BS 3256: equipped: [RingR] 15
[10/06/26 03:49:42] D2BS 3256: equipped: [RingL] 13
[10/06/26 03:49:42] D2BS 3256: equipped: [Belt] 19
[10/06/26 03:49:42] D2BS 3256: equipped: [Boots] 13
[10/06/26 03:49:42] D2BS 3256: equipped: [Mitts] 12
[10/06/26 03:49:42] D2BS 3256: updateStat
[10/06/26 03:49:42] D2BS 3256: granted: [Head] 15
[10/06/26 03:49:42] D2BS 3256: granted: [Body] 22
[10/06/26 03:49:42] D2BS 3256: granted: [ArmR] 41
[10/06/26 03:49:42] D2BS 3256: Loaded ÿc9[AutoSmurf.js]
[10/06/26 03:49:49] D2BS 3256: farmingON
[10/06/26 03:49:52] D2BS 3256: MiniShopBot: true
[10/06/26 03:49:52] D2BS 3256: UseMerc: true HP: 70
[10/06/26 03:50:12] D2BS 3256: Merc matched: Holy Freeze
[10/06/26 03:50:24] D2BS 3256: act5+ BO
[10/06/26 03:50:36] D2BS 3256: ÿc4=== [BAAL] ===
[10/06/26 03:53:53] D2BS 3256: ÿc4=== [COUNTESS] ===
[10/06/26 03:54:59] D2BS 3256: ÿc4=== [PIT] ===
[10/06/26 03:55:05] D2BS 3256: equipped: [RingL] 14
[10/06/26 03:56:35] D2BS 3256: ÿc4=== [ANDY] ===
[10/06/26 03:57:25] D2BS 3256: ÿc4=== [COWS] ===
[10/06/26 04:07:33] D2BS 3256: party has left: fowo-xb
[10/06/26 04:07:33] D2BS 3256:  [17:51] +2.39% / [Level 90] 26.19%
[10/06/26 04:07:33] D2BS 3256: Script threads\autobuildthread.js ended
[10/06/26 04:07:33] D2BS 3256: Script threads\partythread.js ended
[10/06/26 04:07:33] D2BS 3256: Script threads\townchicken.js ended
[10/06/26 04:07:33] D2BS 3256: Script default.dbj ended
[10/06/26 04:07:48] D2BS 3256: Creating Game: pz-203
[10/06/26 04:07:49] D2BS 3256: ÿc2D2BSÿc0 :: Starting default.dbj
[10/06/26 04:07:49] D2BS 3256: ÿc2D2BSÿc0 :: default.dbj running.
[10/06/26 04:07:49] D2BS 3256: Loaded ÿc9[X.nip] [Y.nip] [Z.nip] [V.nip] [S.SFFW.nip]
[10/06/26 04:07:49] D2BS 3256: Loaded ÿc9[S.SFFW.js]
[10/06/26 04:07:49] D2BS 3256: equipped: [Head] 16
[10/06/26 04:07:49] D2BS 3256: equipped: [Neck] 18
[10/06/26 04:07:49] D2BS 3256: equipped: [Body] 21
[10/06/26 04:07:49] D2BS 3256: equipped: [ArmR] 33
[10/06/26 04:07:49] D2BS 3256: equipped: [ArmL] 26
[10/06/26 04:07:49] D2BS 3256: equipped: [RingR] 15
[10/06/26 04:07:49] D2BS 3256: equipped: [RingL] 14
[10/06/26 04:07:49] D2BS 3256: equipped: [Belt] 19
[10/06/26 04:07:49] D2BS 3256: equipped: [Boots] 13
[10/06/26 04:07:49] D2BS 3256: equipped: [Mitts] 12
[10/06/26 04:07:49] D2BS 3256: updateStat
[10/06/26 04:07:49] D2BS 3256: granted: [Head] 15
[10/06/26 04:07:49] D2BS 3256: granted: [Body] 22
[10/06/26 04:07:49] D2BS 3256: granted: [ArmR] 41
[10/06/26 04:07:49] D2BS 3256: Loaded ÿc9[AutoSmurf.js]
[10/06/26 04:07:59] D2BS 3256: farmingON
[10/06/26 04:08:02] D2BS 3256: MiniShopBot: true
[10/06/26 04:08:02] D2BS 3256: UseMerc: true HP: 70
[10/06/26 04:08:22] D2BS 3256: Merc matched: Holy Freeze
[10/06/26 04:08:34] D2BS 3256: act5+ BO
[10/06/26 04:08:47] D2BS 3256: ÿc4=== [BAAL] ===
[10/06/26 04:12:13] D2BS 3256: ÿc4=== [COUNTESS] ===
[10/06/26 04:13:14] D2BS 3256: ÿc4=== [PIT] ===
[10/06/26 04:14:53] D2BS 3256: ÿc4=== [ANDY] ===
[10/06/26 04:16:02] D2BS 3256: ÿc4=== [COWS] ===
[10/06/26 04:18:09] D2BS 3256: party has left: fowo-xd
[10/06/26 04:18:10] D2BS 3256:  [10:20] +2.27% / [Level 90] 28.46%
[10/06/26 04:18:10] D2BS 3256: Script threads\autobuildthread.js ended
[10/06/26 04:18:10] D2BS 3256: Script threads\partythread.js ended
[10/06/26 04:18:10] D2BS 3256: Script threads\townchicken.js ended
[10/06/26 04:18:10] D2BS 3256: Script default.dbj ended
[10/06/26 04:18:19] D2BS 3256: Creating Game: pz-204
[10/06/26 04:18:21] D2BS 3256: ÿc2D2BSÿc0 :: Starting default.dbj
[10/06/26 04:18:21] D2BS 3256: ÿc2D2BSÿc0 :: default.dbj running.
[10/06/26 04:18:21] D2BS 3256: Loaded ÿc9[X.nip] [Y.nip] [Z.nip] [V.nip] [S.SFFW.nip]
[10/06/26 04:18:21] D2BS 3256: Loaded ÿc9[S.SFFW.js]
[10/06/26 04:18:21] D2BS 3256: equipped: [Head] 16
[10/06/26 04:18:21] D2BS 3256: equipped: [Neck] 18
[10/06/26 04:18:21] D2BS 3256: equipped: [Body] 21
[10/06/26 04:18:21] D2BS 3256: equipped: [ArmR] 33
[10/06/26 04:18:21] D2BS 3256: equipped: [ArmL] 26
[10/06/26 04:18:21] D2BS 3256: equipped: [RingR] 15
[10/06/26 04:18:21] D2BS 3256: equipped: [RingL] 14
[10/06/26 04:18:21] D2BS 3256: equipped: [Belt] 19
[10/06/26 04:18:21] D2BS 3256: equipped: [Boots] 13
[10/06/26 04:18:21] D2BS 3256: equipped: [Mitts] 12
[10/06/26 04:18:21] D2BS 3256: updateStat
[10/06/26 04:18:21] D2BS 3256: granted: [Head] 15
[10/06/26 04:18:21] D2BS 3256: granted: [Body] 22
[10/06/26 04:18:21] D2BS 3256: granted: [ArmR] 41
[10/06/26 04:18:21] D2BS 3256: Loaded ÿc9[AutoSmurf.js]
[10/06/26 04:18:31] D2BS 3256: farmingON
[10/06/26 04:18:34] D2BS 3256: MiniShopBot: true
[10/06/26 04:18:34] D2BS 3256: UseMerc: true HP: 70
[10/06/26 04:18:54] D2BS 3256: Merc matched: Holy Freeze
[10/06/26 04:19:02] D2BS 3256: act5+ BO
[10/06/26 04:19:16] D2BS 3256: ÿc4=== [BAAL] ===
[10/06/26 04:22:22] D2BS 3256: ÿc4=== [COUNTESS] ===
[10/06/26 04:23:31] D2BS 3256: ÿc4=== [PIT] ===
[10/06/26 04:25:03] D2BS 3256: ÿc4=== [ANDY] ===
[10/06/26 04:25:54] D2BS 3256: ÿc4=== [COWS] ===
[10/06/26 04:37:25] D2BS 3256: ÿc4=== [MEPHISTO] ===
[10/06/26 04:38:46] D2BS 3256: ÿc4=== [DIABLO] ===
[10/06/26 04:44:03] D2BS 3256: party has left: fowo-xd, fowo-xg
[10/06/26 04:44:03] D2BS 3256:  [25:42] +4.03% / [Level 90] 32.50%
[10/06/26 04:44:03] D2BS 3256: Script threads\autobuildthread.js ended
[10/06/26 04:44:03] D2BS 3256: Script threads\partythread.js ended
[10/06/26 04:44:03] D2BS 3256: Script threads\townchicken.js ended
[10/06/26 04:44:04] D2BS 3256: Script default.dbj ended
[10/06/26 04:44:13] D2BS 3256: Creating Game: pz-205
[10/06/26 04:44:14] D2BS 3256: ÿc2D2BSÿc0 :: Starting default.dbj
[10/06/26 04:44:14] D2BS 3256: ÿc2D2BSÿc0 :: default.dbj running.
[10/06/26 04:44:14] D2BS 3256: Loaded ÿc9[X.nip] [Y.nip] [Z.nip] [V.nip] [S.SFFW.nip]
[10/06/26 04:44:14] D2BS 3256: Loaded ÿc9[S.SFFW.js]
[10/06/26 04:44:14] D2BS 3256: equipped: [Head] 16
[10/06/26 04:44:14] D2BS 3256: equipped: [Neck] 18
[10/06/26 04:44:14] D2BS 3256: equipped: [Body] 21
[10/06/26 04:44:14] D2BS 3256: equipped: [ArmR] 33
[10/06/26 04:44:14] D2BS 3256: equipped: [ArmL] 26
[10/06/26 04:44:14] D2BS 3256: equipped: [RingR] 15
[10/06/26 04:44:14] D2BS 3256: equipped: [RingL] 14
[10/06/26 04:44:14] D2BS 3256: equipped: [Belt] 19
[10/06/26 04:44:14] D2BS 3256: equipped: [Boots] 13
[10/06/26 04:44:14] D2BS 3256: equipped: [Mitts] 12
[10/06/26 04:44:14] D2BS 3256: updateStat
[10/06/26 04:44:14] D2BS 3256: granted: [Head] 15
[10/06/26 04:44:14] D2BS 3256: granted: [Body] 22
[10/06/26 04:44:14] D2BS 3256: granted: [ArmR] 41
[10/06/26 04:44:14] D2BS 3256: Loaded ÿc9[AutoSmurf.js]
[10/06/26 04:44:23] D2BS 3256: farmingON
[10/06/26 04:44:24] D2BS 3256: MiniShopBot: true
[10/06/26 04:44:24] D2BS 3256: UseMerc: true HP: 70
[10/06/26 04:44:47] D2BS 3256: Merc matched: Holy Freeze
[10/06/26 04:45:00] D2BS 3256: act5+ BO
[10/06/26 04:45:13] D2BS 3256: ÿc4=== [BAAL] ===
[10/06/26 04:48:22] D2BS 3256: ÿc4=== [COUNTESS] ===
[10/06/26 04:49:31] D2BS 3256: ÿc4=== [PIT] ===
[10/06/26 04:50:43] D2BS 3256: ÿc4=== [ANDY] ===
[10/06/26 04:51:35] D2BS 3256: ÿc4=== [COWS] ===
[10/06/26 05:03:12] D2BS 3256: Cows failed: clearCowLevel
[10/06/26 05:03:14] D2BS 3256: ÿc4=== [MEPHISTO] ===
[10/06/26 05:04:34] D2BS 3256: ÿc4=== [DIABLO] ===
[10/06/26 05:04:41] D2BS 3256: updateStat
[10/06/26 05:04:41] D2BS 3256: granted: [Head] 15
[10/06/26 05:04:41] D2BS 3256: granted: [Body] 22
[10/06/26 05:04:41] D2BS 3256: granted: [ArmR] 41
[10/06/26 05:07:10] D2BS 3256: party has left: fowo-xd
[10/06/26 05:07:10] D2BS 3256:  [22:56] +2.83% / [Level 90] 35.33%
[10/06/26 05:07:10] D2BS 3256: Script threads\autobuildthread.js ended
[10/06/26 05:07:10] D2BS 3256: Script threads\partythread.js ended
[10/06/26 05:07:10] D2BS 3256: Script threads\townchicken.js ended
[10/06/26 05:07:10] D2BS 3256: Script default.dbj ended
[10/06/26 05:07:19] D2BS 3256: Creating Game: pz-206
[10/06/26 05:07:21] D2BS 3256: ÿc2D2BSÿc0 :: Starting default.dbj
[10/06/26 05:07:21] D2BS 3256: ÿc2D2BSÿc0 :: default.dbj running.
[10/06/26 05:07:21] D2BS 3256: Loaded ÿc9[X.nip] [Y.nip] [Z.nip] [V.nip] [S.SFFW.nip]
[10/06/26 05:07:21] D2BS 3256: Loaded ÿc9[S.SFFW.js]
[10/06/26 05:07:21] D2BS 3256: equipped: [Head] 16
[10/06/26 05:07:21] D2BS 3256: equipped: [Neck] 18
[10/06/26 05:07:21] D2BS 3256: equipped: [Body] 21
[10/06/26 05:07:21] D2BS 3256: equipped: [ArmR] 33
[10/06/26 05:07:21] D2BS 3256: equipped: [ArmL] 26
[10/06/26 05:07:21] D2BS 3256: equipped: [RingR] 15
[10/06/26 05:07:21] D2BS 3256: equipped: [RingL] 14
[10/06/26 05:07:21] D2BS 3256: equipped: [Belt] 19
[10/06/26 05:07:21] D2BS 3256: equipped: [Boots] 13
[10/06/26 05:07:21] D2BS 3256: equipped: [Mitts] 12
[10/06/26 05:07:21] D2BS 3256: updateStat
[10/06/26 05:07:21] D2BS 3256: granted: [Head] 15
[10/06/26 05:07:21] D2BS 3256: granted: [Body] 22
[10/06/26 05:07:22] D2BS 3256: granted: [ArmR] 41
[10/06/26 05:07:22] D2BS 3256: Loaded ÿc9[AutoSmurf.js]
[10/06/26 05:07:30] D2BS 3256: farmingON
[10/06/26 05:07:32] D2BS 3256: MiniShopBot: true
[10/06/26 05:07:32] D2BS 3256: UseMerc: true HP: 70
[10/06/26 05:07:54] D2BS 3256: Merc matched: Holy Freeze
[10/06/26 05:08:03] D2BS 3256: act5+ BO
[10/06/26 05:08:15] D2BS 3256: ÿc4=== [BAAL] ===
[10/06/26 05:08:30] D2BS 3256: Baal failed: souls found
[10/06/26 05:08:34] D2BS 3256: ÿc4=== [COUNTESS] ===
[10/06/26 05:09:38] D2BS 3256: ÿc4=== [PIT] ===
[10/06/26 05:10:57] D2BS 3256: ÿc4=== [ANDY] ===
[10/06/26 05:11:53] D2BS 3256: ÿc4=== [COWS] ===
[10/06/26 05:26:54] D2BS 3256: ÿc4=== [MEPHISTO] ===
[10/06/26 05:28:05] D2BS 3256: ÿc4=== [DIABLO] ===
[10/06/26 05:33:45] D2BS 3256: Script ended
[10/06/26 05:33:45] D2BS 3256:  [26:23] +2.66% / [Level 90] 37.99%
[10/06/26 05:33:45] D2BS 3256: Script threads\autobuildthread.js ended
[10/06/26 05:33:45] D2BS 3256: Script threads\partythread.js ended
[10/06/26 05:33:45] D2BS 3256: Script threads\townchicken.js ended
[10/06/26 05:33:55] D2BS 3256: Creating Game: pz-207
[10/06/26 05:33:56] D2BS 3256: ÿc2D2BSÿc0 :: Starting default.dbj
[10/06/26 05:33:56] D2BS 3256: ÿc2D2BSÿc0 :: default.dbj running.
[10/06/26 05:33:56] D2BS 3256: Loaded ÿc9[X.nip] [Y.nip] [Z.nip] [V.nip] [S.SFFW.nip]
[10/06/26 05:33:56] D2BS 3256: Loaded ÿc9[S.SFFW.js]
[10/06/26 05:33:56] D2BS 3256: equipped: [Head] 16
[10/06/26 05:33:56] D2BS 3256: equipped: [Neck] 18
[10/06/26 05:33:56] D2BS 3256: equipped: [Body] 21
[10/06/26 05:33:56] D2BS 3256: equipped: [ArmR] 33
[10/06/26 05:33:56] D2BS 3256: equipped: [ArmL] 26
[10/06/26 05:33:56] D2BS 3256: equipped: [RingR] 15
[10/06/26 05:33:56] D2BS 3256: equipped: [RingL] 14
[10/06/26 05:33:56] D2BS 3256: equipped: [Belt] 19
[10/06/26 05:33:56] D2BS 3256: equipped: [Boots] 13
[10/06/26 05:33:56] D2BS 3256: equipped: [Mitts] 12
[10/06/26 05:33:56] D2BS 3256: updateStat
[10/06/26 05:33:56] D2BS 3256: granted: [Head] 15
[10/06/26 05:33:56] D2BS 3256: granted: [Body] 22
[10/06/26 05:33:56] D2BS 3256: granted: [ArmR] 41
[10/06/26 05:33:56] D2BS 3256: Loaded ÿc9[AutoSmurf.js]
[10/06/26 05:34:05] D2BS 3256: farmingON
[10/06/26 05:34:05] D2BS 3256: MiniShopBot: true
[10/06/26 05:34:05] D2BS 3256: UseMerc: true HP: 70
[10/06/26 05:34:32] D2BS 3256: Merc matched: Holy Freeze
[10/06/26 05:34:44] D2BS 3256: act5+ BO
[10/06/26 05:34:56] D2BS 3256: ÿc4=== [BAAL] ===
[10/06/26 05:35:13] D2BS 3256: Baal failed: souls found
[10/06/26 05:35:15] D2BS 3256: ÿc4=== [COUNTESS] ===
[10/06/26 05:36:10] D2BS 3256: ÿc4=== [PIT] ===
[10/06/26 05:37:54] D2BS 3256: ÿc4=== [ANDY] ===
[10/06/26 05:38:44] D2BS 3256: ÿc4=== [COWS] ===
[10/06/26 05:42:30] D2BS 3256: party has left: fowo-xe
[10/06/26 05:42:30] D2BS 3256:  [08:34] +0.56% / [Level 90] 38.55%
[10/06/26 05:42:30] D2BS 3256: Script threads\autobuildthread.js ended
[10/06/26 05:42:30] D2BS 3256: Script threads\partythread.js ended
[10/06/26 05:42:30] D2BS 3256: Script threads\townchicken.js ended
[10/06/26 05:42:31] D2BS 3256: Script default.dbj ended
[10/06/26 05:42:40] D2BS 3256: Creating Game: pz-208
[10/06/26 05:42:42] D2BS 3256: ÿc2D2BSÿc0 :: Starting default.dbj
[10/06/26 05:42:42] D2BS 3256: ÿc2D2BSÿc0 :: default.dbj running.
[10/06/26 05:42:42] D2BS 3256: Loaded ÿc9[X.nip] [Y.nip] [Z.nip] [V.nip] [S.SFFW.nip]
[10/06/26 05:42:42] D2BS 3256: Loaded ÿc9[S.SFFW.js]
[10/06/26 05:42:42] D2BS 3256: equipped: [Head] 16
[10/06/26 05:42:42] D2BS 3256: equipped: [Neck] 18
[10/06/26 05:42:42] D2BS 3256: equipped: [Body] 21
[10/06/26 05:42:42] D2BS 3256: equipped: [ArmR] 33
[10/06/26 05:42:42] D2BS 3256: equipped: [ArmL] 26
[10/06/26 05:42:42] D2BS 3256: equipped: [RingR] 15
[10/06/26 05:42:42] D2BS 3256: equipped: [RingL] 14
[10/06/26 05:42:42] D2BS 3256: equipped: [Belt] 19
[10/06/26 05:42:42] D2BS 3256: equipped: [Boots] 13
[10/06/26 05:42:42] D2BS 3256: equipped: [Mitts] 12
[10/06/26 05:42:42] D2BS 3256: updateStat
[10/06/26 05:42:42] D2BS 3256: granted: [Head] 15
[10/06/26 05:42:42] D2BS 3256: granted: [Body] 22
[10/06/26 05:42:42] D2BS 3256: granted: [ArmR] 41
[10/06/26 05:42:42] D2BS 3256: Loaded ÿc9[AutoSmurf.js]
[10/06/26 05:42:51] D2BS 3256: farmingON
[10/06/26 05:42:53] D2BS 3256: MiniShopBot: true
[10/06/26 05:42:53] D2BS 3256: UseMerc: true HP: 70
[10/06/26 05:43:14] D2BS 3256: Merc matched: Holy Freeze
[10/06/26 05:43:27] D2BS 3256: act5+ BO
[10/06/26 05:43:40] D2BS 3256: ÿc4=== [BAAL] ===
[10/06/26 05:43:52] D2BS 3256: Baal failed: souls found
[10/06/26 05:43:54] D2BS 3256: ÿc4=== [COUNTESS] ===
[10/06/26 05:45:04] D2BS 3256: ÿc4=== [PIT] ===
[10/06/26 05:46:56] D2BS 3256: ÿc4=== [ANDY] ===
[10/06/26 05:47:51] D2BS 3256: ÿc4=== [COWS] ===
[10/06/26 05:50:29] D2BS 3256: party has left: fowo-xe
[10/06/26 05:50:29] D2BS 3256:  [07:47] +0.43% / [Level 90] 38.98%
[10/06/26 05:50:29] D2BS 3256: Script threads\autobuildthread.js ended
[10/06/26 05:50:29] D2BS 3256: Script threads\partythread.js ended
[10/06/26 05:50:29] D2BS 3256: Script threads\townchicken.js ended
[10/06/26 05:50:29] D2BS 3256: Script default.dbj ended
[10/06/26 05:50:38] D2BS 3256: Creating Game: pz-209
[10/06/26 05:50:39] D2BS 3256: ÿc2D2BSÿc0 :: Starting default.dbj
[10/06/26 05:50:39] D2BS 3256: ÿc2D2BSÿc0 :: default.dbj running.
[10/06/26 05:50:39] D2BS 3256: Loaded ÿc9[X.nip] [Y.nip] [Z.nip] [V.nip] [S.SFFW.nip]
[10/06/26 05:50:39] D2BS 3256: Loaded ÿc9[S.SFFW.js]
[10/06/26 05:50:39] D2BS 3256: equipped: [Head] 16
[10/06/26 05:50:39] D2BS 3256: equipped: [Neck] 18
[10/06/26 05:50:39] D2BS 3256: equipped: [Body] 21
[10/06/26 05:50:39] D2BS 3256: equipped: [ArmR] 33
[10/06/26 05:50:39] D2BS 3256: equipped: [ArmL] 26
[10/06/26 05:50:39] D2BS 3256: equipped: [RingR] 15
[10/06/26 05:50:39] D2BS 3256: equipped: [RingL] 14
[10/06/26 05:50:39] D2BS 3256: equipped: [Belt] 19
[10/06/26 05:50:39] D2BS 3256: equipped: [Boots] 13
[10/06/26 05:50:39] D2BS 3256: equipped: [Mitts] 12
[10/06/26 05:50:39] D2BS 3256: updateStat
[10/06/26 05:50:39] D2BS 3256: granted: [Head] 15
[10/06/26 05:50:39] D2BS 3256: granted: [Body] 22
[10/06/26 05:50:39] D2BS 3256: granted: [ArmR] 41
[10/06/26 05:50:39] D2BS 3256: Loaded ÿc9[AutoSmurf.js]
[10/06/26 05:50:48] D2BS 3256: farmingON
[10/06/26 05:50:50] D2BS 3256: MiniShopBot: true
[10/06/26 05:50:50] D2BS 3256: UseMerc: true HP: 70
[10/06/26 05:51:35] D2BS 3256: Merc matched: Holy Freeze
[10/06/26 05:51:43] D2BS 3256: act5+ BO
[10/06/26 05:51:56] D2BS 3256: ÿc4=== [BAAL] ===
[10/06/26 05:55:47] D2BS 3256: ÿc4=== [COUNTESS] ===
[10/06/26 05:57:06] D2BS 3256: ÿc4=== [PIT] ===
[10/06/26 05:58:59] D2BS 3256: ÿc4=== [ANDY] ===
[10/06/26 06:00:02] D2BS 3256: ÿc4=== [COWS] ===
[10/06/26 06:10:41] D2BS 3256: Cows failed: clearCowLevel
[10/06/26 06:11:46] D2BS 3256: ÿc4=== [MEPHISTO] ===
[10/06/26 06:13:07] D2BS 3256: ÿc4=== [DIABLO] ===
[10/06/26 06:20:40] D2BS 3256: Script default.dbj ended
[10/06/26 06:20:40] D2BS 3256: Script threads\autobuildthread.js ended
[10/06/26 06:20:40] D2BS 3256: Script threads\partythread.js ended
[10/06/26 06:20:40] D2BS 3256: Script threads\toolsthread.js ended
[10/06/26 06:20:40] D2BS 3256: Script threads\townchicken.js ended
[10/06/26 06:20:50] D2BS 3256: Creating Game: pz-210
[10/06/26 06:20:51] D2BS 3256: ÿc2D2BSÿc0 :: Starting default.dbj
[10/06/26 06:20:51] D2BS 3256: ÿc2D2BSÿc0 :: default.dbj running.
[10/06/26 06:20:51] D2BS 3256: Loaded ÿc9[X.nip] [Y.nip] [Z.nip] [V.nip] [S.SFFW.nip]
[10/06/26 06:20:51] D2BS 3256: Loaded ÿc9[S.SFFW.js]
[10/06/26 06:20:51] D2BS 3256: equipped: [Head] 16
[10/06/26 06:20:51] D2BS 3256: equipped: [Neck] 18
[10/06/26 06:20:51] D2BS 3256: equipped: [Body] 21
[10/06/26 06:20:51] D2BS 3256: equipped: [ArmR] 33
[10/06/26 06:20:51] D2BS 3256: equipped: [ArmL] 26
[10/06/26 06:20:51] D2BS 3256: equipped: [RingR] 15
[10/06/26 06:20:51] D2BS 3256: equipped: [RingL] 14
[10/06/26 06:20:51] D2BS 3256: equipped: [Belt] 19
[10/06/26 06:20:51] D2BS 3256: equipped: [Boots] 13
[10/06/26 06:20:51] D2BS 3256: equipped: [Mitts] 12
[10/06/26 06:20:51] D2BS 3256: updateStat
[10/06/26 06:20:51] D2BS 3256: granted: [Head] 15
[10/06/26 06:20:51] D2BS 3256: granted: [Body] 22
[10/06/26 06:20:51] D2BS 3256: granted: [ArmR] 41
[10/06/26 06:20:51] D2BS 3256: Loaded ÿc9[AutoSmurf.js]
[10/06/26 06:20:59] D2BS 3256: farmingON
[10/06/26 06:21:01] D2BS 3256: MiniShopBot: true
[10/06/26 06:21:01] D2BS 3256: UseMerc: true HP: 70
[10/06/26 06:21:18] D2BS 3256: Merc matched: Holy Freeze
[10/06/26 06:21:35] D2BS 3256: act5+ BO
[10/06/26 06:21:49] D2BS 3256: ÿc4=== [BAAL] ===
[10/06/26 06:24:25] D2BS 3256: party has left: fowo-xe
[10/06/26 06:24:25] D2BS 3256:  [03:34] +1.53% / [Level 90] 44.97%
[10/06/26 06:24:25] D2BS 3256: Script threads\autobuildthread.js ended
[10/06/26 06:24:25] D2BS 3256: Script threads\partythread.js ended
[10/06/26 06:24:26] D2BS 3256: Script threads\townchicken.js ended
[10/06/26 06:24:26] D2BS 3256: Script default.dbj ended
[10/06/26 06:24:40] D2BS 3256: Creating Game: pz-211
[10/06/26 06:24:42] D2BS 3256: ÿc2D2BSÿc0 :: Starting default.dbj
[10/06/26 06:24:42] D2BS 3256: ÿc2D2BSÿc0 :: default.dbj running.
[10/06/26 06:24:42] D2BS 3256: Loaded ÿc9[X.nip] [Y.nip] [Z.nip] [V.nip] [S.SFFW.nip]
[10/06/26 06:24:42] D2BS 3256: Loaded ÿc9[S.SFFW.js]
[10/06/26 06:24:42] D2BS 3256: equipped: [Head] 16
[10/06/26 06:24:42] D2BS 3256: equipped: [Neck] 18
[10/06/26 06:24:42] D2BS 3256: equipped: [Body] 21
[10/06/26 06:24:42] D2BS 3256: equipped: [ArmR] 33
[10/06/26 06:24:42] D2BS 3256: equipped: [ArmL] 26
[10/06/26 06:24:42] D2BS 3256: equipped: [RingR] 15
[10/06/26 06:24:42] D2BS 3256: equipped: [RingL] 14
[10/06/26 06:24:42] D2BS 3256: equipped: [Belt] 19
[10/06/26 06:24:42] D2BS 3256: equipped: [Boots] 13
[10/06/26 06:24:42] D2BS 3256: equipped: [Mitts] 12
[10/06/26 06:24:42] D2BS 3256: updateStat
[10/06/26 06:24:42] D2BS 3256: granted: [Head] 15
[10/06/26 06:24:42] D2BS 3256: granted: [Body] 22
[10/06/26 06:24:42] D2BS 3256: granted: [ArmR] 41
[10/06/26 06:24:42] D2BS 3256: Loaded ÿc9[AutoSmurf.js]
[10/06/26 06:24:48] D2BS 3256: MiniShopBot: true
[10/06/26 06:24:48] D2BS 3256: farmingON
[10/06/26 06:24:48] D2BS 3256: UseMerc: true HP: 70
[10/06/26 06:25:10] D2BS 3256: Merc matched: Holy Freeze
[10/06/26 06:25:44] D2BS 3256: act5+ BO
[10/06/26 06:25:56] D2BS 3256: ÿc4=== [BAAL] ===
[10/06/26 06:26:10] D2BS 3256: Baal failed: souls found
[10/06/26 06:26:12] D2BS 3256: ÿc4=== [COUNTESS] ===
[10/06/26 06:27:14] D2BS 3256: ÿc4=== [PIT] ===
[10/06/26 06:29:08] D2BS 3256: ÿc4=== [ANDY] ===
[10/06/26 06:30:10] D2BS 3256: ÿc4=== [COWS] ===
[10/06/26 06:35:49] D2BS 3256: Cow King found
[10/06/26 06:35:50] D2BS 3256: Cows failed: clearCowLevel
[10/06/26 06:36:22] D2BS 3256: ÿc4=== [MEPHISTO] ===
[10/06/26 06:37:50] D2BS 3256: ÿc4=== [DIABLO] ===
[10/06/26 06:43:04] D2BS 3256: party has left: fowo-xe
[10/06/26 06:43:04] D2BS 3256:  [18:22] +2.22% / [Level 90] 47.19%
[10/06/26 06:43:04] D2BS 3256: Script threads\autobuildthread.js ended
[10/06/26 06:43:04] D2BS 3256: Script threads\partythread.js ended
[10/06/26 06:43:04] D2BS 3256: Script threads\townchicken.js ended
[10/06/26 06:43:04] D2BS 3256: Script default.dbj ended
[10/06/26 06:43:13] D2BS 3256: Creating Game: pz-212
[10/06/26 06:43:15] D2BS 3256: ÿc2D2BSÿc0 :: Starting default.dbj
[10/06/26 06:43:15] D2BS 3256: ÿc2D2BSÿc0 :: default.dbj running.
[10/06/26 06:43:15] D2BS 3256: Loaded ÿc9[X.nip] [Y.nip] [Z.nip] [V.nip] [S.SFFW.nip]
[10/06/26 06:43:15] D2BS 3256: Loaded ÿc9[S.SFFW.js]
[10/06/26 06:43:15] D2BS 3256: equipped: [Head] 16
[10/06/26 06:43:15] D2BS 3256: equipped: [Neck] 18
[10/06/26 06:43:15] D2BS 3256: equipped: [Body] 21
[10/06/26 06:43:15] D2BS 3256: equipped: [ArmR] 33
[10/06/26 06:43:15] D2BS 3256: equipped: [ArmL] 26
[10/06/26 06:43:15] D2BS 3256: equipped: [RingR] 15
[10/06/26 06:43:15] D2BS 3256: equipped: [RingL] 14
[10/06/26 06:43:15] D2BS 3256: equipped: [Belt] 19
[10/06/26 06:43:15] D2BS 3256: equipped: [Boots] 13
[10/06/26 06:43:15] D2BS 3256: equipped: [Mitts] 12
[10/06/26 06:43:15] D2BS 3256: updateStat
[10/06/26 06:43:15] D2BS 3256: granted: [Head] 15
[10/06/26 06:43:15] D2BS 3256: granted: [Body] 22
[10/06/26 06:43:15] D2BS 3256: granted: [ArmR] 41
[10/06/26 06:43:15] D2BS 3256: Loaded ÿc9[AutoSmurf.js]
[10/06/26 06:43:24] D2BS 3256: farmingON
[10/06/26 06:43:25] D2BS 3256: MiniShopBot: true
[10/06/26 06:43:25] D2BS 3256: UseMerc: true HP: 70
[10/06/26 06:43:48] D2BS 3256: Merc matched: Holy Freeze
[10/06/26 06:44:03] D2BS 3256: act5+ BO
[10/06/26 06:44:15] D2BS 3256: ÿc4=== [BAAL] ===
[10/06/26 06:47:07] D2BS 3256: ÿc4=== [COUNTESS] ===
[10/06/26 06:48:17] D2BS 3256: ÿc4=== [PIT] ===
[10/06/26 06:49:39] D2BS 3256: ÿc4=== [ANDY] ===
[10/06/26 06:50:39] D2BS 3256: ÿc4=== [COWS] ===
[10/06/26 07:02:36] D2BS 3256: party has left: fowo-xe
[10/06/26 07:02:36] D2BS 3256:  [19:21] +2.42% / [Level 90] 49.61%
[10/06/26 07:02:36] D2BS 3256: Script threads\autobuildthread.js ended
[10/06/26 07:02:36] D2BS 3256: Script threads\partythread.js ended
[10/06/26 07:02:36] D2BS 3256: Script threads\townchicken.js ended
[10/06/26 07:02:36] D2BS 3256: Script default.dbj ended
[10/06/26 07:02:46] D2BS 3256: Creating Game: pz-213
[10/06/26 07:02:47] D2BS 3256: ÿc2D2BSÿc0 :: Starting default.dbj
[10/06/26 07:02:47] D2BS 3256: ÿc2D2BSÿc0 :: default.dbj running.
[10/06/26 07:02:47] D2BS 3256: Loaded ÿc9[X.nip] [Y.nip] [Z.nip] [V.nip] [S.SFFW.nip]
[10/06/26 07:02:47] D2BS 3256: Loaded ÿc9[S.SFFW.js]
[10/06/26 07:02:47] D2BS 3256: equipped: [Head] 16
[10/06/26 07:02:48] D2BS 3256: equipped: [Neck] 18
[10/06/26 07:02:48] D2BS 3256: equipped: [Body] 21
[10/06/26 07:02:48] D2BS 3256: equipped: [ArmR] 33
[10/06/26 07:02:48] D2BS 3256: equipped: [ArmL] 26
[10/06/26 07:02:48] D2BS 3256: equipped: [RingR] 15
[10/06/26 07:02:48] D2BS 3256: equipped: [RingL] 14
[10/06/26 07:02:48] D2BS 3256: equipped: [Belt] 19
[10/06/26 07:02:48] D2BS 3256: equipped: [Boots] 13
[10/06/26 07:02:48] D2BS 3256: equipped: [Mitts] 12
[10/06/26 07:02:48] D2BS 3256: updateStat
[10/06/26 07:02:48] D2BS 3256: granted: [Head] 15
[10/06/26 07:02:48] D2BS 3256: granted: [Body] 22
[10/06/26 07:02:48] D2BS 3256: granted: [ArmR] 41
[10/06/26 07:02:48] D2BS 3256: Loaded ÿc9[AutoSmurf.js]
[10/06/26 07:02:58] D2BS 3256: farmingON
[10/06/26 07:03:01] D2BS 3256: MiniShopBot: true
[10/06/26 07:03:01] D2BS 3256: UseMerc: true HP: 70
[10/06/26 07:03:21] D2BS 3256: Merc matched: Holy Freeze
[10/06/26 07:03:33] D2BS 3256: act5+ BO
[10/06/26 07:03:46] D2BS 3256: ÿc4=== [BAAL] ===
[10/06/26 07:06:56] D2BS 3256: ÿc4=== [COUNTESS] ===
[10/06/26 07:08:13] D2BS 3256: ÿc4=== [PIT] ===
[10/06/26 07:09:43] D2BS 3256: ÿc4=== [ANDY] ===
[10/06/26 07:10:38] D2BS 3256: ÿc4=== [COWS] ===
[10/06/26 07:17:08] D2BS 3256: party has left: fowo-xd
[10/06/26 07:17:08] D2BS 3256:  [14:21] +2.76% / [Level 90] 52.37%
[10/06/26 07:17:08] D2BS 3256: Script threads\autobuildthread.js ended
[10/06/26 07:17:08] D2BS 3256: Script threads\partythread.js ended
[10/06/26 07:17:08] D2BS 3256: Script threads\townchicken.js ended
[10/06/26 07:17:08] D2BS 3256: Script default.dbj ended
[10/06/26 07:17:18] D2BS 3256: Creating Game: pz-214
[10/06/26 07:17:20] D2BS 3256: ÿc2D2BSÿc0 :: Starting default.dbj
[10/06/26 07:17:20] D2BS 3256: ÿc2D2BSÿc0 :: default.dbj running.
[10/06/26 07:17:20] D2BS 3256: Loaded ÿc9[X.nip] [Y.nip] [Z.nip] [V.nip] [S.SFFW.nip]
[10/06/26 07:17:20] D2BS 3256: Loaded ÿc9[S.SFFW.js]
[10/06/26 07:17:20] D2BS 3256: equipped: [Head] 16
[10/06/26 07:17:20] D2BS 3256: equipped: [Neck] 18
[10/06/26 07:17:20] D2BS 3256: equipped: [Body] 21
[10/06/26 07:17:20] D2BS 3256: equipped: [ArmR] 33
[10/06/26 07:17:20] D2BS 3256: equipped: [ArmL] 26
[10/06/26 07:17:20] D2BS 3256: equipped: [RingR] 15
[10/06/26 07:17:20] D2BS 3256: equipped: [RingL] 14
[10/06/26 07:17:20] D2BS 3256: equipped: [Belt] 19
[10/06/26 07:17:20] D2BS 3256: equipped: [Boots] 13
[10/06/26 07:17:20] D2BS 3256: equipped: [Mitts] 12
[10/06/26 07:17:20] D2BS 3256: updateStat
[10/06/26 07:17:20] D2BS 3256: granted: [Head] 15
[10/06/26 07:17:20] D2BS 3256: granted: [Body] 22
[10/06/26 07:17:20] D2BS 3256: granted: [ArmR] 41
[10/06/26 07:17:20] D2BS 3256: Loaded ÿc9[AutoSmurf.js]
[10/06/26 07:17:28] D2BS 3256: farmingON
[10/06/26 07:17:30] D2BS 3256: MiniShopBot: true
[10/06/26 07:17:30] D2BS 3256: UseMerc: true HP: 70
[10/06/26 07:17:51] D2BS 3256: Merc matched: Holy Freeze
[10/06/26 07:18:09] D2BS 3256: act5+ BO
[10/06/26 07:18:21] D2BS 3256: ÿc4=== [BAAL] ===
[10/06/26 07:21:57] D2BS 3256: ÿc4=== [COUNTESS] ===
[10/06/26 07:23:11] D2BS 3256: ÿc4=== [PIT] ===
[10/06/26 07:24:37] D2BS 3256: ÿc4=== [ANDY] ===
[10/06/26 07:25:39] D2BS 3256: ÿc4=== [COWS] ===
[10/06/26 07:35:24] D2BS 3256: Cow King found
[10/06/26 07:35:24] D2BS 3256: Cows failed: clearCowLevel
[10/06/26 07:35:28] D2BS 3256: ÿc4=== [MEPHISTO] ===
[10/06/26 07:36:56] D2BS 3256: ÿc4=== [DIABLO] ===
[10/06/26 07:42:19] D2BS 3256: party has left: fowo-xh
[10/06/26 07:42:19] D2BS 3256:  [25:00] +4.29% / [Level 90] 56.66%
[10/06/26 07:42:19] D2BS 3256: Script threads\autobuildthread.js ended
[10/06/26 07:42:20] D2BS 3256: Script threads\partythread.js ended
[10/06/26 07:42:20] D2BS 3256: Script threads\townchicken.js ended
[10/06/26 07:42:20] D2BS 3256: Script default.dbj ended
[10/06/26 07:42:29] D2BS 3256: Creating Game: pz-215
[10/06/26 07:42:30] D2BS 3256: ÿc2D2BSÿc0 :: Starting default.dbj
[10/06/26 07:42:30] D2BS 3256: ÿc2D2BSÿc0 :: default.dbj running.
[10/06/26 07:42:30] D2BS 3256: Loaded ÿc9[X.nip] [Y.nip] [Z.nip] [V.nip] [S.SFFW.nip]
[10/06/26 07:42:30] D2BS 3256: Loaded ÿc9[S.SFFW.js]
[10/06/26 07:42:30] D2BS 3256: equipped: [Head] 16
[10/06/26 07:42:30] D2BS 3256: equipped: [Neck] 18
[10/06/26 07:42:30] D2BS 3256: equipped: [Body] 21
[10/06/26 07:42:30] D2BS 3256: equipped: [ArmR] 33
[10/06/26 07:42:30] D2BS 3256: equipped: [ArmL] 26
[10/06/26 07:42:30] D2BS 3256: equipped: [RingR] 15
[10/06/26 07:42:30] D2BS 3256: equipped: [RingL] 14
[10/06/26 07:42:30] D2BS 3256: equipped: [Belt] 19
[10/06/26 07:42:30] D2BS 3256: equipped: [Boots] 13
[10/06/26 07:42:30] D2BS 3256: equipped: [Mitts] 12
[10/06/26 07:42:30] D2BS 3256: updateStat
[10/06/26 07:42:30] D2BS 3256: granted: [Head] 15
[10/06/26 07:42:30] D2BS 3256: granted: [Body] 22
[10/06/26 07:42:30] D2BS 3256: granted: [ArmR] 41
[10/06/26 07:42:30] D2BS 3256: Loaded ÿc9[AutoSmurf.js]
[10/06/26 07:42:39] D2BS 3256: farmingON
[10/06/26 07:42:42] D2BS 3256: MiniShopBot: true
[10/06/26 07:42:42] D2BS 3256: UseMerc: true HP: 70
[10/06/26 07:43:05] D2BS 3256: Merc matched: Holy Freeze
[10/06/26 07:43:13] D2BS 3256: act5+ BO
[10/06/26 07:43:26] D2BS 3256: ÿc4=== [BAAL] ===
[10/06/26 07:43:40] D2BS 3256: Baal failed: souls found
[10/06/26 07:43:42] D2BS 3256: ÿc4=== [COUNTESS] ===
[10/06/26 07:44:42] D2BS 3256: ÿc4=== [PIT] ===
[10/06/26 07:46:41] D2BS 3256: ÿc4=== [ANDY] ===
[10/06/26 07:47:36] D2BS 3256: ÿc4=== [COWS] ===
[10/06/26 07:50:08] D2BS 3256: party has left: fowo-xc
[10/06/26 07:50:08] D2BS 3256:  [07:38] +0.71% / [Level 90] 57.37%
[10/06/26 07:50:08] D2BS 3256: Script threads\autobuildthread.js ended
[10/06/26 07:50:08] D2BS 3256: Script threads\partythread.js ended
[10/06/26 07:50:08] D2BS 3256: Script threads\townchicken.js ended
[10/06/26 07:50:08] D2BS 3256: Script default.dbj ended
[10/06/26 07:50:17] D2BS 3256: Creating Game: pz-216
[10/06/26 07:50:18] D2BS 3256: ÿc2D2BSÿc0 :: Starting default.dbj
[10/06/26 07:50:18] D2BS 3256: ÿc2D2BSÿc0 :: default.dbj running.
[10/06/26 07:50:18] D2BS 3256: Loaded ÿc9[X.nip] [Y.nip] [Z.nip] [V.nip] [S.SFFW.nip]
[10/06/26 07:50:18] D2BS 3256: Loaded ÿc9[S.SFFW.js]
[10/06/26 07:50:18] D2BS 3256: equipped: [Head] 16
[10/06/26 07:50:18] D2BS 3256: equipped: [Neck] 18
[10/06/26 07:50:18] D2BS 3256: equipped: [Body] 21
[10/06/26 07:50:18] D2BS 3256: equipped: [ArmR] 33
[10/06/26 07:50:18] D2BS 3256: equipped: [ArmL] 26
[10/06/26 07:50:18] D2BS 3256: equipped: [RingR] 15
[10/06/26 07:50:18] D2BS 3256: equipped: [RingL] 14
[10/06/26 07:50:18] D2BS 3256: equipped: [Belt] 19
[10/06/26 07:50:18] D2BS 3256: equipped: [Boots] 13
[10/06/26 07:50:18] D2BS 3256: equipped: [Mitts] 12
[10/06/26 07:50:18] D2BS 3256: updateStat
[10/06/26 07:50:18] D2BS 3256: granted: [Head] 15
[10/06/26 07:50:18] D2BS 3256: granted: [Body] 22
[10/06/26 07:50:18] D2BS 3256: granted: [ArmR] 41
[10/06/26 07:50:18] D2BS 3256: Loaded ÿc9[AutoSmurf.js]
[10/06/26 07:50:29] D2BS 3256: farmingON
[10/06/26 07:50:31] D2BS 3256: MiniShopBot: true
[10/06/26 07:50:31] D2BS 3256: UseMerc: true HP: 70
[10/06/26 07:50:47] D2BS 3256: Merc matched: Holy Freeze
[10/06/26 07:51:06] D2BS 3256: act5+ BO
[10/06/26 07:51:19] D2BS 3256: ÿc4=== [BAAL] ===
[10/06/26 07:55:16] D2BS 3256: ÿc4=== [COUNTESS] ===
[10/06/26 07:56:15] D2BS 3256: ÿc4=== [PIT] ===
[10/06/26 07:57:33] D2BS 3256: ÿc4=== [ANDY] ===
[10/06/26 07:58:42] D2BS 3256: ÿc4=== [COWS] ===
[10/06/26 08:04:27] D2BS 3256: Cow King found
[10/06/26 08:04:28] D2BS 3256: Cows failed: clearCowLevel
[10/06/26 08:05:01] D2BS 3256: ÿc4=== [MEPHISTO] ===
[10/06/26 08:06:53] D2BS 3256: ÿc4=== [DIABLO] ===
[10/06/26 08:10:44] D2BS 3256: Going to town
[10/06/26 08:13:15] D2BS 3256: party has left: fowo-xb
[10/06/26 08:13:15] D2BS 3256:  [22:57] +4.49% / [Level 90] 61.86%
[10/06/26 08:13:15] D2BS 3256: Script threads\autobuildthread.js ended
[10/06/26 08:13:15] D2BS 3256: Script threads\partythread.js ended
[10/06/26 08:13:15] D2BS 3256: Script threads\townchicken.js ended
[10/06/26 08:13:15] D2BS 3256: Script default.dbj ended
[10/06/26 08:13:25] D2BS 3256: Creating Game: pz-217
[10/06/26 08:13:27] D2BS 3256: ÿc2D2BSÿc0 :: Starting default.dbj
[10/06/26 08:13:27] D2BS 3256: ÿc2D2BSÿc0 :: default.dbj running.
[10/06/26 08:13:27] D2BS 3256: Loaded ÿc9[X.nip] [Y.nip] [Z.nip] [V.nip] [S.SFFW.nip]
[10/06/26 08:13:27] D2BS 3256: Loaded ÿc9[S.SFFW.js]
[10/06/26 08:13:27] D2BS 3256: equipped: [Head] 16
[10/06/26 08:13:27] D2BS 3256: equipped: [Neck] 18
[10/06/26 08:13:27] D2BS 3256: equipped: [Body] 21
[10/06/26 08:13:27] D2BS 3256: equipped: [ArmR] 33
[10/06/26 08:13:27] D2BS 3256: equipped: [ArmL] 26
[10/06/26 08:13:27] D2BS 3256: equipped: [RingR] 15
[10/06/26 08:13:27] D2BS 3256: equipped: [RingL] 14
[10/06/26 08:13:27] D2BS 3256: equipped: [Belt] 19
[10/06/26 08:13:27] D2BS 3256: equipped: [Boots] 13
[10/06/26 08:13:27] D2BS 3256: equipped: [Mitts] 12
[10/06/26 08:13:27] D2BS 3256: updateStat
[10/06/26 08:13:27] D2BS 3256: granted: [Head] 15
[10/06/26 08:13:27] D2BS 3256: granted: [Body] 22
[10/06/26 08:13:27] D2BS 3256: granted: [ArmR] 41
[10/06/26 08:13:27] D2BS 3256: Loaded ÿc9[AutoSmurf.js]
[10/06/26 08:13:36] D2BS 3256: farmingON
[10/06/26 08:13:38] D2BS 3256: MiniShopBot: true
[10/06/26 08:13:38] D2BS 3256: UseMerc: true HP: 70
[10/06/26 08:13:54] D2BS 3256: Merc matched: Holy Freeze
[10/06/26 08:14:11] D2BS 3256: act5+ BO
[10/06/26 08:14:23] D2BS 3256: ÿc4=== [BAAL] ===
[10/06/26 08:17:31] D2BS 3256: ÿc4=== [COUNTESS] ===
[10/06/26 08:18:36] D2BS 3256: ÿc4=== [PIT] ===
[10/06/26 08:19:58] D2BS 3256: ÿc4=== [ANDY] ===
[10/06/26 08:21:03] D2BS 3256: ÿc4=== [COWS] ===
[10/06/26 08:32:43] D2BS 3256: ÿc4=== [MEPHISTO] ===
[10/06/26 08:34:13] D2BS 3256: ÿc4=== [DIABLO] ===
[10/06/26 08:39:27] D2BS 3256: Script ended
[10/06/26 08:39:27] D2BS 3256:  [26:00] +3.44% / [Level 90] 65.31%
[10/06/26 08:39:27] D2BS 3256: Script threads\autobuildthread.js ended
[10/06/26 08:39:27] D2BS 3256: Script threads\partythread.js ended
[10/06/26 08:39:27] D2BS 3256: Script threads\townchicken.js ended
[10/06/26 08:39:36] D2BS 3256: Creating Game: pz-218
[10/06/26 08:39:38] D2BS 3256: ÿc2D2BSÿc0 :: Starting default.dbj
[10/06/26 08:39:38] D2BS 3256: ÿc2D2BSÿc0 :: default.dbj running.
[10/06/26 08:39:38] D2BS 3256: Loaded ÿc9[X.nip] [Y.nip] [Z.nip] [V.nip] [S.SFFW.nip]
[10/06/26 08:39:38] D2BS 3256: Loaded ÿc9[S.SFFW.js]
[10/06/26 08:39:38] D2BS 3256: equipped: [Head] 16
[10/06/26 08:39:38] D2BS 3256: equipped: [Neck] 18
[10/06/26 08:39:38] D2BS 3256: equipped: [Body] 21
[10/06/26 08:39:38] D2BS 3256: equipped: [ArmR] 33
[10/06/26 08:39:38] D2BS 3256: equipped: [ArmL] 26
[10/06/26 08:39:38] D2BS 3256: equipped: [RingR] 15
[10/06/26 08:39:38] D2BS 3256: equipped: [RingL] 14
[10/06/26 08:39:38] D2BS 3256: equipped: [Belt] 19
[10/06/26 08:39:38] D2BS 3256: equipped: [Boots] 13
[10/06/26 08:39:38] D2BS 3256: equipped: [Mitts] 12
[10/06/26 08:39:38] D2BS 3256: updateStat
[10/06/26 08:39:38] D2BS 3256: granted: [Head] 15
[10/06/26 08:39:38] D2BS 3256: granted: [Body] 22
[10/06/26 08:39:38] D2BS 3256: granted: [ArmR] 41
[10/06/26 08:39:38] D2BS 3256: Loaded ÿc9[AutoSmurf.js]
[10/06/26 08:39:48] D2BS 3256: farmingON
[10/06/26 08:39:50] D2BS 3256: MiniShopBot: true
[10/06/26 08:39:50] D2BS 3256: UseMerc: true HP: 70
[10/06/26 08:40:06] D2BS 3256: Merc matched: Holy Freeze
[10/06/26 08:40:22] D2BS 3256: act5+ BO
[10/06/26 08:40:34] D2BS 3256: ÿc4=== [BAAL] ===
[10/06/26 08:43:48] D2BS 3256: ÿc4=== [COUNTESS] ===
[10/06/26 08:45:00] D2BS 3256: ÿc4=== [PIT] ===
[10/06/26 08:47:03] D2BS 3256: ÿc4=== [ANDY] ===
[10/06/26 08:48:03] D2BS 3256: ÿc4=== [COWS] ===
[10/06/26 09:00:19] D2BS 3256: ÿc4=== [MEPHISTO] ===
[10/06/26 09:00:32] D2BS 3256: equipped: [Boots] 14
[10/06/26 09:01:58] D2BS 3256: ÿc4=== [DIABLO] ===
[10/06/26 09:07:15] D2BS 3256: party has left: fowo-xd
[10/06/26 09:07:15] D2BS 3256: party has left: fowo-xd
[10/06/26 09:07:15] D2BS 3256: party has left: fowo-xd
[10/06/26 09:07:15] D2BS 3256:  [27:37] +3.99% / [Level 90] 69.30%
[10/06/26 09:07:15] D2BS 3256: Script threads\autobuildthread.js ended
[10/06/26 09:07:15] D2BS 3256: Script threads\partythread.js ended
[10/06/26 09:07:15] D2BS 3256: Script threads\townchicken.js ended
[10/06/26 09:07:15] D2BS 3256: Script default.dbj ended
[10/06/26 09:07:25] D2BS 3256: Creating Game: pz-219
[10/06/26 09:07:27] D2BS 3256: ÿc2D2BSÿc0 :: Starting default.dbj
[10/06/26 09:07:27] D2BS 3256: ÿc2D2BSÿc0 :: default.dbj running.
[10/06/26 09:07:27] D2BS 3256: Loaded ÿc9[X.nip] [Y.nip] [Z.nip] [V.nip] [S.SFFW.nip]
[10/06/26 09:07:27] D2BS 3256: Loaded ÿc9[S.SFFW.js]
[10/06/26 09:07:27] D2BS 3256: equipped: [Head] 16
[10/06/26 09:07:27] D2BS 3256: equipped: [Neck] 18
[10/06/26 09:07:27] D2BS 3256: equipped: [Body] 21
[10/06/26 09:07:27] D2BS 3256: equipped: [ArmR] 33
[10/06/26 09:07:27] D2BS 3256: equipped: [ArmL] 26
[10/06/26 09:07:27] D2BS 3256: equipped: [RingR] 15
[10/06/26 09:07:27] D2BS 3256: equipped: [RingL] 14
[10/06/26 09:07:27] D2BS 3256: equipped: [Belt] 19
[10/06/26 09:07:27] D2BS 3256: equipped: [Boots] 14
[10/06/26 09:07:27] D2BS 3256: equipped: [Mitts] 12
[10/06/26 09:07:27] D2BS 3256: updateStat
[10/06/26 09:07:27] D2BS 3256: granted: [Head] 15
[10/06/26 09:07:27] D2BS 3256: granted: [Body] 22
[10/06/26 09:07:27] D2BS 3256: granted: [ArmR] 41
[10/06/26 09:07:27] D2BS 3256: Loaded ÿc9[AutoSmurf.js]
[10/06/26 09:07:36] D2BS 3256: farmingON
[10/06/26 09:07:38] D2BS 3256: MiniShopBot: true
[10/06/26 09:07:38] D2BS 3256: UseMerc: true HP: 70
[10/06/26 09:07:58] D2BS 3256: Merc matched: Holy Freeze
[10/06/26 09:08:08] D2BS 3256: act5+ BO
[10/06/26 09:08:21] D2BS 3256: ÿc4=== [BAAL] ===
[10/06/26 09:11:38] D2BS 3256: ÿc4=== [COUNTESS] ===
[10/06/26 09:12:48] D2BS 3256: ÿc4=== [PIT] ===
[10/06/26 09:14:18] D2BS 3256: ÿc4=== [ANDY] ===
[10/06/26 09:15:14] D2BS 3256: ÿc4=== [COWS] ===
[10/06/26 09:30:48] D2BS 3256: ÿc4=== [MEPHISTO] ===
[10/06/26 09:31:08] D2BS 3256: act1 BO
[10/06/26 09:32:15] D2BS 3256: ÿc4=== [DIABLO] ===
[10/06/26 09:32:26] D2BS 3256: [Craft] Caster Ring
[10/06/26 09:37:27] D2BS 3256: Script default.dbj ended
[10/06/26 09:37:27] D2BS 3256: Script threads\autobuildthread.js ended
[10/06/26 09:37:27] D2BS 3256: Script threads\partythread.js ended
[10/06/26 09:37:27] D2BS 3256: Script threads\toolsthread.js ended
[10/06/26 09:37:27] D2BS 3256: Script threads\townchicken.js ended
[10/06/26 09:37:36] D2BS 3256: Creating Game: pz-220
[10/06/26 09:37:37] D2BS 3256: ÿc2D2BSÿc0 :: Starting default.dbj
[10/06/26 09:37:37] D2BS 3256: ÿc2D2BSÿc0 :: default.dbj running.
[10/06/26 09:37:37] D2BS 3256: Loaded ÿc9[X.nip] [Y.nip] [Z.nip] [V.nip] [S.SFFW.nip]
[10/06/26 09:37:37] D2BS 3256: Loaded ÿc9[S.SFFW.js]
[10/06/26 09:37:37] D2BS 3256: equipped: [Head] 16
[10/06/26 09:37:37] D2BS 3256: equipped: [Neck] 18
[10/06/26 09:37:37] D2BS 3256: equipped: [Body] 21
[10/06/26 09:37:37] D2BS 3256: equipped: [ArmR] 33
[10/06/26 09:37:37] D2BS 3256: equipped: [ArmL] 26
[10/06/26 09:37:37] D2BS 3256: equipped: [RingR] 15
[10/06/26 09:37:37] D2BS 3256: equipped: [RingL] 14
[10/06/26 09:37:37] D2BS 3256: equipped: [Belt] 19
[10/06/26 09:37:37] D2BS 3256: equipped: [Boots] 14
[10/06/26 09:37:37] D2BS 3256: equipped: [Mitts] 12
[10/06/26 09:37:37] D2BS 3256: updateStat
[10/06/26 09:37:37] D2BS 3256: granted: [Head] 15
[10/06/26 09:37:37] D2BS 3256: granted: [Body] 22
[10/06/26 09:37:37] D2BS 3256: granted: [ArmR] 41
[10/06/26 09:37:37] D2BS 3256: Loaded ÿc9[AutoSmurf.js]
[10/06/26 09:37:47] D2BS 3256: farmingON
[10/06/26 09:37:48] D2BS 3256: MiniShopBot: true
[10/06/26 09:37:48] D2BS 3256: UseMerc: true HP: 70
[10/06/26 09:38:08] D2BS 3256: Merc matched: Holy Freeze
[10/06/26 09:38:25] D2BS 3256: act5+ BO
[10/06/26 09:38:37] D2BS 3256: ÿc4=== [BAAL] ===
[10/06/26 09:42:17] D2BS 3256: ÿc4=== [COUNTESS] ===
[10/06/26 09:43:37] D2BS 3256: ÿc4=== [PIT] ===
[10/06/26 09:44:58] D2BS 3256: ÿc4=== [ANDY] ===
[10/06/26 09:46:03] D2BS 3256: ÿc4=== [COWS] ===
[10/06/26 09:59:48] D2BS 3256: ÿc4=== [MEPHISTO] ===
[10/06/26 10:01:16] D2BS 3256: ÿc4=== [DIABLO] ===
[10/06/26 10:07:27] D2BS 3256: party has left: fowo-xg
[10/06/26 10:07:27] D2BS 3256:  [29:50] +4.74% / [Level 90] 77.66%
[10/06/26 10:07:27] D2BS 3256: Script threads\autobuildthread.js ended
[10/06/26 10:07:27] D2BS 3256: Script threads\partythread.js ended
[10/06/26 10:07:27] D2BS 3256: Script threads\townchicken.js ended
[10/06/26 10:07:27] D2BS 3256: Script default.dbj ended
[10/06/26 10:07:37] D2BS 3256: Creating Game: pz-221
[10/06/26 10:07:39] D2BS 3256: ÿc2D2BSÿc0 :: Starting default.dbj
[10/06/26 10:07:39] D2BS 3256: ÿc2D2BSÿc0 :: default.dbj running.
[10/06/26 10:07:39] D2BS 3256: Loaded ÿc9[X.nip] [Y.nip] [Z.nip] [V.nip] [S.SFFW.nip]
[10/06/26 10:07:39] D2BS 3256: Loaded ÿc9[S.SFFW.js]
[10/06/26 10:07:39] D2BS 3256: equipped: [Head] 16
[10/06/26 10:07:39] D2BS 3256: equipped: [Neck] 18
[10/06/26 10:07:39] D2BS 3256: equipped: [Body] 21
[10/06/26 10:07:39] D2BS 3256: equipped: [ArmR] 33
[10/06/26 10:07:39] D2BS 3256: equipped: [ArmL] 26
[10/06/26 10:07:39] D2BS 3256: equipped: [RingR] 15
[10/06/26 10:07:39] D2BS 3256: equipped: [RingL] 14
[10/06/26 10:07:39] D2BS 3256: equipped: [Belt] 19
[10/06/26 10:07:39] D2BS 3256: equipped: [Boots] 14
[10/06/26 10:07:39] D2BS 3256: equipped: [Mitts] 12
[10/06/26 10:07:39] D2BS 3256: updateStat
[10/06/26 10:07:39] D2BS 3256: granted: [Head] 15
[10/06/26 10:07:39] D2BS 3256: granted: [Body] 22
[10/06/26 10:07:39] D2BS 3256: granted: [ArmR] 41
[10/06/26 10:07:39] D2BS 3256: Loaded ÿc9[AutoSmurf.js]
[10/06/26 10:07:48] D2BS 3256: farmingON
[10/06/26 10:07:49] D2BS 3256: MiniShopBot: true
[10/06/26 10:07:49] D2BS 3256: UseMerc: true HP: 70
[10/06/26 10:08:06] D2BS 3256: Merc matched: Holy Freeze
[10/06/26 10:08:18] D2BS 3256: act5+ BO
[10/06/26 10:08:31] D2BS 3256: ÿc4=== [BAAL] ===
[10/06/26 10:11:59] D2BS 3256: ÿc4=== [COUNTESS] ===
[10/06/26 10:13:05] D2BS 3256: ÿc4=== [PIT] ===
[10/06/26 10:14:42] D2BS 3256: ÿc4=== [ANDY] ===
[10/06/26 10:15:38] D2BS 3256: ÿc4=== [COWS] ===
[10/06/26 10:27:38] D2BS 3256: ÿc4=== [MEPHISTO] ===
[10/06/26 10:29:03] D2BS 3256: ÿc4=== [DIABLO] ===
[10/06/26 10:35:38] D2BS 3256: Script ended
[10/06/26 10:35:38] D2BS 3256:  [28:00] +4.17% / [Level 90] 81.83%
[10/06/26 10:35:38] D2BS 3256: Script threads\autobuildthread.js ended
[10/06/26 10:35:39] D2BS 3256: Script threads\partythread.js ended
[10/06/26 10:35:39] D2BS 3256: Script threads\townchicken.js ended
[10/06/26 10:35:48] D2BS 3256: Creating Game: pz-222
[10/06/26 10:35:50] D2BS 3256: ÿc2D2BSÿc0 :: Starting default.dbj
[10/06/26 10:35:50] D2BS 3256: ÿc2D2BSÿc0 :: default.dbj running.
[10/06/26 10:35:50] D2BS 3256: Loaded ÿc9[X.nip] [Y.nip] [Z.nip] [V.nip] [S.SFFW.nip]
[10/06/26 10:35:50] D2BS 3256: Loaded ÿc9[S.SFFW.js]
[10/06/26 10:35:50] D2BS 3256: equipped: [Head] 16
[10/06/26 10:35:50] D2BS 3256: equipped: [Neck] 18
[10/06/26 10:35:50] D2BS 3256: equipped: [Body] 21
[10/06/26 10:35:50] D2BS 3256: equipped: [ArmR] 33
[10/06/26 10:35:50] D2BS 3256: equipped: [ArmL] 26
[10/06/26 10:35:50] D2BS 3256: equipped: [RingR] 15
[10/06/26 10:35:50] D2BS 3256: equipped: [RingL] 14
[10/06/26 10:35:50] D2BS 3256: equipped: [Belt] 19
[10/06/26 10:35:50] D2BS 3256: equipped: [Boots] 14
[10/06/26 10:35:50] D2BS 3256: equipped: [Mitts] 12
[10/06/26 10:35:50] D2BS 3256: updateStat
[10/06/26 10:35:50] D2BS 3256: granted: [Head] 15
[10/06/26 10:35:50] D2BS 3256: granted: [Body] 22
[10/06/26 10:35:50] D2BS 3256: granted: [ArmR] 41
[10/06/26 10:35:50] D2BS 3256: Loaded ÿc9[AutoSmurf.js]
[10/06/26 10:36:00] D2BS 3256: farmingON
[10/06/26 10:36:01] D2BS 3256: MiniShopBot: true
[10/06/26 10:36:01] D2BS 3256: UseMerc: true HP: 70
[10/06/26 10:36:21] D2BS 3256: Merc matched: Holy Freeze
[10/06/26 10:36:32] D2BS 3256: act5+ BO
[10/06/26 10:36:44] D2BS 3256: ÿc4=== [BAAL] ===
[10/06/26 10:40:16] D2BS 3256: ÿc4=== [COUNTESS] ===
[10/06/26 10:41:44] D2BS 3256: ÿc4=== [PIT] ===
[10/06/26 10:43:25] D2BS 3256: ÿc4=== [ANDY] ===
[10/06/26 10:44:30] D2BS 3256: ÿc4=== [COWS] ===
[10/06/26 10:51:01] D2BS 3256: Script default.dbj ended
[10/06/26 10:51:01] D2BS 3256: Script threads\autobuildthread.js ended
[10/06/26 10:51:01] D2BS 3256: Script threads\partythread.js ended
[10/06/26 10:51:01] D2BS 3256: Script threads\toolsthread.js ended
[10/06/26 10:51:01] D2BS 3256: Script threads\townchicken.js ended
[10/06/26 10:51:12] D2BS 3256: Creating Game: pz-223
[10/06/26 10:51:13] D2BS 3256: ÿc2D2BSÿc0 :: Starting default.dbj
[10/06/26 10:51:13] D2BS 3256: ÿc2D2BSÿc0 :: default.dbj running.
[10/06/26 10:51:13] D2BS 3256: Loaded ÿc9[X.nip] [Y.nip] [Z.nip] [V.nip] [S.SFFW.nip]
[10/06/26 10:51:13] D2BS 3256: Loaded ÿc9[S.SFFW.js]
[10/06/26 10:51:13] D2BS 3256: equipped: [Head] 16
[10/06/26 10:51:13] D2BS 3256: equipped: [Neck] 18
[10/06/26 10:51:13] D2BS 3256: equipped: [Body] 21
[10/06/26 10:51:13] D2BS 3256: equipped: [ArmR] 33
[10/06/26 10:51:13] D2BS 3256: equipped: [ArmL] 26
[10/06/26 10:51:13] D2BS 3256: equipped: [RingR] 15
[10/06/26 10:51:13] D2BS 3256: equipped: [RingL] 14
[10/06/26 10:51:13] D2BS 3256: equipped: [Belt] 19
[10/06/26 10:51:13] D2BS 3256: equipped: [Boots] 14
[10/06/26 10:51:13] D2BS 3256: equipped: [Mitts] 12
[10/06/26 10:51:13] D2BS 3256: updateStat
[10/06/26 10:51:13] D2BS 3256: granted: [Head] 15
[10/06/26 10:51:14] D2BS 3256: granted: [Body] 22
[10/06/26 10:51:14] D2BS 3256: granted: [ArmR] 41
[10/06/26 10:51:14] D2BS 3256: Loaded ÿc9[AutoSmurf.js]
[10/06/26 10:51:24] D2BS 3256: farmingON
[10/06/26 10:51:27] D2BS 3256: MiniShopBot: true
[10/06/26 10:51:27] D2BS 3256: UseMerc: true HP: 70
[10/06/26 10:51:47] D2BS 3256: Merc matched: Holy Freeze
[10/06/26 10:52:12] D2BS 3256: act5+ BO
[10/06/26 10:52:14] D2BS 3256: [Strict Warning] Code(162) File(c:\users\administrator\desktop\261004 autosmurf\d2bs\kolbot\libs\pather.js:145) reference to undefined property this.narrowAreas
Line: (null)
[10/06/26 10:52:14] D2BS 3256: [ÿc9Strict Warningÿc0 (162)] File(kolbot\libs\pather.js:145) reference to undefined property this.narrowAreas
[10/06/26 10:52:42] D2BS 3256: Script default.dbj ended
[10/06/26 10:52:42] D2BS 3256: Script threads\autobuildthread.js ended
[10/06/26 10:52:42] D2BS 3256: Script threads\partythread.js ended
[10/06/26 10:52:42] D2BS 3256: Script threads\toolsthread.js ended
[10/06/26 10:52:42] D2BS 3256: Script threads\townchicken.js ended
[10/06/26 10:52:52] D2BS 3256: Creating Game: pz-224
[10/06/26 10:52:54] D2BS 3256: ÿc2D2BSÿc0 :: Starting default.dbj
[10/06/26 10:52:54] D2BS 3256: ÿc2D2BSÿc0 :: default.dbj running.
[10/06/26 10:52:54] D2BS 3256: Loaded ÿc9[X.nip] [Y.nip] [Z.nip] [V.nip] [S.SFFW.nip]
[10/06/26 10:52:54] D2BS 3256: Loaded ÿc9[S.SFFW.js]
[10/06/26 10:52:54] D2BS 3256: equipped: [Head] 16
[10/06/26 10:52:54] D2BS 3256: equipped: [Neck] 18
[10/06/26 10:52:54] D2BS 3256: equipped: [Body] 21
[10/06/26 10:52:54] D2BS 3256: equipped: [ArmR] 33
[10/06/26 10:52:54] D2BS 3256: equipped: [ArmL] 26
[10/06/26 10:52:54] D2BS 3256: equipped: [RingR] 15
[10/06/26 10:52:54] D2BS 3256: equipped: [RingL] 14
[10/06/26 10:52:54] D2BS 3256: equipped: [Belt] 19
[10/06/26 10:52:54] D2BS 3256: equipped: [Boots] 14
[10/06/26 10:52:54] D2BS 3256: equipped: [Mitts] 12
[10/06/26 10:52:54] D2BS 3256: updateStat
[10/06/26 10:52:54] D2BS 3256: granted: [Head] 15
[10/06/26 10:52:54] D2BS 3256: granted: [Body] 22
[10/06/26 10:52:54] D2BS 3256: granted: [ArmR] 41
[10/06/26 10:52:54] D2BS 3256: Loaded ÿc9[AutoSmurf.js]
[10/06/26 10:52:59] D2BS 3256: farmingON
[10/06/26 10:52:59] D2BS 3256: MiniShopBot: true
[10/06/26 10:52:59] D2BS 3256: UseMerc: true HP: 70
[10/06/26 10:53:17] D2BS 3256: Merc matched: Holy Freeze
[10/06/26 10:53:27] D2BS 3256: act5+ BO
[10/06/26 10:53:29] D2BS 3256: party has left: fowo-xb
[10/06/26 10:53:29] D2BS 3256: no exp [00:35]
[10/06/26 10:53:29] D2BS 3256: Script threads\autobuildthread.js ended
[10/06/26 10:53:29] D2BS 3256: Script threads\partythread.js ended
[10/06/26 10:53:29] D2BS 3256: Script threads\townchicken.js ended
[10/06/26 10:53:29] D2BS 3256: Script default.dbj ended
[10/06/26 10:53:34] D2BS 3256: ÿc1Pausing ÿc0d2botlead.dbj
[10/06/26 10:54:45] D2BS 3256: ÿc2Resuming ÿc0d2botlead.dbj
[10/06/26 10:54:51] D2BS 3256: Creating Game: pz-225
[10/06/26 10:54:53] D2BS 3256: ÿc2D2BSÿc0 :: Starting default.dbj
[10/06/26 10:54:53] D2BS 3256: ÿc2D2BSÿc0 :: default.dbj running.
[10/06/26 10:54:53] D2BS 3256: Loaded ÿc9[X.nip] [Y.nip] [Z.nip] [V.nip] [S.SFFW.nip]
[10/06/26 10:54:53] D2BS 3256: Loaded ÿc9[S.SFFW.js]
[10/06/26 10:54:53] D2BS 3256: equipped: [Head] 16
[10/06/26 10:54:53] D2BS 3256: equipped: [Neck] 18
[10/06/26 10:54:53] D2BS 3256: equipped: [Body] 21
[10/06/26 10:54:53] D2BS 3256: equipped: [ArmR] 33
[10/06/26 10:54:53] D2BS 3256: equipped: [ArmL] 26
[10/06/26 10:54:53] D2BS 3256: equipped: [RingR] 15
[10/06/26 10:54:53] D2BS 3256: equipped: [RingL] 14
[10/06/26 10:54:53] D2BS 3256: equipped: [Belt] 19
[10/06/26 10:54:53] D2BS 3256: equipped: [Boots] 14
[10/06/26 10:54:53] D2BS 3256: equipped: [Mitts] 12
[10/06/26 10:54:53] D2BS 3256: updateStat
[10/06/26 10:54:53] D2BS 3256: granted: [Head] 15
[10/06/26 10:54:53] D2BS 3256: granted: [Body] 22
[10/06/26 10:54:53] D2BS 3256: granted: [ArmR] 41
[10/06/26 10:54:53] D2BS 3256: Loaded ÿc9[AutoSmurf.js]
[10/06/26 10:54:59] D2BS 3256: farmingON
[10/06/26 10:55:00] D2BS 3256: MiniShopBot: true
[10/06/26 10:55:00] D2BS 3256: UseMerc: true HP: 70
[10/06/26 10:55:16] D2BS 3256: Merc matched: Holy Freeze
[10/06/26 10:55:23] D2BS 3256: act5+ BO
[10/06/26 10:55:26] D2BS 3256: [Strict Warning] Code(162) File(c:\users\administrator\desktop\261004 autosmurf\d2bs\kolbot\libs\pather.js:145) reference to undefined property this.narrowAreas
Line: (null)
[10/06/26 10:55:26] D2BS 3256: [ÿc9Strict Warningÿc0 (162)] File(kolbot\libs\pather.js:145) reference to undefined property this.narrowAreas
[10/06/26 10:55:48] D2BS 3256: Script default.dbj ended
[10/06/26 10:55:48] D2BS 3256: Script threads\autobuildthread.js ended
[10/06/26 10:55:48] D2BS 3256: Script threads\partythread.js ended
[10/06/26 10:55:48] D2BS 3256: Script threads\toolsthread.js ended
[10/06/26 10:55:48] D2BS 3256: Script threads\townchicken.js ended
[10/06/26 10:56:01] D2BS 3256: Creating Game: pz-226
[10/06/26 10:56:02] D2BS 3256: ÿc2D2BSÿc0 :: Starting default.dbj
[10/06/26 10:56:02] D2BS 3256: ÿc2D2BSÿc0 :: default.dbj running.
[10/06/26 10:56:02] D2BS 3256: Loaded ÿc9[X.nip] [Y.nip] [Z.nip] [V.nip] [S.SFFW.nip]
[10/06/26 10:56:02] D2BS 3256: Loaded ÿc9[S.SFFW.js]
[10/06/26 10:56:02] D2BS 3256: equipped: [Head] 16
[10/06/26 10:56:02] D2BS 3256: equipped: [Neck] 18
[10/06/26 10:56:02] D2BS 3256: equipped: [Body] 21
[10/06/26 10:56:02] D2BS 3256: equipped: [ArmR] 33
[10/06/26 10:56:02] D2BS 3256: equipped: [ArmL] 26
[10/06/26 10:56:02] D2BS 3256: equipped: [RingR] 15
[10/06/26 10:56:02] D2BS 3256: equipped: [RingL] 14
[10/06/26 10:56:02] D2BS 3256: equipped: [Belt] 19
[10/06/26 10:56:02] D2BS 3256: equipped: [Boots] 14
[10/06/26 10:56:02] D2BS 3256: equipped: [Mitts] 12
[10/06/26 10:56:02] D2BS 3256: updateStat
[10/06/26 10:56:02] D2BS 3256: granted: [Head] 15
[10/06/26 10:56:02] D2BS 3256: granted: [Body] 22
[10/06/26 10:56:02] D2BS 3256: granted: [ArmR] 41
[10/06/26 10:56:02] D2BS 3256: Loaded ÿc9[AutoSmurf.js]
[10/06/26 10:56:09] D2BS 3256: farmingON
[10/06/26 10:56:09] D2BS 3256: MiniShopBot: true
[10/06/26 10:56:09] D2BS 3256: UseMerc: true HP: 70
[10/06/26 10:56:25] D2BS 3256: Merc matched: Holy Freeze
[10/06/26 10:56:36] D2BS 3256: act5+ BO
[10/06/26 10:56:47] D2BS 3256: ÿc4=== [BAAL] ===
[10/06/26 11:00:01] D2BS 3256: ÿc4=== [COUNTESS] ===
[10/06/26 11:01:12] D2BS 3256: ÿc4=== [PIT] ===
[10/06/26 11:02:54] D2BS 3256: ÿc4=== [ANDY] ===
[10/06/26 11:03:51] D2BS 3256: ÿc4=== [COWS] ===
[10/06/26 11:17:57] D2BS 3256: ÿc4=== [MEPHISTO] ===
[10/06/26 11:19:30] D2BS 3256: ÿc4=== [DIABLO] ===
[10/06/26 11:19:37] D2BS 3256: updateStat
[10/06/26 11:19:37] D2BS 3256: granted: [Head] 15
[10/06/26 11:19:37] D2BS 3256: granted: [Body] 22
[10/06/26 11:19:37] D2BS 3256: granted: [ArmR] 41
[10/06/26 11:25:36] D2BS 3256: party has left: fowo-xf
[10/06/26 11:25:36] D2BS 3256:  [29:34] +4.00% / [Level 90] 88.13%
[10/06/26 11:25:36] D2BS 3256: Script threads\autobuildthread.js ended
[10/06/26 11:25:36] D2BS 3256: Script threads\partythread.js ended
[10/06/26 11:25:36] D2BS 3256: Script threads\townchicken.js ended
[10/06/26 11:25:36] D2BS 3256: Script default.dbj ended
[10/06/26 11:25:45] D2BS 3256: Creating Game: pz-227
[10/06/26 11:25:47] D2BS 3256: ÿc2D2BSÿc0 :: Starting default.dbj
[10/06/26 11:25:47] D2BS 3256: ÿc2D2BSÿc0 :: default.dbj running.
[10/06/26 11:25:47] D2BS 3256: Loaded ÿc9[X.nip] [Y.nip] [Z.nip] [V.nip] [S.SFFW.nip]
[10/06/26 11:25:47] D2BS 3256: Loaded ÿc9[S.SFFW.js]
[10/06/26 11:25:47] D2BS 3256: equipped: [Head] 16
[10/06/26 11:25:47] D2BS 3256: equipped: [Neck] 18
[10/06/26 11:25:47] D2BS 3256: equipped: [Body] 21
[10/06/26 11:25:47] D2BS 3256: equipped: [ArmR] 33
[10/06/26 11:25:47] D2BS 3256: equipped: [ArmL] 26
[10/06/26 11:25:47] D2BS 3256: equipped: [RingR] 15
[10/06/26 11:25:47] D2BS 3256: equipped: [RingL] 14
[10/06/26 11:25:47] D2BS 3256: equipped: [Belt] 19
[10/06/26 11:25:47] D2BS 3256: equipped: [Boots] 14
[10/06/26 11:25:47] D2BS 3256: equipped: [Mitts] 12
[10/06/26 11:25:47] D2BS 3256: updateStat
[10/06/26 11:25:47] D2BS 3256: granted: [Head] 15
[10/06/26 11:25:47] D2BS 3256: granted: [Body] 22
[10/06/26 11:25:47] D2BS 3256: granted: [ArmR] 41
[10/06/26 11:25:47] D2BS 3256: Loaded ÿc9[AutoSmurf.js]
[10/06/26 11:25:56] D2BS 3256: farmingON
[10/06/26 11:25:57] D2BS 3256: MiniShopBot: true
[10/06/26 11:25:57] D2BS 3256: UseMerc: true HP: 70
[10/06/26 11:26:13] D2BS 3256: Merc matched: Holy Freeze
[10/06/26 11:26:31] D2BS 3256: act5+ BO
[10/06/26 11:26:43] D2BS 3256: ÿc4=== [BAAL] ===
[10/06/26 11:29:59] D2BS 3256: ÿc4=== [COUNTESS] ===
[10/06/26 11:31:11] D2BS 3256: ÿc4=== [PIT] ===
[10/06/26 11:32:42] D2BS 3256: ÿc4=== [ANDY] ===
[10/06/26 11:33:29] D2BS 3256: ÿc4=== [COWS] ===
[10/06/26 11:44:08] D2BS 3256: ÿc4=== [MEPHISTO] ===
[10/06/26 11:45:35] D2BS 3256: ÿc4=== [DIABLO] ===
[10/06/26 11:51:11] D2BS 3256: party has left: fowo-xd
[10/06/26 11:51:11] D2BS 3256:  [25:25] +4.07% / [Level 90] 92.20%
[10/06/26 11:51:11] D2BS 3256: Script threads\autobuildthread.js ended
[10/06/26 11:51:12] D2BS 3256: Script threads\partythread.js ended
[10/06/26 11:51:12] D2BS 3256: Script threads\townchicken.js ended
[10/06/26 11:51:12] D2BS 3256: Script default.dbj ended
[10/06/26 11:51:15] D2BS 3256: ÿc1Pausing ÿc0d2botlead.dbj
[10/06/26 11:51:18] D2BS 3256: D2BS Shutdown complete.
