[10/06/26 00:01:03] D2BS 20708: ÿc4=== [DIABLO] ===
[10/06/26 00:06:43] D2BS 20708: party has left: fowo-xa
[10/06/26 00:06:43] D2BS 20708:  [15:06] +5.50% / [Level 89] 82.67%
[10/06/26 00:06:43] D2BS 20708: Script threads\autobuildthread.js ended
[10/06/26 00:06:43] D2BS 20708: Script threads\partythread.js ended
[10/06/26 00:06:43] D2BS 20708: Script threads\townchicken.js ended
[10/06/26 00:06:43] D2BS 20708: Script default.dbj ended
[10/06/26 00:06:56] D2BS 20708: joining game pz-187
[10/06/26 00:06:58] D2BS 20708: ÿc2D2BSÿc0 :: Starting default.dbj
[10/06/26 00:06:58] D2BS 20708: ÿc2D2BSÿc0 :: default.dbj running.
[10/06/26 00:06:58] D2BS 20708: Loaded ÿc9[X.nip] [Y.nip] [Z.nip] [V.nip] [S.COLD.nip]
[10/06/26 00:06:58] D2BS 20708: Loaded ÿc9[S.COLD.js]
[10/06/26 00:06:58] D2BS 20708: equipped: [Head] 16
[10/06/26 00:06:58] D2BS 20708: equipped: [Neck] 22
[10/06/26 00:06:58] D2BS 20708: equipped: [Body] 20
[10/06/26 00:06:58] D2BS 20708: equipped: [ArmR] 18
[10/06/26 00:06:58] D2BS 20708: equipped: [ArmL] 26
[10/06/26 00:06:58] D2BS 20708: equipped: [RingR] 14
[10/06/26 00:06:58] D2BS 20708: equipped: [RingL] 14
[10/06/26 00:06:58] D2BS 20708: equipped: [Belt] 19
[10/06/26 00:06:58] D2BS 20708: equipped: [Boots] 12
[10/06/26 00:06:58] D2BS 20708: equipped: [Mitts] 21
[10/06/26 00:06:58] D2BS 20708: updateStat
[10/06/26 00:06:58] D2BS 20708: granted: [Head] 15
[10/06/26 00:06:58] D2BS 20708: granted: [Body] 31
[10/06/26 00:06:58] D2BS 20708: granted: [ArmR] 25
[10/06/26 00:06:59] D2BS 20708: Loaded ÿc9[AutoSmurf.js]
[10/06/26 00:07:03] D2BS 20708: MiniShopBot: true
[10/06/26 00:07:03] D2BS 20708: farmingON
[10/06/26 00:07:03] D2BS 20708: UseMerc: true HP: 70
[10/06/26 00:07:23] D2BS 20708: Merc matched: Prayer
[10/06/26 00:07:46] D2BS 20708: act5+ BO
[10/06/26 00:07:59] D2BS 20708: ÿc4=== [BAAL] ===
[10/06/26 00:11:30] D2BS 20708: ÿc4=== [COUNTESS] ===
[10/06/26 00:12:38] D2BS 20708: ÿc4=== [PIT] ===
[10/06/26 00:14:08] D2BS 20708: ÿc4=== [ANDY] ===
[10/06/26 00:15:01] D2BS 20708: ÿc4=== [MEPHISTO] ===
[10/06/26 00:16:30] D2BS 20708: ÿc4=== [DIABLO] ===
[10/06/26 00:22:53] D2BS 20708: Script ended
[10/06/26 00:22:53] D2BS 20708:  [15:55] +6.14% / [Level 89] 88.81%
[10/06/26 00:22:53] D2BS 20708: Script threads\autobuildthread.js ended
[10/06/26 00:22:53] D2BS 20708: Script threads\partythread.js ended
[10/06/26 00:22:53] D2BS 20708: Script threads\townchicken.js ended
[10/06/26 00:23:06] D2BS 20708: joining game pz-188
[10/06/26 00:23:09] D2BS 20708: ÿc2D2BSÿc0 :: Starting default.dbj
[10/06/26 00:23:09] D2BS 20708: ÿc2D2BSÿc0 :: default.dbj running.
[10/06/26 00:23:09] D2BS 20708: Loaded ÿc9[X.nip] [Y.nip] [Z.nip] [V.nip] [S.COLD.nip]
[10/06/26 00:23:09] D2BS 20708: Loaded ÿc9[S.COLD.js]
[10/06/26 00:23:09] D2BS 20708: equipped: [Head] 16
[10/06/26 00:23:09] D2BS 20708: equipped: [Neck] 22
[10/06/26 00:23:09] D2BS 20708: equipped: [Body] 20
[10/06/26 00:23:09] D2BS 20708: equipped: [ArmR] 18
[10/06/26 00:23:09] D2BS 20708: equipped: [ArmL] 26
[10/06/26 00:23:09] D2BS 20708: equipped: [RingR] 14
[10/06/26 00:23:09] D2BS 20708: equipped: [RingL] 14
[10/06/26 00:23:09] D2BS 20708: equipped: [Belt] 19
[10/06/26 00:23:09] D2BS 20708: equipped: [Boots] 12
[10/06/26 00:23:09] D2BS 20708: equipped: [Mitts] 21
[10/06/26 00:23:09] D2BS 20708: updateStat
[10/06/26 00:23:09] D2BS 20708: granted: [Head] 15
[10/06/26 00:23:09] D2BS 20708: granted: [Body] 31
[10/06/26 00:23:09] D2BS 20708: granted: [ArmR] 25
[10/06/26 00:23:09] D2BS 20708: Loaded ÿc9[AutoSmurf.js]
[10/06/26 00:23:13] D2BS 20708: farmingON
[10/06/26 00:23:15] D2BS 20708: MiniShopBot: true
[10/06/26 00:23:15] D2BS 20708: UseMerc: true HP: 70
[10/06/26 00:23:31] D2BS 20708: Merc matched: Prayer
[10/06/26 00:23:46] D2BS 20708: act5+ BO
[10/06/26 00:23:58] D2BS 20708: ÿc4=== [BAAL] ===
[10/06/26 00:27:29] D2BS 20708: ÿc4=== [COUNTESS] ===
[10/06/26 00:28:40] D2BS 20708: ÿc4=== [PIT] ===
[10/06/26 00:30:10] D2BS 20708: ÿc4=== [ANDY] ===
[10/06/26 00:31:01] D2BS 20708: ÿc4=== [MEPHISTO] ===
[10/06/26 00:32:14] D2BS 20708: ÿc4=== [DIABLO] ===
[10/06/26 00:32:21] D2BS 20708: updateStat
[10/06/26 00:32:21] D2BS 20708: granted: [Head] 15
[10/06/26 00:32:21] D2BS 20708: granted: [Body] 31
[10/06/26 00:32:21] D2BS 20708: granted: [ArmR] 25
[10/06/26 00:37:08] D2BS 20708: party has left: fowo-xa
[10/06/26 00:37:08] D2BS 20708:  [14:00] +5.22% / [Level 89] 94.03%
[10/06/26 00:37:08] D2BS 20708: Script threads\autobuildthread.js ended
[10/06/26 00:37:08] D2BS 20708: Script threads\partythread.js ended
[10/06/26 00:37:08] D2BS 20708: Script threads\townchicken.js ended
[10/06/26 00:37:08] D2BS 20708: Script default.dbj ended
[10/06/26 00:37:21] D2BS 20708: joining game pz-189
[10/06/26 00:37:22] D2BS 20708: ÿc2D2BSÿc0 :: Starting default.dbj
[10/06/26 00:37:22] D2BS 20708: ÿc2D2BSÿc0 :: default.dbj running.
[10/06/26 00:37:22] D2BS 20708: Loaded ÿc9[X.nip] [Y.nip] [Z.nip] [V.nip] [S.COLD.nip]
[10/06/26 00:37:23] D2BS 20708: Loaded ÿc9[S.COLD.js]
[10/06/26 00:37:23] D2BS 20708: equipped: [Head] 16
[10/06/26 00:37:23] D2BS 20708: equipped: [Neck] 22
[10/06/26 00:37:23] D2BS 20708: equipped: [Body] 20
[10/06/26 00:37:23] D2BS 20708: equipped: [ArmR] 18
[10/06/26 00:37:23] D2BS 20708: equipped: [ArmL] 26
[10/06/26 00:37:23] D2BS 20708: equipped: [RingR] 14
[10/06/26 00:37:23] D2BS 20708: equipped: [RingL] 14
[10/06/26 00:37:23] D2BS 20708: equipped: [Belt] 19
[10/06/26 00:37:23] D2BS 20708: equipped: [Boots] 12
[10/06/26 00:37:23] D2BS 20708: equipped: [Mitts] 21
[10/06/26 00:37:23] D2BS 20708: updateStat
[10/06/26 00:37:23] D2BS 20708: granted: [Head] 15
[10/06/26 00:37:23] D2BS 20708: granted: [Body] 31
[10/06/26 00:37:23] D2BS 20708: granted: [ArmR] 25
[10/06/26 00:37:23] D2BS 20708: Loaded ÿc9[AutoSmurf.js]
[10/06/26 00:37:28] D2BS 20708: farmingON
[10/06/26 00:37:30] D2BS 20708: MiniShopBot: true
[10/06/26 00:37:30] D2BS 20708: UseMerc: true HP: 70
[10/06/26 00:37:50] D2BS 20708: Merc matched: Prayer
[10/06/26 00:38:00] D2BS 20708: act5+ BO
[10/06/26 00:38:14] D2BS 20708: ÿc4=== [BAAL] ===
[10/06/26 00:38:32] D2BS 20708: Baal failed: souls found
[10/06/26 00:38:32] D2BS 20708: ÿc4=== [COUNTESS] ===
[10/06/26 00:39:36] D2BS 20708: ÿc4=== [PIT] ===
[10/06/26 00:41:23] D2BS 20708: ÿc4=== [ANDY] ===
[10/06/26 00:42:30] D2BS 20708: ÿc4=== [MEPHISTO] ===
[10/06/26 00:43:49] D2BS 20708: ÿc4=== [DIABLO] ===
[10/06/26 00:49:12] D2BS 20708: party has left: fowo-xc
[10/06/26 00:49:12] D2BS 20708:  [11:50] +2.96% / [Level 89] 96.99%
[10/06/26 00:49:12] D2BS 20708: Script threads\autobuildthread.js ended
[10/06/26 00:49:12] D2BS 20708: Script threads\partythread.js ended
[10/06/26 00:49:12] D2BS 20708: Script threads\townchicken.js ended
[10/06/26 00:49:13] D2BS 20708: Script default.dbj ended
[10/06/26 00:49:26] D2BS 20708: joining game pz-190
[10/06/26 00:49:28] D2BS 20708: ÿc2D2BSÿc0 :: Starting default.dbj
[10/06/26 00:49:28] D2BS 20708: ÿc2D2BSÿc0 :: default.dbj running.
[10/06/26 00:49:28] D2BS 20708: Loaded ÿc9[X.nip] [Y.nip] [Z.nip] [V.nip] [S.COLD.nip]
[10/06/26 00:49:28] D2BS 20708: Loaded ÿc9[S.COLD.js]
[10/06/26 00:49:28] D2BS 20708: equipped: [Head] 16
[10/06/26 00:49:28] D2BS 20708: equipped: [Neck] 22
[10/06/26 00:49:28] D2BS 20708: equipped: [Body] 20
[10/06/26 00:49:28] D2BS 20708: equipped: [ArmR] 18
[10/06/26 00:49:28] D2BS 20708: equipped: [ArmL] 26
[10/06/26 00:49:28] D2BS 20708: equipped: [RingR] 14
[10/06/26 00:49:29] D2BS 20708: equipped: [RingL] 14
[10/06/26 00:49:29] D2BS 20708: equipped: [Belt] 19
[10/06/26 00:49:29] D2BS 20708: equipped: [Boots] 12
[10/06/26 00:49:29] D2BS 20708: equipped: [Mitts] 21
[10/06/26 00:49:29] D2BS 20708: Loaded ÿc9[AutoSmurf.js]
[10/06/26 00:49:33] D2BS 20708: farmingON
[10/06/26 00:49:34] D2BS 20708: MiniShopBot: true
[10/06/26 00:49:34] D2BS 20708: UseMerc: true HP: 70
[10/06/26 00:49:49] D2BS 20708: Merc matched: Prayer
[10/06/26 00:50:08] D2BS 20708: act5+ BO
[10/06/26 00:50:09] D2BS 20708: updateStat
[10/06/26 00:50:20] D2BS 20708: ÿc4=== [BAAL] ===
[10/06/26 00:50:34] D2BS 20708: Baal failed: souls found
[10/06/26 00:50:34] D2BS 20708: ÿc4=== [COUNTESS] ===
[10/06/26 00:51:45] D2BS 20708: ÿc4=== [PIT] ===
[10/06/26 00:53:28] D2BS 20708: ÿc4=== [ANDY] ===
[10/06/26 00:54:26] D2BS 20708: ÿc4=== [MEPHISTO] ===
[10/06/26 00:55:50] D2BS 20708: ÿc4=== [DIABLO] ===
[10/06/26 01:00:44] D2BS 20708: Script ended
[10/06/26 01:00:44] D2BS 20708:  [11:16] +2.96% / [Level 89] 99.94%
[10/06/26 01:00:44] D2BS 20708: Script threads\autobuildthread.js ended
[10/06/26 01:00:44] D2BS 20708: Script threads\partythread.js ended
[10/06/26 01:00:44] D2BS 20708: Script threads\townchicken.js ended
[10/06/26 01:00:58] D2BS 20708: joining game pz-191
[10/06/26 01:01:00] D2BS 20708: ÿc2D2BSÿc0 :: Starting default.dbj
[10/06/26 01:01:00] D2BS 20708: ÿc2D2BSÿc0 :: default.dbj running.
[10/06/26 01:01:00] D2BS 20708: Loaded ÿc9[X.nip] [Y.nip] [Z.nip] [V.nip] [S.COLD.nip]
[10/06/26 01:01:00] D2BS 20708: Loaded ÿc9[S.COLD.js]
[10/06/26 01:01:00] D2BS 20708: equipped: [Head] 16
[10/06/26 01:01:00] D2BS 20708: equipped: [Neck] 22
[10/06/26 01:01:00] D2BS 20708: equipped: [Body] 20
[10/06/26 01:01:00] D2BS 20708: equipped: [ArmR] 18
[10/06/26 01:01:00] D2BS 20708: equipped: [ArmL] 26
[10/06/26 01:01:00] D2BS 20708: equipped: [RingR] 14
[10/06/26 01:01:00] D2BS 20708: equipped: [RingL] 14
[10/06/26 01:01:00] D2BS 20708: equipped: [Belt] 19
[10/06/26 01:01:00] D2BS 20708: equipped: [Boots] 12
[10/06/26 01:01:00] D2BS 20708: equipped: [Mitts] 21
[10/06/26 01:01:00] D2BS 20708: updateStat
[10/06/26 01:01:00] D2BS 20708: granted: [Head] 15
[10/06/26 01:01:00] D2BS 20708: granted: [Body] 31
[10/06/26 01:01:00] D2BS 20708: granted: [ArmR] 25
[10/06/26 01:01:00] D2BS 20708: Loaded ÿc9[AutoSmurf.js]
[10/06/26 01:01:05] D2BS 20708: farmingON
[10/06/26 01:01:05] D2BS 20708: MiniShopBot: true
[10/06/26 01:01:05] D2BS 20708: UseMerc: true HP: 70
[10/06/26 01:01:26] D2BS 20708: Merc matched: Prayer
[10/06/26 01:01:44] D2BS 20708: act5+ BO
[10/06/26 01:01:57] D2BS 20708: ÿc4=== [BAAL] ===
[10/06/26 01:04:58] D2BS 20708: ÿc4=== [COUNTESS] ===
[10/06/26 01:05:59] D2BS 20708: ÿc4=== [PIT] ===
[10/06/26 01:07:29] D2BS 20708: ÿc4=== [ANDY] ===
[10/06/26 01:08:22] D2BS 20708: ÿc4=== [MEPHISTO] ===
[10/06/26 01:09:39] D2BS 20708: ÿc4=== [DIABLO] ===
[10/06/26 01:15:33] D2BS 20708: party has left: fowo-xa
[10/06/26 01:15:33] D2BS 20708:  [14:33] +3.79% / [Level 90] 3.74%
[10/06/26 01:15:33] D2BS 20708: Script threads\autobuildthread.js ended
[10/06/26 01:15:33] D2BS 20708: Script threads\partythread.js ended
[10/06/26 01:15:33] D2BS 20708: Script threads\townchicken.js ended
[10/06/26 01:15:33] D2BS 20708: Script default.dbj ended
[10/06/26 01:15:45] D2BS 20708: joining game pz-192
[10/06/26 01:15:47] D2BS 20708: ÿc2D2BSÿc0 :: Starting default.dbj
[10/06/26 01:15:47] D2BS 20708: ÿc2D2BSÿc0 :: default.dbj running.
[10/06/26 01:15:48] D2BS 20708: Loaded ÿc9[X.nip] [Y.nip] [Z.nip] [V.nip] [S.COLD.nip]
[10/06/26 01:15:48] D2BS 20708: Loaded ÿc9[S.COLD.js]
[10/06/26 01:15:48] D2BS 20708: equipped: [Head] 16
[10/06/26 01:15:48] D2BS 20708: equipped: [Neck] 22
[10/06/26 01:15:48] D2BS 20708: equipped: [Body] 20
[10/06/26 01:15:48] D2BS 20708: equipped: [ArmR] 18
[10/06/26 01:15:48] D2BS 20708: equipped: [ArmL] 26
[10/06/26 01:15:48] D2BS 20708: equipped: [RingR] 14
[10/06/26 01:15:48] D2BS 20708: equipped: [RingL] 14
[10/06/26 01:15:48] D2BS 20708: equipped: [Belt] 19
[10/06/26 01:15:48] D2BS 20708: equipped: [Boots] 12
[10/06/26 01:15:48] D2BS 20708: equipped: [Mitts] 21
[10/06/26 01:15:48] D2BS 20708: updateStat
[10/06/26 01:15:48] D2BS 20708: granted: [Head] 15
[10/06/26 01:15:48] D2BS 20708: granted: [Body] 31
[10/06/26 01:15:48] D2BS 20708: granted: [ArmR] 25
[10/06/26 01:15:48] D2BS 20708: Loaded ÿc9[AutoSmurf.js]
[10/06/26 01:15:52] D2BS 20708: farmingON
[10/06/26 01:15:55] D2BS 20708: MiniShopBot: true
[10/06/26 01:15:55] D2BS 20708: UseMerc: true HP: 70
[10/06/26 01:16:17] D2BS 20708: equipped: [ArmR] 22
[10/06/26 01:16:18] D2BS 20708: Merc matched: Prayer
[10/06/26 01:16:26] D2BS 20708: act5+ BO
[10/06/26 01:16:39] D2BS 20708: ÿc4=== [BAAL] ===
[10/06/26 01:20:17] D2BS 20708: ÿc4=== [COUNTESS] ===
[10/06/26 01:21:26] D2BS 20708: ÿc4=== [PIT] ===
[10/06/26 01:22:51] D2BS 20708: ÿc4=== [ANDY] ===
[10/06/26 01:23:46] D2BS 20708: ÿc4=== [MEPHISTO] ===
[10/06/26 01:25:11] D2BS 20708: ÿc4=== [DIABLO] ===
[10/06/26 01:30:32] D2BS 20708: party has left: fowo-xa
[10/06/26 01:30:32] D2BS 20708:  [14:45] +3.51% / [Level 90] 7.25%
[10/06/26 01:30:32] D2BS 20708: Script threads\autobuildthread.js ended
[10/06/26 01:30:33] D2BS 20708: Script threads\partythread.js ended
[10/06/26 01:30:33] D2BS 20708: Script threads\townchicken.js ended
[10/06/26 01:30:33] D2BS 20708: Script default.dbj ended
[10/06/26 01:30:45] D2BS 20708: joining game pz-193
[10/06/26 01:30:47] D2BS 20708: ÿc2D2BSÿc0 :: Starting default.dbj
[10/06/26 01:30:47] D2BS 20708: ÿc2D2BSÿc0 :: default.dbj running.
[10/06/26 01:30:47] D2BS 20708: Loaded ÿc9[X.nip] [Y.nip] [Z.nip] [V.nip] [S.COLD.nip]
[10/06/26 01:30:47] D2BS 20708: Loaded ÿc9[S.COLD.js]
[10/06/26 01:30:47] D2BS 20708: equipped: [Head] 16
[10/06/26 01:30:47] D2BS 20708: equipped: [Neck] 22
[10/06/26 01:30:47] D2BS 20708: equipped: [Body] 20
[10/06/26 01:30:47] D2BS 20708: equipped: [ArmR] 22
[10/06/26 01:30:47] D2BS 20708: equipped: [ArmL] 26
[10/06/26 01:30:47] D2BS 20708: equipped: [RingR] 14
[10/06/26 01:30:47] D2BS 20708: equipped: [RingL] 14
[10/06/26 01:30:47] D2BS 20708: equipped: [Belt] 19
[10/06/26 01:30:47] D2BS 20708: equipped: [Boots] 12
[10/06/26 01:30:47] D2BS 20708: equipped: [Mitts] 21
[10/06/26 01:30:47] D2BS 20708: updateStat
[10/06/26 01:30:47] D2BS 20708: granted: [Head] 15
[10/06/26 01:30:47] D2BS 20708: granted: [Body] 31
[10/06/26 01:30:47] D2BS 20708: granted: [ArmR] 25
[10/06/26 01:30:47] D2BS 20708: Loaded ÿc9[AutoSmurf.js]
[10/06/26 01:30:52] D2BS 20708: farmingON
[10/06/26 01:30:54] D2BS 20708: MiniShopBot: true
[10/06/26 01:30:54] D2BS 20708: UseMerc: true HP: 70
[10/06/26 01:31:10] D2BS 20708: Merc matched: Prayer
[10/06/26 01:31:25] D2BS 20708: act5+ BO
[10/06/26 01:31:36] D2BS 20708: ÿc4=== [BAAL] ===
[10/06/26 01:31:48] D2BS 20708: Baal failed: souls found
[10/06/26 01:31:48] D2BS 20708: ÿc4=== [COUNTESS] ===
[10/06/26 01:32:57] D2BS 20708: ÿc4=== [PIT] ===
[10/06/26 01:33:47] D2BS 20708: updateStat
[10/06/26 01:34:27] D2BS 20708: ÿc4=== [ANDY] ===
[10/06/26 01:35:24] D2BS 20708: ÿc4=== [COWS] ===
[10/06/26 01:37:19] D2BS 20708: Going to town
[10/06/26 01:39:30] D2BS 20708: party has left: fowo-xe
[10/06/26 01:39:30] D2BS 20708:  [08:43] +0.80% / [Level 90] 8.05%
[10/06/26 01:39:30] D2BS 20708: Script threads\autobuildthread.js ended
[10/06/26 01:39:30] D2BS 20708: Script threads\partythread.js ended
[10/06/26 01:39:30] D2BS 20708: Script threads\townchicken.js ended
[10/06/26 01:39:30] D2BS 20708: Script default.dbj ended
[10/06/26 01:39:42] D2BS 20708: joining game pz-194
[10/06/26 01:39:44] D2BS 20708: ÿc2D2BSÿc0 :: Starting default.dbj
[10/06/26 01:39:44] D2BS 20708: ÿc2D2BSÿc0 :: default.dbj running.
[10/06/26 01:39:44] D2BS 20708: Loaded ÿc9[X.nip] [Y.nip] [Z.nip] [V.nip] [S.COLD.nip]
[10/06/26 01:39:44] D2BS 20708: Loaded ÿc9[S.COLD.js]
[10/06/26 01:39:44] D2BS 20708: equipped: [Head] 16
[10/06/26 01:39:44] D2BS 20708: equipped: [Neck] 22
[10/06/26 01:39:44] D2BS 20708: equipped: [Body] 20
[10/06/26 01:39:44] D2BS 20708: equipped: [ArmR] 22
[10/06/26 01:39:44] D2BS 20708: equipped: [ArmL] 26
[10/06/26 01:39:44] D2BS 20708: equipped: [RingR] 14
[10/06/26 01:39:44] D2BS 20708: equipped: [RingL] 14
[10/06/26 01:39:44] D2BS 20708: equipped: [Belt] 19
[10/06/26 01:39:44] D2BS 20708: equipped: [Boots] 12
[10/06/26 01:39:44] D2BS 20708: equipped: [Mitts] 21
[10/06/26 01:39:44] D2BS 20708: updateStat
[10/06/26 01:39:44] D2BS 20708: granted: [Head] 15
[10/06/26 01:39:44] D2BS 20708: granted: [Body] 31
[10/06/26 01:39:44] D2BS 20708: granted: [ArmR] 25
[10/06/26 01:39:44] D2BS 20708: Loaded ÿc9[AutoSmurf.js]
[10/06/26 01:39:51] D2BS 20708: farmingON
[10/06/26 01:39:53] D2BS 20708: MiniShopBot: true
[10/06/26 01:39:53] D2BS 20708: UseMerc: true HP: 70
[10/06/26 01:40:10] D2BS 20708: Merc matched: Prayer
[10/06/26 01:40:25] D2BS 20708: act5+ BO
[10/06/26 01:40:39] D2BS 20708: ÿc4=== [BAAL] ===
[10/06/26 01:43:58] D2BS 20708: ÿc4=== [COUNTESS] ===
[10/06/26 01:45:06] D2BS 20708: ÿc4=== [PIT] ===
[10/06/26 01:46:39] D2BS 20708: ÿc4=== [ANDY] ===
[10/06/26 01:47:32] D2BS 20708: ÿc4=== [COWS] ===
[10/06/26 01:57:32] D2BS 20708: Cows failed: followDriver
[10/06/26 01:58:05] D2BS 20708: ÿc4=== [MEPHISTO] ===
[10/06/26 02:00:02] D2BS 20708: ÿc4=== [DIABLO] ===
[10/06/26 02:06:20] D2BS 20708: party has left: fowo-xa
[10/06/26 02:06:20] D2BS 20708:  [26:36] +4.23% / [Level 90] 12.29%
[10/06/26 02:06:20] D2BS 20708: Script threads\autobuildthread.js ended
[10/06/26 02:06:20] D2BS 20708: Script threads\partythread.js ended
[10/06/26 02:06:20] D2BS 20708: Script threads\townchicken.js ended
[10/06/26 02:06:20] D2BS 20708: Script default.dbj ended
[10/06/26 02:06:34] D2BS 20708: joining game pz-195
[10/06/26 02:06:35] D2BS 20708: ÿc2D2BSÿc0 :: Starting default.dbj
[10/06/26 02:06:35] D2BS 20708: ÿc2D2BSÿc0 :: default.dbj running.
[10/06/26 02:06:35] D2BS 20708: Loaded ÿc9[X.nip] [Y.nip] [Z.nip] [V.nip] [S.COLD.nip]
[10/06/26 02:06:35] D2BS 20708: Loaded ÿc9[S.COLD.js]
[10/06/26 02:06:35] D2BS 20708: equipped: [Head] 16
[10/06/26 02:06:35] D2BS 20708: equipped: [Neck] 22
[10/06/26 02:06:35] D2BS 20708: equipped: [Body] 20
[10/06/26 02:06:35] D2BS 20708: equipped: [ArmR] 22
[10/06/26 02:06:35] D2BS 20708: equipped: [ArmL] 26
[10/06/26 02:06:35] D2BS 20708: equipped: [RingR] 14
[10/06/26 02:06:35] D2BS 20708: equipped: [RingL] 14
[10/06/26 02:06:35] D2BS 20708: equipped: [Belt] 19
[10/06/26 02:06:35] D2BS 20708: equipped: [Boots] 12
[10/06/26 02:06:35] D2BS 20708: equipped: [Mitts] 21
[10/06/26 02:06:35] D2BS 20708: updateStat
[10/06/26 02:06:35] D2BS 20708: granted: [Head] 15
[10/06/26 02:06:35] D2BS 20708: granted: [Body] 31
[10/06/26 02:06:36] D2BS 20708: granted: [ArmR] 25
[10/06/26 02:06:36] D2BS 20708: Loaded ÿc9[AutoSmurf.js]
[10/06/26 02:06:40] D2BS 20708: farmingON
[10/06/26 02:06:41] D2BS 20708: MiniShopBot: true
[10/06/26 02:06:41] D2BS 20708: UseMerc: true HP: 70
[10/06/26 02:07:00] D2BS 20708: Merc matched: Prayer
[10/06/26 02:07:13] D2BS 20708: act5+ BO
[10/06/26 02:07:25] D2BS 20708: ÿc4=== [BAAL] ===
[10/06/26 02:10:33] D2BS 20708: ÿc4=== [COUNTESS] ===
[10/06/26 02:11:41] D2BS 20708: ÿc4=== [PIT] ===
[10/06/26 02:13:20] D2BS 20708: ÿc4=== [ANDY] ===
[10/06/26 02:14:15] D2BS 20708: ÿc4=== [COWS] ===
[10/06/26 02:24:47] D2BS 20708: Cows failed: followDriver
[10/06/26 02:26:47] D2BS 20708:  [20:12] +2.39% / [Level 90] 14.67%
[10/06/26 02:26:47] D2BS 20708: Script threads\autobuildthread.js ended
[10/06/26 02:26:47] D2BS 20708: Script threads\partythread.js ended
[10/06/26 02:26:47] D2BS 20708: Script threads\townchicken.js ended
[10/06/26 02:26:47] D2BS 20708: Script default.dbj ended
[10/06/26 02:27:00] D2BS 20708: joining game pz-196
[10/06/26 02:27:02] D2BS 20708: ÿc2D2BSÿc0 :: Starting default.dbj
[10/06/26 02:27:02] D2BS 20708: ÿc2D2BSÿc0 :: default.dbj running.
[10/06/26 02:27:02] D2BS 20708: Loaded ÿc9[X.nip] [Y.nip] [Z.nip] [V.nip] [S.COLD.nip]
[10/06/26 02:27:02] D2BS 20708: Loaded ÿc9[S.COLD.js]
[10/06/26 02:27:03] D2BS 20708: equipped: [Head] 16
[10/06/26 02:27:03] D2BS 20708: equipped: [Neck] 22
[10/06/26 02:27:03] D2BS 20708: equipped: [Body] 20
[10/06/26 02:27:03] D2BS 20708: equipped: [ArmR] 22
[10/06/26 02:27:03] D2BS 20708: equipped: [ArmL] 26
[10/06/26 02:27:03] D2BS 20708: equipped: [RingR] 14
[10/06/26 02:27:03] D2BS 20708: equipped: [RingL] 14
[10/06/26 02:27:03] D2BS 20708: equipped: [Belt] 19
[10/06/26 02:27:03] D2BS 20708: equipped: [Boots] 12
[10/06/26 02:27:03] D2BS 20708: equipped: [Mitts] 21
[10/06/26 02:27:03] D2BS 20708: updateStat
[10/06/26 02:27:03] D2BS 20708: granted: [Head] 15
[10/06/26 02:27:03] D2BS 20708: granted: [Body] 31
[10/06/26 02:27:03] D2BS 20708: granted: [ArmR] 25
[10/06/26 02:27:03] D2BS 20708: Loaded ÿc9[AutoSmurf.js]
[10/06/26 02:27:08] D2BS 20708: farmingON
[10/06/26 02:27:08] D2BS 20708: MiniShopBot: true
[10/06/26 02:27:08] D2BS 20708: UseMerc: true HP: 70
[10/06/26 02:27:32] D2BS 20708: Merc matched: Prayer
[10/06/26 02:28:00] D2BS 20708: act5+ BO
[10/06/26 02:28:14] D2BS 20708: ÿc4=== [BAAL] ===
[10/06/26 02:32:03] D2BS 20708: ÿc4=== [COUNTESS] ===
[10/06/26 02:33:08] D2BS 20708: ÿc4=== [PIT] ===
[10/06/26 02:34:39] D2BS 20708: ÿc4=== [ANDY] ===
[10/06/26 02:35:53] D2BS 20708: ÿc4=== [COWS] ===
[10/06/26 02:37:51] D2BS 20708: party has left: fowo-xd
[10/06/26 02:37:51] D2BS 20708:  [10:50] +2.13% / [Level 90] 16.80%
[10/06/26 02:37:51] D2BS 20708: Script threads\autobuildthread.js ended
[10/06/26 02:37:52] D2BS 20708: Script threads\partythread.js ended
[10/06/26 02:37:52] D2BS 20708: Script threads\townchicken.js ended
[10/06/26 02:37:52] D2BS 20708: Script default.dbj ended
[10/06/26 02:38:04] D2BS 20708: joining game pz-197
[10/06/26 02:38:06] D2BS 20708: ÿc2D2BSÿc0 :: Starting default.dbj
[10/06/26 02:38:06] D2BS 20708: ÿc2D2BSÿc0 :: default.dbj running.
[10/06/26 02:38:06] D2BS 20708: Loaded ÿc9[X.nip] [Y.nip] [Z.nip] [V.nip] [S.COLD.nip]
[10/06/26 02:38:06] D2BS 20708: Loaded ÿc9[S.COLD.js]
[10/06/26 02:38:06] D2BS 20708: equipped: [Head] 16
[10/06/26 02:38:06] D2BS 20708: equipped: [Neck] 22
[10/06/26 02:38:06] D2BS 20708: equipped: [Body] 20
[10/06/26 02:38:06] D2BS 20708: equipped: [ArmR] 22
[10/06/26 02:38:07] D2BS 20708: equipped: [ArmL] 26
[10/06/26 02:38:07] D2BS 20708: equipped: [RingR] 14
[10/06/26 02:38:07] D2BS 20708: equipped: [RingL] 14
[10/06/26 02:38:07] D2BS 20708: equipped: [Belt] 19
[10/06/26 02:38:07] D2BS 20708: equipped: [Boots] 12
[10/06/26 02:38:07] D2BS 20708: equipped: [Mitts] 21
[10/06/26 02:38:07] D2BS 20708: updateStat
[10/06/26 02:38:07] D2BS 20708: granted: [Head] 15
[10/06/26 02:38:07] D2BS 20708: granted: [Body] 31
[10/06/26 02:38:07] D2BS 20708: granted: [ArmR] 25
[10/06/26 02:38:07] D2BS 20708: Loaded ÿc9[AutoSmurf.js]
[10/06/26 02:38:12] D2BS 20708: farmingON
[10/06/26 02:38:13] D2BS 20708: MiniShopBot: true
[10/06/26 02:38:13] D2BS 20708: UseMerc: true HP: 70
[10/06/26 02:38:18] D2BS 20708: ÿc4[Runeword] ÿc0Spirit Crystal Sword
[10/06/26 02:38:39] D2BS 20708: equipped: [ArmR] 32
[10/06/26 02:38:39] D2BS 20708: Merc matched: Prayer
[10/06/26 02:39:02] D2BS 20708: act5+ BO
[10/06/26 02:39:16] D2BS 20708: ÿc4=== [BAAL] ===
[10/06/26 02:43:06] D2BS 20708: party has left: fowo-xe
[10/06/26 02:43:06] D2BS 20708:  [05:01] +2.09% / [Level 90] 18.89%
[10/06/26 02:43:06] D2BS 20708: Script threads\autobuildthread.js ended
[10/06/26 02:43:06] D2BS 20708: Script threads\partythread.js ended
[10/06/26 02:43:06] D2BS 20708: Script threads\townchicken.js ended
[10/06/26 02:43:06] D2BS 20708: Script default.dbj ended
[10/06/26 02:43:20] D2BS 20708: joining game pz-198
[10/06/26 02:43:22] D2BS 20708: ÿc2D2BSÿc0 :: Starting default.dbj
[10/06/26 02:43:22] D2BS 20708: ÿc2D2BSÿc0 :: default.dbj running.
[10/06/26 02:43:23] D2BS 20708: Loaded ÿc9[X.nip] [Y.nip] [Z.nip] [V.nip] [S.COLD.nip]
[10/06/26 02:43:23] D2BS 20708: Loaded ÿc9[S.COLD.js]
[10/06/26 02:43:23] D2BS 20708: equipped: [Head] 16
[10/06/26 02:43:23] D2BS 20708: equipped: [Neck] 22
[10/06/26 02:43:23] D2BS 20708: equipped: [Body] 20
[10/06/26 02:43:23] D2BS 20708: equipped: [ArmR] 32
[10/06/26 02:43:23] D2BS 20708: equipped: [ArmL] 26
[10/06/26 02:43:23] D2BS 20708: equipped: [RingR] 14
[10/06/26 02:43:23] D2BS 20708: equipped: [RingL] 14
[10/06/26 02:43:23] D2BS 20708: equipped: [Belt] 19
[10/06/26 02:43:23] D2BS 20708: equipped: [Boots] 12
[10/06/26 02:43:23] D2BS 20708: equipped: [Mitts] 21
[10/06/26 02:43:23] D2BS 20708: updateStat
[10/06/26 02:43:23] D2BS 20708: granted: [Head] 15
[10/06/26 02:43:23] D2BS 20708: granted: [Body] 31
[10/06/26 02:43:23] D2BS 20708: granted: [ArmR] 25
[10/06/26 02:43:23] D2BS 20708: Loaded ÿc9[AutoSmurf.js]
[10/06/26 02:43:25] D2BS 20708: MiniShopBot: true
[10/06/26 02:43:25] D2BS 20708: farmingON
[10/06/26 02:43:25] D2BS 20708: UseMerc: true HP: 70
[10/06/26 02:43:38] D2BS 20708: Merc matched: Prayer
[10/06/26 02:43:56] D2BS 20708: act5+ BO
[10/06/26 02:44:12] D2BS 20708: ÿc4=== [BAAL] ===
[10/06/26 02:47:48] D2BS 20708: ÿc4=== [COUNTESS] ===
[10/06/26 02:48:58] D2BS 20708: ÿc4=== [PIT] ===
[10/06/26 02:50:36] D2BS 20708: ÿc4=== [ANDY] ===
[10/06/26 02:51:24] D2BS 20708: ÿc4=== [COWS] ===
[10/06/26 02:52:51] D2BS 20708: party has left: fowo-xe
[10/06/26 02:52:51] D2BS 20708: party has left: fowo-xe
[10/06/26 02:52:51] D2BS 20708: party has left: fowo-xe
[10/06/26 02:52:51] D2BS 20708:  [09:30] +2.71% / [Level 90] 21.59%
[10/06/26 02:52:51] D2BS 20708: Script threads\autobuildthread.js ended
[10/06/26 02:52:51] D2BS 20708: Script threads\partythread.js ended
[10/06/26 02:52:52] D2BS 20708: Script threads\townchicken.js ended
[10/06/26 02:52:52] D2BS 20708: Script default.dbj ended
[10/06/26 02:53:04] D2BS 20708: joining game pz-199
[10/06/26 02:53:07] D2BS 20708: ÿc2D2BSÿc0 :: Starting default.dbj
[10/06/26 02:53:07] D2BS 20708: ÿc2D2BSÿc0 :: default.dbj running.
[10/06/26 02:53:07] D2BS 20708: Loaded ÿc9[X.nip] [Y.nip] [Z.nip] [V.nip] [S.COLD.nip]
[10/06/26 02:53:07] D2BS 20708: Loaded ÿc9[S.COLD.js]
[10/06/26 02:53:07] D2BS 20708: equipped: [Head] 16
[10/06/26 02:53:07] D2BS 20708: equipped: [Neck] 22
[10/06/26 02:53:07] D2BS 20708: equipped: [Body] 20
[10/06/26 02:53:07] D2BS 20708: equipped: [ArmR] 32
[10/06/26 02:53:07] D2BS 20708: equipped: [ArmL] 26
[10/06/26 02:53:07] D2BS 20708: equipped: [RingR] 14
[10/06/26 02:53:07] D2BS 20708: equipped: [RingL] 14
[10/06/26 02:53:07] D2BS 20708: equipped: [Belt] 19
[10/06/26 02:53:07] D2BS 20708: equipped: [Boots] 12
[10/06/26 02:53:07] D2BS 20708: equipped: [Mitts] 21
[10/06/26 02:53:07] D2BS 20708: updateStat
[10/06/26 02:53:07] D2BS 20708: granted: [Head] 15
[10/06/26 02:53:07] D2BS 20708: granted: [Body] 31
[10/06/26 02:53:07] D2BS 20708: granted: [ArmR] 25
[10/06/26 02:53:07] D2BS 20708: Loaded ÿc9[AutoSmurf.js]
[10/06/26 02:53:12] D2BS 20708: farmingON
[10/06/26 02:53:13] D2BS 20708: MiniShopBot: true
[10/06/26 02:53:13] D2BS 20708: UseMerc: true HP: 70
[10/06/26 02:53:27] D2BS 20708: Merc matched: Prayer
[10/06/26 02:53:47] D2BS 20708: act5+ BO
[10/06/26 02:54:00] D2BS 20708: ÿc4=== [BAAL] ===
[10/06/26 02:57:05] D2BS 20708: ÿc4=== [COUNTESS] ===
[10/06/26 02:58:15] D2BS 20708: ÿc4=== [PIT] ===
[10/06/26 02:59:47] D2BS 20708: ÿc4=== [ANDY] ===
[10/06/26 03:00:41] D2BS 20708: ÿc4=== [COWS] ===
[10/06/26 03:10:36] D2BS 20708: party has left: fowo-xd
[10/06/26 03:10:36] D2BS 20708:  [17:30] +2.59% / [Level 90] 24.18%
[10/06/26 03:10:36] D2BS 20708: Script threads\autobuildthread.js ended
[10/06/26 03:10:36] D2BS 20708: Script threads\partythread.js ended
[10/06/26 03:10:36] D2BS 20708: Script threads\townchicken.js ended
[10/06/26 03:10:36] D2BS 20708: Script default.dbj ended
[10/06/26 03:10:47] D2BS 20708: joining game pz-200
[10/06/26 03:10:49] D2BS 20708: ÿc2D2BSÿc0 :: Starting default.dbj
[10/06/26 03:10:49] D2BS 20708: ÿc2D2BSÿc0 :: default.dbj running.
[10/06/26 03:10:50] D2BS 20708: Loaded ÿc9[X.nip] [Y.nip] [Z.nip] [V.nip] [S.COLD.nip]
[10/06/26 03:10:50] D2BS 20708: Loaded ÿc9[S.COLD.js]
[10/06/26 03:10:50] D2BS 20708: equipped: [Head] 16
[10/06/26 03:10:50] D2BS 20708: equipped: [Neck] 22
[10/06/26 03:10:50] D2BS 20708: equipped: [Body] 20
[10/06/26 03:10:50] D2BS 20708: equipped: [ArmR] 32
[10/06/26 03:10:50] D2BS 20708: equipped: [ArmL] 26
[10/06/26 03:10:50] D2BS 20708: equipped: [RingR] 14
[10/06/26 03:10:50] D2BS 20708: equipped: [RingL] 14
[10/06/26 03:10:50] D2BS 20708: equipped: [Belt] 19
[10/06/26 03:10:50] D2BS 20708: equipped: [Boots] 12
[10/06/26 03:10:50] D2BS 20708: equipped: [Mitts] 21
[10/06/26 03:10:50] D2BS 20708: updateStat
[10/06/26 03:10:50] D2BS 20708: granted: [Head] 15
[10/06/26 03:10:50] D2BS 20708: granted: [Body] 31
[10/06/26 03:10:50] D2BS 20708: granted: [ArmR] 25
[10/06/26 03:10:50] D2BS 20708: Loaded ÿc9[AutoSmurf.js]
[10/06/26 03:10:55] D2BS 20708: farmingON
[10/06/26 03:10:55] D2BS 20708: MiniShopBot: true
[10/06/26 03:10:55] D2BS 20708: UseMerc: true HP: 70
[10/06/26 03:11:06] D2BS 20708: [Craft] Caster Wyrmhide Boots
[10/06/26 03:11:26] D2BS 20708: equipped: [Boots] 14
[10/06/26 03:11:26] D2BS 20708: Merc matched: Prayer
[10/06/26 03:11:39] D2BS 20708: act5+ BO
[10/06/26 03:11:55] D2BS 20708: ÿc4=== [BAAL] ===
[10/06/26 03:14:50] D2BS 20708: ÿc4=== [COUNTESS] ===
[10/06/26 03:16:15] D2BS 20708: ÿc4=== [PIT] ===
[10/06/26 03:17:44] D2BS 20708: ÿc4=== [ANDY] ===
[10/06/26 03:18:34] D2BS 20708: ÿc4=== [COWS] ===
[10/06/26 03:29:06] D2BS 20708: party has left: fowo-xc
[10/06/26 03:29:06] D2BS 20708:  [18:18] +2.38% / [Level 90] 26.56%
[10/06/26 03:29:06] D2BS 20708: Script threads\autobuildthread.js ended
[10/06/26 03:29:06] D2BS 20708: Script threads\partythread.js ended
[10/06/26 03:29:07] D2BS 20708: Script threads\townchicken.js ended
[10/06/26 03:29:07] D2BS 20708: Script default.dbj ended
[10/06/26 03:29:20] D2BS 20708: joining game pz-201
[10/06/26 03:29:21] D2BS 20708: ÿc2D2BSÿc0 :: Starting default.dbj
[10/06/26 03:29:21] D2BS 20708: ÿc2D2BSÿc0 :: default.dbj running.
[10/06/26 03:29:21] D2BS 20708: Loaded ÿc9[X.nip] [Y.nip] [Z.nip] [V.nip] [S.COLD.nip]
[10/06/26 03:29:22] D2BS 20708: Loaded ÿc9[S.COLD.js]
[10/06/26 03:29:22] D2BS 20708: equipped: [Head] 16
[10/06/26 03:29:22] D2BS 20708: equipped: [Neck] 22
[10/06/26 03:29:22] D2BS 20708: equipped: [Body] 20
[10/06/26 03:29:22] D2BS 20708: equipped: [ArmR] 32
[10/06/26 03:29:22] D2BS 20708: equipped: [ArmL] 26
[10/06/26 03:29:22] D2BS 20708: equipped: [RingR] 14
[10/06/26 03:29:22] D2BS 20708: equipped: [RingL] 14
[10/06/26 03:29:22] D2BS 20708: equipped: [Belt] 19
[10/06/26 03:29:22] D2BS 20708: equipped: [Boots] 14
[10/06/26 03:29:22] D2BS 20708: equipped: [Mitts] 21
[10/06/26 03:29:22] D2BS 20708: updateStat
[10/06/26 03:29:22] D2BS 20708: granted: [Head] 15
[10/06/26 03:29:22] D2BS 20708: granted: [Body] 31
[10/06/26 03:29:22] D2BS 20708: granted: [ArmR] 25
[10/06/26 03:29:22] D2BS 20708: Loaded ÿc9[AutoSmurf.js]
[10/06/26 03:29:28] D2BS 20708: farmingON
[10/06/26 03:29:29] D2BS 20708: MiniShopBot: true
[10/06/26 03:29:29] D2BS 20708: UseMerc: true HP: 70
[10/06/26 03:29:47] D2BS 20708: Merc matched: Prayer
[10/06/26 03:30:15] D2BS 20708: act5+ BO
[10/06/26 03:30:28] D2BS 20708: ÿc4=== [BAAL] ===
[10/06/26 03:33:26] D2BS 20708: ÿc4=== [COUNTESS] ===
[10/06/26 03:34:27] D2BS 20708: ÿc4=== [PIT] ===
[10/06/26 03:36:02] D2BS 20708: ÿc4=== [ANDY] ===
[10/06/26 03:36:53] D2BS 20708: ÿc4=== [COWS] ===
[10/06/26 03:42:54] D2BS 20708: Cows failed: followDriver
[10/06/26 03:43:02] D2BS 20708: ÿc4=== [MEPHISTO] ===
[10/06/26 03:44:27] D2BS 20708: ÿc4=== [DIABLO] ===
[10/06/26 03:49:30] D2BS 20708: party has left: fowo-xg
[10/06/26 03:49:30] D2BS 20708:  [20:09] +4.24% / [Level 90] 30.80%
[10/06/26 03:49:30] D2BS 20708: Script threads\autobuildthread.js ended
[10/06/26 03:49:30] D2BS 20708: Script threads\partythread.js ended
[10/06/26 03:49:30] D2BS 20708: Script threads\townchicken.js ended
[10/06/26 03:49:30] D2BS 20708: Script default.dbj ended
[10/06/26 03:49:43] D2BS 20708: joining game pz-202
[10/06/26 03:49:44] D2BS 20708: ÿc2D2BSÿc0 :: Starting default.dbj
[10/06/26 03:49:44] D2BS 20708: ÿc2D2BSÿc0 :: default.dbj running.
[10/06/26 03:49:44] D2BS 20708: Loaded ÿc9[X.nip] [Y.nip] [Z.nip] [V.nip] [S.COLD.nip]
[10/06/26 03:49:44] D2BS 20708: Loaded ÿc9[S.COLD.js]
[10/06/26 03:49:44] D2BS 20708: equipped: [Head] 16
[10/06/26 03:49:44] D2BS 20708: equipped: [Neck] 22
[10/06/26 03:49:44] D2BS 20708: equipped: [Body] 20
[10/06/26 03:49:44] D2BS 20708: equipped: [ArmR] 32
[10/06/26 03:49:44] D2BS 20708: equipped: [ArmL] 26
[10/06/26 03:49:44] D2BS 20708: equipped: [RingR] 14
[10/06/26 03:49:44] D2BS 20708: equipped: [RingL] 14
[10/06/26 03:49:44] D2BS 20708: equipped: [Belt] 19
[10/06/26 03:49:45] D2BS 20708: equipped: [Boots] 14
[10/06/26 03:49:45] D2BS 20708: equipped: [Mitts] 21
[10/06/26 03:49:45] D2BS 20708: updateStat
[10/06/26 03:49:45] D2BS 20708: granted: [Head] 15
[10/06/26 03:49:45] D2BS 20708: granted: [Body] 31
[10/06/26 03:49:45] D2BS 20708: granted: [ArmR] 25
[10/06/26 03:49:45] D2BS 20708: Loaded ÿc9[AutoSmurf.js]
[10/06/26 03:49:49] D2BS 20708: farmingON
[10/06/26 03:49:50] D2BS 20708: MiniShopBot: true
[10/06/26 03:49:50] D2BS 20708: UseMerc: true HP: 70
[10/06/26 03:50:16] D2BS 20708: Merc matched: Prayer
[10/06/26 03:50:24] D2BS 20708: act5+ BO
[10/06/26 03:50:35] D2BS 20708: ÿc4=== [BAAL] ===
[10/06/26 03:53:31] D2BS 20708: Going to town
[10/06/26 03:53:52] D2BS 20708: ÿc4=== [COUNTESS] ===
[10/06/26 03:54:59] D2BS 20708: ÿc4=== [PIT] ===
[10/06/26 03:56:34] D2BS 20708: ÿc4=== [ANDY] ===
[10/06/26 03:57:25] D2BS 20708: ÿc4=== [COWS] ===
[10/06/26 04:07:35] D2BS 20708: Script default.dbj ended
[10/06/26 04:07:35] D2BS 20708: Script threads\autobuildthread.js ended
[10/06/26 04:07:35] D2BS 20708: Script threads\partythread.js ended
[10/06/26 04:07:35] D2BS 20708: Script threads\toolsthread.js ended
[10/06/26 04:07:35] D2BS 20708: Script threads\townchicken.js ended
[10/06/26 04:07:52] D2BS 20708: joining game pz-203
[10/06/26 04:07:54] D2BS 20708: ÿc2D2BSÿc0 :: Starting default.dbj
[10/06/26 04:07:54] D2BS 20708: ÿc2D2BSÿc0 :: default.dbj running.
[10/06/26 04:07:54] D2BS 20708: Loaded ÿc9[X.nip] [Y.nip] [Z.nip] [V.nip] [S.COLD.nip]
[10/06/26 04:07:54] D2BS 20708: Loaded ÿc9[S.COLD.js]
[10/06/26 04:07:54] D2BS 20708: equipped: [Head] 16
[10/06/26 04:07:54] D2BS 20708: equipped: [Neck] 22
[10/06/26 04:07:54] D2BS 20708: equipped: [Body] 20
[10/06/26 04:07:54] D2BS 20708: equipped: [ArmR] 32
[10/06/26 04:07:54] D2BS 20708: equipped: [ArmL] 26
[10/06/26 04:07:54] D2BS 20708: equipped: [RingR] 14
[10/06/26 04:07:54] D2BS 20708: equipped: [RingL] 14
[10/06/26 04:07:54] D2BS 20708: equipped: [Belt] 19
[10/06/26 04:07:54] D2BS 20708: equipped: [Boots] 14
[10/06/26 04:07:54] D2BS 20708: equipped: [Mitts] 21
[10/06/26 04:07:54] D2BS 20708: updateStat
[10/06/26 04:07:54] D2BS 20708: granted: [Head] 15
[10/06/26 04:07:54] D2BS 20708: granted: [Body] 31
[10/06/26 04:07:54] D2BS 20708: granted: [ArmR] 25
[10/06/26 04:07:54] D2BS 20708: Loaded ÿc9[AutoSmurf.js]
[10/06/26 04:07:59] D2BS 20708: farmingON
[10/06/26 04:08:00] D2BS 20708: MiniShopBot: true
[10/06/26 04:08:00] D2BS 20708: UseMerc: true HP: 70
[10/06/26 04:08:23] D2BS 20708: Merc matched: Prayer
[10/06/26 04:08:34] D2BS 20708: act5+ BO
[10/06/26 04:08:47] D2BS 20708: ÿc4=== [BAAL] ===
[10/06/26 04:12:13] D2BS 20708: ÿc4=== [COUNTESS] ===
[10/06/26 04:13:16] D2BS 20708: ÿc4=== [PIT] ===
[10/06/26 04:14:53] D2BS 20708: ÿc4=== [ANDY] ===
[10/06/26 04:16:03] D2BS 20708: ÿc4=== [COWS] ===
[10/06/26 04:18:09] D2BS 20708: party has left: fowo-xd
[10/06/26 04:18:10] D2BS 20708:  [10:16] +2.27% / [Level 90] 35.46%
[10/06/26 04:18:10] D2BS 20708: Script threads\autobuildthread.js ended
[10/06/26 04:18:10] D2BS 20708: Script threads\partythread.js ended
[10/06/26 04:18:10] D2BS 20708: Script threads\townchicken.js ended
[10/06/26 04:18:10] D2BS 20708: Script default.dbj ended
[10/06/26 04:18:23] D2BS 20708: joining game pz-204
[10/06/26 04:18:25] D2BS 20708: ÿc2D2BSÿc0 :: Starting default.dbj
[10/06/26 04:18:25] D2BS 20708: ÿc2D2BSÿc0 :: default.dbj running.
[10/06/26 04:18:25] D2BS 20708: Loaded ÿc9[X.nip] [Y.nip] [Z.nip] [V.nip] [S.COLD.nip]
[10/06/26 04:18:25] D2BS 20708: Loaded ÿc9[S.COLD.js]
[10/06/26 04:18:25] D2BS 20708: equipped: [Head] 16
[10/06/26 04:18:26] D2BS 20708: equipped: [Neck] 22
[10/06/26 04:18:26] D2BS 20708: equipped: [Body] 20
[10/06/26 04:18:26] D2BS 20708: equipped: [ArmR] 32
[10/06/26 04:18:26] D2BS 20708: equipped: [ArmL] 26
[10/06/26 04:18:26] D2BS 20708: equipped: [RingR] 14
[10/06/26 04:18:26] D2BS 20708: equipped: [RingL] 14
[10/06/26 04:18:26] D2BS 20708: equipped: [Belt] 19
[10/06/26 04:18:26] D2BS 20708: equipped: [Boots] 14
[10/06/26 04:18:26] D2BS 20708: equipped: [Mitts] 21
[10/06/26 04:18:26] D2BS 20708: updateStat
[10/06/26 04:18:26] D2BS 20708: granted: [Head] 15
[10/06/26 04:18:26] D2BS 20708: granted: [Body] 31
[10/06/26 04:18:26] D2BS 20708: granted: [ArmR] 25
[10/06/26 04:18:26] D2BS 20708: Loaded ÿc9[AutoSmurf.js]
[10/06/26 04:18:31] D2BS 20708: MiniShopBot: true
[10/06/26 04:18:31] D2BS 20708: farmingON
[10/06/26 04:18:31] D2BS 20708: UseMerc: true HP: 70
[10/06/26 04:18:47] D2BS 20708: Merc matched: Prayer
[10/06/26 04:19:02] D2BS 20708: act5+ BO
[10/06/26 04:19:16] D2BS 20708: ÿc4=== [BAAL] ===
[10/06/26 04:22:24] D2BS 20708: ÿc4=== [COUNTESS] ===
[10/06/26 04:23:32] D2BS 20708: ÿc4=== [PIT] ===
[10/06/26 04:25:03] D2BS 20708: ÿc4=== [ANDY] ===
[10/06/26 04:25:52] D2BS 20708: ÿc4=== [COWS] ===
[10/06/26 04:37:24] D2BS 20708: ÿc4=== [MEPHISTO] ===
[10/06/26 04:38:45] D2BS 20708: ÿc4=== [DIABLO] ===
[10/06/26 04:44:03] D2BS 20708: party has left: fowo-xd
[10/06/26 04:44:03] D2BS 20708:  [25:38] +4.03% / [Level 90] 39.49%
[10/06/26 04:44:03] D2BS 20708: Script threads\autobuildthread.js ended
[10/06/26 04:44:03] D2BS 20708: Script threads\partythread.js ended
[10/06/26 04:44:03] D2BS 20708: Script threads\townchicken.js ended
[10/06/26 04:44:04] D2BS 20708: Script default.dbj ended
[10/06/26 04:44:16] D2BS 20708: joining game pz-205
[10/06/26 04:44:18] D2BS 20708: ÿc2D2BSÿc0 :: Starting default.dbj
[10/06/26 04:44:18] D2BS 20708: ÿc2D2BSÿc0 :: default.dbj running.
[10/06/26 04:44:19] D2BS 20708: Loaded ÿc9[X.nip] [Y.nip] [Z.nip] [V.nip] [S.COLD.nip]
[10/06/26 04:44:19] D2BS 20708: Loaded ÿc9[S.COLD.js]
[10/06/26 04:44:19] D2BS 20708: equipped: [Head] 16
[10/06/26 04:44:19] D2BS 20708: equipped: [Neck] 22
[10/06/26 04:44:19] D2BS 20708: equipped: [Body] 20
[10/06/26 04:44:19] D2BS 20708: equipped: [ArmR] 32
[10/06/26 04:44:19] D2BS 20708: equipped: [ArmL] 26
[10/06/26 04:44:19] D2BS 20708: equipped: [RingR] 14
[10/06/26 04:44:19] D2BS 20708: equipped: [RingL] 14
[10/06/26 04:44:19] D2BS 20708: equipped: [Belt] 19
[10/06/26 04:44:19] D2BS 20708: equipped: [Boots] 14
[10/06/26 04:44:19] D2BS 20708: equipped: [Mitts] 21
[10/06/26 04:44:19] D2BS 20708: updateStat
[10/06/26 04:44:19] D2BS 20708: granted: [Head] 15
[10/06/26 04:44:19] D2BS 20708: granted: [Body] 31
[10/06/26 04:44:19] D2BS 20708: granted: [ArmR] 25
[10/06/26 04:44:19] D2BS 20708: Loaded ÿc9[AutoSmurf.js]
[10/06/26 04:44:23] D2BS 20708: farmingON
[10/06/26 04:44:25] D2BS 20708: MiniShopBot: true
[10/06/26 04:44:25] D2BS 20708: UseMerc: true HP: 70
[10/06/26 04:44:45] D2BS 20708: Merc matched: Prayer
[10/06/26 04:44:59] D2BS 20708: act5+ BO
[10/06/26 04:45:11] D2BS 20708: ÿc4=== [BAAL] ===
[10/06/26 04:48:22] D2BS 20708: ÿc4=== [COUNTESS] ===
[10/06/26 04:49:31] D2BS 20708: ÿc4=== [PIT] ===
[10/06/26 04:50:43] D2BS 20708: ÿc4=== [ANDY] ===
[10/06/26 04:51:36] D2BS 20708: ÿc4=== [COWS] ===
[10/06/26 05:02:10] D2BS 20708: Cows failed: followDriver
[10/06/26 05:03:14] D2BS 20708: ÿc4=== [MEPHISTO] ===
[10/06/26 05:03:25] D2BS 20708: equipped: [RingR] 15
[10/06/26 05:04:34] D2BS 20708: ÿc4=== [DIABLO] ===
[10/06/26 05:07:10] D2BS 20708: party has left: fowo-xd
[10/06/26 05:07:10] D2BS 20708:  [22:52] +2.83% / [Level 90] 42.32%
[10/06/26 05:07:10] D2BS 20708: Script threads\autobuildthread.js ended
[10/06/26 05:07:10] D2BS 20708: Script threads\partythread.js ended
[10/06/26 05:07:10] D2BS 20708: Script threads\townchicken.js ended
[10/06/26 05:07:10] D2BS 20708: Script default.dbj ended
[10/06/26 05:07:23] D2BS 20708: joining game pz-206
[10/06/26 05:07:25] D2BS 20708: ÿc2D2BSÿc0 :: Starting default.dbj
[10/06/26 05:07:25] D2BS 20708: ÿc2D2BSÿc0 :: default.dbj running.
[10/06/26 05:07:25] D2BS 20708: Loaded ÿc9[X.nip] [Y.nip] [Z.nip] [V.nip] [S.COLD.nip]
[10/06/26 05:07:25] D2BS 20708: Loaded ÿc9[S.COLD.js]
[10/06/26 05:07:25] D2BS 20708: equipped: [Head] 16
[10/06/26 05:07:25] D2BS 20708: equipped: [Neck] 22
[10/06/26 05:07:25] D2BS 20708: equipped: [Body] 20
[10/06/26 05:07:25] D2BS 20708: equipped: [ArmR] 32
[10/06/26 05:07:25] D2BS 20708: equipped: [ArmL] 26
[10/06/26 05:07:25] D2BS 20708: equipped: [RingR] 15
[10/06/26 05:07:25] D2BS 20708: equipped: [RingL] 14
[10/06/26 05:07:25] D2BS 20708: equipped: [Belt] 19
[10/06/26 05:07:25] D2BS 20708: equipped: [Boots] 14
[10/06/26 05:07:25] D2BS 20708: equipped: [Mitts] 21
[10/06/26 05:07:25] D2BS 20708: updateStat
[10/06/26 05:07:25] D2BS 20708: granted: [Head] 15
[10/06/26 05:07:25] D2BS 20708: granted: [Body] 31
[10/06/26 05:07:25] D2BS 20708: granted: [ArmR] 25
[10/06/26 05:07:25] D2BS 20708: Loaded ÿc9[AutoSmurf.js]
[10/06/26 05:07:30] D2BS 20708: MiniShopBot: true
[10/06/26 05:07:30] D2BS 20708: farmingON
[10/06/26 05:07:30] D2BS 20708: UseMerc: true HP: 70
[10/06/26 05:07:46] D2BS 20708: Merc matched: Prayer
[10/06/26 05:08:03] D2BS 20708: act5+ BO
[10/06/26 05:08:15] D2BS 20708: ÿc4=== [BAAL] ===
[10/06/26 05:08:30] D2BS 20708: Baal failed: souls found
[10/06/26 05:08:30] D2BS 20708: ÿc4=== [COUNTESS] ===
[10/06/26 05:09:38] D2BS 20708: ÿc4=== [PIT] ===
[10/06/26 05:10:57] D2BS 20708: ÿc4=== [ANDY] ===
[10/06/26 05:11:54] D2BS 20708: ÿc4=== [COWS] ===
[10/06/26 05:13:20] D2BS 20708: Going to town
[10/06/26 05:26:54] D2BS 20708: ÿc4=== [MEPHISTO] ===
[10/06/26 05:28:05] D2BS 20708: ÿc4=== [DIABLO] ===
[10/06/26 05:33:45] D2BS 20708: party has left: fowo-xc
[10/06/26 05:33:45] D2BS 20708:  [26:20] +2.53% / [Level 90] 44.85%
[10/06/26 05:33:45] D2BS 20708: Script threads\autobuildthread.js ended
[10/06/26 05:33:45] D2BS 20708: Script threads\partythread.js ended
[10/06/26 05:33:45] D2BS 20708: Script threads\townchicken.js ended
[10/06/26 05:33:45] D2BS 20708: Script default.dbj ended
[10/06/26 05:33:57] D2BS 20708: joining game pz-207
[10/06/26 05:33:59] D2BS 20708: ÿc2D2BSÿc0 :: Starting default.dbj
[10/06/26 05:33:59] D2BS 20708: ÿc2D2BSÿc0 :: default.dbj running.
[10/06/26 05:34:00] D2BS 20708: Loaded ÿc9[X.nip] [Y.nip] [Z.nip] [V.nip] [S.COLD.nip]
[10/06/26 05:34:00] D2BS 20708: Loaded ÿc9[S.COLD.js]
[10/06/26 05:34:00] D2BS 20708: equipped: [Head] 16
[10/06/26 05:34:00] D2BS 20708: equipped: [Neck] 22
[10/06/26 05:34:00] D2BS 20708: equipped: [Body] 20
[10/06/26 05:34:00] D2BS 20708: equipped: [ArmR] 32
[10/06/26 05:34:00] D2BS 20708: equipped: [ArmL] 26
[10/06/26 05:34:00] D2BS 20708: equipped: [RingR] 15
[10/06/26 05:34:00] D2BS 20708: equipped: [RingL] 14
[10/06/26 05:34:00] D2BS 20708: equipped: [Belt] 19
[10/06/26 05:34:00] D2BS 20708: equipped: [Boots] 14
[10/06/26 05:34:00] D2BS 20708: equipped: [Mitts] 21
[10/06/26 05:34:00] D2BS 20708: updateStat
[10/06/26 05:34:00] D2BS 20708: granted: [Head] 15
[10/06/26 05:34:00] D2BS 20708: granted: [Body] 31
[10/06/26 05:34:00] D2BS 20708: granted: [ArmR] 25
[10/06/26 05:34:00] D2BS 20708: Loaded ÿc9[AutoSmurf.js]
[10/06/26 05:34:05] D2BS 20708: farmingON
[10/06/26 05:34:06] D2BS 20708: MiniShopBot: true
[10/06/26 05:34:06] D2BS 20708: UseMerc: true HP: 70
[10/06/26 05:34:25] D2BS 20708: Merc matched: Prayer
[10/06/26 05:34:43] D2BS 20708: act5+ BO
[10/06/26 05:34:55] D2BS 20708: ÿc4=== [BAAL] ===
[10/06/26 05:35:13] D2BS 20708: Baal failed: souls found
[10/06/26 05:35:13] D2BS 20708: ÿc4=== [COUNTESS] ===
[10/06/26 05:36:10] D2BS 20708: ÿc4=== [PIT] ===
[10/06/26 05:37:52] D2BS 20708: ÿc4=== [ANDY] ===
[10/06/26 05:38:43] D2BS 20708: ÿc4=== [COWS] ===
[10/06/26 05:42:31] D2BS 20708: party has left: fowo-xe
[10/06/26 05:42:31] D2BS 20708:  [08:32] +0.55% / [Level 90] 45.41%
[10/06/26 05:42:31] D2BS 20708: Script threads\autobuildthread.js ended
[10/06/26 05:42:31] D2BS 20708: Script threads\partythread.js ended
[10/06/26 05:42:31] D2BS 20708: Script threads\townchicken.js ended
[10/06/26 05:42:31] D2BS 20708: Script default.dbj ended
[10/06/26 05:42:43] D2BS 20708: joining game pz-208
[10/06/26 05:42:44] D2BS 20708: ÿc2D2BSÿc0 :: Starting default.dbj
[10/06/26 05:42:44] D2BS 20708: ÿc2D2BSÿc0 :: default.dbj running.
[10/06/26 05:42:45] D2BS 20708: Loaded ÿc9[X.nip] [Y.nip] [Z.nip] [V.nip] [S.COLD.nip]
[10/06/26 05:42:45] D2BS 20708: Loaded ÿc9[S.COLD.js]
[10/06/26 05:42:45] D2BS 20708: equipped: [Head] 16
[10/06/26 05:42:45] D2BS 20708: equipped: [Neck] 22
[10/06/26 05:42:45] D2BS 20708: equipped: [Body] 20
[10/06/26 05:42:45] D2BS 20708: equipped: [ArmR] 32
[10/06/26 05:42:45] D2BS 20708: equipped: [ArmL] 26
[10/06/26 05:42:45] D2BS 20708: equipped: [RingR] 15
[10/06/26 05:42:45] D2BS 20708: equipped: [RingL] 14
[10/06/26 05:42:45] D2BS 20708: equipped: [Belt] 19
[10/06/26 05:42:46] D2BS 20708: equipped: [Boots] 14
[10/06/26 05:42:46] D2BS 20708: equipped: [Mitts] 21
[10/06/26 05:42:46] D2BS 20708: updateStat
[10/06/26 05:42:46] D2BS 20708: granted: [Head] 15
[10/06/26 05:42:46] D2BS 20708: granted: [Body] 31
[10/06/26 05:42:46] D2BS 20708: granted: [ArmR] 25
[10/06/26 05:42:46] D2BS 20708: Loaded ÿc9[AutoSmurf.js]
[10/06/26 05:42:51] D2BS 20708: farmingON
[10/06/26 05:42:52] D2BS 20708: MiniShopBot: true
[10/06/26 05:42:52] D2BS 20708: UseMerc: true HP: 70
[10/06/26 05:43:11] D2BS 20708: Merc matched: Prayer
[10/06/26 05:43:26] D2BS 20708: act5+ BO
[10/06/26 05:43:40] D2BS 20708: ÿc4=== [BAAL] ===
[10/06/26 05:43:52] D2BS 20708: Baal failed: souls found
[10/06/26 05:43:52] D2BS 20708: ÿc4=== [COUNTESS] ===
[10/06/26 05:45:04] D2BS 20708: ÿc4=== [PIT] ===
[10/06/26 05:46:57] D2BS 20708: ÿc4=== [ANDY] ===
[10/06/26 05:47:51] D2BS 20708: ÿc4=== [COWS] ===
[10/06/26 05:50:29] D2BS 20708: party has left: fowo-xe
[10/06/26 05:50:29] D2BS 20708:  [07:44] +0.44% / [Level 90] 45.85%
[10/06/26 05:50:29] D2BS 20708: Script threads\autobuildthread.js ended
[10/06/26 05:50:29] D2BS 20708: Script threads\partythread.js ended
[10/06/26 05:50:29] D2BS 20708: Script threads\townchicken.js ended
[10/06/26 05:50:29] D2BS 20708: Script default.dbj ended
[10/06/26 05:50:40] D2BS 20708: joining game pz-209
[10/06/26 05:50:42] D2BS 20708: ÿc2D2BSÿc0 :: Starting default.dbj
[10/06/26 05:50:42] D2BS 20708: ÿc2D2BSÿc0 :: default.dbj running.
[10/06/26 05:50:43] D2BS 20708: Loaded ÿc9[X.nip] [Y.nip] [Z.nip] [V.nip] [S.COLD.nip]
[10/06/26 05:50:43] D2BS 20708: Loaded ÿc9[S.COLD.js]
[10/06/26 05:50:43] D2BS 20708: equipped: [Head] 16
[10/06/26 05:50:43] D2BS 20708: equipped: [Neck] 22
[10/06/26 05:50:43] D2BS 20708: equipped: [Body] 20
[10/06/26 05:50:43] D2BS 20708: equipped: [ArmR] 32
[10/06/26 05:50:43] D2BS 20708: equipped: [ArmL] 26
[10/06/26 05:50:43] D2BS 20708: equipped: [RingR] 15
[10/06/26 05:50:43] D2BS 20708: equipped: [RingL] 14
[10/06/26 05:50:43] D2BS 20708: equipped: [Belt] 19
[10/06/26 05:50:43] D2BS 20708: equipped: [Boots] 14
[10/06/26 05:50:43] D2BS 20708: equipped: [Mitts] 21
[10/06/26 05:50:43] D2BS 20708: updateStat
[10/06/26 05:50:43] D2BS 20708: granted: [Head] 15
[10/06/26 05:50:43] D2BS 20708: granted: [Body] 31
[10/06/26 05:50:43] D2BS 20708: granted: [ArmR] 25
[10/06/26 05:50:43] D2BS 20708: Loaded ÿc9[AutoSmurf.js]
[10/06/26 05:50:48] D2BS 20708: farmingON
[10/06/26 05:50:49] D2BS 20708: MiniShopBot: true
[10/06/26 05:50:49] D2BS 20708: UseMerc: true HP: 70
[10/06/26 05:51:06] D2BS 20708: Merc matched: Prayer
[10/06/26 05:51:42] D2BS 20708: act5+ BO
[10/06/26 05:51:55] D2BS 20708: ÿc4=== [BAAL] ===
[10/06/26 05:55:47] D2BS 20708: ÿc4=== [COUNTESS] ===
[10/06/26 05:57:06] D2BS 20708: ÿc4=== [PIT] ===
[10/06/26 05:59:00] D2BS 20708: ÿc4=== [ANDY] ===
[10/06/26 06:00:03] D2BS 20708: ÿc4=== [COWS] ===
[10/06/26 06:11:11] D2BS 20708: Cows failed: followDriver
[10/06/26 06:11:46] D2BS 20708: ÿc4=== [MEPHISTO] ===
[10/06/26 06:13:07] D2BS 20708: ÿc4=== [DIABLO] ===
[10/06/26 06:20:39] D2BS 20708: party has left: fowo-xa
[10/06/26 06:20:39] D2BS 20708:  [29:58] +4.57% / [Level 90] 50.41%
[10/06/26 06:20:39] D2BS 20708: Script threads\autobuildthread.js ended
[10/06/26 06:20:39] D2BS 20708: Script threads\partythread.js ended
[10/06/26 06:20:39] D2BS 20708: Script threads\townchicken.js ended
[10/06/26 06:20:40] D2BS 20708: Script default.dbj ended
[10/06/26 06:20:53] D2BS 20708: joining game pz-210
[10/06/26 06:20:55] D2BS 20708: ÿc2D2BSÿc0 :: Starting default.dbj
[10/06/26 06:20:55] D2BS 20708: ÿc2D2BSÿc0 :: default.dbj running.
[10/06/26 06:20:55] D2BS 20708: Loaded ÿc9[X.nip] [Y.nip] [Z.nip] [V.nip] [S.COLD.nip]
[10/06/26 06:20:55] D2BS 20708: Loaded ÿc9[S.COLD.js]
[10/06/26 06:20:55] D2BS 20708: equipped: [Head] 16
[10/06/26 06:20:55] D2BS 20708: equipped: [Neck] 22
[10/06/26 06:20:55] D2BS 20708: equipped: [Body] 20
[10/06/26 06:20:55] D2BS 20708: equipped: [ArmR] 32
[10/06/26 06:20:55] D2BS 20708: equipped: [ArmL] 26
[10/06/26 06:20:55] D2BS 20708: equipped: [RingR] 15
[10/06/26 06:20:55] D2BS 20708: equipped: [RingL] 14
[10/06/26 06:20:55] D2BS 20708: equipped: [Belt] 19
[10/06/26 06:20:55] D2BS 20708: equipped: [Boots] 14
[10/06/26 06:20:55] D2BS 20708: equipped: [Mitts] 21
[10/06/26 06:20:55] D2BS 20708: updateStat
[10/06/26 06:20:55] D2BS 20708: granted: [Head] 15
[10/06/26 06:20:55] D2BS 20708: granted: [Body] 31
[10/06/26 06:20:55] D2BS 20708: granted: [ArmR] 25
[10/06/26 06:20:55] D2BS 20708: Loaded ÿc9[AutoSmurf.js]
[10/06/26 06:20:59] D2BS 20708: farmingON
[10/06/26 06:21:02] D2BS 20708: MiniShopBot: true
[10/06/26 06:21:02] D2BS 20708: UseMerc: true HP: 70
[10/06/26 06:21:20] D2BS 20708: Merc matched: Prayer
[10/06/26 06:21:34] D2BS 20708: act5+ BO
[10/06/26 06:21:48] D2BS 20708: ÿc4=== [BAAL] ===
[10/06/26 06:24:25] D2BS 20708: party has left: fowo-xe
[10/06/26 06:24:25] D2BS 20708:  [03:30] +1.53% / [Level 90] 51.94%
[10/06/26 06:24:25] D2BS 20708: Script threads\autobuildthread.js ended
[10/06/26 06:24:26] D2BS 20708: Script threads\partythread.js ended
[10/06/26 06:24:26] D2BS 20708: Script threads\townchicken.js ended
[10/06/26 06:24:26] D2BS 20708: Script default.dbj ended
[10/06/26 06:24:43] D2BS 20708: joining game pz-211
[10/06/26 06:24:45] D2BS 20708: ÿc2D2BSÿc0 :: Starting default.dbj
[10/06/26 06:24:45] D2BS 20708: ÿc2D2BSÿc0 :: default.dbj running.
[10/06/26 06:24:45] D2BS 20708: Loaded ÿc9[X.nip] [Y.nip] [Z.nip] [V.nip] [S.COLD.nip]
[10/06/26 06:24:45] D2BS 20708: Loaded ÿc9[S.COLD.js]
[10/06/26 06:24:45] D2BS 20708: equipped: [Head] 16
[10/06/26 06:24:45] D2BS 20708: equipped: [Neck] 22
[10/06/26 06:24:45] D2BS 20708: equipped: [Body] 20
[10/06/26 06:24:45] D2BS 20708: equipped: [ArmR] 32
[10/06/26 06:24:45] D2BS 20708: equipped: [ArmL] 26
[10/06/26 06:24:45] D2BS 20708: equipped: [RingR] 15
[10/06/26 06:24:45] D2BS 20708: equipped: [RingL] 14
[10/06/26 06:24:45] D2BS 20708: equipped: [Belt] 19
[10/06/26 06:24:45] D2BS 20708: equipped: [Boots] 14
[10/06/26 06:24:45] D2BS 20708: equipped: [Mitts] 21
[10/06/26 06:24:45] D2BS 20708: updateStat
[10/06/26 06:24:45] D2BS 20708: granted: [Head] 15
[10/06/26 06:24:45] D2BS 20708: granted: [Body] 31
[10/06/26 06:24:45] D2BS 20708: granted: [ArmR] 25
[10/06/26 06:24:45] D2BS 20708: Loaded ÿc9[AutoSmurf.js]
[10/06/26 06:24:48] D2BS 20708: MiniShopBot: true
[10/06/26 06:24:48] D2BS 20708: farmingON
[10/06/26 06:24:48] D2BS 20708: UseMerc: true HP: 70
[10/06/26 06:24:56] D2BS 20708: ÿc4[Runeword] ÿc0Smoke Serpentskin Armor
[10/06/26 06:25:33] D2BS 20708: equipped: [Body] 21
[10/06/26 06:25:36] D2BS 20708: Merc matched: Prayer
[10/06/26 06:25:44] D2BS 20708: act5+ BO
[10/06/26 06:25:56] D2BS 20708: ÿc4=== [BAAL] ===
[10/06/26 06:26:10] D2BS 20708: Baal failed: souls found
[10/06/26 06:26:10] D2BS 20708: ÿc4=== [COUNTESS] ===
[10/06/26 06:27:15] D2BS 20708: ÿc4=== [PIT] ===
[10/06/26 06:29:08] D2BS 20708: ÿc4=== [ANDY] ===
[10/06/26 06:30:11] D2BS 20708: ÿc4=== [COWS] ===
[10/06/26 06:35:52] D2BS 20708: Cows failed: followDriver
[10/06/26 06:36:23] D2BS 20708: ÿc4=== [MEPHISTO] ===
[10/06/26 06:37:50] D2BS 20708: ÿc4=== [DIABLO] ===
[10/06/26 06:43:04] D2BS 20708: party has left: fowo-xe
[10/06/26 06:43:04] D2BS 20708:  [18:20] +2.21% / [Level 90] 54.15%
[10/06/26 06:43:04] D2BS 20708: Script threads\autobuildthread.js ended
[10/06/26 06:43:05] D2BS 20708: Script threads\partythread.js ended
[10/06/26 06:43:05] D2BS 20708: Script threads\townchicken.js ended
[10/06/26 06:43:05] D2BS 20708: Script default.dbj ended
[10/06/26 06:43:17] D2BS 20708: joining game pz-212
[10/06/26 06:43:19] D2BS 20708: ÿc2D2BSÿc0 :: Starting default.dbj
[10/06/26 06:43:19] D2BS 20708: ÿc2D2BSÿc0 :: default.dbj running.
[10/06/26 06:43:19] D2BS 20708: Loaded ÿc9[X.nip] [Y.nip] [Z.nip] [V.nip] [S.COLD.nip]
[10/06/26 06:43:19] D2BS 20708: Loaded ÿc9[S.COLD.js]
[10/06/26 06:43:19] D2BS 20708: equipped: [Head] 16
[10/06/26 06:43:19] D2BS 20708: equipped: [Neck] 22
[10/06/26 06:43:20] D2BS 20708: equipped: [Body] 21
[10/06/26 06:43:20] D2BS 20708: equipped: [ArmR] 32
[10/06/26 06:43:20] D2BS 20708: equipped: [ArmL] 26
[10/06/26 06:43:20] D2BS 20708: equipped: [RingR] 15
[10/06/26 06:43:20] D2BS 20708: equipped: [RingL] 14
[10/06/26 06:43:20] D2BS 20708: equipped: [Belt] 19
[10/06/26 06:43:20] D2BS 20708: equipped: [Boots] 14
[10/06/26 06:43:20] D2BS 20708: equipped: [Mitts] 21
[10/06/26 06:43:20] D2BS 20708: updateStat
[10/06/26 06:43:20] D2BS 20708: granted: [Head] 15
[10/06/26 06:43:20] D2BS 20708: granted: [Body] 31
[10/06/26 06:43:20] D2BS 20708: granted: [ArmR] 25
[10/06/26 06:43:20] D2BS 20708: Loaded ÿc9[AutoSmurf.js]
[10/06/26 06:43:24] D2BS 20708: farmingON
[10/06/26 06:43:26] D2BS 20708: Tiered: true
[10/06/26 06:43:26] D2BS 20708: UseMerc: true HP: 70
[10/06/26 06:43:56] D2BS 20708: Merc matched: Prayer
[10/06/26 06:44:03] D2BS 20708: act5+ BO
[10/06/26 06:44:15] D2BS 20708: ÿc4=== [BAAL] ===
[10/06/26 06:47:07] D2BS 20708: ÿc4=== [COUNTESS] ===
[10/06/26 06:48:18] D2BS 20708: ÿc4=== [PIT] ===
[10/06/26 06:49:39] D2BS 20708: ÿc4=== [ANDY] ===
[10/06/26 06:50:38] D2BS 20708: ÿc4=== [COWS] ===
[10/06/26 07:02:36] D2BS 20708: party has left: fowo-xe
[10/06/26 07:02:36] D2BS 20708:  [19:17] +2.43% / [Level 90] 56.58%
[10/06/26 07:02:36] D2BS 20708: Script threads\autobuildthread.js ended
[10/06/26 07:02:36] D2BS 20708: Script threads\partythread.js ended
[10/06/26 07:02:36] D2BS 20708: Script threads\townchicken.js ended
[10/06/26 07:02:36] D2BS 20708: Script default.dbj ended
[10/06/26 07:02:50] D2BS 20708: joining game pz-213
[10/06/26 07:02:52] D2BS 20708: ÿc2D2BSÿc0 :: Starting default.dbj
[10/06/26 07:02:52] D2BS 20708: ÿc2D2BSÿc0 :: default.dbj running.
[10/06/26 07:02:52] D2BS 20708: Loaded ÿc9[X.nip] [Y.nip] [Z.nip] [V.nip] [S.COLD.nip]
[10/06/26 07:02:52] D2BS 20708: Loaded ÿc9[S.COLD.js]
[10/06/26 07:02:52] D2BS 20708: equipped: [Head] 16
[10/06/26 07:02:52] D2BS 20708: equipped: [Neck] 22
[10/06/26 07:02:52] D2BS 20708: equipped: [Body] 21
[10/06/26 07:02:52] D2BS 20708: equipped: [ArmR] 32
[10/06/26 07:02:52] D2BS 20708: equipped: [ArmL] 26
[10/06/26 07:02:52] D2BS 20708: equipped: [RingR] 15
[10/06/26 07:02:52] D2BS 20708: equipped: [RingL] 14
[10/06/26 07:02:52] D2BS 20708: equipped: [Belt] 19
[10/06/26 07:02:52] D2BS 20708: equipped: [Boots] 14
[10/06/26 07:02:52] D2BS 20708: equipped: [Mitts] 21
[10/06/26 07:02:52] D2BS 20708: updateStat
[10/06/26 07:02:52] D2BS 20708: granted: [Head] 15
[10/06/26 07:02:52] D2BS 20708: granted: [Body] 31
[10/06/26 07:02:52] D2BS 20708: granted: [ArmR] 25
[10/06/26 07:02:52] D2BS 20708: Loaded ÿc9[AutoSmurf.js]
[10/06/26 07:02:58] D2BS 20708: farmingON
[10/06/26 07:02:59] D2BS 20708: Tiered: true
[10/06/26 07:02:59] D2BS 20708: UseMerc: true HP: 70
[10/06/26 07:03:09] D2BS 20708: [Socket] Great Poleaxe
[10/06/26 07:03:26] D2BS 20708: Merc matched: Prayer
[10/06/26 07:03:33] D2BS 20708: act5+ BO
[10/06/26 07:03:47] D2BS 20708: ÿc4=== [BAAL] ===
[10/06/26 07:06:57] D2BS 20708: ÿc4=== [COUNTESS] ===
[10/06/26 07:08:12] D2BS 20708: ÿc4=== [PIT] ===
[10/06/26 07:09:42] D2BS 20708: ÿc4=== [ANDY] ===
[10/06/26 07:10:36] D2BS 20708: ÿc4=== [COWS] ===
[10/06/26 07:17:08] D2BS 20708: party has left: fowo-xd
[10/06/26 07:17:08] D2BS 20708:  [14:17] +2.76% / [Level 90] 59.34%
[10/06/26 07:17:08] D2BS 20708: Script threads\autobuildthread.js ended
[10/06/26 07:17:08] D2BS 20708: Script threads\partythread.js ended
[10/06/26 07:17:09] D2BS 20708: Script threads\townchicken.js ended
[10/06/26 07:17:09] D2BS 20708: Script default.dbj ended
[10/06/26 07:17:20] D2BS 20708: joining game pz-214
[10/06/26 07:17:22] D2BS 20708: ÿc2D2BSÿc0 :: Starting default.dbj
[10/06/26 07:17:22] D2BS 20708: ÿc2D2BSÿc0 :: default.dbj running.
[10/06/26 07:17:22] D2BS 20708: Loaded ÿc9[X.nip] [Y.nip] [Z.nip] [V.nip] [S.COLD.nip]
[10/06/26 07:17:22] D2BS 20708: Loaded ÿc9[S.COLD.js]
[10/06/26 07:17:22] D2BS 20708: equipped: [Head] 16
[10/06/26 07:17:22] D2BS 20708: equipped: [Neck] 22
[10/06/26 07:17:22] D2BS 20708: equipped: [Body] 21
[10/06/26 07:17:22] D2BS 20708: equipped: [ArmR] 32
[10/06/26 07:17:22] D2BS 20708: equipped: [ArmL] 26
[10/06/26 07:17:22] D2BS 20708: equipped: [RingR] 15
[10/06/26 07:17:22] D2BS 20708: equipped: [RingL] 14
[10/06/26 07:17:22] D2BS 20708: equipped: [Belt] 19
[10/06/26 07:17:22] D2BS 20708: equipped: [Boots] 14
[10/06/26 07:17:22] D2BS 20708: equipped: [Mitts] 21
[10/06/26 07:17:22] D2BS 20708: updateStat
[10/06/26 07:17:22] D2BS 20708: granted: [Head] 15
[10/06/26 07:17:22] D2BS 20708: granted: [Body] 31
[10/06/26 07:17:22] D2BS 20708: granted: [ArmR] 25
[10/06/26 07:17:22] D2BS 20708: Loaded ÿc9[AutoSmurf.js]
[10/06/26 07:17:28] D2BS 20708: farmingON
[10/06/26 07:17:29] D2BS 20708: Tiered: true
[10/06/26 07:17:29] D2BS 20708: UseMerc: true HP: 70
[10/06/26 07:17:37] D2BS 20708: Merc matched: Prayer
[10/06/26 07:18:09] D2BS 20708: act5+ BO
[10/06/26 07:18:21] D2BS 20708: ÿc4=== [BAAL] ===
[10/06/26 07:21:57] D2BS 20708: ÿc4=== [COUNTESS] ===
[10/06/26 07:23:10] D2BS 20708: ÿc4=== [PIT] ===
[10/06/26 07:24:37] D2BS 20708: ÿc4=== [ANDY] ===
[10/06/26 07:25:39] D2BS 20708: ÿc4=== [COWS] ===
[10/06/26 07:35:25] D2BS 20708: Cows failed: followDriver
[10/06/26 07:35:28] D2BS 20708: ÿc4=== [MEPHISTO] ===
[10/06/26 07:36:56] D2BS 20708: ÿc4=== [DIABLO] ===
[10/06/26 07:42:19] D2BS 20708: party has left: fowo-xh
[10/06/26 07:42:19] D2BS 20708:  [24:57] +4.32% / [Level 90] 63.66%
[10/06/26 07:42:19] D2BS 20708: Script threads\autobuildthread.js ended
[10/06/26 07:42:19] D2BS 20708: Script threads\partythread.js ended
[10/06/26 07:42:19] D2BS 20708: Script threads\townchicken.js ended
[10/06/26 07:42:20] D2BS 20708: Script default.dbj ended
[10/06/26 07:42:33] D2BS 20708: joining game pz-215
[10/06/26 07:42:34] D2BS 20708: ÿc2D2BSÿc0 :: Starting default.dbj
[10/06/26 07:42:34] D2BS 20708: ÿc2D2BSÿc0 :: default.dbj running.
[10/06/26 07:42:34] D2BS 20708: Loaded ÿc9[X.nip] [Y.nip] [Z.nip] [V.nip] [S.COLD.nip]
[10/06/26 07:42:34] D2BS 20708: Loaded ÿc9[S.COLD.js]
[10/06/26 07:42:34] D2BS 20708: equipped: [Head] 16
[10/06/26 07:42:34] D2BS 20708: equipped: [Neck] 22
[10/06/26 07:42:35] D2BS 20708: equipped: [Body] 21
[10/06/26 07:42:35] D2BS 20708: equipped: [ArmR] 32
[10/06/26 07:42:35] D2BS 20708: equipped: [ArmL] 26
[10/06/26 07:42:35] D2BS 20708: equipped: [RingR] 15
[10/06/26 07:42:35] D2BS 20708: equipped: [RingL] 14
[10/06/26 07:42:35] D2BS 20708: equipped: [Belt] 19
[10/06/26 07:42:35] D2BS 20708: equipped: [Boots] 14
[10/06/26 07:42:35] D2BS 20708: equipped: [Mitts] 21
[10/06/26 07:42:35] D2BS 20708: updateStat
[10/06/26 07:42:35] D2BS 20708: granted: [Head] 15
[10/06/26 07:42:35] D2BS 20708: granted: [Body] 31
[10/06/26 07:42:35] D2BS 20708: granted: [ArmR] 25
[10/06/26 07:42:35] D2BS 20708: Loaded ÿc9[AutoSmurf.js]
[10/06/26 07:42:39] D2BS 20708: farmingON
[10/06/26 07:42:40] D2BS 20708: Tiered: true
[10/06/26 07:42:40] D2BS 20708: UseMerc: true HP: 70
[10/06/26 07:42:43] D2BS 20708: Merc matched: Prayer
[10/06/26 07:43:14] D2BS 20708: act5+ BO
[10/06/26 07:43:26] D2BS 20708: ÿc4=== [BAAL] ===
[10/06/26 07:43:40] D2BS 20708: Baal failed: souls found
[10/06/26 07:43:40] D2BS 20708: ÿc4=== [COUNTESS] ===
[10/06/26 07:44:43] D2BS 20708: ÿc4=== [PIT] ===
[10/06/26 07:46:42] D2BS 20708: ÿc4=== [ANDY] ===
[10/06/26 07:47:34] D2BS 20708: ÿc4=== [COWS] ===
[10/06/26 07:50:08] D2BS 20708: party has left: fowo-xc
[10/06/26 07:50:08] D2BS 20708:  [07:34] +0.72% / [Level 90] 64.38%
[10/06/26 07:50:08] D2BS 20708: Script threads\autobuildthread.js ended
[10/06/26 07:50:08] D2BS 20708: Script threads\partythread.js ended
[10/06/26 07:50:08] D2BS 20708: Script threads\townchicken.js ended
[10/06/26 07:50:08] D2BS 20708: Script default.dbj ended
[10/06/26 07:50:20] D2BS 20708: joining game pz-216
[10/06/26 07:50:23] D2BS 20708: ÿc2D2BSÿc0 :: Starting default.dbj
[10/06/26 07:50:23] D2BS 20708: ÿc2D2BSÿc0 :: default.dbj running.
[10/06/26 07:50:23] D2BS 20708: Loaded ÿc9[X.nip] [Y.nip] [Z.nip] [V.nip] [S.COLD.nip]
[10/06/26 07:50:23] D2BS 20708: Loaded ÿc9[S.COLD.js]
[10/06/26 07:50:23] D2BS 20708: equipped: [Head] 16
[10/06/26 07:50:23] D2BS 20708: equipped: [Neck] 22
[10/06/26 07:50:23] D2BS 20708: equipped: [Body] 21
[10/06/26 07:50:23] D2BS 20708: equipped: [ArmR] 32
[10/06/26 07:50:23] D2BS 20708: equipped: [ArmL] 26
[10/06/26 07:50:23] D2BS 20708: equipped: [RingR] 15
[10/06/26 07:50:23] D2BS 20708: equipped: [RingL] 14
[10/06/26 07:50:23] D2BS 20708: equipped: [Belt] 19
[10/06/26 07:50:23] D2BS 20708: equipped: [Boots] 14
[10/06/26 07:50:23] D2BS 20708: equipped: [Mitts] 21
[10/06/26 07:50:23] D2BS 20708: updateStat
[10/06/26 07:50:23] D2BS 20708: granted: [Head] 15
[10/06/26 07:50:23] D2BS 20708: granted: [Body] 31
[10/06/26 07:50:23] D2BS 20708: granted: [ArmR] 25
[10/06/26 07:50:23] D2BS 20708: Loaded ÿc9[AutoSmurf.js]
[10/06/26 07:50:29] D2BS 20708: farmingON
[10/06/26 07:50:29] D2BS 20708: Tiered: true
[10/06/26 07:50:29] D2BS 20708: UseMerc: true HP: 70
[10/06/26 07:50:32] D2BS 20708: Merc matched: Prayer
[10/06/26 07:51:06] D2BS 20708: act5+ BO
[10/06/26 07:51:18] D2BS 20708: ÿc4=== [BAAL] ===
[10/06/26 07:54:42] D2BS 20708: Going to town
[10/06/26 07:55:17] D2BS 20708: ÿc4=== [COUNTESS] ===
[10/06/26 07:56:16] D2BS 20708: ÿc4=== [PIT] ===
[10/06/26 07:57:34] D2BS 20708: ÿc4=== [ANDY] ===
[10/06/26 07:58:41] D2BS 20708: ÿc4=== [COWS] ===
[10/06/26 08:04:32] D2BS 20708: Cows failed: followDriver
[10/06/26 08:05:01] D2BS 20708: ÿc4=== [MEPHISTO] ===
[10/06/26 08:06:54] D2BS 20708: ÿc4=== [DIABLO] ===
[10/06/26 08:13:15] D2BS 20708: Script ended
[10/06/26 08:13:15] D2BS 20708:  [22:53] +4.74% / [Level 90] 69.12%
[10/06/26 08:13:15] D2BS 20708: Script threads\autobuildthread.js ended
[10/06/26 08:13:15] D2BS 20708: Script threads\partythread.js ended
[10/06/26 08:13:15] D2BS 20708: Script threads\townchicken.js ended
[10/06/26 08:13:29] D2BS 20708: joining game pz-217
[10/06/26 08:13:31] D2BS 20708: ÿc2D2BSÿc0 :: Starting default.dbj
[10/06/26 08:13:31] D2BS 20708: ÿc2D2BSÿc0 :: default.dbj running.
[10/06/26 08:13:31] D2BS 20708: Loaded ÿc9[X.nip] [Y.nip] [Z.nip] [V.nip] [S.COLD.nip]
[10/06/26 08:13:32] D2BS 20708: Loaded ÿc9[S.COLD.js]
[10/06/26 08:13:32] D2BS 20708: equipped: [Head] 16
[10/06/26 08:13:32] D2BS 20708: equipped: [Neck] 22
[10/06/26 08:13:32] D2BS 20708: equipped: [Body] 21
[10/06/26 08:13:32] D2BS 20708: equipped: [ArmR] 32
[10/06/26 08:13:32] D2BS 20708: equipped: [ArmL] 26
[10/06/26 08:13:32] D2BS 20708: equipped: [RingR] 15
[10/06/26 08:13:32] D2BS 20708: equipped: [RingL] 14
[10/06/26 08:13:32] D2BS 20708: equipped: [Belt] 19
[10/06/26 08:13:32] D2BS 20708: equipped: [Boots] 14
[10/06/26 08:13:32] D2BS 20708: equipped: [Mitts] 21
[10/06/26 08:13:32] D2BS 20708: updateStat
[10/06/26 08:13:32] D2BS 20708: granted: [Head] 15
[10/06/26 08:13:32] D2BS 20708: granted: [Body] 31
[10/06/26 08:13:32] D2BS 20708: granted: [ArmR] 25
[10/06/26 08:13:32] D2BS 20708: Loaded ÿc9[AutoSmurf.js]
[10/06/26 08:13:36] D2BS 20708: Tiered: true
[10/06/26 08:13:36] D2BS 20708: UseMerc: true HP: 70
[10/06/26 08:13:36] D2BS 20708: farmingON
[10/06/26 08:13:37] D2BS 20708: Merc matched: Prayer
[10/06/26 08:14:11] D2BS 20708: act5+ BO
[10/06/26 08:14:23] D2BS 20708: ÿc4=== [BAAL] ===
[10/06/26 08:17:30] D2BS 20708: ÿc4=== [COUNTESS] ===
[10/06/26 08:18:36] D2BS 20708: ÿc4=== [PIT] ===
[10/06/26 08:19:59] D2BS 20708: ÿc4=== [ANDY] ===
[10/06/26 08:21:03] D2BS 20708: ÿc4=== [COWS] ===
[10/06/26 08:32:41] D2BS 20708: ÿc4=== [MEPHISTO] ===
[10/06/26 08:34:13] D2BS 20708: ÿc4=== [DIABLO] ===
[10/06/26 08:34:18] D2BS 20708: ÿc4[Runeword] ÿc0Insight Great Poleaxe
[10/06/26 08:34:20] D2BS 20708: granted: [ArmR] 41
[10/06/26 08:39:27] D2BS 20708: party has left: fowo-xa
[10/06/26 08:39:27] D2BS 20708:  [25:56] +3.44% / [Level 90] 72.56%
[10/06/26 08:39:27] D2BS 20708: Script threads\autobuildthread.js ended
[10/06/26 08:39:27] D2BS 20708: Script threads\partythread.js ended
[10/06/26 08:39:27] D2BS 20708: Script threads\townchicken.js ended
[10/06/26 08:39:27] D2BS 20708: Script default.dbj ended
[10/06/26 08:39:40] D2BS 20708: joining game pz-218
[10/06/26 08:39:42] D2BS 20708: ÿc2D2BSÿc0 :: Starting default.dbj
[10/06/26 08:39:42] D2BS 20708: ÿc2D2BSÿc0 :: default.dbj running.
[10/06/26 08:39:42] D2BS 20708: Loaded ÿc9[X.nip] [Y.nip] [Z.nip] [V.nip] [S.COLD.nip]
[10/06/26 08:39:42] D2BS 20708: Loaded ÿc9[S.COLD.js]
[10/06/26 08:39:42] D2BS 20708: equipped: [Head] 16
[10/06/26 08:39:42] D2BS 20708: equipped: [Neck] 22
[10/06/26 08:39:42] D2BS 20708: equipped: [Body] 21
[10/06/26 08:39:42] D2BS 20708: equipped: [ArmR] 32
[10/06/26 08:39:42] D2BS 20708: equipped: [ArmL] 26
[10/06/26 08:39:42] D2BS 20708: equipped: [RingR] 15
[10/06/26 08:39:42] D2BS 20708: equipped: [RingL] 14
[10/06/26 08:39:42] D2BS 20708: equipped: [Belt] 19
[10/06/26 08:39:42] D2BS 20708: equipped: [Boots] 14
[10/06/26 08:39:42] D2BS 20708: equipped: [Mitts] 21
[10/06/26 08:39:42] D2BS 20708: updateStat
[10/06/26 08:39:42] D2BS 20708: granted: [Head] 15
[10/06/26 08:39:42] D2BS 20708: granted: [Body] 31
[10/06/26 08:39:42] D2BS 20708: granted: [ArmR] 41
[10/06/26 08:39:43] D2BS 20708: Loaded ÿc9[AutoSmurf.js]
[10/06/26 08:39:48] D2BS 20708: farmingON
[10/06/26 08:39:50] D2BS 20708: Tiered: true
[10/06/26 08:39:50] D2BS 20708: UseMerc: true HP: 70
[10/06/26 08:39:50] D2BS 20708: Merc matched: Prayer
[10/06/26 08:40:21] D2BS 20708: act5+ BO
[10/06/26 08:40:34] D2BS 20708: ÿc4=== [BAAL] ===
[10/06/26 08:43:47] D2BS 20708: ÿc4=== [COUNTESS] ===
[10/06/26 08:44:59] D2BS 20708: ÿc4=== [PIT] ===
[10/06/26 08:47:02] D2BS 20708: ÿc4=== [ANDY] ===
[10/06/26 08:48:03] D2BS 20708: ÿc4=== [COWS] ===
[10/06/26 09:00:20] D2BS 20708: ÿc4=== [MEPHISTO] ===
[10/06/26 09:01:58] D2BS 20708: ÿc4=== [DIABLO] ===
[10/06/26 09:07:15] D2BS 20708: party has left: fowo-xd
[10/06/26 09:07:15] D2BS 20708: party has left: fowo-xd
[10/06/26 09:07:15] D2BS 20708: party has left: fowo-xd
[10/06/26 09:07:15] D2BS 20708:  [27:33] +3.99% / [Level 90] 76.55%
[10/06/26 09:07:15] D2BS 20708: Script threads\autobuildthread.js ended
[10/06/26 09:07:15] D2BS 20708: Script threads\partythread.js ended
[10/06/26 09:07:15] D2BS 20708: Script threads\townchicken.js ended
[10/06/26 09:07:15] D2BS 20708: Script default.dbj ended
[10/06/26 09:07:28] D2BS 20708: joining game pz-219
[10/06/26 09:07:30] D2BS 20708: ÿc2D2BSÿc0 :: Starting default.dbj
[10/06/26 09:07:30] D2BS 20708: ÿc2D2BSÿc0 :: default.dbj running.
[10/06/26 09:07:30] D2BS 20708: Loaded ÿc9[X.nip] [Y.nip] [Z.nip] [V.nip] [S.COLD.nip]
[10/06/26 09:07:30] D2BS 20708: Loaded ÿc9[S.COLD.js]
[10/06/26 09:07:30] D2BS 20708: equipped: [Head] 16
[10/06/26 09:07:30] D2BS 20708: equipped: [Neck] 22
[10/06/26 09:07:30] D2BS 20708: equipped: [Body] 21
[10/06/26 09:07:30] D2BS 20708: equipped: [ArmR] 32
[10/06/26 09:07:30] D2BS 20708: equipped: [ArmL] 26
[10/06/26 09:07:30] D2BS 20708: equipped: [RingR] 15
[10/06/26 09:07:30] D2BS 20708: equipped: [RingL] 14
[10/06/26 09:07:30] D2BS 20708: equipped: [Belt] 19
[10/06/26 09:07:30] D2BS 20708: equipped: [Boots] 14
[10/06/26 09:07:30] D2BS 20708: equipped: [Mitts] 21
[10/06/26 09:07:30] D2BS 20708: updateStat
[10/06/26 09:07:30] D2BS 20708: granted: [Head] 15
[10/06/26 09:07:30] D2BS 20708: granted: [Body] 31
[10/06/26 09:07:30] D2BS 20708: granted: [ArmR] 41
[10/06/26 09:07:30] D2BS 20708: Loaded ÿc9[AutoSmurf.js]
[10/06/26 09:07:36] D2BS 20708: farmingON
[10/06/26 09:07:36] D2BS 20708: Tiered: true
[10/06/26 09:07:36] D2BS 20708: UseMerc: true HP: 70
[10/06/26 09:07:45] D2BS 20708: Merc matched: Prayer
[10/06/26 09:08:07] D2BS 20708: act5+ BO
[10/06/26 09:08:21] D2BS 20708: ÿc4=== [BAAL] ===
[10/06/26 09:11:38] D2BS 20708: ÿc4=== [COUNTESS] ===
[10/06/26 09:12:50] D2BS 20708: ÿc4=== [PIT] ===
[10/06/26 09:14:16] D2BS 20708: ÿc4=== [ANDY] ===
[10/06/26 09:15:14] D2BS 20708: ÿc4=== [COWS] ===
[10/06/26 09:30:50] D2BS 20708: ÿc4=== [MEPHISTO] ===
[10/06/26 09:31:11] D2BS 20708: act1 BO
[10/06/26 09:32:15] D2BS 20708: ÿc4=== [DIABLO] ===
[10/06/26 09:37:27] D2BS 20708: party has left: fowo-xa
[10/06/26 09:37:27] D2BS 20708:  [29:58] +3.63% / [Level 90] 80.18%
[10/06/26 09:37:27] D2BS 20708: Script threads\autobuildthread.js ended
[10/06/26 09:37:27] D2BS 20708: Script threads\partythread.js ended
[10/06/26 09:37:27] D2BS 20708: Script threads\townchicken.js ended
[10/06/26 09:37:27] D2BS 20708: Script default.dbj ended
[10/06/26 09:37:39] D2BS 20708: joining game pz-220
[10/06/26 09:37:41] D2BS 20708: ÿc2D2BSÿc0 :: Starting default.dbj
[10/06/26 09:37:41] D2BS 20708: ÿc2D2BSÿc0 :: default.dbj running.
[10/06/26 09:37:42] D2BS 20708: Loaded ÿc9[X.nip] [Y.nip] [Z.nip] [V.nip] [S.COLD.nip]
[10/06/26 09:37:42] D2BS 20708: Loaded ÿc9[S.COLD.js]
[10/06/26 09:37:42] D2BS 20708: equipped: [Head] 16
[10/06/26 09:37:42] D2BS 20708: equipped: [Neck] 22
[10/06/26 09:37:42] D2BS 20708: equipped: [Body] 21
[10/06/26 09:37:42] D2BS 20708: equipped: [ArmR] 32
[10/06/26 09:37:42] D2BS 20708: equipped: [ArmL] 26
[10/06/26 09:37:42] D2BS 20708: equipped: [RingR] 15
[10/06/26 09:37:42] D2BS 20708: equipped: [RingL] 14
[10/06/26 09:37:42] D2BS 20708: equipped: [Belt] 19
[10/06/26 09:37:42] D2BS 20708: equipped: [Boots] 14
[10/06/26 09:37:42] D2BS 20708: equipped: [Mitts] 21
[10/06/26 09:37:42] D2BS 20708: updateStat
[10/06/26 09:37:42] D2BS 20708: granted: [Head] 15
[10/06/26 09:37:42] D2BS 20708: granted: [Body] 31
[10/06/26 09:37:42] D2BS 20708: granted: [ArmR] 41
[10/06/26 09:37:42] D2BS 20708: Loaded ÿc9[AutoSmurf.js]
[10/06/26 09:37:47] D2BS 20708: farmingON
[10/06/26 09:37:47] D2BS 20708: Tiered: true
[10/06/26 09:37:47] D2BS 20708: UseMerc: true HP: 70
[10/06/26 09:38:02] D2BS 20708: Merc matched: Prayer
[10/06/26 09:38:25] D2BS 20708: act5+ BO
[10/06/26 09:38:37] D2BS 20708: ÿc4=== [BAAL] ===
[10/06/26 09:41:45] D2BS 20708: Going to town
[10/06/26 09:42:19] D2BS 20708: ÿc4=== [COUNTESS] ===
[10/06/26 09:43:37] D2BS 20708: ÿc4=== [PIT] ===
[10/06/26 09:44:57] D2BS 20708: ÿc4=== [ANDY] ===
[10/06/26 09:46:03] D2BS 20708: ÿc4=== [COWS] ===
[10/06/26 09:59:49] D2BS 20708: ÿc4=== [MEPHISTO] ===
[10/06/26 10:01:16] D2BS 20708: ÿc4=== [DIABLO] ===
[10/06/26 10:01:23] D2BS 20708: updateStat
[10/06/26 10:01:23] D2BS 20708: granted: [Head] 15
[10/06/26 10:01:23] D2BS 20708: granted: [Body] 31
[10/06/26 10:01:23] D2BS 20708: granted: [ArmR] 41
[10/06/26 10:07:28] D2BS 20708: party has left: fowo-xg
[10/06/26 10:07:28] D2BS 20708:  [29:46] +4.67% / [Level 90] 84.86%
[10/06/26 10:07:28] D2BS 20708: Script threads\autobuildthread.js ended
[10/06/26 10:07:28] D2BS 20708: Script threads\partythread.js ended
[10/06/26 10:07:28] D2BS 20708: Script threads\townchicken.js ended
[10/06/26 10:07:28] D2BS 20708: Script default.dbj ended
[10/06/26 10:07:40] D2BS 20708: joining game pz-221
[10/06/26 10:07:42] D2BS 20708: ÿc2D2BSÿc0 :: Starting default.dbj
[10/06/26 10:07:42] D2BS 20708: ÿc2D2BSÿc0 :: default.dbj running.
[10/06/26 10:07:42] D2BS 20708: Loaded ÿc9[X.nip] [Y.nip] [Z.nip] [V.nip] [S.COLD.nip]
[10/06/26 10:07:42] D2BS 20708: Loaded ÿc9[S.COLD.js]
[10/06/26 10:07:42] D2BS 20708: equipped: [Head] 16
[10/06/26 10:07:42] D2BS 20708: equipped: [Neck] 22
[10/06/26 10:07:42] D2BS 20708: equipped: [Body] 21
[10/06/26 10:07:42] D2BS 20708: equipped: [ArmR] 32
[10/06/26 10:07:42] D2BS 20708: equipped: [ArmL] 26
[10/06/26 10:07:42] D2BS 20708: equipped: [RingR] 15
[10/06/26 10:07:42] D2BS 20708: equipped: [RingL] 14
[10/06/26 10:07:42] D2BS 20708: equipped: [Belt] 19
[10/06/26 10:07:42] D2BS 20708: equipped: [Boots] 14
[10/06/26 10:07:42] D2BS 20708: equipped: [Mitts] 21
[10/06/26 10:07:42] D2BS 20708: updateStat
[10/06/26 10:07:42] D2BS 20708: granted: [Head] 15
[10/06/26 10:07:42] D2BS 20708: granted: [Body] 31
[10/06/26 10:07:42] D2BS 20708: granted: [ArmR] 41
[10/06/26 10:07:42] D2BS 20708: Loaded ÿc9[AutoSmurf.js]
[10/06/26 10:07:48] D2BS 20708: farmingON
[10/06/26 10:07:49] D2BS 20708: Tiered: true
[10/06/26 10:07:49] D2BS 20708: UseMerc: true HP: 70
[10/06/26 10:07:59] D2BS 20708: Merc matched: Prayer
[10/06/26 10:08:17] D2BS 20708: act5+ BO
[10/06/26 10:08:30] D2BS 20708: ÿc4=== [BAAL] ===
[10/06/26 10:11:59] D2BS 20708: ÿc4=== [COUNTESS] ===
[10/06/26 10:13:06] D2BS 20708: ÿc4=== [PIT] ===
[10/06/26 10:14:44] D2BS 20708: ÿc4=== [ANDY] ===
[10/06/26 10:15:39] D2BS 20708: ÿc4=== [COWS] ===
[10/06/26 10:27:38] D2BS 20708: ÿc4=== [MEPHISTO] ===
[10/06/26 10:29:03] D2BS 20708: ÿc4=== [DIABLO] ===
[10/06/26 10:35:38] D2BS 20708: Script ended
[10/06/26 10:35:38] D2BS 20708:  [27:57] +4.17% / [Level 90] 89.02%
[10/06/26 10:35:38] D2BS 20708: Script threads\autobuildthread.js ended
[10/06/26 10:35:38] D2BS 20708: Script threads\partythread.js ended
[10/06/26 10:35:39] D2BS 20708: Script threads\townchicken.js ended
[10/06/26 10:35:51] D2BS 20708: joining game pz-222
[10/06/26 10:35:52] D2BS 20708: ÿc2D2BSÿc0 :: Starting default.dbj
[10/06/26 10:35:52] D2BS 20708: ÿc2D2BSÿc0 :: default.dbj running.
[10/06/26 10:35:52] D2BS 20708: Loaded ÿc9[X.nip] [Y.nip] [Z.nip] [V.nip] [S.COLD.nip]
[10/06/26 10:35:52] D2BS 20708: Loaded ÿc9[S.COLD.js]
[10/06/26 10:35:52] D2BS 20708: equipped: [Head] 16
[10/06/26 10:35:52] D2BS 20708: equipped: [Neck] 22
[10/06/26 10:35:52] D2BS 20708: equipped: [Body] 21
[10/06/26 10:35:52] D2BS 20708: equipped: [ArmR] 32
[10/06/26 10:35:52] D2BS 20708: equipped: [ArmL] 26
[10/06/26 10:35:52] D2BS 20708: equipped: [RingR] 15
[10/06/26 10:35:53] D2BS 20708: equipped: [RingL] 14
[10/06/26 10:35:53] D2BS 20708: equipped: [Belt] 19
[10/06/26 10:35:53] D2BS 20708: equipped: [Boots] 14
[10/06/26 10:35:53] D2BS 20708: equipped: [Mitts] 21
[10/06/26 10:35:53] D2BS 20708: updateStat
[10/06/26 10:35:53] D2BS 20708: granted: [Head] 15
[10/06/26 10:35:53] D2BS 20708: granted: [Body] 31
[10/06/26 10:35:53] D2BS 20708: granted: [ArmR] 41
[10/06/26 10:35:53] D2BS 20708: Loaded ÿc9[AutoSmurf.js]
[10/06/26 10:35:59] D2BS 20708: Tiered: true
[10/06/26 10:35:59] D2BS 20708: UseMerc: true HP: 70
[10/06/26 10:35:59] D2BS 20708: Merc matched: Prayer
[10/06/26 10:36:00] D2BS 20708: farmingON
[10/06/26 10:36:31] D2BS 20708: act5+ BO
[10/06/26 10:36:44] D2BS 20708: ÿc4=== [BAAL] ===
[10/06/26 10:39:44] D2BS 20708: Going to town
[10/06/26 10:40:16] D2BS 20708: ÿc4=== [COUNTESS] ===
[10/06/26 10:41:44] D2BS 20708: ÿc4=== [PIT] ===
[10/06/26 10:43:26] D2BS 20708: ÿc4=== [ANDY] ===
[10/06/26 10:44:30] D2BS 20708: ÿc4=== [COWS] ===
[10/06/26 10:51:02] D2BS 20708: party has left: fowo-xa
[10/06/26 10:51:02] D2BS 20708:  [15:09] +2.24% / [Level 90] 91.26%
[10/06/26 10:51:02] D2BS 20708: Script threads\autobuildthread.js ended
[10/06/26 10:51:02] D2BS 20708: Script threads\partythread.js ended
[10/06/26 10:51:02] D2BS 20708: Script threads\townchicken.js ended
[10/06/26 10:51:02] D2BS 20708: Script default.dbj ended
[10/06/26 10:51:14] D2BS 20708: joining game pz-223
[10/06/26 10:51:16] D2BS 20708: ÿc2D2BSÿc0 :: Starting default.dbj
[10/06/26 10:51:16] D2BS 20708: ÿc2D2BSÿc0 :: default.dbj running.
[10/06/26 10:51:17] D2BS 20708: Loaded ÿc9[X.nip] [Y.nip] [Z.nip] [V.nip] [S.COLD.nip]
[10/06/26 10:51:17] D2BS 20708: Loaded ÿc9[S.COLD.js]
[10/06/26 10:51:17] D2BS 20708: equipped: [Head] 16
[10/06/26 10:51:17] D2BS 20708: equipped: [Neck] 22
[10/06/26 10:51:17] D2BS 20708: equipped: [Body] 21
[10/06/26 10:51:17] D2BS 20708: equipped: [ArmR] 32
[10/06/26 10:51:17] D2BS 20708: equipped: [ArmL] 26
[10/06/26 10:51:17] D2BS 20708: equipped: [RingR] 15
[10/06/26 10:51:17] D2BS 20708: equipped: [RingL] 14
[10/06/26 10:51:17] D2BS 20708: equipped: [Belt] 19
[10/06/26 10:51:17] D2BS 20708: equipped: [Boots] 14
[10/06/26 10:51:17] D2BS 20708: equipped: [Mitts] 21
[10/06/26 10:51:17] D2BS 20708: updateStat
[10/06/26 10:51:17] D2BS 20708: granted: [Head] 15
[10/06/26 10:51:17] D2BS 20708: granted: [Body] 31
[10/06/26 10:51:17] D2BS 20708: granted: [ArmR] 41
[10/06/26 10:51:17] D2BS 20708: Loaded ÿc9[AutoSmurf.js]
[10/06/26 10:51:24] D2BS 20708: farmingON
[10/06/26 10:51:26] D2BS 20708: Tiered: true
[10/06/26 10:51:26] D2BS 20708: UseMerc: true HP: 70
[10/06/26 10:51:37] D2BS 20708: Merc matched: Prayer
[10/06/26 10:52:12] D2BS 20708: act5+ BO
[10/06/26 10:52:14] D2BS 20708: [Strict Warning] Code(162) File(c:\users\administrator\desktop\261004 autosmurf\d2bs\kolbot\libs\pather.js:145) reference to undefined property this.narrowAreas
Line: (null)
[10/06/26 10:52:14] D2BS 20708: [ÿc9Strict Warningÿc0 (162)] File(kolbot\libs\pather.js:145) reference to undefined property this.narrowAreas
[10/06/26 10:52:42] D2BS 20708: party has left: fowo-xa
[10/06/26 10:52:42] D2BS 20708: no exp [01:26]
[10/06/26 10:52:42] D2BS 20708: Script threads\autobuildthread.js ended
[10/06/26 10:52:42] D2BS 20708: Script threads\partythread.js ended
[10/06/26 10:52:42] D2BS 20708: Script threads\townchicken.js ended
[10/06/26 10:52:42] D2BS 20708: Script default.dbj ended
[10/06/26 10:52:55] D2BS 20708: joining game pz-224
[10/06/26 10:52:57] D2BS 20708: ÿc2D2BSÿc0 :: Starting default.dbj
[10/06/26 10:52:57] D2BS 20708: ÿc2D2BSÿc0 :: default.dbj running.
[10/06/26 10:52:57] D2BS 20708: Loaded ÿc9[X.nip] [Y.nip] [Z.nip] [V.nip] [S.COLD.nip]
[10/06/26 10:52:57] D2BS 20708: Loaded ÿc9[S.COLD.js]
[10/06/26 10:52:57] D2BS 20708: equipped: [Head] 16
[10/06/26 10:52:57] D2BS 20708: equipped: [Neck] 22
[10/06/26 10:52:57] D2BS 20708: equipped: [Body] 21
[10/06/26 10:52:57] D2BS 20708: equipped: [ArmR] 32
[10/06/26 10:52:57] D2BS 20708: equipped: [ArmL] 26
[10/06/26 10:52:57] D2BS 20708: equipped: [RingR] 15
[10/06/26 10:52:57] D2BS 20708: equipped: [RingL] 14
[10/06/26 10:52:57] D2BS 20708: equipped: [Belt] 19
[10/06/26 10:52:57] D2BS 20708: equipped: [Boots] 14
[10/06/26 10:52:57] D2BS 20708: equipped: [Mitts] 21
[10/06/26 10:52:57] D2BS 20708: updateStat
[10/06/26 10:52:57] D2BS 20708: granted: [Head] 15
[10/06/26 10:52:57] D2BS 20708: granted: [Body] 31
[10/06/26 10:52:57] D2BS 20708: granted: [ArmR] 41
[10/06/26 10:52:57] D2BS 20708: Loaded ÿc9[AutoSmurf.js]
[10/06/26 10:52:59] D2BS 20708: Tiered: true
[10/06/26 10:52:59] D2BS 20708: UseMerc: true HP: 70
[10/06/26 10:52:59] D2BS 20708: farmingON
[10/06/26 10:52:59] D2BS 20708: Merc matched: Prayer
[10/06/26 10:53:26] D2BS 20708: act5+ BO
[10/06/26 10:53:28] D2BS 20708: [Strict Warning] Code(162) File(c:\users\administrator\desktop\261004 autosmurf\d2bs\kolbot\libs\pather.js:145) reference to undefined property this.narrowAreas
Line: (null)
[10/06/26 10:53:28] D2BS 20708: [ÿc9Strict Warningÿc0 (162)] File(kolbot\libs\pather.js:145) reference to undefined property this.narrowAreas
[10/06/26 10:53:28] D2BS 20708: TypeError: this.narrowAreas is undefined
[10/06/26 10:53:28] D2BS 20708: no exp [00:32]
[10/06/26 10:53:28] D2BS 20708: Script threads\autobuildthread.js ended
[10/06/26 10:53:28] D2BS 20708: Script threads\partythread.js ended
[10/06/26 10:53:28] D2BS 20708: Script threads\townchicken.js ended
[10/06/26 10:54:55] D2BS 20708: joining game pz-225
[10/06/26 10:54:57] D2BS 20708: ÿc2D2BSÿc0 :: Starting default.dbj
[10/06/26 10:54:57] D2BS 20708: ÿc2D2BSÿc0 :: default.dbj running.
[10/06/26 10:54:57] D2BS 20708: Loaded ÿc9[X.nip] [Y.nip] [Z.nip] [V.nip] [S.COLD.nip]
[10/06/26 10:54:57] D2BS 20708: Loaded ÿc9[S.COLD.js]
[10/06/26 10:54:57] D2BS 20708: equipped: [Head] 16
[10/06/26 10:54:58] D2BS 20708: equipped: [Neck] 22
[10/06/26 10:54:58] D2BS 20708: equipped: [Body] 21
[10/06/26 10:54:58] D2BS 20708: equipped: [ArmR] 32
[10/06/26 10:54:58] D2BS 20708: equipped: [ArmL] 26
[10/06/26 10:54:58] D2BS 20708: equipped: [RingR] 15
[10/06/26 10:54:58] D2BS 20708: equipped: [RingL] 14
[10/06/26 10:54:58] D2BS 20708: equipped: [Belt] 19
[10/06/26 10:54:58] D2BS 20708: equipped: [Boots] 14
[10/06/26 10:54:58] D2BS 20708: equipped: [Mitts] 21
[10/06/26 10:54:58] D2BS 20708: updateStat
[10/06/26 10:54:58] D2BS 20708: granted: [Head] 15
[10/06/26 10:54:58] D2BS 20708: granted: [Body] 31
[10/06/26 10:54:58] D2BS 20708: granted: [ArmR] 41
[10/06/26 10:54:58] D2BS 20708: Loaded ÿc9[AutoSmurf.js]
[10/06/26 10:54:59] D2BS 20708: Tiered: true
[10/06/26 10:54:59] D2BS 20708: UseMerc: true HP: 70
[10/06/26 10:54:59] D2BS 20708: farmingON
[10/06/26 10:54:59] D2BS 20708: Merc matched: Prayer
[10/06/26 10:55:23] D2BS 20708: act5+ BO
[10/06/26 10:55:25] D2BS 20708: [Strict Warning] Code(162) File(c:\users\administrator\desktop\261004 autosmurf\d2bs\kolbot\libs\pather.js:145) reference to undefined property this.narrowAreas
Line: (null)
[10/06/26 10:55:25] D2BS 20708: [ÿc9Strict Warningÿc0 (162)] File(kolbot\libs\pather.js:145) reference to undefined property this.narrowAreas
[10/06/26 10:55:48] D2BS 20708: party has left: fowo-xa
[10/06/26 10:55:48] D2BS 20708: no exp [00:51]
[10/06/26 10:55:48] D2BS 20708: Script threads\autobuildthread.js ended
[10/06/26 10:55:48] D2BS 20708: Script threads\partythread.js ended
[10/06/26 10:55:48] D2BS 20708: Script threads\townchicken.js ended
[10/06/26 10:55:48] D2BS 20708: Script default.dbj ended
[10/06/26 10:56:05] D2BS 20708: joining game pz-226
[10/06/26 10:56:07] D2BS 20708: ÿc2D2BSÿc0 :: Starting default.dbj
[10/06/26 10:56:07] D2BS 20708: ÿc2D2BSÿc0 :: default.dbj running.
[10/06/26 10:56:07] D2BS 20708: Loaded ÿc9[X.nip] [Y.nip] [Z.nip] [V.nip] [S.COLD.nip]
[10/06/26 10:56:07] D2BS 20708: Loaded ÿc9[S.COLD.js]
[10/06/26 10:56:07] D2BS 20708: equipped: [Head] 16
[10/06/26 10:56:07] D2BS 20708: equipped: [Neck] 22
[10/06/26 10:56:07] D2BS 20708: equipped: [Body] 21
[10/06/26 10:56:07] D2BS 20708: equipped: [ArmR] 32
[10/06/26 10:56:07] D2BS 20708: equipped: [ArmL] 26
[10/06/26 10:56:07] D2BS 20708: equipped: [RingR] 15
[10/06/26 10:56:07] D2BS 20708: equipped: [RingL] 14
[10/06/26 10:56:07] D2BS 20708: equipped: [Belt] 19
[10/06/26 10:56:07] D2BS 20708: equipped: [Boots] 14
[10/06/26 10:56:07] D2BS 20708: equipped: [Mitts] 21
[10/06/26 10:56:07] D2BS 20708: updateStat
[10/06/26 10:56:07] D2BS 20708: granted: [Head] 15
[10/06/26 10:56:07] D2BS 20708: granted: [Body] 31
[10/06/26 10:56:07] D2BS 20708: granted: [ArmR] 41
[10/06/26 10:56:07] D2BS 20708: Loaded ÿc9[AutoSmurf.js]
[10/06/26 10:56:09] D2BS 20708: Tiered: true
[10/06/26 10:56:09] D2BS 20708: UseMerc: true HP: 70
[10/06/26 10:56:09] D2BS 20708: farmingON
[10/06/26 10:56:09] D2BS 20708: Merc matched: Prayer
[10/06/26 10:56:35] D2BS 20708: act5+ BO
[10/06/26 10:56:47] D2BS 20708: ÿc4=== [BAAL] ===
[10/06/26 11:00:01] D2BS 20708: ÿc4=== [COUNTESS] ===
[10/06/26 11:01:13] D2BS 20708: ÿc4=== [PIT] ===
[10/06/26 11:02:56] D2BS 20708: ÿc4=== [ANDY] ===
[10/06/26 11:03:51] D2BS 20708: ÿc4=== [COWS] ===
[10/06/26 11:17:57] D2BS 20708: ÿc4=== [MEPHISTO] ===
[10/06/26 11:19:31] D2BS 20708: ÿc4=== [DIABLO] ===
[10/06/26 11:20:02] D2BS 20708: updateStat
[10/06/26 11:20:02] D2BS 20708: granted: [Head] 15
[10/06/26 11:20:02] D2BS 20708: granted: [Body] 31
[10/06/26 11:20:02] D2BS 20708: granted: [ArmR] 41
[10/06/26 11:25:36] D2BS 20708: party has left: fowo-xf
[10/06/26 11:25:36] D2BS 20708:  [29:30] +3.98% / [Level 90] 95.25%
[10/06/26 11:25:36] D2BS 20708: Script threads\autobuildthread.js ended
[10/06/26 11:25:36] D2BS 20708: Script threads\partythread.js ended
[10/06/26 11:25:36] D2BS 20708: Script threads\townchicken.js ended
[10/06/26 11:25:36] D2BS 20708: Script default.dbj ended
[10/06/26 11:25:49] D2BS 20708: joining game pz-227
[10/06/26 11:25:50] D2BS 20708: ÿc2D2BSÿc0 :: Starting default.dbj
[10/06/26 11:25:50] D2BS 20708: ÿc2D2BSÿc0 :: default.dbj running.
[10/06/26 11:25:51] D2BS 20708: Loaded ÿc9[X.nip] [Y.nip] [Z.nip] [V.nip] [S.COLD.nip]
[10/06/26 11:25:51] D2BS 20708: Loaded ÿc9[S.COLD.js]
[10/06/26 11:25:51] D2BS 20708: equipped: [Head] 16
[10/06/26 11:25:51] D2BS 20708: equipped: [Neck] 22
[10/06/26 11:25:51] D2BS 20708: equipped: [Body] 21
[10/06/26 11:25:51] D2BS 20708: equipped: [ArmR] 32
[10/06/26 11:25:51] D2BS 20708: equipped: [ArmL] 26
[10/06/26 11:25:51] D2BS 20708: equipped: [RingR] 15
[10/06/26 11:25:51] D2BS 20708: equipped: [RingL] 14
[10/06/26 11:25:51] D2BS 20708: equipped: [Belt] 19
[10/06/26 11:25:51] D2BS 20708: equipped: [Boots] 14
[10/06/26 11:25:51] D2BS 20708: equipped: [Mitts] 21
[10/06/26 11:25:51] D2BS 20708: updateStat
[10/06/26 11:25:51] D2BS 20708: granted: [Head] 15
[10/06/26 11:25:51] D2BS 20708: granted: [Body] 31
[10/06/26 11:25:51] D2BS 20708: granted: [ArmR] 41
[10/06/26 11:25:51] D2BS 20708: Loaded ÿc9[AutoSmurf.js]
[10/06/26 11:25:56] D2BS 20708: farmingON
[10/06/26 11:25:58] D2BS 20708: Tiered: true
[10/06/26 11:25:58] D2BS 20708: UseMerc: true HP: 70
[10/06/26 11:26:07] D2BS 20708: Merc matched: Prayer
[10/06/26 11:26:31] D2BS 20708: act5+ BO
[10/06/26 11:26:43] D2BS 20708: ÿc4=== [BAAL] ===
[10/06/26 11:29:59] D2BS 20708: ÿc4=== [COUNTESS] ===
[10/06/26 11:31:12] D2BS 20708: ÿc4=== [PIT] ===
[10/06/26 11:32:42] D2BS 20708: ÿc4=== [ANDY] ===
[10/06/26 11:33:29] D2BS 20708: ÿc4=== [COWS] ===
[10/06/26 11:44:08] D2BS 20708: ÿc4=== [MEPHISTO] ===
[10/06/26 11:45:35] D2BS 20708: ÿc4=== [DIABLO] ===
[10/06/26 11:51:12] D2BS 20708: party has left: fowo-xd
[10/06/26 11:51:12] D2BS 20708:  [25:21] +4.07% / [Level 90] 99.32%
[10/06/26 11:51:12] D2BS 20708: Script threads\autobuildthread.js ended
[10/06/26 11:51:12] D2BS 20708: Script threads\partythread.js ended
[10/06/26 11:51:12] D2BS 20708: Script threads\townchicken.js ended
[10/06/26 11:51:12] D2BS 20708: Script default.dbj ended
[10/06/26 11:51:18] D2BS 20708: D2BS Shutdown complete.
