[10/06/26 00:01:04] D2BS 16000: ÿc4=== [DIABLO] ===
[10/06/26 00:06:43] D2BS 16000: party has left: fowo-xa
[10/06/26 00:06:43] D2BS 16000:  [15:06] +5.50% / [Level 89] 82.70%
[10/06/26 00:06:43] D2BS 16000: Script threads\autobuildthread.js ended
[10/06/26 00:06:43] D2BS 16000: Script threads\partythread.js ended
[10/06/26 00:06:43] D2BS 16000: Script threads\townchicken.js ended
[10/06/26 00:06:43] D2BS 16000: Script default.dbj ended
[10/06/26 00:06:56] D2BS 16000: joining game pz-187
[10/06/26 00:06:57] D2BS 16000: ÿc2D2BSÿc0 :: Starting default.dbj
[10/06/26 00:06:57] D2BS 16000: ÿc2D2BSÿc0 :: default.dbj running.
[10/06/26 00:06:58] D2BS 16000: Loaded ÿc9[X.nip] [Y.nip] [Z.nip] [V.nip] [D.FGOM.nip]
[10/06/26 00:06:58] D2BS 16000: Loaded ÿc9[D.FGOM.js]
[10/06/26 00:06:58] D2BS 16000: equipped: [Head] 41
[10/06/26 00:06:58] D2BS 16000: equipped: [Neck] 20
[10/06/26 00:06:58] D2BS 16000: equipped: [Body] 21
[10/06/26 00:06:58] D2BS 16000: equipped: [ArmR] 32
[10/06/26 00:06:58] D2BS 16000: equipped: [ArmL] 26
[10/06/26 00:06:58] D2BS 16000: equipped: [RingR] 15
[10/06/26 00:06:58] D2BS 16000: equipped: [RingL] 14
[10/06/26 00:06:58] D2BS 16000: equipped: [Belt] 18
[10/06/26 00:06:58] D2BS 16000: equipped: [Boots] 13
[10/06/26 00:06:59] D2BS 16000: equipped: [Mitts] 13
[10/06/26 00:06:59] D2BS 16000: updateStat
[10/06/26 00:06:59] D2BS 16000: granted: [Head] 14
[10/06/26 00:06:59] D2BS 16000: granted: [Body] 20
[10/06/26 00:06:59] D2BS 16000: granted: [ArmR] 41
[10/06/26 00:06:59] D2BS 16000: Loaded ÿc9[AutoSmurf.js]
[10/06/26 00:07:03] D2BS 16000: farmingON
[10/06/26 00:07:04] D2BS 16000: Tiered: true
[10/06/26 00:07:04] D2BS 16000: UseMerc: true HP: 70
[10/06/26 00:07:19] D2BS 16000: Merc matched: Might
[10/06/26 00:07:46] D2BS 16000: act5+ BO
[10/06/26 00:07:59] D2BS 16000: ÿc4=== [BAAL] ===
[10/06/26 00:09:19] D2BS 16000: updateStat
[10/06/26 00:09:44] D2BS 16000: Going to town
[10/06/26 00:11:29] D2BS 16000: ÿc4=== [COUNTESS] ===
[10/06/26 00:12:38] D2BS 16000: ÿc4=== [PIT] ===
[10/06/26 00:14:08] D2BS 16000: ÿc4=== [ANDY] ===
[10/06/26 00:15:00] D2BS 16000: ÿc4=== [MEPHISTO] ===
[10/06/26 00:16:30] D2BS 16000: ÿc4=== [DIABLO] ===
[10/06/26 00:22:53] D2BS 16000: party has left: fowo-xb
[10/06/26 00:22:53] D2BS 16000:  [15:56] +6.24% / [Level 89] 88.94%
[10/06/26 00:22:53] D2BS 16000: Script threads\autobuildthread.js ended
[10/06/26 00:22:53] D2BS 16000: Script threads\partythread.js ended
[10/06/26 00:22:53] D2BS 16000: Script ended
[10/06/26 00:22:53] D2BS 16000: Script threads\townchicken.js ended
[10/06/26 00:23:06] D2BS 16000: joining game pz-188
[10/06/26 00:23:09] D2BS 16000: ÿc2D2BSÿc0 :: Starting default.dbj
[10/06/26 00:23:09] D2BS 16000: ÿc2D2BSÿc0 :: default.dbj running.
[10/06/26 00:23:09] D2BS 16000: Loaded ÿc9[X.nip] [Y.nip] [Z.nip] [V.nip] [D.FGOM.nip]
[10/06/26 00:23:09] D2BS 16000: Loaded ÿc9[D.FGOM.js]
[10/06/26 00:23:09] D2BS 16000: equipped: [Head] 41
[10/06/26 00:23:09] D2BS 16000: equipped: [Neck] 20
[10/06/26 00:23:09] D2BS 16000: equipped: [Body] 21
[10/06/26 00:23:09] D2BS 16000: equipped: [ArmR] 32
[10/06/26 00:23:09] D2BS 16000: equipped: [ArmL] 26
[10/06/26 00:23:09] D2BS 16000: equipped: [RingR] 15
[10/06/26 00:23:09] D2BS 16000: equipped: [RingL] 14
[10/06/26 00:23:09] D2BS 16000: equipped: [Belt] 18
[10/06/26 00:23:09] D2BS 16000: equipped: [Boots] 13
[10/06/26 00:23:09] D2BS 16000: equipped: [Mitts] 13
[10/06/26 00:23:09] D2BS 16000: updateStat
[10/06/26 00:23:09] D2BS 16000: granted: [Head] 14
[10/06/26 00:23:09] D2BS 16000: granted: [Body] 20
[10/06/26 00:23:09] D2BS 16000: granted: [ArmR] 41
[10/06/26 00:23:09] D2BS 16000: Loaded ÿc9[AutoSmurf.js]
[10/06/26 00:23:13] D2BS 16000: farmingON
[10/06/26 00:23:16] D2BS 16000: Tiered: true
[10/06/26 00:23:16] D2BS 16000: UseMerc: true HP: 70
[10/06/26 00:23:28] D2BS 16000: Merc matched: Might
[10/06/26 00:23:46] D2BS 16000: act5+ BO
[10/06/26 00:23:59] D2BS 16000: ÿc4=== [BAAL] ===
[10/06/26 00:26:10] D2BS 16000: Going to town
[10/06/26 00:27:27] D2BS 16000: ÿc4=== [COUNTESS] ===
[10/06/26 00:28:39] D2BS 16000: ÿc4=== [PIT] ===
[10/06/26 00:30:10] D2BS 16000: ÿc4=== [ANDY] ===
[10/06/26 00:31:00] D2BS 16000: ÿc4=== [MEPHISTO] ===
[10/06/26 00:32:15] D2BS 16000: ÿc4=== [DIABLO] ===
[10/06/26 00:32:21] D2BS 16000: updateStat
[10/06/26 00:32:21] D2BS 16000: granted: [Head] 14
[10/06/26 00:32:21] D2BS 16000: granted: [Body] 20
[10/06/26 00:32:21] D2BS 16000: granted: [ArmR] 41
[10/06/26 00:37:08] D2BS 16000: party has left: fowo-xa
[10/06/26 00:37:08] D2BS 16000:  [14:00] +5.00% / [Level 89] 93.94%
[10/06/26 00:37:08] D2BS 16000: Script threads\autobuildthread.js ended
[10/06/26 00:37:08] D2BS 16000: Script threads\partythread.js ended
[10/06/26 00:37:08] D2BS 16000: Script threads\townchicken.js ended
[10/06/26 00:37:08] D2BS 16000: Script default.dbj ended
[10/06/26 00:37:21] D2BS 16000: joining game pz-189
[10/06/26 00:37:23] D2BS 16000: ÿc2D2BSÿc0 :: Starting default.dbj
[10/06/26 00:37:23] D2BS 16000: ÿc2D2BSÿc0 :: default.dbj running.
[10/06/26 00:37:23] D2BS 16000: Loaded ÿc9[X.nip] [Y.nip] [Z.nip] [V.nip] [D.FGOM.nip]
[10/06/26 00:37:23] D2BS 16000: Loaded ÿc9[D.FGOM.js]
[10/06/26 00:37:23] D2BS 16000: equipped: [Head] 41
[10/06/26 00:37:23] D2BS 16000: equipped: [Neck] 20
[10/06/26 00:37:23] D2BS 16000: equipped: [Body] 21
[10/06/26 00:37:23] D2BS 16000: equipped: [ArmR] 32
[10/06/26 00:37:23] D2BS 16000: equipped: [ArmL] 26
[10/06/26 00:37:23] D2BS 16000: equipped: [RingR] 15
[10/06/26 00:37:23] D2BS 16000: equipped: [RingL] 14
[10/06/26 00:37:23] D2BS 16000: equipped: [Belt] 18
[10/06/26 00:37:23] D2BS 16000: equipped: [Boots] 13
[10/06/26 00:37:23] D2BS 16000: equipped: [Mitts] 13
[10/06/26 00:37:23] D2BS 16000: updateStat
[10/06/26 00:37:23] D2BS 16000: granted: [Head] 14
[10/06/26 00:37:23] D2BS 16000: granted: [Body] 20
[10/06/26 00:37:23] D2BS 16000: granted: [ArmR] 41
[10/06/26 00:37:23] D2BS 16000: Loaded ÿc9[AutoSmurf.js]
[10/06/26 00:37:28] D2BS 16000: Tiered: true
[10/06/26 00:37:28] D2BS 16000: UseMerc: true HP: 70
[10/06/26 00:37:28] D2BS 16000: farmingON
[10/06/26 00:37:35] D2BS 16000: Merc matched: Might
[10/06/26 00:38:01] D2BS 16000: act5+ BO
[10/06/26 00:38:14] D2BS 16000: ÿc4=== [BAAL] ===
[10/06/26 00:38:32] D2BS 16000: Baal failed: souls found
[10/06/26 00:38:32] D2BS 16000: ÿc4=== [COUNTESS] ===
[10/06/26 00:39:34] D2BS 16000: ÿc4=== [PIT] ===
[10/06/26 00:41:23] D2BS 16000: ÿc4=== [ANDY] ===
[10/06/26 00:42:28] D2BS 16000: ÿc4=== [MEPHISTO] ===
[10/06/26 00:43:48] D2BS 16000: ÿc4=== [DIABLO] ===
[10/06/26 00:49:12] D2BS 16000: Script ended
[10/06/26 00:49:12] D2BS 16000:  [11:50] +2.96% / [Level 89] 96.90%
[10/06/26 00:49:12] D2BS 16000: Script threads\autobuildthread.js ended
[10/06/26 00:49:12] D2BS 16000: Script threads\partythread.js ended
[10/06/26 00:49:12] D2BS 16000: Script threads\townchicken.js ended
[10/06/26 00:49:26] D2BS 16000: joining game pz-190
[10/06/26 00:49:27] D2BS 16000: ÿc2D2BSÿc0 :: Starting default.dbj
[10/06/26 00:49:27] D2BS 16000: ÿc2D2BSÿc0 :: default.dbj running.
[10/06/26 00:49:28] D2BS 16000: Loaded ÿc9[X.nip] [Y.nip] [Z.nip] [V.nip] [D.FGOM.nip]
[10/06/26 00:49:28] D2BS 16000: Loaded ÿc9[D.FGOM.js]
[10/06/26 00:49:28] D2BS 16000: equipped: [Head] 41
[10/06/26 00:49:28] D2BS 16000: equipped: [Neck] 20
[10/06/26 00:49:28] D2BS 16000: equipped: [Body] 21
[10/06/26 00:49:28] D2BS 16000: equipped: [ArmR] 32
[10/06/26 00:49:28] D2BS 16000: equipped: [ArmL] 26
[10/06/26 00:49:28] D2BS 16000: equipped: [RingR] 15
[10/06/26 00:49:28] D2BS 16000: equipped: [RingL] 14
[10/06/26 00:49:28] D2BS 16000: equipped: [Belt] 18
[10/06/26 00:49:28] D2BS 16000: equipped: [Boots] 13
[10/06/26 00:49:28] D2BS 16000: equipped: [Mitts] 13
[10/06/26 00:49:28] D2BS 16000: updateStat
[10/06/26 00:49:28] D2BS 16000: granted: [Head] 14
[10/06/26 00:49:28] D2BS 16000: granted: [Body] 20
[10/06/26 00:49:28] D2BS 16000: granted: [ArmR] 41
[10/06/26 00:49:28] D2BS 16000: Loaded ÿc9[AutoSmurf.js]
[10/06/26 00:49:33] D2BS 16000: farmingON
[10/06/26 00:49:35] D2BS 16000: Tiered: true
[10/06/26 00:49:35] D2BS 16000: UseMerc: true HP: 70
[10/06/26 00:49:53] D2BS 16000: Merc matched: Might
[10/06/26 00:50:08] D2BS 16000: act5+ BO
[10/06/26 00:50:22] D2BS 16000: ÿc4=== [BAAL] ===
[10/06/26 00:50:34] D2BS 16000: Baal failed: souls found
[10/06/26 00:50:34] D2BS 16000: ÿc4=== [COUNTESS] ===
[10/06/26 00:51:44] D2BS 16000: ÿc4=== [PIT] ===
[10/06/26 00:53:27] D2BS 16000: ÿc4=== [ANDY] ===
[10/06/26 00:54:24] D2BS 16000: ÿc4=== [MEPHISTO] ===
[10/06/26 00:55:50] D2BS 16000: ÿc4=== [DIABLO] ===
[10/06/26 01:00:44] D2BS 16000: party has left: fowo-xa
[10/06/26 01:00:44] D2BS 16000: party has left: fowo-xa
[10/06/26 01:00:45] D2BS 16000:  [11:17] +2.96% / [Level 89] 99.85%
[10/06/26 01:00:45] D2BS 16000: Script threads\autobuildthread.js ended
[10/06/26 01:00:45] D2BS 16000: party has left: fowo-xa
[10/06/26 01:00:45] D2BS 16000: Script threads\partythread.js ended
[10/06/26 01:00:45] D2BS 16000: Script threads\townchicken.js ended
[10/06/26 01:00:45] D2BS 16000: Script default.dbj ended
[10/06/26 01:00:58] D2BS 16000: joining game pz-191
[10/06/26 01:01:00] D2BS 16000: ÿc2D2BSÿc0 :: Starting default.dbj
[10/06/26 01:01:00] D2BS 16000: ÿc2D2BSÿc0 :: default.dbj running.
[10/06/26 01:01:00] D2BS 16000: Loaded ÿc9[X.nip] [Y.nip] [Z.nip] [V.nip] [D.FGOM.nip]
[10/06/26 01:01:00] D2BS 16000: Loaded ÿc9[D.FGOM.js]
[10/06/26 01:01:00] D2BS 16000: equipped: [Head] 41
[10/06/26 01:01:00] D2BS 16000: equipped: [Neck] 20
[10/06/26 01:01:00] D2BS 16000: equipped: [Body] 21
[10/06/26 01:01:00] D2BS 16000: equipped: [ArmR] 32
[10/06/26 01:01:00] D2BS 16000: equipped: [ArmL] 26
[10/06/26 01:01:00] D2BS 16000: equipped: [RingR] 15
[10/06/26 01:01:00] D2BS 16000: equipped: [RingL] 14
[10/06/26 01:01:00] D2BS 16000: equipped: [Belt] 18
[10/06/26 01:01:00] D2BS 16000: equipped: [Boots] 13
[10/06/26 01:01:00] D2BS 16000: equipped: [Mitts] 13
[10/06/26 01:01:00] D2BS 16000: updateStat
[10/06/26 01:01:00] D2BS 16000: granted: [Head] 14
[10/06/26 01:01:00] D2BS 16000: granted: [Body] 20
[10/06/26 01:01:00] D2BS 16000: granted: [ArmR] 41
[10/06/26 01:01:00] D2BS 16000: Loaded ÿc9[AutoSmurf.js]
[10/06/26 01:01:05] D2BS 16000: Tiered: true
[10/06/26 01:01:05] D2BS 16000: UseMerc: true HP: 70
[10/06/26 01:01:05] D2BS 16000: farmingON
[10/06/26 01:01:12] D2BS 16000: Merc matched: Might
[10/06/26 01:01:44] D2BS 16000: act5+ BO
[10/06/26 01:01:56] D2BS 16000: ÿc4=== [BAAL] ===
[10/06/26 01:04:55] D2BS 16000: ÿc4=== [COUNTESS] ===
[10/06/26 01:05:59] D2BS 16000: ÿc4=== [PIT] ===
[10/06/26 01:07:28] D2BS 16000: ÿc4=== [ANDY] ===
[10/06/26 01:08:20] D2BS 16000: ÿc4=== [MEPHISTO] ===
[10/06/26 01:09:39] D2BS 16000: ÿc4=== [DIABLO] ===
[10/06/26 01:15:33] D2BS 16000: party has left: fowo-xa
[10/06/26 01:15:33] D2BS 16000:  [14:33] +3.82% / [Level 90] 3.68%
[10/06/26 01:15:33] D2BS 16000: Script threads\autobuildthread.js ended
[10/06/26 01:15:33] D2BS 16000: Script threads\partythread.js ended
[10/06/26 01:15:33] D2BS 16000: Script threads\townchicken.js ended
[10/06/26 01:15:33] D2BS 16000: Script default.dbj ended
[10/06/26 01:15:45] D2BS 16000: joining game pz-192
[10/06/26 01:15:47] D2BS 16000: ÿc2D2BSÿc0 :: Starting default.dbj
[10/06/26 01:15:47] D2BS 16000: ÿc2D2BSÿc0 :: default.dbj running.
[10/06/26 01:15:47] D2BS 16000: Loaded ÿc9[X.nip] [Y.nip] [Z.nip] [V.nip] [D.FGOM.nip]
[10/06/26 01:15:47] D2BS 16000: Loaded ÿc9[D.FGOM.js]
[10/06/26 01:15:47] D2BS 16000: equipped: [Head] 41
[10/06/26 01:15:47] D2BS 16000: equipped: [Neck] 20
[10/06/26 01:15:47] D2BS 16000: equipped: [Body] 21
[10/06/26 01:15:48] D2BS 16000: equipped: [ArmR] 32
[10/06/26 01:15:48] D2BS 16000: equipped: [ArmL] 26
[10/06/26 01:15:48] D2BS 16000: equipped: [RingR] 15
[10/06/26 01:15:48] D2BS 16000: equipped: [RingL] 14
[10/06/26 01:15:48] D2BS 16000: equipped: [Belt] 18
[10/06/26 01:15:48] D2BS 16000: equipped: [Boots] 13
[10/06/26 01:15:48] D2BS 16000: equipped: [Mitts] 13
[10/06/26 01:15:48] D2BS 16000: updateStat
[10/06/26 01:15:48] D2BS 16000: granted: [Head] 14
[10/06/26 01:15:48] D2BS 16000: granted: [Body] 20
[10/06/26 01:15:48] D2BS 16000: granted: [ArmR] 41
[10/06/26 01:15:48] D2BS 16000: Loaded ÿc9[AutoSmurf.js]
[10/06/26 01:15:52] D2BS 16000: farmingON
[10/06/26 01:15:54] D2BS 16000: Tiered: true
[10/06/26 01:15:54] D2BS 16000: UseMerc: true HP: 70
[10/06/26 01:16:09] D2BS 16000: Merc matched: Might
[10/06/26 01:16:26] D2BS 16000: act5+ BO
[10/06/26 01:16:39] D2BS 16000: ÿc4=== [BAAL] ===
[10/06/26 01:17:32] D2BS 16000: Going to town
[10/06/26 01:20:16] D2BS 16000: ÿc4=== [COUNTESS] ===
[10/06/26 01:21:24] D2BS 16000: ÿc4=== [PIT] ===
[10/06/26 01:22:51] D2BS 16000: ÿc4=== [ANDY] ===
[10/06/26 01:23:45] D2BS 16000: ÿc4=== [MEPHISTO] ===
[10/06/26 01:25:10] D2BS 16000: ÿc4=== [DIABLO] ===
[10/06/26 01:30:32] D2BS 16000: party has left: fowo-xa
[10/06/26 01:30:32] D2BS 16000:  [14:45] +3.42% / [Level 90] 7.11%
[10/06/26 01:30:32] D2BS 16000: Script threads\autobuildthread.js ended
[10/06/26 01:30:32] D2BS 16000: Script threads\partythread.js ended
[10/06/26 01:30:32] D2BS 16000: Script threads\townchicken.js ended
[10/06/26 01:30:32] D2BS 16000: Script default.dbj ended
[10/06/26 01:30:45] D2BS 16000: joining game pz-193
[10/06/26 01:30:46] D2BS 16000: ÿc2D2BSÿc0 :: Starting default.dbj
[10/06/26 01:30:46] D2BS 16000: ÿc2D2BSÿc0 :: default.dbj running.
[10/06/26 01:30:46] D2BS 16000: Loaded ÿc9[X.nip] [Y.nip] [Z.nip] [V.nip] [D.FGOM.nip]
[10/06/26 01:30:46] D2BS 16000: Loaded ÿc9[D.FGOM.js]
[10/06/26 01:30:46] D2BS 16000: equipped: [Head] 41
[10/06/26 01:30:46] D2BS 16000: equipped: [Neck] 20
[10/06/26 01:30:46] D2BS 16000: equipped: [Body] 21
[10/06/26 01:30:46] D2BS 16000: equipped: [ArmR] 32
[10/06/26 01:30:46] D2BS 16000: equipped: [ArmL] 26
[10/06/26 01:30:46] D2BS 16000: equipped: [RingR] 15
[10/06/26 01:30:46] D2BS 16000: equipped: [RingL] 14
[10/06/26 01:30:46] D2BS 16000: equipped: [Belt] 18
[10/06/26 01:30:46] D2BS 16000: equipped: [Boots] 13
[10/06/26 01:30:46] D2BS 16000: equipped: [Mitts] 13
[10/06/26 01:30:46] D2BS 16000: updateStat
[10/06/26 01:30:46] D2BS 16000: granted: [Head] 14
[10/06/26 01:30:46] D2BS 16000: granted: [Body] 20
[10/06/26 01:30:46] D2BS 16000: granted: [ArmR] 41
[10/06/26 01:30:46] D2BS 16000: Loaded ÿc9[AutoSmurf.js]
[10/06/26 01:30:52] D2BS 16000: Tiered: true
[10/06/26 01:30:52] D2BS 16000: UseMerc: true HP: 70
[10/06/26 01:30:52] D2BS 16000: farmingON
[10/06/26 01:31:01] D2BS 16000: Merc matched: Might
[10/06/26 01:31:25] D2BS 16000: act5+ BO
[10/06/26 01:31:36] D2BS 16000: ÿc4=== [BAAL] ===
[10/06/26 01:31:48] D2BS 16000: Baal failed: souls found
[10/06/26 01:31:48] D2BS 16000: ÿc4=== [COUNTESS] ===
[10/06/26 01:32:56] D2BS 16000: ÿc4=== [PIT] ===
[10/06/26 01:34:27] D2BS 16000: ÿc4=== [ANDY] ===
[10/06/26 01:35:22] D2BS 16000: ÿc4=== [COWS] ===
[10/06/26 01:39:30] D2BS 16000: party has left: fowo-xe
[10/06/26 01:39:30] D2BS 16000:  [08:44] +0.73% / [Level 90] 7.84%
[10/06/26 01:39:30] D2BS 16000: Script threads\autobuildthread.js ended
[10/06/26 01:39:30] D2BS 16000: Script threads\partythread.js ended
[10/06/26 01:39:30] D2BS 16000: Script threads\townchicken.js ended
[10/06/26 01:39:30] D2BS 16000: Script default.dbj ended
[10/06/26 01:39:43] D2BS 16000: joining game pz-194
[10/06/26 01:39:45] D2BS 16000: ÿc2D2BSÿc0 :: Starting default.dbj
[10/06/26 01:39:45] D2BS 16000: ÿc2D2BSÿc0 :: default.dbj running.
[10/06/26 01:39:45] D2BS 16000: Loaded ÿc9[X.nip] [Y.nip] [Z.nip] [V.nip] [D.FGOM.nip]
[10/06/26 01:39:45] D2BS 16000: Loaded ÿc9[D.FGOM.js]
[10/06/26 01:39:45] D2BS 16000: equipped: [Head] 41
[10/06/26 01:39:45] D2BS 16000: equipped: [Neck] 20
[10/06/26 01:39:45] D2BS 16000: equipped: [Body] 21
[10/06/26 01:39:45] D2BS 16000: equipped: [ArmR] 32
[10/06/26 01:39:45] D2BS 16000: equipped: [ArmL] 26
[10/06/26 01:39:45] D2BS 16000: equipped: [RingR] 15
[10/06/26 01:39:45] D2BS 16000: equipped: [RingL] 14
[10/06/26 01:39:45] D2BS 16000: equipped: [Belt] 18
[10/06/26 01:39:45] D2BS 16000: equipped: [Boots] 13
[10/06/26 01:39:45] D2BS 16000: equipped: [Mitts] 13
[10/06/26 01:39:45] D2BS 16000: updateStat
[10/06/26 01:39:45] D2BS 16000: granted: [Head] 14
[10/06/26 01:39:45] D2BS 16000: granted: [Body] 20
[10/06/26 01:39:45] D2BS 16000: granted: [ArmR] 41
[10/06/26 01:39:45] D2BS 16000: Loaded ÿc9[AutoSmurf.js]
[10/06/26 01:39:51] D2BS 16000: farmingON
[10/06/26 01:39:55] D2BS 16000: Tiered: true
[10/06/26 01:39:55] D2BS 16000: UseMerc: true HP: 70
[10/06/26 01:40:05] D2BS 16000: Merc matched: Might
[10/06/26 01:40:25] D2BS 16000: act5+ BO
[10/06/26 01:40:39] D2BS 16000: ÿc4=== [BAAL] ===
[10/06/26 01:43:58] D2BS 16000: ÿc4=== [COUNTESS] ===
[10/06/26 01:45:05] D2BS 16000: ÿc4=== [PIT] ===
[10/06/26 01:45:50] D2BS 16000: updateStat
[10/06/26 01:46:40] D2BS 16000: ÿc4=== [ANDY] ===
[10/06/26 01:47:31] D2BS 16000: ÿc4=== [COWS] ===
[10/06/26 01:56:18] D2BS 16000: Going to town
[10/06/26 01:57:30] D2BS 16000: Cows failed: followDriver
[10/06/26 01:58:05] D2BS 16000: ÿc4=== [MEPHISTO] ===
[10/06/26 02:00:02] D2BS 16000: ÿc4=== [DIABLO] ===
[10/06/26 02:00:08] D2BS 16000: updateStat
[10/06/26 02:00:08] D2BS 16000: granted: [Head] 14
[10/06/26 02:00:08] D2BS 16000: granted: [Body] 20
[10/06/26 02:00:08] D2BS 16000: granted: [ArmR] 41
[10/06/26 02:06:20] D2BS 16000: party has left: fowo-xa
[10/06/26 02:06:20] D2BS 16000:  [26:35] +4.24% / [Level 90] 12.08%
[10/06/26 02:06:20] D2BS 16000: Script threads\autobuildthread.js ended
[10/06/26 02:06:20] D2BS 16000: Script threads\partythread.js ended
[10/06/26 02:06:20] D2BS 16000: Script threads\townchicken.js ended
[10/06/26 02:06:20] D2BS 16000: Script default.dbj ended
[10/06/26 02:06:34] D2BS 16000: joining game pz-195
[10/06/26 02:06:35] D2BS 16000: ÿc2D2BSÿc0 :: Starting default.dbj
[10/06/26 02:06:35] D2BS 16000: ÿc2D2BSÿc0 :: default.dbj running.
[10/06/26 02:06:36] D2BS 16000: Loaded ÿc9[X.nip] [Y.nip] [Z.nip] [V.nip] [D.FGOM.nip]
[10/06/26 02:06:36] D2BS 16000: Loaded ÿc9[D.FGOM.js]
[10/06/26 02:06:36] D2BS 16000: equipped: [Head] 41
[10/06/26 02:06:36] D2BS 16000: equipped: [Neck] 20
[10/06/26 02:06:36] D2BS 16000: equipped: [Body] 21
[10/06/26 02:06:36] D2BS 16000: equipped: [ArmR] 32
[10/06/26 02:06:36] D2BS 16000: equipped: [ArmL] 26
[10/06/26 02:06:36] D2BS 16000: equipped: [RingR] 15
[10/06/26 02:06:36] D2BS 16000: equipped: [RingL] 14
[10/06/26 02:06:36] D2BS 16000: equipped: [Belt] 18
[10/06/26 02:06:36] D2BS 16000: equipped: [Boots] 13
[10/06/26 02:06:36] D2BS 16000: equipped: [Mitts] 13
[10/06/26 02:06:36] D2BS 16000: updateStat
[10/06/26 02:06:36] D2BS 16000: granted: [Head] 14
[10/06/26 02:06:36] D2BS 16000: granted: [Body] 20
[10/06/26 02:06:36] D2BS 16000: granted: [ArmR] 41
[10/06/26 02:06:36] D2BS 16000: Loaded ÿc9[AutoSmurf.js]
[10/06/26 02:06:40] D2BS 16000: farmingON
[10/06/26 02:06:43] D2BS 16000: Tiered: true
[10/06/26 02:06:43] D2BS 16000: UseMerc: true HP: 70
[10/06/26 02:06:54] D2BS 16000: Merc matched: Might
[10/06/26 02:07:13] D2BS 16000: act5+ BO
[10/06/26 02:07:26] D2BS 16000: ÿc4=== [BAAL] ===
[10/06/26 02:08:53] D2BS 16000: updateStat
[10/06/26 02:09:10] D2BS 16000: Going to town
[10/06/26 02:10:30] D2BS 16000: ÿc4=== [COUNTESS] ===
[10/06/26 02:11:40] D2BS 16000: ÿc4=== [PIT] ===
[10/06/26 02:13:22] D2BS 16000: ÿc4=== [ANDY] ===
[10/06/26 02:14:14] D2BS 16000: ÿc4=== [COWS] ===
[10/06/26 02:24:54] D2BS 16000: Cows failed: followDriver
[10/06/26 02:26:48] D2BS 16000: party has left: fowo-xc, fowo-xe
[10/06/26 02:26:48] D2BS 16000:  [20:12] +2.09% / [Level 90] 14.16%
[10/06/26 02:26:48] D2BS 16000: Script threads\autobuildthread.js ended
[10/06/26 02:26:48] D2BS 16000: Script threads\partythread.js ended
[10/06/26 02:26:48] D2BS 16000: Script threads\townchicken.js ended
[10/06/26 02:26:48] D2BS 16000: Script default.dbj ended
[10/06/26 02:27:00] D2BS 16000: joining game pz-196
[10/06/26 02:27:01] D2BS 16000: ÿc2D2BSÿc0 :: Starting default.dbj
[10/06/26 02:27:01] D2BS 16000: ÿc2D2BSÿc0 :: default.dbj running.
[10/06/26 02:27:01] D2BS 16000: Loaded ÿc9[X.nip] [Y.nip] [Z.nip] [V.nip] [D.FGOM.nip]
[10/06/26 02:27:01] D2BS 16000: Loaded ÿc9[D.FGOM.js]
[10/06/26 02:27:02] D2BS 16000: equipped: [Head] 41
[10/06/26 02:27:02] D2BS 16000: equipped: [Neck] 20
[10/06/26 02:27:02] D2BS 16000: equipped: [Body] 21
[10/06/26 02:27:02] D2BS 16000: equipped: [ArmR] 32
[10/06/26 02:27:02] D2BS 16000: equipped: [ArmL] 26
[10/06/26 02:27:02] D2BS 16000: equipped: [RingR] 15
[10/06/26 02:27:02] D2BS 16000: equipped: [RingL] 14
[10/06/26 02:27:02] D2BS 16000: equipped: [Belt] 18
[10/06/26 02:27:02] D2BS 16000: equipped: [Boots] 13
[10/06/26 02:27:02] D2BS 16000: equipped: [Mitts] 13
[10/06/26 02:27:03] D2BS 16000: Loaded ÿc9[AutoSmurf.js]
[10/06/26 02:27:08] D2BS 16000: farmingON
[10/06/26 02:27:09] D2BS 16000: Tiered: true
[10/06/26 02:27:09] D2BS 16000: UseMerc: true HP: 70
[10/06/26 02:27:38] D2BS 16000: updateStat
[10/06/26 02:27:38] D2BS 16000: granted: [Head] 14
[10/06/26 02:27:38] D2BS 16000: granted: [Body] 20
[10/06/26 02:27:38] D2BS 16000: granted: [ArmR] 41
[10/06/26 02:27:39] D2BS 16000: equipped: [Neck] 24
[10/06/26 02:27:50] D2BS 16000: Merc matched: Might
[10/06/26 02:28:00] D2BS 16000: act5+ BO
[10/06/26 02:28:02] D2BS 16000: updateStat
[10/06/26 02:28:14] D2BS 16000: ÿc4=== [BAAL] ===
[10/06/26 02:32:02] D2BS 16000: ÿc4=== [COUNTESS] ===
[10/06/26 02:33:08] D2BS 16000: ÿc4=== [PIT] ===
[10/06/26 02:34:37] D2BS 16000: ÿc4=== [ANDY] ===
[10/06/26 02:35:53] D2BS 16000: ÿc4=== [COWS] ===
[10/06/26 02:37:51] D2BS 16000: party has left: fowo-xd
[10/06/26 02:37:51] D2BS 16000:  [10:50] +2.13% / [Level 90] 16.29%
[10/06/26 02:37:51] D2BS 16000: Script threads\autobuildthread.js ended
[10/06/26 02:37:51] D2BS 16000: Script threads\partythread.js ended
[10/06/26 02:37:52] D2BS 16000: Script threads\townchicken.js ended
[10/06/26 02:37:52] D2BS 16000: Script default.dbj ended
[10/06/26 02:38:04] D2BS 16000: joining game pz-197
[10/06/26 02:38:05] D2BS 16000: ÿc2D2BSÿc0 :: Starting default.dbj
[10/06/26 02:38:05] D2BS 16000: ÿc2D2BSÿc0 :: default.dbj running.
[10/06/26 02:38:06] D2BS 16000: Loaded ÿc9[X.nip] [Y.nip] [Z.nip] [V.nip] [D.FGOM.nip]
[10/06/26 02:38:06] D2BS 16000: Loaded ÿc9[D.FGOM.js]
[10/06/26 02:38:06] D2BS 16000: equipped: [Head] 41
[10/06/26 02:38:06] D2BS 16000: equipped: [Neck] 24
[10/06/26 02:38:06] D2BS 16000: equipped: [Body] 21
[10/06/26 02:38:06] D2BS 16000: equipped: [ArmR] 32
[10/06/26 02:38:06] D2BS 16000: equipped: [ArmL] 26
[10/06/26 02:38:06] D2BS 16000: equipped: [RingR] 15
[10/06/26 02:38:06] D2BS 16000: equipped: [RingL] 14
[10/06/26 02:38:06] D2BS 16000: equipped: [Belt] 18
[10/06/26 02:38:06] D2BS 16000: equipped: [Boots] 13
[10/06/26 02:38:06] D2BS 16000: equipped: [Mitts] 13
[10/06/26 02:38:07] D2BS 16000: Loaded ÿc9[AutoSmurf.js]
[10/06/26 02:38:12] D2BS 16000: farmingON
[10/06/26 02:38:12] D2BS 16000: Tiered: true
[10/06/26 02:38:12] D2BS 16000: UseMerc: true HP: 70
[10/06/26 02:38:21] D2BS 16000: updateStat
[10/06/26 02:38:21] D2BS 16000: granted: [Head] 14
[10/06/26 02:38:21] D2BS 16000: granted: [Body] 20
[10/06/26 02:38:21] D2BS 16000: granted: [ArmR] 41
[10/06/26 02:38:29] D2BS 16000: Merc matched: Might
[10/06/26 02:39:01] D2BS 16000: act5+ BO
[10/06/26 02:39:03] D2BS 16000: updateStat
[10/06/26 02:39:15] D2BS 16000: ÿc4=== [BAAL] ===
[10/06/26 02:43:06] D2BS 16000: party has left: fowo-xe
[10/06/26 02:43:06] D2BS 16000:  [05:01] +2.09% / [Level 90] 18.38%
[10/06/26 02:43:06] D2BS 16000: Script threads\autobuildthread.js ended
[10/06/26 02:43:06] D2BS 16000: Script threads\partythread.js ended
[10/06/26 02:43:06] D2BS 16000: Script threads\townchicken.js ended
[10/06/26 02:43:06] D2BS 16000: Script default.dbj ended
[10/06/26 02:43:20] D2BS 16000: joining game pz-198
[10/06/26 02:43:23] D2BS 16000: ÿc2D2BSÿc0 :: Starting default.dbj
[10/06/26 02:43:23] D2BS 16000: ÿc2D2BSÿc0 :: default.dbj running.
[10/06/26 02:43:23] D2BS 16000: Loaded ÿc9[X.nip] [Y.nip] [Z.nip] [V.nip] [D.FGOM.nip]
[10/06/26 02:43:23] D2BS 16000: Loaded ÿc9[D.FGOM.js]
[10/06/26 02:43:23] D2BS 16000: equipped: [Head] 41
[10/06/26 02:43:23] D2BS 16000: equipped: [Neck] 24
[10/06/26 02:43:23] D2BS 16000: equipped: [Body] 21
[10/06/26 02:43:23] D2BS 16000: equipped: [ArmR] 32
[10/06/26 02:43:23] D2BS 16000: equipped: [ArmL] 26
[10/06/26 02:43:23] D2BS 16000: equipped: [RingR] 15
[10/06/26 02:43:23] D2BS 16000: equipped: [RingL] 14
[10/06/26 02:43:23] D2BS 16000: equipped: [Belt] 18
[10/06/26 02:43:23] D2BS 16000: equipped: [Boots] 13
[10/06/26 02:43:23] D2BS 16000: equipped: [Mitts] 13
[10/06/26 02:43:23] D2BS 16000: updateStat
[10/06/26 02:43:23] D2BS 16000: granted: [Head] 14
[10/06/26 02:43:23] D2BS 16000: granted: [Body] 20
[10/06/26 02:43:23] D2BS 16000: granted: [ArmR] 41
[10/06/26 02:43:23] D2BS 16000: Loaded ÿc9[AutoSmurf.js]
[10/06/26 02:43:25] D2BS 16000: Tiered: true
[10/06/26 02:43:25] D2BS 16000: UseMerc: true HP: 70
[10/06/26 02:43:25] D2BS 16000: farmingON
[10/06/26 02:43:25] D2BS 16000: Merc matched: Might
[10/06/26 02:43:57] D2BS 16000: act5+ BO
[10/06/26 02:44:13] D2BS 16000: ÿc4=== [BAAL] ===
[10/06/26 02:47:46] D2BS 16000: ÿc4=== [COUNTESS] ===
[10/06/26 02:48:57] D2BS 16000: ÿc4=== [PIT] ===
[10/06/26 02:50:37] D2BS 16000: ÿc4=== [ANDY] ===
[10/06/26 02:51:23] D2BS 16000: ÿc4=== [COWS] ===
[10/06/26 02:52:51] D2BS 16000: party has left: fowo-xe
[10/06/26 02:52:51] D2BS 16000: party has left: fowo-xe
[10/06/26 02:52:51] D2BS 16000: party has left: fowo-xe
[10/06/26 02:52:51] D2BS 16000:  [09:29] +2.71% / [Level 90] 21.08%
[10/06/26 02:52:51] D2BS 16000: Script threads\autobuildthread.js ended
[10/06/26 02:52:51] D2BS 16000: Script threads\partythread.js ended
[10/06/26 02:52:52] D2BS 16000: Script threads\townchicken.js ended
[10/06/26 02:52:52] D2BS 16000: Script default.dbj ended
[10/06/26 02:53:05] D2BS 16000: joining game pz-199
[10/06/26 02:53:07] D2BS 16000: ÿc2D2BSÿc0 :: Starting default.dbj
[10/06/26 02:53:07] D2BS 16000: ÿc2D2BSÿc0 :: default.dbj running.
[10/06/26 02:53:07] D2BS 16000: Loaded ÿc9[X.nip] [Y.nip] [Z.nip] [V.nip] [D.FGOM.nip]
[10/06/26 02:53:07] D2BS 16000: Loaded ÿc9[D.FGOM.js]
[10/06/26 02:53:07] D2BS 16000: equipped: [Head] 41
[10/06/26 02:53:07] D2BS 16000: equipped: [Neck] 24
[10/06/26 02:53:07] D2BS 16000: equipped: [Body] 21
[10/06/26 02:53:07] D2BS 16000: equipped: [ArmR] 32
[10/06/26 02:53:07] D2BS 16000: equipped: [ArmL] 26
[10/06/26 02:53:07] D2BS 16000: equipped: [RingR] 15
[10/06/26 02:53:07] D2BS 16000: equipped: [RingL] 14
[10/06/26 02:53:07] D2BS 16000: equipped: [Belt] 18
[10/06/26 02:53:07] D2BS 16000: equipped: [Boots] 13
[10/06/26 02:53:07] D2BS 16000: equipped: [Mitts] 13
[10/06/26 02:53:07] D2BS 16000: Loaded ÿc9[AutoSmurf.js]
[10/06/26 02:53:12] D2BS 16000: farmingON
[10/06/26 02:53:13] D2BS 16000: Tiered: true
[10/06/26 02:53:13] D2BS 16000: UseMerc: true HP: 70
[10/06/26 02:53:21] D2BS 16000: updateStat
[10/06/26 02:53:21] D2BS 16000: granted: [Head] 14
[10/06/26 02:53:21] D2BS 16000: granted: [Body] 20
[10/06/26 02:53:21] D2BS 16000: granted: [ArmR] 41
[10/06/26 02:53:28] D2BS 16000: Merc matched: Might
[10/06/26 02:53:48] D2BS 16000: act5+ BO
[10/06/26 02:53:49] D2BS 16000: updateStat
[10/06/26 02:54:00] D2BS 16000: ÿc4=== [BAAL] ===
[10/06/26 02:57:04] D2BS 16000: ÿc4=== [COUNTESS] ===
[10/06/26 02:58:16] D2BS 16000: ÿc4=== [PIT] ===
[10/06/26 02:59:46] D2BS 16000: ÿc4=== [ANDY] ===
[10/06/26 03:00:39] D2BS 16000: ÿc4=== [COWS] ===
[10/06/26 03:10:36] D2BS 16000: party has left: fowo-xd
[10/06/26 03:10:36] D2BS 16000:  [17:30] +2.59% / [Level 90] 23.67%
[10/06/26 03:10:36] D2BS 16000: Script threads\autobuildthread.js ended
[10/06/26 03:10:36] D2BS 16000: Script threads\partythread.js ended
[10/06/26 03:10:36] D2BS 16000: Script threads\townchicken.js ended
[10/06/26 03:10:36] D2BS 16000: Script default.dbj ended
[10/06/26 03:10:47] D2BS 16000: joining game pz-200
[10/06/26 03:10:50] D2BS 16000: ÿc2D2BSÿc0 :: Starting default.dbj
[10/06/26 03:10:50] D2BS 16000: ÿc2D2BSÿc0 :: default.dbj running.
[10/06/26 03:10:50] D2BS 16000: Loaded ÿc9[X.nip] [Y.nip] [Z.nip] [V.nip] [D.FGOM.nip]
[10/06/26 03:10:50] D2BS 16000: Loaded ÿc9[D.FGOM.js]
[10/06/26 03:10:50] D2BS 16000: equipped: [Head] 41
[10/06/26 03:10:50] D2BS 16000: equipped: [Neck] 24
[10/06/26 03:10:50] D2BS 16000: equipped: [Body] 21
[10/06/26 03:10:50] D2BS 16000: equipped: [ArmR] 32
[10/06/26 03:10:50] D2BS 16000: equipped: [ArmL] 26
[10/06/26 03:10:50] D2BS 16000: equipped: [RingR] 15
[10/06/26 03:10:50] D2BS 16000: equipped: [RingL] 14
[10/06/26 03:10:50] D2BS 16000: equipped: [Belt] 18
[10/06/26 03:10:50] D2BS 16000: equipped: [Boots] 13
[10/06/26 03:10:50] D2BS 16000: equipped: [Mitts] 13
[10/06/26 03:10:50] D2BS 16000: updateStat
[10/06/26 03:10:50] D2BS 16000: granted: [Head] 14
[10/06/26 03:10:50] D2BS 16000: granted: [Body] 20
[10/06/26 03:10:50] D2BS 16000: granted: [ArmR] 41
[10/06/26 03:10:50] D2BS 16000: Loaded ÿc9[AutoSmurf.js]
[10/06/26 03:10:55] D2BS 16000: farmingON
[10/06/26 03:10:55] D2BS 16000: Tiered: true
[10/06/26 03:10:55] D2BS 16000: UseMerc: true HP: 70
[10/06/26 03:11:07] D2BS 16000: granted: [Head] 16
[10/06/26 03:11:07] D2BS 16000: Merc matched: Might
[10/06/26 03:11:39] D2BS 16000: act5+ BO
[10/06/26 03:11:55] D2BS 16000: ÿc4=== [BAAL] ===
[10/06/26 03:12:51] D2BS 16000: updateStat
[10/06/26 03:14:48] D2BS 16000: ÿc4=== [COUNTESS] ===
[10/06/26 03:16:14] D2BS 16000: ÿc4=== [PIT] ===
[10/06/26 03:17:44] D2BS 16000: ÿc4=== [ANDY] ===
[10/06/26 03:18:31] D2BS 16000: ÿc4=== [COWS] ===
[10/06/26 03:29:06] D2BS 16000: party has left: fowo-xc
[10/06/26 03:29:06] D2BS 16000:  [18:18] +2.37% / [Level 90] 26.05%
[10/06/26 03:29:06] D2BS 16000: Script threads\autobuildthread.js ended
[10/06/26 03:29:06] D2BS 16000: Script threads\partythread.js ended
[10/06/26 03:29:06] D2BS 16000: Script threads\townchicken.js ended
[10/06/26 03:29:06] D2BS 16000: Script default.dbj ended
[10/06/26 03:29:20] D2BS 16000: joining game pz-201
[10/06/26 03:29:22] D2BS 16000: ÿc2D2BSÿc0 :: Starting default.dbj
[10/06/26 03:29:22] D2BS 16000: ÿc2D2BSÿc0 :: default.dbj running.
[10/06/26 03:29:23] D2BS 16000: Loaded ÿc9[X.nip] [Y.nip] [Z.nip] [V.nip] [D.FGOM.nip]
[10/06/26 03:29:23] D2BS 16000: Loaded ÿc9[D.FGOM.js]
[10/06/26 03:29:23] D2BS 16000: equipped: [Head] 41
[10/06/26 03:29:23] D2BS 16000: equipped: [Neck] 24
[10/06/26 03:29:23] D2BS 16000: equipped: [Body] 21
[10/06/26 03:29:23] D2BS 16000: equipped: [ArmR] 32
[10/06/26 03:29:23] D2BS 16000: equipped: [ArmL] 26
[10/06/26 03:29:23] D2BS 16000: equipped: [RingR] 15
[10/06/26 03:29:23] D2BS 16000: equipped: [RingL] 14
[10/06/26 03:29:23] D2BS 16000: equipped: [Belt] 18
[10/06/26 03:29:23] D2BS 16000: equipped: [Boots] 13
[10/06/26 03:29:23] D2BS 16000: equipped: [Mitts] 13
[10/06/26 03:29:23] D2BS 16000: updateStat
[10/06/26 03:29:23] D2BS 16000: granted: [Head] 16
[10/06/26 03:29:23] D2BS 16000: granted: [Body] 20
[10/06/26 03:29:23] D2BS 16000: granted: [ArmR] 41
[10/06/26 03:29:23] D2BS 16000: Loaded ÿc9[AutoSmurf.js]
[10/06/26 03:29:28] D2BS 16000: farmingON
[10/06/26 03:29:29] D2BS 16000: Tiered: true
[10/06/26 03:29:29] D2BS 16000: UseMerc: true HP: 70
[10/06/26 03:29:47] D2BS 16000: Merc matched: Might
[10/06/26 03:30:15] D2BS 16000: act5+ BO
[10/06/26 03:30:29] D2BS 16000: ÿc4=== [BAAL] ===
[10/06/26 03:33:24] D2BS 16000: ÿc4=== [COUNTESS] ===
[10/06/26 03:34:25] D2BS 16000: ÿc4=== [PIT] ===
[10/06/26 03:36:03] D2BS 16000: ÿc4=== [ANDY] ===
[10/06/26 03:36:52] D2BS 16000: ÿc4=== [COWS] ===
[10/06/26 03:40:53] D2BS 16000: updateStat
[10/06/26 03:42:59] D2BS 16000: Cow King found
[10/06/26 03:42:59] D2BS 16000: Cows failed: followDriver
[10/06/26 03:43:02] D2BS 16000: ÿc4=== [MEPHISTO] ===
[10/06/26 03:44:27] D2BS 16000: ÿc4=== [DIABLO] ===
[10/06/26 03:49:30] D2BS 16000: party has left: fowo-xg
[10/06/26 03:49:30] D2BS 16000:  [20:08] +4.25% / [Level 90] 30.30%
[10/06/26 03:49:30] D2BS 16000: Script threads\autobuildthread.js ended
[10/06/26 03:49:30] D2BS 16000: Script threads\partythread.js ended
[10/06/26 03:49:30] D2BS 16000: Script threads\townchicken.js ended
[10/06/26 03:49:30] D2BS 16000: Script default.dbj ended
[10/06/26 03:49:43] D2BS 16000: joining game pz-202
[10/06/26 03:49:46] D2BS 16000: ÿc2D2BSÿc0 :: Starting default.dbj
[10/06/26 03:49:46] D2BS 16000: ÿc2D2BSÿc0 :: default.dbj running.
[10/06/26 03:49:46] D2BS 16000: Loaded ÿc9[X.nip] [Y.nip] [Z.nip] [V.nip] [D.FGOM.nip]
[10/06/26 03:49:46] D2BS 16000: Loaded ÿc9[D.FGOM.js]
[10/06/26 03:49:46] D2BS 16000: equipped: [Head] 41
[10/06/26 03:49:46] D2BS 16000: equipped: [Neck] 24
[10/06/26 03:49:46] D2BS 16000: equipped: [Body] 21
[10/06/26 03:49:46] D2BS 16000: equipped: [ArmR] 32
[10/06/26 03:49:46] D2BS 16000: equipped: [ArmL] 26
[10/06/26 03:49:46] D2BS 16000: equipped: [RingR] 15
[10/06/26 03:49:46] D2BS 16000: equipped: [RingL] 14
[10/06/26 03:49:46] D2BS 16000: equipped: [Belt] 18
[10/06/26 03:49:46] D2BS 16000: equipped: [Boots] 13
[10/06/26 03:49:46] D2BS 16000: equipped: [Mitts] 13
[10/06/26 03:49:46] D2BS 16000: updateStat
[10/06/26 03:49:46] D2BS 16000: granted: [Head] 16
[10/06/26 03:49:46] D2BS 16000: granted: [Body] 20
[10/06/26 03:49:46] D2BS 16000: granted: [ArmR] 41
[10/06/26 03:49:46] D2BS 16000: Loaded ÿc9[AutoSmurf.js]
[10/06/26 03:49:49] D2BS 16000: farmingON
[10/06/26 03:49:50] D2BS 16000: Tiered: true
[10/06/26 03:49:50] D2BS 16000: UseMerc: true HP: 70
[10/06/26 03:50:02] D2BS 16000: Merc matched: Might
[10/06/26 03:50:23] D2BS 16000: act5+ BO
[10/06/26 03:50:36] D2BS 16000: ÿc4=== [BAAL] ===
[10/06/26 03:53:49] D2BS 16000: ÿc4=== [COUNTESS] ===
[10/06/26 03:54:57] D2BS 16000: ÿc4=== [PIT] ===
[10/06/26 03:56:34] D2BS 16000: ÿc4=== [ANDY] ===
[10/06/26 03:57:24] D2BS 16000: ÿc4=== [COWS] ===
[10/06/26 04:07:33] D2BS 16000: party has left: fowo-xb
[10/06/26 04:07:33] D2BS 16000:  [17:47] +2.39% / [Level 90] 32.69%
[10/06/26 04:07:33] D2BS 16000: Script threads\autobuildthread.js ended
[10/06/26 04:07:33] D2BS 16000: Script threads\partythread.js ended
[10/06/26 04:07:33] D2BS 16000: Script threads\townchicken.js ended
[10/06/26 04:07:33] D2BS 16000: Script default.dbj ended
[10/06/26 04:07:51] D2BS 16000: joining game pz-203
[10/06/26 04:07:54] D2BS 16000: ÿc2D2BSÿc0 :: Starting default.dbj
[10/06/26 04:07:54] D2BS 16000: ÿc2D2BSÿc0 :: default.dbj running.
[10/06/26 04:07:54] D2BS 16000: Loaded ÿc9[X.nip] [Y.nip] [Z.nip] [V.nip] [D.FGOM.nip]
[10/06/26 04:07:54] D2BS 16000: Loaded ÿc9[D.FGOM.js]
[10/06/26 04:07:54] D2BS 16000: equipped: [Head] 41
[10/06/26 04:07:54] D2BS 16000: equipped: [Neck] 24
[10/06/26 04:07:54] D2BS 16000: equipped: [Body] 21
[10/06/26 04:07:54] D2BS 16000: equipped: [ArmR] 32
[10/06/26 04:07:54] D2BS 16000: equipped: [ArmL] 26
[10/06/26 04:07:54] D2BS 16000: equipped: [RingR] 15
[10/06/26 04:07:54] D2BS 16000: equipped: [RingL] 14
[10/06/26 04:07:54] D2BS 16000: equipped: [Belt] 18
[10/06/26 04:07:54] D2BS 16000: equipped: [Boots] 13
[10/06/26 04:07:54] D2BS 16000: equipped: [Mitts] 13
[10/06/26 04:07:54] D2BS 16000: updateStat
[10/06/26 04:07:54] D2BS 16000: granted: [Head] 16
[10/06/26 04:07:54] D2BS 16000: granted: [Body] 20
[10/06/26 04:07:54] D2BS 16000: granted: [ArmR] 41
[10/06/26 04:07:54] D2BS 16000: Loaded ÿc9[AutoSmurf.js]
[10/06/26 04:08:00] D2BS 16000: farmingON
[10/06/26 04:08:02] D2BS 16000: Tiered: true
[10/06/26 04:08:02] D2BS 16000: UseMerc: true HP: 70
[10/06/26 04:08:18] D2BS 16000: Merc matched: Might
[10/06/26 04:08:34] D2BS 16000: act5+ BO
[10/06/26 04:08:47] D2BS 16000: ÿc4=== [BAAL] ===
[10/06/26 04:12:10] D2BS 16000: ÿc4=== [COUNTESS] ===
[10/06/26 04:13:14] D2BS 16000: ÿc4=== [PIT] ===
[10/06/26 04:14:54] D2BS 16000: ÿc4=== [ANDY] ===
[10/06/26 04:16:04] D2BS 16000: ÿc4=== [COWS] ===
[10/06/26 04:18:09] D2BS 16000: party has left: fowo-xd
[10/06/26 04:18:09] D2BS 16000:  [10:16] +2.27% / [Level 90] 34.96%
[10/06/26 04:18:09] D2BS 16000: Script threads\autobuildthread.js ended
[10/06/26 04:18:09] D2BS 16000: Script threads\partythread.js ended
[10/06/26 04:18:09] D2BS 16000: Script threads\townchicken.js ended
[10/06/26 04:18:09] D2BS 16000: Script default.dbj ended
[10/06/26 04:18:23] D2BS 16000: joining game pz-204
[10/06/26 04:18:25] D2BS 16000: ÿc2D2BSÿc0 :: Starting default.dbj
[10/06/26 04:18:25] D2BS 16000: ÿc2D2BSÿc0 :: default.dbj running.
[10/06/26 04:18:26] D2BS 16000: Loaded ÿc9[X.nip] [Y.nip] [Z.nip] [V.nip] [D.FGOM.nip]
[10/06/26 04:18:26] D2BS 16000: Loaded ÿc9[D.FGOM.js]
[10/06/26 04:18:26] D2BS 16000: equipped: [Head] 41
[10/06/26 04:18:26] D2BS 16000: equipped: [Neck] 24
[10/06/26 04:18:26] D2BS 16000: equipped: [Body] 21
[10/06/26 04:18:26] D2BS 16000: equipped: [ArmR] 32
[10/06/26 04:18:26] D2BS 16000: equipped: [ArmL] 26
[10/06/26 04:18:26] D2BS 16000: equipped: [RingR] 15
[10/06/26 04:18:26] D2BS 16000: equipped: [RingL] 14
[10/06/26 04:18:26] D2BS 16000: equipped: [Belt] 18
[10/06/26 04:18:26] D2BS 16000: equipped: [Boots] 13
[10/06/26 04:18:26] D2BS 16000: equipped: [Mitts] 13
[10/06/26 04:18:26] D2BS 16000: updateStat
[10/06/26 04:18:26] D2BS 16000: granted: [Head] 16
[10/06/26 04:18:26] D2BS 16000: granted: [Body] 20
[10/06/26 04:18:26] D2BS 16000: granted: [ArmR] 41
[10/06/26 04:18:26] D2BS 16000: Loaded ÿc9[AutoSmurf.js]
[10/06/26 04:18:31] D2BS 16000: farmingON
[10/06/26 04:18:33] D2BS 16000: Tiered: true
[10/06/26 04:18:33] D2BS 16000: UseMerc: true HP: 70
[10/06/26 04:18:33] D2BS 16000: Merc matched: Might
[10/06/26 04:19:02] D2BS 16000: act5+ BO
[10/06/26 04:19:15] D2BS 16000: ÿc4=== [BAAL] ===
[10/06/26 04:22:22] D2BS 16000: ÿc4=== [COUNTESS] ===
[10/06/26 04:23:31] D2BS 16000: ÿc4=== [PIT] ===
[10/06/26 04:25:03] D2BS 16000: ÿc4=== [ANDY] ===
[10/06/26 04:25:52] D2BS 16000: ÿc4=== [COWS] ===
[10/06/26 04:27:31] D2BS 16000: updateStat
[10/06/26 04:27:56] D2BS 16000: Going to town
[10/06/26 04:37:23] D2BS 16000: ÿc4=== [MEPHISTO] ===
[10/06/26 04:38:46] D2BS 16000: ÿc4=== [DIABLO] ===
[10/06/26 04:38:51] D2BS 16000: [Token Of Absolution]
[10/06/26 04:44:03] D2BS 16000: party has left: fowo-xd
[10/06/26 04:44:03] D2BS 16000:  [25:38] +4.03% / [Level 90] 38.99%
[10/06/26 04:44:03] D2BS 16000: Script threads\autobuildthread.js ended
[10/06/26 04:44:03] D2BS 16000: Script threads\partythread.js ended
[10/06/26 04:44:04] D2BS 16000: Script threads\townchicken.js ended
[10/06/26 04:44:04] D2BS 16000: Script default.dbj ended
[10/06/26 04:44:17] D2BS 16000: joining game pz-205
[10/06/26 04:44:19] D2BS 16000: ÿc2D2BSÿc0 :: Starting default.dbj
[10/06/26 04:44:19] D2BS 16000: ÿc2D2BSÿc0 :: default.dbj running.
[10/06/26 04:44:19] D2BS 16000: Loaded ÿc9[X.nip] [Y.nip] [Z.nip] [V.nip] [D.FGOM.nip]
[10/06/26 04:44:19] D2BS 16000: Loaded ÿc9[D.FGOM.js]
[10/06/26 04:44:19] D2BS 16000: equipped: [Head] 41
[10/06/26 04:44:19] D2BS 16000: equipped: [Neck] 24
[10/06/26 04:44:19] D2BS 16000: equipped: [Body] 21
[10/06/26 04:44:19] D2BS 16000: equipped: [ArmR] 32
[10/06/26 04:44:19] D2BS 16000: equipped: [ArmL] 26
[10/06/26 04:44:19] D2BS 16000: equipped: [RingR] 15
[10/06/26 04:44:19] D2BS 16000: equipped: [RingL] 14
[10/06/26 04:44:19] D2BS 16000: equipped: [Belt] 18
[10/06/26 04:44:19] D2BS 16000: equipped: [Boots] 13
[10/06/26 04:44:19] D2BS 16000: equipped: [Mitts] 13
[10/06/26 04:44:19] D2BS 16000: updateStat
[10/06/26 04:44:19] D2BS 16000: granted: [Head] 16
[10/06/26 04:44:19] D2BS 16000: granted: [Body] 20
[10/06/26 04:44:19] D2BS 16000: granted: [ArmR] 41
[10/06/26 04:44:19] D2BS 16000: Loaded ÿc9[AutoSmurf.js]
[10/06/26 04:44:23] D2BS 16000: Tiered: true
[10/06/26 04:44:23] D2BS 16000: UseMerc: true HP: 70
[10/06/26 04:44:23] D2BS 16000: farmingON
[10/06/26 04:44:31] D2BS 16000: Merc matched: Might
[10/06/26 04:44:59] D2BS 16000: act5+ BO
[10/06/26 04:45:13] D2BS 16000: ÿc4=== [BAAL] ===
[10/06/26 04:48:20] D2BS 16000: ÿc4=== [COUNTESS] ===
[10/06/26 04:49:30] D2BS 16000: ÿc4=== [PIT] ===
[10/06/26 04:50:43] D2BS 16000: ÿc4=== [ANDY] ===
[10/06/26 04:51:35] D2BS 16000: ÿc4=== [COWS] ===
[10/06/26 04:55:47] D2BS 16000: updateStat
[10/06/26 05:02:08] D2BS 16000: Cows failed: followDriver
[10/06/26 05:03:14] D2BS 16000: ÿc4=== [MEPHISTO] ===
[10/06/26 05:04:34] D2BS 16000: ÿc4=== [DIABLO] ===
[10/06/26 05:07:10] D2BS 16000: party has left: fowo-xd
[10/06/26 05:07:10] D2BS 16000:  [22:52] +2.86% / [Level 90] 41.85%
[10/06/26 05:07:10] D2BS 16000: Script threads\autobuildthread.js ended
[10/06/26 05:07:10] D2BS 16000: Script threads\partythread.js ended
[10/06/26 05:07:10] D2BS 16000: Script threads\townchicken.js ended
[10/06/26 05:07:10] D2BS 16000: Script default.dbj ended
[10/06/26 05:07:23] D2BS 16000: joining game pz-206
[10/06/26 05:07:24] D2BS 16000: ÿc2D2BSÿc0 :: Starting default.dbj
[10/06/26 05:07:24] D2BS 16000: ÿc2D2BSÿc0 :: default.dbj running.
[10/06/26 05:07:25] D2BS 16000: Loaded ÿc9[X.nip] [Y.nip] [Z.nip] [V.nip] [D.FGOM.nip]
[10/06/26 05:07:25] D2BS 16000: Loaded ÿc9[D.FGOM.js]
[10/06/26 05:07:25] D2BS 16000: equipped: [Head] 41
[10/06/26 05:07:25] D2BS 16000: equipped: [Neck] 24
[10/06/26 05:07:25] D2BS 16000: equipped: [Body] 21
[10/06/26 05:07:25] D2BS 16000: equipped: [ArmR] 32
[10/06/26 05:07:25] D2BS 16000: equipped: [ArmL] 26
[10/06/26 05:07:25] D2BS 16000: equipped: [RingR] 15
[10/06/26 05:07:25] D2BS 16000: equipped: [RingL] 14
[10/06/26 05:07:25] D2BS 16000: equipped: [Belt] 18
[10/06/26 05:07:25] D2BS 16000: equipped: [Boots] 13
[10/06/26 05:07:25] D2BS 16000: equipped: [Mitts] 13
[10/06/26 05:07:25] D2BS 16000: updateStat
[10/06/26 05:07:25] D2BS 16000: granted: [Head] 16
[10/06/26 05:07:25] D2BS 16000: granted: [Body] 20
[10/06/26 05:07:25] D2BS 16000: granted: [ArmR] 41
[10/06/26 05:07:25] D2BS 16000: Loaded ÿc9[AutoSmurf.js]
[10/06/26 05:07:30] D2BS 16000: farmingON
[10/06/26 05:07:33] D2BS 16000: Tiered: true
[10/06/26 05:07:33] D2BS 16000: UseMerc: true HP: 70
[10/06/26 05:07:44] D2BS 16000: Merc matched: Might
[10/06/26 05:08:03] D2BS 16000: act5+ BO
[10/06/26 05:08:17] D2BS 16000: ÿc4=== [BAAL] ===
[10/06/26 05:08:30] D2BS 16000: Baal failed: souls found
[10/06/26 05:08:30] D2BS 16000: ÿc4=== [COUNTESS] ===
[10/06/26 05:09:37] D2BS 16000: ÿc4=== [PIT] ===
[10/06/26 05:10:57] D2BS 16000: ÿc4=== [ANDY] ===
[10/06/26 05:11:52] D2BS 16000: ÿc4=== [COWS] ===
[10/06/26 05:23:17] D2BS 16000: updateStat
[10/06/26 05:26:55] D2BS 16000: ÿc4=== [MEPHISTO] ===
[10/06/26 05:28:05] D2BS 16000: ÿc4=== [DIABLO] ===
[10/06/26 05:33:45] D2BS 16000: party has left: fowo-xc
[10/06/26 05:33:45] D2BS 16000:  [26:21] +2.64% / [Level 90] 44.50%
[10/06/26 05:33:45] D2BS 16000: Script threads\autobuildthread.js ended
[10/06/26 05:33:45] D2BS 16000: Script threads\partythread.js ended
[10/06/26 05:33:45] D2BS 16000: Script threads\townchicken.js ended
[10/06/26 05:33:45] D2BS 16000: Script default.dbj ended
[10/06/26 05:33:57] D2BS 16000: joining game pz-207
[10/06/26 05:33:59] D2BS 16000: ÿc2D2BSÿc0 :: Starting default.dbj
[10/06/26 05:33:59] D2BS 16000: ÿc2D2BSÿc0 :: default.dbj running.
[10/06/26 05:34:00] D2BS 16000: Loaded ÿc9[X.nip] [Y.nip] [Z.nip] [V.nip] [D.FGOM.nip]
[10/06/26 05:34:00] D2BS 16000: Loaded ÿc9[D.FGOM.js]
[10/06/26 05:34:00] D2BS 16000: equipped: [Head] 41
[10/06/26 05:34:00] D2BS 16000: equipped: [Neck] 24
[10/06/26 05:34:00] D2BS 16000: equipped: [Body] 21
[10/06/26 05:34:00] D2BS 16000: equipped: [ArmR] 32
[10/06/26 05:34:00] D2BS 16000: equipped: [ArmL] 26
[10/06/26 05:34:00] D2BS 16000: equipped: [RingR] 15
[10/06/26 05:34:00] D2BS 16000: equipped: [RingL] 14
[10/06/26 05:34:00] D2BS 16000: equipped: [Belt] 18
[10/06/26 05:34:00] D2BS 16000: equipped: [Boots] 13
[10/06/26 05:34:00] D2BS 16000: equipped: [Mitts] 13
[10/06/26 05:34:00] D2BS 16000: updateStat
[10/06/26 05:34:00] D2BS 16000: granted: [Head] 16
[10/06/26 05:34:00] D2BS 16000: granted: [Body] 20
[10/06/26 05:34:00] D2BS 16000: granted: [ArmR] 41
[10/06/26 05:34:00] D2BS 16000: Loaded ÿc9[AutoSmurf.js]
[10/06/26 05:34:04] D2BS 16000: Tiered: true
[10/06/26 05:34:04] D2BS 16000: UseMerc: true HP: 70
[10/06/26 05:34:05] D2BS 16000: farmingON
[10/06/26 05:34:32] D2BS 16000: Merc matched: Might
[10/06/26 05:34:43] D2BS 16000: act5+ BO
[10/06/26 05:34:55] D2BS 16000: ÿc4=== [BAAL] ===
[10/06/26 05:35:13] D2BS 16000: Baal failed: souls found
[10/06/26 05:35:13] D2BS 16000: ÿc4=== [COUNTESS] ===
[10/06/26 05:36:10] D2BS 16000: ÿc4=== [PIT] ===
[10/06/26 05:37:52] D2BS 16000: ÿc4=== [ANDY] ===
[10/06/26 05:38:43] D2BS 16000: ÿc4=== [COWS] ===
[10/06/26 05:42:30] D2BS 16000: party has left: fowo-xe
[10/06/26 05:42:30] D2BS 16000:  [08:32] +0.56% / [Level 90] 45.06%
[10/06/26 05:42:30] D2BS 16000: Script threads\autobuildthread.js ended
[10/06/26 05:42:31] D2BS 16000: Script threads\partythread.js ended
[10/06/26 05:42:31] D2BS 16000: Script threads\townchicken.js ended
[10/06/26 05:42:31] D2BS 16000: Script default.dbj ended
[10/06/26 05:42:43] D2BS 16000: joining game pz-208
[10/06/26 05:42:46] D2BS 16000: ÿc2D2BSÿc0 :: Starting default.dbj
[10/06/26 05:42:46] D2BS 16000: ÿc2D2BSÿc0 :: default.dbj running.
[10/06/26 05:42:46] D2BS 16000: Loaded ÿc9[X.nip] [Y.nip] [Z.nip] [V.nip] [D.FGOM.nip]
[10/06/26 05:42:46] D2BS 16000: Loaded ÿc9[D.FGOM.js]
[10/06/26 05:42:46] D2BS 16000: equipped: [Head] 41
[10/06/26 05:42:46] D2BS 16000: equipped: [Neck] 24
[10/06/26 05:42:46] D2BS 16000: equipped: [Body] 21
[10/06/26 05:42:46] D2BS 16000: equipped: [ArmR] 32
[10/06/26 05:42:46] D2BS 16000: equipped: [ArmL] 26
[10/06/26 05:42:46] D2BS 16000: equipped: [RingR] 15
[10/06/26 05:42:46] D2BS 16000: equipped: [RingL] 14
[10/06/26 05:42:46] D2BS 16000: equipped: [Belt] 18
[10/06/26 05:42:46] D2BS 16000: equipped: [Boots] 13
[10/06/26 05:42:46] D2BS 16000: equipped: [Mitts] 13
[10/06/26 05:42:46] D2BS 16000: updateStat
[10/06/26 05:42:46] D2BS 16000: granted: [Head] 16
[10/06/26 05:42:46] D2BS 16000: granted: [Body] 20
[10/06/26 05:42:46] D2BS 16000: granted: [ArmR] 41
[10/06/26 05:42:46] D2BS 16000: Loaded ÿc9[AutoSmurf.js]
[10/06/26 05:42:51] D2BS 16000: farmingON
[10/06/26 05:42:52] D2BS 16000: Tiered: true
[10/06/26 05:42:52] D2BS 16000: UseMerc: true HP: 70
[10/06/26 05:43:03] D2BS 16000: [Reroll] Magic Small Charm
[10/06/26 05:43:20] D2BS 16000: Merc matched: Might
[10/06/26 05:43:26] D2BS 16000: act5+ BO
[10/06/26 05:43:40] D2BS 16000: ÿc4=== [BAAL] ===
[10/06/26 05:43:53] D2BS 16000: Baal failed: souls found
[10/06/26 05:43:53] D2BS 16000: ÿc4=== [COUNTESS] ===
[10/06/26 05:45:04] D2BS 16000: ÿc4=== [PIT] ===
[10/06/26 05:46:57] D2BS 16000: ÿc4=== [ANDY] ===
[10/06/26 05:47:50] D2BS 16000: ÿc4=== [COWS] ===
[10/06/26 05:50:29] D2BS 16000: party has left: fowo-xe
[10/06/26 05:50:29] D2BS 16000:  [07:44] +0.44% / [Level 90] 45.50%
[10/06/26 05:50:29] D2BS 16000: Script threads\autobuildthread.js ended
[10/06/26 05:50:29] D2BS 16000: Script threads\partythread.js ended
[10/06/26 05:50:29] D2BS 16000: Script threads\townchicken.js ended
[10/06/26 05:50:29] D2BS 16000: Script default.dbj ended
[10/06/26 05:50:40] D2BS 16000: joining game pz-209
[10/06/26 05:50:43] D2BS 16000: ÿc2D2BSÿc0 :: Starting default.dbj
[10/06/26 05:50:43] D2BS 16000: ÿc2D2BSÿc0 :: default.dbj running.
[10/06/26 05:50:43] D2BS 16000: Loaded ÿc9[X.nip] [Y.nip] [Z.nip] [V.nip] [D.FGOM.nip]
[10/06/26 05:50:43] D2BS 16000: Loaded ÿc9[D.FGOM.js]
[10/06/26 05:50:43] D2BS 16000: equipped: [Head] 41
[10/06/26 05:50:43] D2BS 16000: equipped: [Neck] 24
[10/06/26 05:50:43] D2BS 16000: equipped: [Body] 21
[10/06/26 05:50:43] D2BS 16000: equipped: [ArmR] 32
[10/06/26 05:50:43] D2BS 16000: equipped: [ArmL] 26
[10/06/26 05:50:43] D2BS 16000: equipped: [RingR] 15
[10/06/26 05:50:43] D2BS 16000: equipped: [RingL] 14
[10/06/26 05:50:43] D2BS 16000: equipped: [Belt] 18
[10/06/26 05:50:43] D2BS 16000: equipped: [Boots] 13
[10/06/26 05:50:43] D2BS 16000: equipped: [Mitts] 13
[10/06/26 05:50:43] D2BS 16000: updateStat
[10/06/26 05:50:43] D2BS 16000: granted: [Head] 16
[10/06/26 05:50:43] D2BS 16000: granted: [Body] 20
[10/06/26 05:50:43] D2BS 16000: granted: [ArmR] 41
[10/06/26 05:50:43] D2BS 16000: Loaded ÿc9[AutoSmurf.js]
[10/06/26 05:50:48] D2BS 16000: Tiered: true
[10/06/26 05:50:48] D2BS 16000: UseMerc: true HP: 70
[10/06/26 05:50:48] D2BS 16000: farmingON
[10/06/26 05:50:55] D2BS 16000: Merc matched: Might
[10/06/26 05:51:43] D2BS 16000: act5+ BO
[10/06/26 05:51:55] D2BS 16000: ÿc4=== [BAAL] ===
[10/06/26 05:55:46] D2BS 16000: ÿc4=== [COUNTESS] ===
[10/06/26 05:57:04] D2BS 16000: ÿc4=== [PIT] ===
[10/06/26 05:58:59] D2BS 16000: ÿc4=== [ANDY] ===
[10/06/26 06:00:02] D2BS 16000: ÿc4=== [COWS] ===
[10/06/26 06:11:00] D2BS 16000: updateStat
[10/06/26 06:11:44] D2BS 16000: Cows failed: followDriver
[10/06/26 06:11:45] D2BS 16000: ÿc4=== [MEPHISTO] ===
[10/06/26 06:13:07] D2BS 16000: ÿc4=== [DIABLO] ===
[10/06/26 06:13:14] D2BS 16000: updateStat
[10/06/26 06:13:14] D2BS 16000: granted: [Head] 16
[10/06/26 06:13:14] D2BS 16000: granted: [Body] 20
[10/06/26 06:13:14] D2BS 16000: granted: [ArmR] 41
[10/06/26 06:20:39] D2BS 16000: party has left: fowo-xa
[10/06/26 06:20:40] D2BS 16000:  [29:57] +4.56% / [Level 90] 50.06%
[10/06/26 06:20:40] D2BS 16000: Script threads\autobuildthread.js ended
[10/06/26 06:20:40] D2BS 16000: Script threads\partythread.js ended
[10/06/26 06:20:40] D2BS 16000: Script threads\townchicken.js ended
[10/06/26 06:20:40] D2BS 16000: Script default.dbj ended
[10/06/26 06:20:52] D2BS 16000: joining game pz-210
[10/06/26 06:20:53] D2BS 16000: ÿc2D2BSÿc0 :: Starting default.dbj
[10/06/26 06:20:53] D2BS 16000: ÿc2D2BSÿc0 :: default.dbj running.
[10/06/26 06:20:54] D2BS 16000: Loaded ÿc9[X.nip] [Y.nip] [Z.nip] [V.nip] [D.FGOM.nip]
[10/06/26 06:20:54] D2BS 16000: Loaded ÿc9[D.FGOM.js]
[10/06/26 06:20:54] D2BS 16000: equipped: [Head] 41
[10/06/26 06:20:54] D2BS 16000: equipped: [Neck] 24
[10/06/26 06:20:54] D2BS 16000: equipped: [Body] 21
[10/06/26 06:20:54] D2BS 16000: equipped: [ArmR] 32
[10/06/26 06:20:54] D2BS 16000: equipped: [ArmL] 26
[10/06/26 06:20:54] D2BS 16000: equipped: [RingR] 15
[10/06/26 06:20:54] D2BS 16000: equipped: [RingL] 14
[10/06/26 06:20:54] D2BS 16000: equipped: [Belt] 18
[10/06/26 06:20:54] D2BS 16000: equipped: [Boots] 13
[10/06/26 06:20:54] D2BS 16000: equipped: [Mitts] 13
[10/06/26 06:20:54] D2BS 16000: updateStat
[10/06/26 06:20:54] D2BS 16000: granted: [Head] 16
[10/06/26 06:20:54] D2BS 16000: granted: [Body] 20
[10/06/26 06:20:54] D2BS 16000: granted: [ArmR] 41
[10/06/26 06:20:54] D2BS 16000: Loaded ÿc9[AutoSmurf.js]
[10/06/26 06:20:59] D2BS 16000: Tiered: true
[10/06/26 06:20:59] D2BS 16000: UseMerc: true HP: 70
[10/06/26 06:20:59] D2BS 16000: farmingON
[10/06/26 06:21:21] D2BS 16000: Merc matched: Might
[10/06/26 06:21:34] D2BS 16000: act5+ BO
[10/06/26 06:21:48] D2BS 16000: ÿc4=== [BAAL] ===
[10/06/26 06:24:25] D2BS 16000: party has left: fowo-xe
[10/06/26 06:24:25] D2BS 16000:  [03:31] +1.53% / [Level 90] 51.58%
[10/06/26 06:24:25] D2BS 16000: Script threads\autobuildthread.js ended
[10/06/26 06:24:26] D2BS 16000: Script threads\partythread.js ended
[10/06/26 06:24:26] D2BS 16000: Script threads\townchicken.js ended
[10/06/26 06:24:26] D2BS 16000: Script default.dbj ended
[10/06/26 06:24:43] D2BS 16000: joining game pz-211
[10/06/26 06:24:44] D2BS 16000: ÿc2D2BSÿc0 :: Starting default.dbj
[10/06/26 06:24:44] D2BS 16000: ÿc2D2BSÿc0 :: default.dbj running.
[10/06/26 06:24:45] D2BS 16000: Loaded ÿc9[X.nip] [Y.nip] [Z.nip] [V.nip] [D.FGOM.nip]
[10/06/26 06:24:45] D2BS 16000: Loaded ÿc9[D.FGOM.js]
[10/06/26 06:24:45] D2BS 16000: equipped: [Head] 41
[10/06/26 06:24:45] D2BS 16000: equipped: [Neck] 24
[10/06/26 06:24:45] D2BS 16000: equipped: [Body] 21
[10/06/26 06:24:45] D2BS 16000: equipped: [ArmR] 32
[10/06/26 06:24:45] D2BS 16000: equipped: [ArmL] 26
[10/06/26 06:24:45] D2BS 16000: equipped: [RingR] 15
[10/06/26 06:24:45] D2BS 16000: equipped: [RingL] 14
[10/06/26 06:24:45] D2BS 16000: equipped: [Belt] 18
[10/06/26 06:24:45] D2BS 16000: equipped: [Boots] 13
[10/06/26 06:24:45] D2BS 16000: equipped: [Mitts] 13
[10/06/26 06:24:45] D2BS 16000: updateStat
[10/06/26 06:24:45] D2BS 16000: granted: [Head] 16
[10/06/26 06:24:45] D2BS 16000: granted: [Body] 20
[10/06/26 06:24:45] D2BS 16000: granted: [ArmR] 41
[10/06/26 06:24:45] D2BS 16000: Loaded ÿc9[AutoSmurf.js]
[10/06/26 06:24:48] D2BS 16000: farmingON
[10/06/26 06:24:49] D2BS 16000: Tiered: true
[10/06/26 06:24:49] D2BS 16000: UseMerc: true HP: 70
[10/06/26 06:24:57] D2BS 16000: Merc matched: Might
[10/06/26 06:25:44] D2BS 16000: act5+ BO
[10/06/26 06:25:56] D2BS 16000: ÿc4=== [BAAL] ===
[10/06/26 06:26:10] D2BS 16000: Baal failed: souls found
[10/06/26 06:26:10] D2BS 16000: ÿc4=== [COUNTESS] ===
[10/06/26 06:27:13] D2BS 16000: ÿc4=== [PIT] ===
[10/06/26 06:29:08] D2BS 16000: ÿc4=== [ANDY] ===
[10/06/26 06:30:09] D2BS 16000: ÿc4=== [COWS] ===
[10/06/26 06:35:53] D2BS 16000: Cows failed: followDriver
[10/06/26 06:36:23] D2BS 16000: ÿc4=== [MEPHISTO] ===
[10/06/26 06:37:50] D2BS 16000: ÿc4=== [DIABLO] ===
[10/06/26 06:43:04] D2BS 16000: party has left: fowo-xe
[10/06/26 06:43:04] D2BS 16000:  [18:20] +2.20% / [Level 90] 53.78%
[10/06/26 06:43:04] D2BS 16000: Script threads\autobuildthread.js ended
[10/06/26 06:43:04] D2BS 16000: Script threads\partythread.js ended
[10/06/26 06:43:04] D2BS 16000: Script threads\townchicken.js ended
[10/06/26 06:43:04] D2BS 16000: Script default.dbj ended
[10/06/26 06:43:17] D2BS 16000: joining game pz-212
[10/06/26 06:43:19] D2BS 16000: ÿc2D2BSÿc0 :: Starting default.dbj
[10/06/26 06:43:19] D2BS 16000: ÿc2D2BSÿc0 :: default.dbj running.
[10/06/26 06:43:19] D2BS 16000: Loaded ÿc9[X.nip] [Y.nip] [Z.nip] [V.nip] [D.FGOM.nip]
[10/06/26 06:43:20] D2BS 16000: Loaded ÿc9[D.FGOM.js]
[10/06/26 06:43:20] D2BS 16000: equipped: [Head] 41
[10/06/26 06:43:20] D2BS 16000: equipped: [Neck] 24
[10/06/26 06:43:20] D2BS 16000: equipped: [Body] 21
[10/06/26 06:43:20] D2BS 16000: equipped: [ArmR] 32
[10/06/26 06:43:20] D2BS 16000: equipped: [ArmL] 26
[10/06/26 06:43:20] D2BS 16000: equipped: [RingR] 15
[10/06/26 06:43:20] D2BS 16000: equipped: [RingL] 14
[10/06/26 06:43:20] D2BS 16000: equipped: [Belt] 18
[10/06/26 06:43:20] D2BS 16000: equipped: [Boots] 13
[10/06/26 06:43:20] D2BS 16000: equipped: [Mitts] 13
[10/06/26 06:43:20] D2BS 16000: updateStat
[10/06/26 06:43:20] D2BS 16000: granted: [Head] 16
[10/06/26 06:43:20] D2BS 16000: granted: [Body] 20
[10/06/26 06:43:20] D2BS 16000: granted: [ArmR] 41
[10/06/26 06:43:20] D2BS 16000: Loaded ÿc9[AutoSmurf.js]
[10/06/26 06:43:24] D2BS 16000: Tiered: true
[10/06/26 06:43:24] D2BS 16000: UseMerc: true HP: 70
[10/06/26 06:43:24] D2BS 16000: farmingON
[10/06/26 06:43:39] D2BS 16000: Merc matched: Might
[10/06/26 06:44:02] D2BS 16000: act5+ BO
[10/06/26 06:44:15] D2BS 16000: ÿc4=== [BAAL] ===
[10/06/26 06:47:05] D2BS 16000: ÿc4=== [COUNTESS] ===
[10/06/26 06:48:17] D2BS 16000: ÿc4=== [PIT] ===
[10/06/26 06:49:40] D2BS 16000: ÿc4=== [ANDY] ===
[10/06/26 06:50:36] D2BS 16000: ÿc4=== [COWS] ===
[10/06/26 06:59:00] D2BS 16000: Going to town
[10/06/26 07:01:25] D2BS 16000: updateStat
[10/06/26 07:02:36] D2BS 16000: party has left: fowo-xe
[10/06/26 07:02:36] D2BS 16000:  [19:17] +2.40% / [Level 90] 56.18%
[10/06/26 07:02:36] D2BS 16000: Script threads\autobuildthread.js ended
[10/06/26 07:02:36] D2BS 16000: Script threads\partythread.js ended
[10/06/26 07:02:36] D2BS 16000: Script threads\townchicken.js ended
[10/06/26 07:02:36] D2BS 16000: Script default.dbj ended
[10/06/26 07:02:50] D2BS 16000: joining game pz-213
[10/06/26 07:02:52] D2BS 16000: ÿc2D2BSÿc0 :: Starting default.dbj
[10/06/26 07:02:52] D2BS 16000: ÿc2D2BSÿc0 :: default.dbj running.
[10/06/26 07:02:52] D2BS 16000: Loaded ÿc9[X.nip] [Y.nip] [Z.nip] [V.nip] [D.FGOM.nip]
[10/06/26 07:02:52] D2BS 16000: Loaded ÿc9[D.FGOM.js]
[10/06/26 07:02:52] D2BS 16000: equipped: [Head] 41
[10/06/26 07:02:52] D2BS 16000: equipped: [Neck] 24
[10/06/26 07:02:52] D2BS 16000: equipped: [Body] 21
[10/06/26 07:02:52] D2BS 16000: equipped: [ArmR] 32
[10/06/26 07:02:52] D2BS 16000: equipped: [ArmL] 26
[10/06/26 07:02:52] D2BS 16000: equipped: [RingR] 15
[10/06/26 07:02:52] D2BS 16000: equipped: [RingL] 14
[10/06/26 07:02:52] D2BS 16000: equipped: [Belt] 18
[10/06/26 07:02:52] D2BS 16000: equipped: [Boots] 13
[10/06/26 07:02:52] D2BS 16000: equipped: [Mitts] 13
[10/06/26 07:02:52] D2BS 16000: updateStat
[10/06/26 07:02:52] D2BS 16000: granted: [Head] 16
[10/06/26 07:02:52] D2BS 16000: granted: [Body] 20
[10/06/26 07:02:52] D2BS 16000: granted: [ArmR] 41
[10/06/26 07:02:52] D2BS 16000: Loaded ÿc9[AutoSmurf.js]
[10/06/26 07:02:58] D2BS 16000: Tiered: true
[10/06/26 07:02:58] D2BS 16000: UseMerc: true HP: 70
[10/06/26 07:02:58] D2BS 16000: farmingON
[10/06/26 07:03:23] D2BS 16000: Merc matched: Might
[10/06/26 07:03:33] D2BS 16000: act5+ BO
[10/06/26 07:03:47] D2BS 16000: ÿc4=== [BAAL] ===
[10/06/26 07:06:56] D2BS 16000: ÿc4=== [COUNTESS] ===
[10/06/26 07:08:11] D2BS 16000: ÿc4=== [PIT] ===
[10/06/26 07:09:42] D2BS 16000: ÿc4=== [ANDY] ===
[10/06/26 07:10:36] D2BS 16000: ÿc4=== [COWS] ===
[10/06/26 07:17:09] D2BS 16000: party has left: fowo-xd
[10/06/26 07:17:09] D2BS 16000:  [14:17] +2.76% / [Level 90] 58.94%
[10/06/26 07:17:09] D2BS 16000: Script threads\autobuildthread.js ended
[10/06/26 07:17:09] D2BS 16000: Script threads\partythread.js ended
[10/06/26 07:17:09] D2BS 16000: Script threads\townchicken.js ended
[10/06/26 07:17:09] D2BS 16000: Script default.dbj ended
[10/06/26 07:17:22] D2BS 16000: joining game pz-214
[10/06/26 07:17:24] D2BS 16000: ÿc2D2BSÿc0 :: Starting default.dbj
[10/06/26 07:17:24] D2BS 16000: ÿc2D2BSÿc0 :: default.dbj running.
[10/06/26 07:17:24] D2BS 16000: Loaded ÿc9[X.nip] [Y.nip] [Z.nip] [V.nip] [D.FGOM.nip]
[10/06/26 07:17:24] D2BS 16000: Loaded ÿc9[D.FGOM.js]
[10/06/26 07:17:24] D2BS 16000: equipped: [Head] 41
[10/06/26 07:17:24] D2BS 16000: equipped: [Neck] 24
[10/06/26 07:17:24] D2BS 16000: equipped: [Body] 21
[10/06/26 07:17:24] D2BS 16000: equipped: [ArmR] 32
[10/06/26 07:17:24] D2BS 16000: equipped: [ArmL] 26
[10/06/26 07:17:24] D2BS 16000: equipped: [RingR] 15
[10/06/26 07:17:24] D2BS 16000: equipped: [RingL] 14
[10/06/26 07:17:24] D2BS 16000: equipped: [Belt] 18
[10/06/26 07:17:24] D2BS 16000: equipped: [Boots] 13
[10/06/26 07:17:24] D2BS 16000: equipped: [Mitts] 13
[10/06/26 07:17:24] D2BS 16000: updateStat
[10/06/26 07:17:24] D2BS 16000: granted: [Head] 16
[10/06/26 07:17:24] D2BS 16000: granted: [Body] 20
[10/06/26 07:17:24] D2BS 16000: granted: [ArmR] 41
[10/06/26 07:17:24] D2BS 16000: Loaded ÿc9[AutoSmurf.js]
[10/06/26 07:17:28] D2BS 16000: farmingON
[10/06/26 07:17:30] D2BS 16000: Tiered: true
[10/06/26 07:17:30] D2BS 16000: UseMerc: true HP: 70
[10/06/26 07:17:39] D2BS 16000: [Reroll] Magic Small Charm
[10/06/26 07:18:00] D2BS 16000: Merc matched: Might
[10/06/26 07:18:09] D2BS 16000: act5+ BO
[10/06/26 07:18:21] D2BS 16000: ÿc4=== [BAAL] ===
[10/06/26 07:21:56] D2BS 16000: ÿc4=== [COUNTESS] ===
[10/06/26 07:23:09] D2BS 16000: ÿc4=== [PIT] ===
[10/06/26 07:24:36] D2BS 16000: ÿc4=== [ANDY] ===
[10/06/26 07:25:37] D2BS 16000: ÿc4=== [COWS] ===
[10/06/26 07:35:25] D2BS 16000: Cows failed: followDriver
[10/06/26 07:35:28] D2BS 16000: ÿc4=== [MEPHISTO] ===
[10/06/26 07:36:57] D2BS 16000: ÿc4=== [DIABLO] ===
[10/06/26 07:41:34] D2BS 16000: updateStat
[10/06/26 07:42:19] D2BS 16000: party has left: fowo-xh
[10/06/26 07:42:19] D2BS 16000:  [24:56] +4.34% / [Level 90] 63.29%
[10/06/26 07:42:19] D2BS 16000: Script threads\autobuildthread.js ended
[10/06/26 07:42:19] D2BS 16000: Script threads\partythread.js ended
[10/06/26 07:42:19] D2BS 16000: Script threads\townchicken.js ended
[10/06/26 07:42:20] D2BS 16000: Script default.dbj ended
[10/06/26 07:42:33] D2BS 16000: joining game pz-215
[10/06/26 07:42:34] D2BS 16000: ÿc2D2BSÿc0 :: Starting default.dbj
[10/06/26 07:42:34] D2BS 16000: ÿc2D2BSÿc0 :: default.dbj running.
[10/06/26 07:42:34] D2BS 16000: Loaded ÿc9[X.nip] [Y.nip] [Z.nip] [V.nip] [D.FGOM.nip]
[10/06/26 07:42:34] D2BS 16000: Loaded ÿc9[D.FGOM.js]
[10/06/26 07:42:34] D2BS 16000: equipped: [Head] 41
[10/06/26 07:42:34] D2BS 16000: equipped: [Neck] 24
[10/06/26 07:42:35] D2BS 16000: equipped: [Body] 21
[10/06/26 07:42:35] D2BS 16000: equipped: [ArmR] 32
[10/06/26 07:42:35] D2BS 16000: equipped: [ArmL] 26
[10/06/26 07:42:35] D2BS 16000: equipped: [RingR] 15
[10/06/26 07:42:35] D2BS 16000: equipped: [RingL] 14
[10/06/26 07:42:35] D2BS 16000: equipped: [Belt] 18
[10/06/26 07:42:35] D2BS 16000: equipped: [Boots] 13
[10/06/26 07:42:35] D2BS 16000: equipped: [Mitts] 13
[10/06/26 07:42:35] D2BS 16000: updateStat
[10/06/26 07:42:35] D2BS 16000: granted: [Head] 16
[10/06/26 07:42:35] D2BS 16000: granted: [Body] 20
[10/06/26 07:42:35] D2BS 16000: granted: [ArmR] 41
[10/06/26 07:42:35] D2BS 16000: Loaded ÿc9[AutoSmurf.js]
[10/06/26 07:42:40] D2BS 16000: farmingON
[10/06/26 07:42:41] D2BS 16000: Tiered: true
[10/06/26 07:42:41] D2BS 16000: UseMerc: true HP: 70
[10/06/26 07:43:00] D2BS 16000: Merc matched: Might
[10/06/26 07:43:13] D2BS 16000: act5+ BO
[10/06/26 07:43:27] D2BS 16000: ÿc4=== [BAAL] ===
[10/06/26 07:43:41] D2BS 16000: Baal failed: souls found
[10/06/26 07:43:41] D2BS 16000: ÿc4=== [COUNTESS] ===
[10/06/26 07:44:41] D2BS 16000: ÿc4=== [PIT] ===
[10/06/26 07:46:41] D2BS 16000: ÿc4=== [ANDY] ===
[10/06/26 07:47:34] D2BS 16000: ÿc4=== [COWS] ===
[10/06/26 07:50:08] D2BS 16000: party has left: fowo-xc
[10/06/26 07:50:08] D2BS 16000:  [07:34] +0.72% / [Level 90] 64.00%
[10/06/26 07:50:08] D2BS 16000: Script threads\autobuildthread.js ended
[10/06/26 07:50:08] D2BS 16000: Script threads\partythread.js ended
[10/06/26 07:50:08] D2BS 16000: Script threads\townchicken.js ended
[10/06/26 07:50:08] D2BS 16000: Script default.dbj ended
[10/06/26 07:50:20] D2BS 16000: joining game pz-216
[10/06/26 07:50:22] D2BS 16000: ÿc2D2BSÿc0 :: Starting default.dbj
[10/06/26 07:50:22] D2BS 16000: ÿc2D2BSÿc0 :: default.dbj running.
[10/06/26 07:50:22] D2BS 16000: Loaded ÿc9[X.nip] [Y.nip] [Z.nip] [V.nip] [D.FGOM.nip]
[10/06/26 07:50:22] D2BS 16000: Loaded ÿc9[D.FGOM.js]
[10/06/26 07:50:22] D2BS 16000: equipped: [Head] 41
[10/06/26 07:50:22] D2BS 16000: equipped: [Neck] 24
[10/06/26 07:50:22] D2BS 16000: equipped: [Body] 21
[10/06/26 07:50:22] D2BS 16000: equipped: [ArmR] 32
[10/06/26 07:50:22] D2BS 16000: equipped: [ArmL] 26
[10/06/26 07:50:22] D2BS 16000: equipped: [RingR] 15
[10/06/26 07:50:22] D2BS 16000: equipped: [RingL] 14
[10/06/26 07:50:22] D2BS 16000: equipped: [Belt] 18
[10/06/26 07:50:22] D2BS 16000: equipped: [Boots] 13
[10/06/26 07:50:23] D2BS 16000: equipped: [Mitts] 13
[10/06/26 07:50:23] D2BS 16000: updateStat
[10/06/26 07:50:23] D2BS 16000: granted: [Head] 16
[10/06/26 07:50:23] D2BS 16000: granted: [Body] 20
[10/06/26 07:50:23] D2BS 16000: granted: [ArmR] 41
[10/06/26 07:50:23] D2BS 16000: Loaded ÿc9[AutoSmurf.js]
[10/06/26 07:50:29] D2BS 16000: farmingON
[10/06/26 07:50:29] D2BS 16000: Tiered: true
[10/06/26 07:50:29] D2BS 16000: UseMerc: true HP: 70
[10/06/26 07:50:29] D2BS 16000: Merc matched: Might
[10/06/26 07:51:06] D2BS 16000: act5+ BO
[10/06/26 07:51:18] D2BS 16000: ÿc4=== [BAAL] ===
[10/06/26 07:55:15] D2BS 16000: ÿc4=== [COUNTESS] ===
[10/06/26 07:56:14] D2BS 16000: ÿc4=== [PIT] ===
[10/06/26 07:57:34] D2BS 16000: ÿc4=== [ANDY] ===
[10/06/26 07:58:39] D2BS 16000: ÿc4=== [COWS] ===
[10/06/26 08:04:34] D2BS 16000: Cows failed: followDriver
[10/06/26 08:05:02] D2BS 16000: ÿc4=== [MEPHISTO] ===
[10/06/26 08:06:54] D2BS 16000: ÿc4=== [DIABLO] ===
[10/06/26 08:13:15] D2BS 16000: party has left: fowo-xb
[10/06/26 08:13:15] D2BS 16000:  [22:53] +4.82% / [Level 90] 68.82%
[10/06/26 08:13:15] D2BS 16000: Script threads\autobuildthread.js ended
[10/06/26 08:13:15] D2BS 16000: Script threads\partythread.js ended
[10/06/26 08:13:15] D2BS 16000: Script threads\townchicken.js ended
[10/06/26 08:13:15] D2BS 16000: Script default.dbj ended
[10/06/26 08:13:29] D2BS 16000: joining game pz-217
[10/06/26 08:13:30] D2BS 16000: ÿc2D2BSÿc0 :: Starting default.dbj
[10/06/26 08:13:30] D2BS 16000: ÿc2D2BSÿc0 :: default.dbj running.
[10/06/26 08:13:31] D2BS 16000: Loaded ÿc9[X.nip] [Y.nip] [Z.nip] [V.nip] [D.FGOM.nip]
[10/06/26 08:13:31] D2BS 16000: Loaded ÿc9[D.FGOM.js]
[10/06/26 08:13:31] D2BS 16000: equipped: [Head] 41
[10/06/26 08:13:31] D2BS 16000: equipped: [Neck] 24
[10/06/26 08:13:31] D2BS 16000: equipped: [Body] 21
[10/06/26 08:13:31] D2BS 16000: equipped: [ArmR] 32
[10/06/26 08:13:31] D2BS 16000: equipped: [ArmL] 26
[10/06/26 08:13:31] D2BS 16000: equipped: [RingR] 15
[10/06/26 08:13:31] D2BS 16000: equipped: [RingL] 14
[10/06/26 08:13:31] D2BS 16000: equipped: [Belt] 18
[10/06/26 08:13:31] D2BS 16000: equipped: [Boots] 13
[10/06/26 08:13:31] D2BS 16000: equipped: [Mitts] 13
[10/06/26 08:13:31] D2BS 16000: updateStat
[10/06/26 08:13:31] D2BS 16000: granted: [Head] 16
[10/06/26 08:13:31] D2BS 16000: granted: [Body] 20
[10/06/26 08:13:31] D2BS 16000: granted: [ArmR] 41
[10/06/26 08:13:31] D2BS 16000: Loaded ÿc9[AutoSmurf.js]
[10/06/26 08:13:37] D2BS 16000: farmingON
[10/06/26 08:13:38] D2BS 16000: Tiered: true
[10/06/26 08:13:38] D2BS 16000: UseMerc: true HP: 70
[10/06/26 08:13:38] D2BS 16000: Merc matched: Might
[10/06/26 08:14:11] D2BS 16000: act5+ BO
[10/06/26 08:14:24] D2BS 16000: ÿc4=== [BAAL] ===
[10/06/26 08:17:28] D2BS 16000: ÿc4=== [COUNTESS] ===
[10/06/26 08:18:36] D2BS 16000: ÿc4=== [PIT] ===
[10/06/26 08:19:58] D2BS 16000: ÿc4=== [ANDY] ===
[10/06/26 08:21:02] D2BS 16000: ÿc4=== [COWS] ===
[10/06/26 08:32:42] D2BS 16000: ÿc4=== [MEPHISTO] ===
[10/06/26 08:34:13] D2BS 16000: ÿc4=== [DIABLO] ===
[10/06/26 08:39:27] D2BS 16000: party has left: fowo-xa
[10/06/26 08:39:27] D2BS 16000:  [25:56] +3.44% / [Level 90] 72.27%
[10/06/26 08:39:27] D2BS 16000: Script threads\autobuildthread.js ended
[10/06/26 08:39:27] D2BS 16000: Script threads\partythread.js ended
[10/06/26 08:39:27] D2BS 16000: Script threads\townchicken.js ended
[10/06/26 08:39:27] D2BS 16000: Script default.dbj ended
[10/06/26 08:39:40] D2BS 16000: joining game pz-218
[10/06/26 08:39:42] D2BS 16000: ÿc2D2BSÿc0 :: Starting default.dbj
[10/06/26 08:39:42] D2BS 16000: ÿc2D2BSÿc0 :: default.dbj running.
[10/06/26 08:39:42] D2BS 16000: Loaded ÿc9[X.nip] [Y.nip] [Z.nip] [V.nip] [D.FGOM.nip]
[10/06/26 08:39:42] D2BS 16000: Loaded ÿc9[D.FGOM.js]
[10/06/26 08:39:42] D2BS 16000: equipped: [Head] 41
[10/06/26 08:39:42] D2BS 16000: equipped: [Neck] 24
[10/06/26 08:39:42] D2BS 16000: equipped: [Body] 21
[10/06/26 08:39:42] D2BS 16000: equipped: [ArmR] 32
[10/06/26 08:39:42] D2BS 16000: equipped: [ArmL] 26
[10/06/26 08:39:42] D2BS 16000: equipped: [RingR] 15
[10/06/26 08:39:42] D2BS 16000: equipped: [RingL] 14
[10/06/26 08:39:42] D2BS 16000: equipped: [Belt] 18
[10/06/26 08:39:42] D2BS 16000: equipped: [Boots] 13
[10/06/26 08:39:42] D2BS 16000: equipped: [Mitts] 13
[10/06/26 08:39:42] D2BS 16000: updateStat
[10/06/26 08:39:42] D2BS 16000: granted: [Head] 16
[10/06/26 08:39:42] D2BS 16000: granted: [Body] 20
[10/06/26 08:39:42] D2BS 16000: granted: [ArmR] 41
[10/06/26 08:39:42] D2BS 16000: Loaded ÿc9[AutoSmurf.js]
[10/06/26 08:39:48] D2BS 16000: Tiered: true
[10/06/26 08:39:48] D2BS 16000: UseMerc: true HP: 70
[10/06/26 08:39:49] D2BS 16000: farmingON
[10/06/26 08:39:55] D2BS 16000: Merc matched: Might
[10/06/26 08:40:22] D2BS 16000: act5+ BO
[10/06/26 08:40:34] D2BS 16000: ÿc4=== [BAAL] ===
[10/06/26 08:43:46] D2BS 16000: ÿc4=== [COUNTESS] ===
[10/06/26 08:44:59] D2BS 16000: ÿc4=== [PIT] ===
[10/06/26 08:45:51] D2BS 16000: updateStat
[10/06/26 08:47:03] D2BS 16000: ÿc4=== [ANDY] ===
[10/06/26 08:48:02] D2BS 16000: ÿc4=== [COWS] ===
[10/06/26 09:00:20] D2BS 16000: ÿc4=== [MEPHISTO] ===
[10/06/26 09:01:58] D2BS 16000: ÿc4=== [DIABLO] ===
[10/06/26 09:07:15] D2BS 16000: party has left: fowo-xd
[10/06/26 09:07:15] D2BS 16000: party has left: fowo-xd
[10/06/26 09:07:15] D2BS 16000: party has left: fowo-xd
[10/06/26 09:07:15] D2BS 16000:  [27:33] +3.99% / [Level 90] 76.26%
[10/06/26 09:07:15] D2BS 16000: Script threads\autobuildthread.js ended
[10/06/26 09:07:15] D2BS 16000: Script threads\partythread.js ended
[10/06/26 09:07:15] D2BS 16000: Script threads\townchicken.js ended
[10/06/26 09:07:15] D2BS 16000: Script default.dbj ended
[10/06/26 09:07:27] D2BS 16000: joining game pz-219
[10/06/26 09:07:29] D2BS 16000: ÿc2D2BSÿc0 :: Starting default.dbj
[10/06/26 09:07:29] D2BS 16000: ÿc2D2BSÿc0 :: default.dbj running.
[10/06/26 09:07:29] D2BS 16000: Loaded ÿc9[X.nip] [Y.nip] [Z.nip] [V.nip] [D.FGOM.nip]
[10/06/26 09:07:29] D2BS 16000: Loaded ÿc9[D.FGOM.js]
[10/06/26 09:07:29] D2BS 16000: equipped: [Head] 41
[10/06/26 09:07:29] D2BS 16000: equipped: [Neck] 24
[10/06/26 09:07:29] D2BS 16000: equipped: [Body] 21
[10/06/26 09:07:29] D2BS 16000: equipped: [ArmR] 32
[10/06/26 09:07:29] D2BS 16000: equipped: [ArmL] 26
[10/06/26 09:07:29] D2BS 16000: equipped: [RingR] 15
[10/06/26 09:07:29] D2BS 16000: equipped: [RingL] 14
[10/06/26 09:07:29] D2BS 16000: equipped: [Belt] 18
[10/06/26 09:07:29] D2BS 16000: equipped: [Boots] 13
[10/06/26 09:07:29] D2BS 16000: equipped: [Mitts] 13
[10/06/26 09:07:29] D2BS 16000: updateStat
[10/06/26 09:07:30] D2BS 16000: granted: [Head] 16
[10/06/26 09:07:30] D2BS 16000: granted: [Body] 20
[10/06/26 09:07:30] D2BS 16000: granted: [ArmR] 41
[10/06/26 09:07:30] D2BS 16000: Loaded ÿc9[AutoSmurf.js]
[10/06/26 09:07:36] D2BS 16000: farmingON
[10/06/26 09:07:38] D2BS 16000: Tiered: true
[10/06/26 09:07:38] D2BS 16000: UseMerc: true HP: 70
[10/06/26 09:07:50] D2BS 16000: Merc matched: Might
[10/06/26 09:08:07] D2BS 16000: act5+ BO
[10/06/26 09:08:22] D2BS 16000: ÿc4=== [BAAL] ===
[10/06/26 09:11:37] D2BS 16000: ÿc4=== [COUNTESS] ===
[10/06/26 09:12:47] D2BS 16000: ÿc4=== [PIT] ===
[10/06/26 09:14:16] D2BS 16000: ÿc4=== [ANDY] ===
[10/06/26 09:15:13] D2BS 16000: ÿc4=== [COWS] ===
[10/06/26 09:30:50] D2BS 16000: ÿc4=== [MEPHISTO] ===
[10/06/26 09:31:12] D2BS 16000: act1 BO
[10/06/26 09:32:16] D2BS 16000: ÿc4=== [DIABLO] ===
[10/06/26 09:37:27] D2BS 16000: party has left: fowo-xa
[10/06/26 09:37:27] D2BS 16000:  [29:58] +3.61% / [Level 90] 79.86%
[10/06/26 09:37:27] D2BS 16000: Script threads\autobuildthread.js ended
[10/06/26 09:37:27] D2BS 16000: Script threads\partythread.js ended
[10/06/26 09:37:27] D2BS 16000: Script threads\townchicken.js ended
[10/06/26 09:37:27] D2BS 16000: Script default.dbj ended
[10/06/26 09:37:39] D2BS 16000: joining game pz-220
[10/06/26 09:37:41] D2BS 16000: ÿc2D2BSÿc0 :: Starting default.dbj
[10/06/26 09:37:41] D2BS 16000: ÿc2D2BSÿc0 :: default.dbj running.
[10/06/26 09:37:42] D2BS 16000: Loaded ÿc9[X.nip] [Y.nip] [Z.nip] [V.nip] [D.FGOM.nip]
[10/06/26 09:37:42] D2BS 16000: Loaded ÿc9[D.FGOM.js]
[10/06/26 09:37:42] D2BS 16000: equipped: [Head] 41
[10/06/26 09:37:42] D2BS 16000: equipped: [Neck] 24
[10/06/26 09:37:42] D2BS 16000: equipped: [Body] 21
[10/06/26 09:37:42] D2BS 16000: equipped: [ArmR] 32
[10/06/26 09:37:42] D2BS 16000: equipped: [ArmL] 26
[10/06/26 09:37:42] D2BS 16000: equipped: [RingR] 15
[10/06/26 09:37:42] D2BS 16000: equipped: [RingL] 14
[10/06/26 09:37:42] D2BS 16000: equipped: [Belt] 18
[10/06/26 09:37:42] D2BS 16000: equipped: [Boots] 13
[10/06/26 09:37:42] D2BS 16000: equipped: [Mitts] 13
[10/06/26 09:37:42] D2BS 16000: updateStat
[10/06/26 09:37:42] D2BS 16000: granted: [Head] 16
[10/06/26 09:37:42] D2BS 16000: granted: [Body] 20
[10/06/26 09:37:42] D2BS 16000: granted: [ArmR] 41
[10/06/26 09:37:42] D2BS 16000: Loaded ÿc9[AutoSmurf.js]
[10/06/26 09:37:46] D2BS 16000: Tiered: true
[10/06/26 09:37:46] D2BS 16000: UseMerc: true HP: 70
[10/06/26 09:37:47] D2BS 16000: farmingON
[10/06/26 09:37:56] D2BS 16000: [Reroll] Magic Small Charm
[10/06/26 09:38:00] D2BS 16000: Merc matched: Might
[10/06/26 09:38:25] D2BS 16000: act5+ BO
[10/06/26 09:38:37] D2BS 16000: ÿc4=== [BAAL] ===
[10/06/26 09:42:17] D2BS 16000: ÿc4=== [COUNTESS] ===
[10/06/26 09:43:37] D2BS 16000: ÿc4=== [PIT] ===
[10/06/26 09:44:57] D2BS 16000: ÿc4=== [ANDY] ===
[10/06/26 09:46:02] D2BS 16000: ÿc4=== [COWS] ===
[10/06/26 09:59:49] D2BS 16000: ÿc4=== [MEPHISTO] ===
[10/06/26 10:01:16] D2BS 16000: ÿc4=== [DIABLO] ===
[10/06/26 10:07:26] D2BS 16000: Script ended
[10/06/26 10:07:26] D2BS 16000:  [29:46] +4.74% / [Level 90] 84.61%
[10/06/26 10:07:26] D2BS 16000: Script threads\autobuildthread.js ended
[10/06/26 10:07:26] D2BS 16000: Script threads\partythread.js ended
[10/06/26 10:07:27] D2BS 16000: Script threads\townchicken.js ended
[10/06/26 10:07:39] D2BS 16000: joining game pz-221
[10/06/26 10:07:41] D2BS 16000: ÿc2D2BSÿc0 :: Starting default.dbj
[10/06/26 10:07:41] D2BS 16000: ÿc2D2BSÿc0 :: default.dbj running.
[10/06/26 10:07:42] D2BS 16000: Loaded ÿc9[X.nip] [Y.nip] [Z.nip] [V.nip] [D.FGOM.nip]
[10/06/26 10:07:42] D2BS 16000: Loaded ÿc9[D.FGOM.js]
[10/06/26 10:07:42] D2BS 16000: equipped: [Head] 41
[10/06/26 10:07:42] D2BS 16000: equipped: [Neck] 24
[10/06/26 10:07:42] D2BS 16000: equipped: [Body] 21
[10/06/26 10:07:42] D2BS 16000: equipped: [ArmR] 32
[10/06/26 10:07:42] D2BS 16000: equipped: [ArmL] 26
[10/06/26 10:07:42] D2BS 16000: equipped: [RingR] 15
[10/06/26 10:07:42] D2BS 16000: equipped: [RingL] 14
[10/06/26 10:07:42] D2BS 16000: equipped: [Belt] 18
[10/06/26 10:07:42] D2BS 16000: equipped: [Boots] 13
[10/06/26 10:07:42] D2BS 16000: equipped: [Mitts] 13
[10/06/26 10:07:42] D2BS 16000: updateStat
[10/06/26 10:07:42] D2BS 16000: granted: [Head] 16
[10/06/26 10:07:42] D2BS 16000: granted: [Body] 20
[10/06/26 10:07:42] D2BS 16000: granted: [ArmR] 41
[10/06/26 10:07:42] D2BS 16000: Loaded ÿc9[AutoSmurf.js]
[10/06/26 10:07:48] D2BS 16000: farmingON
[10/06/26 10:07:48] D2BS 16000: Tiered: true
[10/06/26 10:07:48] D2BS 16000: UseMerc: true HP: 70
[10/06/26 10:08:04] D2BS 16000: Merc matched: Might
[10/06/26 10:08:18] D2BS 16000: act5+ BO
[10/06/26 10:08:30] D2BS 16000: ÿc4=== [BAAL] ===
[10/06/26 10:11:58] D2BS 16000: ÿc4=== [COUNTESS] ===
[10/06/26 10:13:04] D2BS 16000: ÿc4=== [PIT] ===
[10/06/26 10:14:42] D2BS 16000: ÿc4=== [ANDY] ===
[10/06/26 10:15:39] D2BS 16000: ÿc4=== [COWS] ===
[10/06/26 10:16:32] D2BS 16000: updateStat
[10/06/26 10:27:38] D2BS 16000: ÿc4=== [MEPHISTO] ===
[10/06/26 10:29:03] D2BS 16000: ÿc4=== [DIABLO] ===
[10/06/26 10:35:39] D2BS 16000: party has left: fowo-xa, fowo-xb
[10/06/26 10:35:39] D2BS 16000:  [27:58] +4.15% / [Level 90] 88.76%
[10/06/26 10:35:39] D2BS 16000: Script threads\autobuildthread.js ended
[10/06/26 10:35:39] D2BS 16000: Script threads\partythread.js ended
[10/06/26 10:35:39] D2BS 16000: Script threads\townchicken.js ended
[10/06/26 10:35:39] D2BS 16000: Script default.dbj ended
[10/06/26 10:35:52] D2BS 16000: joining game pz-222
[10/06/26 10:35:54] D2BS 16000: ÿc2D2BSÿc0 :: Starting default.dbj
[10/06/26 10:35:54] D2BS 16000: ÿc2D2BSÿc0 :: default.dbj running.
[10/06/26 10:35:54] D2BS 16000: Loaded ÿc9[X.nip] [Y.nip] [Z.nip] [V.nip] [D.FGOM.nip]
[10/06/26 10:35:54] D2BS 16000: Loaded ÿc9[D.FGOM.js]
[10/06/26 10:35:54] D2BS 16000: equipped: [Head] 41
[10/06/26 10:35:54] D2BS 16000: equipped: [Neck] 24
[10/06/26 10:35:54] D2BS 16000: equipped: [Body] 21
[10/06/26 10:35:54] D2BS 16000: equipped: [ArmR] 32
[10/06/26 10:35:54] D2BS 16000: equipped: [ArmL] 26
[10/06/26 10:35:54] D2BS 16000: equipped: [RingR] 15
[10/06/26 10:35:54] D2BS 16000: equipped: [RingL] 14
[10/06/26 10:35:54] D2BS 16000: equipped: [Belt] 18
[10/06/26 10:35:54] D2BS 16000: equipped: [Boots] 13
[10/06/26 10:35:54] D2BS 16000: equipped: [Mitts] 13
[10/06/26 10:35:54] D2BS 16000: updateStat
[10/06/26 10:35:54] D2BS 16000: granted: [Head] 16
[10/06/26 10:35:54] D2BS 16000: granted: [Body] 20
[10/06/26 10:35:54] D2BS 16000: granted: [ArmR] 41
[10/06/26 10:35:54] D2BS 16000: Loaded ÿc9[AutoSmurf.js]
[10/06/26 10:35:59] D2BS 16000: Tiered: true
[10/06/26 10:35:59] D2BS 16000: UseMerc: true HP: 70
[10/06/26 10:36:00] D2BS 16000: farmingON
[10/06/26 10:36:13] D2BS 16000: Merc matched: Might
[10/06/26 10:36:32] D2BS 16000: act5+ BO
[10/06/26 10:36:44] D2BS 16000: ÿc4=== [BAAL] ===
[10/06/26 10:40:15] D2BS 16000: ÿc4=== [COUNTESS] ===
[10/06/26 10:41:43] D2BS 16000: ÿc4=== [PIT] ===
[10/06/26 10:43:25] D2BS 16000: ÿc4=== [ANDY] ===
[10/06/26 10:44:29] D2BS 16000: ÿc4=== [COWS] ===
[10/06/26 10:51:02] D2BS 16000: party has left: fowo-xa
[10/06/26 10:51:02] D2BS 16000:  [15:08] +2.31% / [Level 90] 91.07%
[10/06/26 10:51:02] D2BS 16000: Script threads\autobuildthread.js ended
[10/06/26 10:51:02] D2BS 16000: Script threads\partythread.js ended
[10/06/26 10:51:02] D2BS 16000: Script threads\townchicken.js ended
[10/06/26 10:51:02] D2BS 16000: Script default.dbj ended
[10/06/26 10:51:16] D2BS 16000: joining game pz-223
[10/06/26 10:51:18] D2BS 16000: ÿc2D2BSÿc0 :: Starting default.dbj
[10/06/26 10:51:18] D2BS 16000: ÿc2D2BSÿc0 :: default.dbj running.
[10/06/26 10:51:18] D2BS 16000: Loaded ÿc9[X.nip] [Y.nip] [Z.nip] [V.nip] [D.FGOM.nip]
[10/06/26 10:51:18] D2BS 16000: Loaded ÿc9[D.FGOM.js]
[10/06/26 10:51:18] D2BS 16000: equipped: [Head] 41
[10/06/26 10:51:18] D2BS 16000: equipped: [Neck] 24
[10/06/26 10:51:18] D2BS 16000: equipped: [Body] 21
[10/06/26 10:51:18] D2BS 16000: equipped: [ArmR] 32
[10/06/26 10:51:18] D2BS 16000: equipped: [ArmL] 26
[10/06/26 10:51:18] D2BS 16000: equipped: [RingR] 15
[10/06/26 10:51:18] D2BS 16000: equipped: [RingL] 14
[10/06/26 10:51:18] D2BS 16000: equipped: [Belt] 18
[10/06/26 10:51:18] D2BS 16000: equipped: [Boots] 13
[10/06/26 10:51:18] D2BS 16000: equipped: [Mitts] 13
[10/06/26 10:51:18] D2BS 16000: updateStat
[10/06/26 10:51:18] D2BS 16000: granted: [Head] 16
[10/06/26 10:51:18] D2BS 16000: granted: [Body] 20
[10/06/26 10:51:18] D2BS 16000: granted: [ArmR] 41
[10/06/26 10:51:18] D2BS 16000: Loaded ÿc9[AutoSmurf.js]
[10/06/26 10:51:23] D2BS 16000: Tiered: true
[10/06/26 10:51:23] D2BS 16000: UseMerc: true HP: 70
[10/06/26 10:51:24] D2BS 16000: farmingON
[10/06/26 10:51:31] D2BS 16000: Merc matched: Might
[10/06/26 10:52:12] D2BS 16000: act5+ BO
[10/06/26 10:52:42] D2BS 16000: party has left: fowo-xa
[10/06/26 10:52:42] D2BS 16000: no exp [01:25]
[10/06/26 10:52:42] D2BS 16000: Script threads\autobuildthread.js ended
[10/06/26 10:52:42] D2BS 16000: Script threads\partythread.js ended
[10/06/26 10:52:43] D2BS 16000: Script threads\townchicken.js ended
[10/06/26 10:52:43] D2BS 16000: Script default.dbj ended
[10/06/26 10:52:55] D2BS 16000: joining game pz-224
[10/06/26 10:52:57] D2BS 16000: ÿc2D2BSÿc0 :: Starting default.dbj
[10/06/26 10:52:57] D2BS 16000: ÿc2D2BSÿc0 :: default.dbj running.
[10/06/26 10:52:57] D2BS 16000: Loaded ÿc9[X.nip] [Y.nip] [Z.nip] [V.nip] [D.FGOM.nip]
[10/06/26 10:52:57] D2BS 16000: Loaded ÿc9[D.FGOM.js]
[10/06/26 10:52:57] D2BS 16000: equipped: [Head] 41
[10/06/26 10:52:57] D2BS 16000: equipped: [Neck] 24
[10/06/26 10:52:57] D2BS 16000: equipped: [Body] 21
[10/06/26 10:52:57] D2BS 16000: equipped: [ArmR] 32
[10/06/26 10:52:57] D2BS 16000: equipped: [ArmL] 26
[10/06/26 10:52:57] D2BS 16000: equipped: [RingR] 15
[10/06/26 10:52:57] D2BS 16000: equipped: [RingL] 14
[10/06/26 10:52:57] D2BS 16000: equipped: [Belt] 18
[10/06/26 10:52:57] D2BS 16000: equipped: [Boots] 13
[10/06/26 10:52:57] D2BS 16000: equipped: [Mitts] 13
[10/06/26 10:52:57] D2BS 16000: updateStat
[10/06/26 10:52:57] D2BS 16000: granted: [Head] 16
[10/06/26 10:52:57] D2BS 16000: granted: [Body] 20
[10/06/26 10:52:57] D2BS 16000: granted: [ArmR] 41
[10/06/26 10:52:57] D2BS 16000: Loaded ÿc9[AutoSmurf.js]
[10/06/26 10:52:59] D2BS 16000: Tiered: true
[10/06/26 10:52:59] D2BS 16000: UseMerc: true HP: 70
[10/06/26 10:52:59] D2BS 16000: farmingON
[10/06/26 10:52:59] D2BS 16000: Merc matched: Might
[10/06/26 10:53:26] D2BS 16000: act5+ BO
[10/06/26 10:53:29] D2BS 16000: party has left: fowo-xb
[10/06/26 10:53:29] D2BS 16000: no exp [00:32]
[10/06/26 10:53:29] D2BS 16000: Script threads\autobuildthread.js ended
[10/06/26 10:53:31] D2BS 16000: Script threads\partythread.js ended
[10/06/26 10:53:31] D2BS 16000: Script threads\townchicken.js ended
[10/06/26 10:53:31] D2BS 16000: Script default.dbj ended
[10/06/26 10:54:55] D2BS 16000: joining game pz-225
[10/06/26 10:54:56] D2BS 16000: ÿc2D2BSÿc0 :: Starting default.dbj
[10/06/26 10:54:56] D2BS 16000: ÿc2D2BSÿc0 :: default.dbj running.
[10/06/26 10:54:57] D2BS 16000: Loaded ÿc9[X.nip] [Y.nip] [Z.nip] [V.nip] [D.FGOM.nip]
[10/06/26 10:54:57] D2BS 16000: Loaded ÿc9[D.FGOM.js]
[10/06/26 10:54:57] D2BS 16000: equipped: [Head] 41
[10/06/26 10:54:57] D2BS 16000: equipped: [Neck] 24
[10/06/26 10:54:57] D2BS 16000: equipped: [Body] 21
[10/06/26 10:54:57] D2BS 16000: equipped: [ArmR] 32
[10/06/26 10:54:57] D2BS 16000: equipped: [ArmL] 26
[10/06/26 10:54:57] D2BS 16000: equipped: [RingR] 15
[10/06/26 10:54:57] D2BS 16000: equipped: [RingL] 14
[10/06/26 10:54:57] D2BS 16000: equipped: [Belt] 18
[10/06/26 10:54:57] D2BS 16000: equipped: [Boots] 13
[10/06/26 10:54:57] D2BS 16000: equipped: [Mitts] 13
[10/06/26 10:54:58] D2BS 16000: updateStat
[10/06/26 10:54:58] D2BS 16000: granted: [Head] 16
[10/06/26 10:54:58] D2BS 16000: granted: [Body] 20
[10/06/26 10:54:58] D2BS 16000: granted: [ArmR] 41
[10/06/26 10:54:58] D2BS 16000: Loaded ÿc9[AutoSmurf.js]
[10/06/26 10:54:59] D2BS 16000: farmingON
[10/06/26 10:55:00] D2BS 16000: Tiered: true
[10/06/26 10:55:00] D2BS 16000: UseMerc: true HP: 70
[10/06/26 10:55:00] D2BS 16000: Merc matched: Might
[10/06/26 10:55:23] D2BS 16000: act5+ BO
[10/06/26 10:55:48] D2BS 16000: party has left: fowo-xa
[10/06/26 10:55:48] D2BS 16000: no exp [00:52]
[10/06/26 10:55:48] D2BS 16000: Script threads\autobuildthread.js ended
[10/06/26 10:55:48] D2BS 16000: Script threads\partythread.js ended
[10/06/26 10:55:48] D2BS 16000: Script threads\townchicken.js ended
[10/06/26 10:55:48] D2BS 16000: Script default.dbj ended
[10/06/26 10:56:04] D2BS 16000: joining game pz-226
[10/06/26 10:56:06] D2BS 16000: ÿc2D2BSÿc0 :: Starting default.dbj
[10/06/26 10:56:06] D2BS 16000: ÿc2D2BSÿc0 :: default.dbj running.
[10/06/26 10:56:06] D2BS 16000: Loaded ÿc9[X.nip] [Y.nip] [Z.nip] [V.nip] [D.FGOM.nip]
[10/06/26 10:56:06] D2BS 16000: Loaded ÿc9[D.FGOM.js]
[10/06/26 10:56:06] D2BS 16000: equipped: [Head] 41
[10/06/26 10:56:06] D2BS 16000: equipped: [Neck] 24
[10/06/26 10:56:06] D2BS 16000: equipped: [Body] 21
[10/06/26 10:56:06] D2BS 16000: equipped: [ArmR] 32
[10/06/26 10:56:07] D2BS 16000: equipped: [ArmL] 26
[10/06/26 10:56:07] D2BS 16000: equipped: [RingR] 15
[10/06/26 10:56:07] D2BS 16000: equipped: [RingL] 14
[10/06/26 10:56:07] D2BS 16000: equipped: [Belt] 18
[10/06/26 10:56:07] D2BS 16000: equipped: [Boots] 13
[10/06/26 10:56:07] D2BS 16000: equipped: [Mitts] 13
[10/06/26 10:56:07] D2BS 16000: updateStat
[10/06/26 10:56:07] D2BS 16000: granted: [Head] 16
[10/06/26 10:56:07] D2BS 16000: granted: [Body] 20
[10/06/26 10:56:07] D2BS 16000: granted: [ArmR] 41
[10/06/26 10:56:07] D2BS 16000: Loaded ÿc9[AutoSmurf.js]
[10/06/26 10:56:09] D2BS 16000: Tiered: true
[10/06/26 10:56:09] D2BS 16000: UseMerc: true HP: 70
[10/06/26 10:56:09] D2BS 16000: farmingON
[10/06/26 10:56:09] D2BS 16000: Merc matched: Might
[10/06/26 10:56:35] D2BS 16000: act5+ BO
[10/06/26 10:56:47] D2BS 16000: ÿc4=== [BAAL] ===
[10/06/26 11:00:00] D2BS 16000: ÿc4=== [COUNTESS] ===
[10/06/26 11:01:12] D2BS 16000: ÿc4=== [PIT] ===
[10/06/26 11:02:54] D2BS 16000: ÿc4=== [ANDY] ===
[10/06/26 11:03:49] D2BS 16000: ÿc4=== [COWS] ===
[10/06/26 11:16:48] D2BS 16000: Going to town
[10/06/26 11:17:57] D2BS 16000: ÿc4=== [MEPHISTO] ===
[10/06/26 11:19:31] D2BS 16000: ÿc4=== [DIABLO] ===
[10/06/26 11:19:38] D2BS 16000: updateStat
[10/06/26 11:19:38] D2BS 16000: granted: [Head] 16
[10/06/26 11:19:38] D2BS 16000: granted: [Body] 20
[10/06/26 11:19:38] D2BS 16000: granted: [ArmR] 41
[10/06/26 11:25:35] D2BS 16000: Script ended
[10/06/26 11:25:36] D2BS 16000:  [29:30] +3.99% / [Level 90] 95.06%
[10/06/26 11:25:36] D2BS 16000: Script threads\autobuildthread.js ended
[10/06/26 11:25:36] D2BS 16000: Script threads\partythread.js ended
[10/06/26 11:25:36] D2BS 16000: Script threads\townchicken.js ended
[10/06/26 11:25:49] D2BS 16000: joining game pz-227
[10/06/26 11:25:51] D2BS 16000: ÿc2D2BSÿc0 :: Starting default.dbj
[10/06/26 11:25:51] D2BS 16000: ÿc2D2BSÿc0 :: default.dbj running.
[10/06/26 11:25:51] D2BS 16000: Loaded ÿc9[X.nip] [Y.nip] [Z.nip] [V.nip] [D.FGOM.nip]
[10/06/26 11:25:51] D2BS 16000: Loaded ÿc9[D.FGOM.js]
[10/06/26 11:25:51] D2BS 16000: equipped: [Head] 41
[10/06/26 11:25:51] D2BS 16000: equipped: [Neck] 24
[10/06/26 11:25:51] D2BS 16000: equipped: [Body] 21
[10/06/26 11:25:51] D2BS 16000: equipped: [ArmR] 32
[10/06/26 11:25:51] D2BS 16000: equipped: [ArmL] 26
[10/06/26 11:25:51] D2BS 16000: equipped: [RingR] 15
[10/06/26 11:25:51] D2BS 16000: equipped: [RingL] 14
[10/06/26 11:25:51] D2BS 16000: equipped: [Belt] 18
[10/06/26 11:25:51] D2BS 16000: equipped: [Boots] 13
[10/06/26 11:25:51] D2BS 16000: equipped: [Mitts] 13
[10/06/26 11:25:51] D2BS 16000: updateStat
[10/06/26 11:25:51] D2BS 16000: granted: [Head] 16
[10/06/26 11:25:51] D2BS 16000: granted: [Body] 20
[10/06/26 11:25:51] D2BS 16000: granted: [ArmR] 41
[10/06/26 11:25:51] D2BS 16000: Loaded ÿc9[AutoSmurf.js]
[10/06/26 11:25:56] D2BS 16000: Tiered: true
[10/06/26 11:25:56] D2BS 16000: UseMerc: true HP: 70
[10/06/26 11:25:56] D2BS 16000: farmingON
[10/06/26 11:26:06] D2BS 16000: [Reroll] Magic Small Charm
[10/06/26 11:26:11] D2BS 16000: Merc matched: Might
[10/06/26 11:26:31] D2BS 16000: act5+ BO
[10/06/26 11:26:43] D2BS 16000: ÿc4=== [BAAL] ===
[10/06/26 11:29:57] D2BS 16000: ÿc4=== [COUNTESS] ===
[10/06/26 11:31:12] D2BS 16000: ÿc4=== [PIT] ===
[10/06/26 11:32:42] D2BS 16000: ÿc4=== [ANDY] ===
[10/06/26 11:33:27] D2BS 16000: ÿc4=== [COWS] ===
[10/06/26 11:44:08] D2BS 16000: ÿc4=== [MEPHISTO] ===
[10/06/26 11:45:35] D2BS 16000: ÿc4=== [DIABLO] ===
[10/06/26 11:51:11] D2BS 16000: party has left: fowo-xd
[10/06/26 11:51:11] D2BS 16000:  [25:21] +4.20% / [Level 90] 99.26%
[10/06/26 11:51:11] D2BS 16000: Script threads\autobuildthread.js ended
[10/06/26 11:51:11] D2BS 16000: Script threads\partythread.js ended
[10/06/26 11:51:12] D2BS 16000: Script threads\townchicken.js ended
[10/06/26 11:51:12] D2BS 16000: Script default.dbj ended
[10/06/26 11:51:19] D2BS 16000: D2BS Shutdown complete.
