[10/06/26 00:01:04] D2BS 4660: ÿc4=== [DIABLO] ===
[10/06/26 00:06:43] D2BS 4660: party has left: fowo-xa
[10/06/26 00:06:43] D2BS 4660:  [15:06] +5.48% / [Level 89] 82.69%
[10/06/26 00:06:43] D2BS 4660: Script threads\autobuildthread.js ended
[10/06/26 00:06:43] D2BS 4660: Script threads\partythread.js ended
[10/06/26 00:06:43] D2BS 4660: Script threads\townchicken.js ended
[10/06/26 00:06:43] D2BS 4660: Script default.dbj ended
[10/06/26 00:06:56] D2BS 4660: joining game pz-187
[10/06/26 00:06:57] D2BS 4660: ÿc2D2BSÿc0 :: Starting default.dbj
[10/06/26 00:06:57] D2BS 4660: ÿc2D2BSÿc0 :: default.dbj running.
[10/06/26 00:06:58] D2BS 4660: Loaded ÿc9[X.nip] [Y.nip] [Z.nip] [V.nip] [B.WCRY.nip]
[10/06/26 00:06:58] D2BS 4660: Loaded ÿc9[B.WCRY.js]
[10/06/26 00:06:58] D2BS 4660: equipped: [Head] 21
[10/06/26 00:06:59] D2BS 4660: equipped: [Neck] 19
[10/06/26 00:06:59] D2BS 4660: equipped: [Body] 21
[10/06/26 00:06:59] D2BS 4660: equipped: [ArmR] 37
[10/06/26 00:06:59] D2BS 4660: equipped: [ArmL] 38
[10/06/26 00:06:59] D2BS 4660: equipped: [RingR] 18
[10/06/26 00:06:59] D2BS 4660: equipped: [RingL] 15
[10/06/26 00:06:59] D2BS 4660: equipped: [Belt] 18
[10/06/26 00:06:59] D2BS 4660: equipped: [Boots] 12
[10/06/26 00:06:59] D2BS 4660: equipped: [Mitts] 13
[10/06/26 00:06:59] D2BS 4660: updateStat
[10/06/26 00:06:59] D2BS 4660: granted: [Head] 15
[10/06/26 00:06:59] D2BS 4660: granted: [Body] 21
[10/06/26 00:06:59] D2BS 4660: granted: [ArmR] 27
[10/06/26 00:06:59] D2BS 4660: Loaded ÿc9[AutoSmurf.js]
[10/06/26 00:07:03] D2BS 4660: farmingON
[10/06/26 00:07:05] D2BS 4660: MiniShopBot: true
[10/06/26 00:07:05] D2BS 4660: UseMerc: true HP: 70
[10/06/26 00:07:23] D2BS 4660: Merc matched: Prayer
[10/06/26 00:07:46] D2BS 4660: act5+ BO
[10/06/26 00:07:59] D2BS 4660: ÿc4=== [BAAL] ===
[10/06/26 00:11:31] D2BS 4660: ÿc4=== [COUNTESS] ===
[10/06/26 00:12:39] D2BS 4660: ÿc4=== [PIT] ===
[10/06/26 00:14:10] D2BS 4660: ÿc4=== [ANDY] ===
[10/06/26 00:15:02] D2BS 4660: ÿc4=== [MEPHISTO] ===
[10/06/26 00:16:30] D2BS 4660: ÿc4=== [DIABLO] ===
[10/06/26 00:22:54] D2BS 4660: party has left: fowo-xb
[10/06/26 00:22:54] D2BS 4660:  [15:56] +6.12% / [Level 89] 88.81%
[10/06/26 00:22:54] D2BS 4660: Script threads\autobuildthread.js ended
[10/06/26 00:22:54] D2BS 4660: Script threads\partythread.js ended
[10/06/26 00:22:54] D2BS 4660: Script threads\townchicken.js ended
[10/06/26 00:22:54] D2BS 4660: Script default.dbj ended
[10/06/26 00:23:06] D2BS 4660: joining game pz-188
[10/06/26 00:23:09] D2BS 4660: ÿc2D2BSÿc0 :: Starting default.dbj
[10/06/26 00:23:09] D2BS 4660: ÿc2D2BSÿc0 :: default.dbj running.
[10/06/26 00:23:09] D2BS 4660: Loaded ÿc9[X.nip] [Y.nip] [Z.nip] [V.nip] [B.WCRY.nip]
[10/06/26 00:23:09] D2BS 4660: Loaded ÿc9[B.WCRY.js]
[10/06/26 00:23:09] D2BS 4660: equipped: [Head] 21
[10/06/26 00:23:09] D2BS 4660: equipped: [Neck] 19
[10/06/26 00:23:09] D2BS 4660: equipped: [Body] 21
[10/06/26 00:23:09] D2BS 4660: equipped: [ArmR] 37
[10/06/26 00:23:09] D2BS 4660: equipped: [ArmL] 38
[10/06/26 00:23:09] D2BS 4660: equipped: [RingR] 18
[10/06/26 00:23:09] D2BS 4660: equipped: [RingL] 15
[10/06/26 00:23:09] D2BS 4660: equipped: [Belt] 18
[10/06/26 00:23:09] D2BS 4660: equipped: [Boots] 12
[10/06/26 00:23:09] D2BS 4660: equipped: [Mitts] 13
[10/06/26 00:23:09] D2BS 4660: updateStat
[10/06/26 00:23:09] D2BS 4660: granted: [Head] 15
[10/06/26 00:23:09] D2BS 4660: granted: [Body] 21
[10/06/26 00:23:09] D2BS 4660: granted: [ArmR] 27
[10/06/26 00:23:09] D2BS 4660: Loaded ÿc9[AutoSmurf.js]
[10/06/26 00:23:13] D2BS 4660: farmingON
[10/06/26 00:23:14] D2BS 4660: MiniShopBot: true
[10/06/26 00:23:14] D2BS 4660: UseMerc: true HP: 70
[10/06/26 00:23:30] D2BS 4660: Merc matched: Prayer
[10/06/26 00:23:46] D2BS 4660: act5+ BO
[10/06/26 00:24:00] D2BS 4660: ÿc4=== [BAAL] ===
[10/06/26 00:27:29] D2BS 4660: ÿc4=== [COUNTESS] ===
[10/06/26 00:28:42] D2BS 4660: ÿc4=== [PIT] ===
[10/06/26 00:30:12] D2BS 4660: ÿc4=== [ANDY] ===
[10/06/26 00:30:42] D2BS 4660: updateStat
[10/06/26 00:31:02] D2BS 4660: ÿc4=== [MEPHISTO] ===
[10/06/26 00:32:14] D2BS 4660: ÿc4=== [DIABLO] ===
[10/06/26 00:37:08] D2BS 4660: party has left: fowo-xa
[10/06/26 00:37:08] D2BS 4660:  [14:00] +5.22% / [Level 89] 94.03%
[10/06/26 00:37:08] D2BS 4660: Script threads\autobuildthread.js ended
[10/06/26 00:37:08] D2BS 4660: Script threads\partythread.js ended
[10/06/26 00:37:08] D2BS 4660: Script threads\townchicken.js ended
[10/06/26 00:37:08] D2BS 4660: Script default.dbj ended
[10/06/26 00:37:21] D2BS 4660: joining game pz-189
[10/06/26 00:37:23] D2BS 4660: ÿc2D2BSÿc0 :: Starting default.dbj
[10/06/26 00:37:23] D2BS 4660: ÿc2D2BSÿc0 :: default.dbj running.
[10/06/26 00:37:23] D2BS 4660: Loaded ÿc9[X.nip] [Y.nip] [Z.nip] [V.nip] [B.WCRY.nip]
[10/06/26 00:37:23] D2BS 4660: Loaded ÿc9[B.WCRY.js]
[10/06/26 00:37:23] D2BS 4660: equipped: [Head] 21
[10/06/26 00:37:23] D2BS 4660: equipped: [Neck] 19
[10/06/26 00:37:23] D2BS 4660: equipped: [Body] 21
[10/06/26 00:37:23] D2BS 4660: equipped: [ArmR] 37
[10/06/26 00:37:23] D2BS 4660: equipped: [ArmL] 38
[10/06/26 00:37:23] D2BS 4660: equipped: [RingR] 18
[10/06/26 00:37:23] D2BS 4660: equipped: [RingL] 15
[10/06/26 00:37:23] D2BS 4660: equipped: [Belt] 18
[10/06/26 00:37:23] D2BS 4660: equipped: [Boots] 12
[10/06/26 00:37:23] D2BS 4660: equipped: [Mitts] 13
[10/06/26 00:37:23] D2BS 4660: updateStat
[10/06/26 00:37:23] D2BS 4660: granted: [Head] 15
[10/06/26 00:37:23] D2BS 4660: granted: [Body] 21
[10/06/26 00:37:23] D2BS 4660: granted: [ArmR] 27
[10/06/26 00:37:23] D2BS 4660: Loaded ÿc9[AutoSmurf.js]
[10/06/26 00:37:28] D2BS 4660: farmingON
[10/06/26 00:37:29] D2BS 4660: MiniShopBot: true
[10/06/26 00:37:29] D2BS 4660: UseMerc: true HP: 70
[10/06/26 00:37:50] D2BS 4660: Merc matched: Prayer
[10/06/26 00:38:01] D2BS 4660: act5+ BO
[10/06/26 00:38:13] D2BS 4660: ÿc4=== [BAAL] ===
[10/06/26 00:38:32] D2BS 4660: Baal failed: souls found
[10/06/26 00:38:32] D2BS 4660: ÿc4=== [COUNTESS] ===
[10/06/26 00:39:36] D2BS 4660: ÿc4=== [PIT] ===
[10/06/26 00:41:25] D2BS 4660: ÿc4=== [ANDY] ===
[10/06/26 00:42:31] D2BS 4660: ÿc4=== [MEPHISTO] ===
[10/06/26 00:43:49] D2BS 4660: ÿc4=== [DIABLO] ===
[10/06/26 00:49:12] D2BS 4660: Script ended
[10/06/26 00:49:12] D2BS 4660:  [11:50] +2.89% / [Level 89] 96.92%
[10/06/26 00:49:12] D2BS 4660: Script threads\autobuildthread.js ended
[10/06/26 00:49:12] D2BS 4660: Script threads\partythread.js ended
[10/06/26 00:49:12] D2BS 4660: Script threads\townchicken.js ended
[10/06/26 00:49:26] D2BS 4660: joining game pz-190
[10/06/26 00:49:28] D2BS 4660: ÿc2D2BSÿc0 :: Starting default.dbj
[10/06/26 00:49:28] D2BS 4660: ÿc2D2BSÿc0 :: default.dbj running.
[10/06/26 00:49:28] D2BS 4660: Loaded ÿc9[X.nip] [Y.nip] [Z.nip] [V.nip] [B.WCRY.nip]
[10/06/26 00:49:28] D2BS 4660: Loaded ÿc9[B.WCRY.js]
[10/06/26 00:49:28] D2BS 4660: equipped: [Head] 21
[10/06/26 00:49:28] D2BS 4660: equipped: [Neck] 19
[10/06/26 00:49:28] D2BS 4660: equipped: [Body] 21
[10/06/26 00:49:28] D2BS 4660: equipped: [ArmR] 37
[10/06/26 00:49:28] D2BS 4660: equipped: [ArmL] 38
[10/06/26 00:49:28] D2BS 4660: equipped: [RingR] 18
[10/06/26 00:49:28] D2BS 4660: equipped: [RingL] 15
[10/06/26 00:49:28] D2BS 4660: equipped: [Belt] 18
[10/06/26 00:49:29] D2BS 4660: equipped: [Boots] 12
[10/06/26 00:49:29] D2BS 4660: equipped: [Mitts] 13
[10/06/26 00:49:29] D2BS 4660: updateStat
[10/06/26 00:49:29] D2BS 4660: granted: [Head] 15
[10/06/26 00:49:29] D2BS 4660: granted: [Body] 21
[10/06/26 00:49:29] D2BS 4660: granted: [ArmR] 27
[10/06/26 00:49:29] D2BS 4660: Loaded ÿc9[AutoSmurf.js]
[10/06/26 00:49:33] D2BS 4660: farmingON
[10/06/26 00:49:34] D2BS 4660: MiniShopBot: true
[10/06/26 00:49:34] D2BS 4660: UseMerc: true HP: 70
[10/06/26 00:49:52] D2BS 4660: Merc matched: Prayer
[10/06/26 00:50:08] D2BS 4660: act5+ BO
[10/06/26 00:50:20] D2BS 4660: ÿc4=== [BAAL] ===
[10/06/26 00:50:34] D2BS 4660: Baal failed: souls found
[10/06/26 00:50:34] D2BS 4660: ÿc4=== [COUNTESS] ===
[10/06/26 00:51:46] D2BS 4660: ÿc4=== [PIT] ===
[10/06/26 00:53:29] D2BS 4660: ÿc4=== [ANDY] ===
[10/06/26 00:54:27] D2BS 4660: ÿc4=== [MEPHISTO] ===
[10/06/26 00:55:50] D2BS 4660: ÿc4=== [DIABLO] ===
[10/06/26 01:00:44] D2BS 4660: party has left: fowo-xa
[10/06/26 01:00:44] D2BS 4660: party has left: fowo-xa
[10/06/26 01:00:45] D2BS 4660:  [11:17] +2.96% / [Level 89] 99.88%
[10/06/26 01:00:45] D2BS 4660: Script threads\autobuildthread.js ended
[10/06/26 01:00:45] D2BS 4660: party has left: fowo-xa
[10/06/26 01:00:45] D2BS 4660: Script threads\partythread.js ended
[10/06/26 01:00:45] D2BS 4660: Script threads\townchicken.js ended
[10/06/26 01:00:45] D2BS 4660: Script default.dbj ended
[10/06/26 01:00:57] D2BS 4660: joining game pz-191
[10/06/26 01:00:59] D2BS 4660: ÿc2D2BSÿc0 :: Starting default.dbj
[10/06/26 01:00:59] D2BS 4660: ÿc2D2BSÿc0 :: default.dbj running.
[10/06/26 01:00:59] D2BS 4660: Loaded ÿc9[X.nip] [Y.nip] [Z.nip] [V.nip] [B.WCRY.nip]
[10/06/26 01:00:59] D2BS 4660: Loaded ÿc9[B.WCRY.js]
[10/06/26 01:00:59] D2BS 4660: equipped: [Head] 21
[10/06/26 01:00:59] D2BS 4660: equipped: [Neck] 19
[10/06/26 01:00:59] D2BS 4660: equipped: [Body] 21
[10/06/26 01:00:59] D2BS 4660: equipped: [ArmR] 37
[10/06/26 01:00:59] D2BS 4660: equipped: [ArmL] 38
[10/06/26 01:00:59] D2BS 4660: equipped: [RingR] 18
[10/06/26 01:00:59] D2BS 4660: equipped: [RingL] 15
[10/06/26 01:00:59] D2BS 4660: equipped: [Belt] 18
[10/06/26 01:00:59] D2BS 4660: equipped: [Boots] 12
[10/06/26 01:00:59] D2BS 4660: equipped: [Mitts] 13
[10/06/26 01:00:59] D2BS 4660: updateStat
[10/06/26 01:00:59] D2BS 4660: granted: [Head] 15
[10/06/26 01:00:59] D2BS 4660: granted: [Body] 21
[10/06/26 01:00:59] D2BS 4660: granted: [ArmR] 27
[10/06/26 01:00:59] D2BS 4660: Loaded ÿc9[AutoSmurf.js]
[10/06/26 01:01:05] D2BS 4660: farmingON
[10/06/26 01:01:07] D2BS 4660: MiniShopBot: true
[10/06/26 01:01:07] D2BS 4660: UseMerc: true HP: 70
[10/06/26 01:01:26] D2BS 4660: Merc matched: Prayer
[10/06/26 01:01:45] D2BS 4660: act5+ BO
[10/06/26 01:01:57] D2BS 4660: ÿc4=== [BAAL] ===
[10/06/26 01:04:57] D2BS 4660: ÿc4=== [COUNTESS] ===
[10/06/26 01:06:00] D2BS 4660: ÿc4=== [PIT] ===
[10/06/26 01:07:29] D2BS 4660: ÿc4=== [ANDY] ===
[10/06/26 01:08:21] D2BS 4660: ÿc4=== [MEPHISTO] ===
[10/06/26 01:09:39] D2BS 4660: ÿc4=== [DIABLO] ===
[10/06/26 01:15:33] D2BS 4660: party has left: fowo-xa
[10/06/26 01:15:33] D2BS 4660:  [14:34] +3.81% / [Level 90] 3.70%
[10/06/26 01:15:33] D2BS 4660: Script threads\autobuildthread.js ended
[10/06/26 01:15:33] D2BS 4660: Script threads\partythread.js ended
[10/06/26 01:15:33] D2BS 4660: Script threads\townchicken.js ended
[10/06/26 01:15:33] D2BS 4660: Script default.dbj ended
[10/06/26 01:15:45] D2BS 4660: joining game pz-192
[10/06/26 01:15:48] D2BS 4660: ÿc2D2BSÿc0 :: Starting default.dbj
[10/06/26 01:15:48] D2BS 4660: ÿc2D2BSÿc0 :: default.dbj running.
[10/06/26 01:15:48] D2BS 4660: Loaded ÿc9[X.nip] [Y.nip] [Z.nip] [V.nip] [B.WCRY.nip]
[10/06/26 01:15:48] D2BS 4660: Loaded ÿc9[B.WCRY.js]
[10/06/26 01:15:48] D2BS 4660: equipped: [Head] 21
[10/06/26 01:15:48] D2BS 4660: equipped: [Neck] 19
[10/06/26 01:15:48] D2BS 4660: equipped: [Body] 21
[10/06/26 01:15:48] D2BS 4660: equipped: [ArmR] 37
[10/06/26 01:15:48] D2BS 4660: equipped: [ArmL] 38
[10/06/26 01:15:48] D2BS 4660: equipped: [RingR] 18
[10/06/26 01:15:48] D2BS 4660: equipped: [RingL] 15
[10/06/26 01:15:48] D2BS 4660: equipped: [Belt] 18
[10/06/26 01:15:48] D2BS 4660: equipped: [Boots] 12
[10/06/26 01:15:48] D2BS 4660: equipped: [Mitts] 13
[10/06/26 01:15:48] D2BS 4660: updateStat
[10/06/26 01:15:48] D2BS 4660: granted: [Head] 15
[10/06/26 01:15:48] D2BS 4660: granted: [Body] 21
[10/06/26 01:15:48] D2BS 4660: granted: [ArmR] 27
[10/06/26 01:15:48] D2BS 4660: Loaded ÿc9[AutoSmurf.js]
[10/06/26 01:15:52] D2BS 4660: farmingON
[10/06/26 01:15:53] D2BS 4660: MiniShopBot: true
[10/06/26 01:15:53] D2BS 4660: UseMerc: true HP: 70
[10/06/26 01:16:12] D2BS 4660: Merc matched: Prayer
[10/06/26 01:16:26] D2BS 4660: act5+ BO
[10/06/26 01:16:38] D2BS 4660: ÿc4=== [BAAL] ===
[10/06/26 01:20:17] D2BS 4660: ÿc4=== [COUNTESS] ===
[10/06/26 01:21:26] D2BS 4660: ÿc4=== [PIT] ===
[10/06/26 01:22:53] D2BS 4660: ÿc4=== [ANDY] ===
[10/06/26 01:23:48] D2BS 4660: ÿc4=== [MEPHISTO] ===
[10/06/26 01:25:10] D2BS 4660: ÿc4=== [DIABLO] ===
[10/06/26 01:30:32] D2BS 4660: party has left: fowo-xa
[10/06/26 01:30:32] D2BS 4660:  [14:45] +3.51% / [Level 90] 7.20%
[10/06/26 01:30:32] D2BS 4660: Script threads\autobuildthread.js ended
[10/06/26 01:30:32] D2BS 4660: Script threads\partythread.js ended
[10/06/26 01:30:32] D2BS 4660: Script threads\townchicken.js ended
[10/06/26 01:30:32] D2BS 4660: Script default.dbj ended
[10/06/26 01:30:45] D2BS 4660: joining game pz-193
[10/06/26 01:30:46] D2BS 4660: ÿc2D2BSÿc0 :: Starting default.dbj
[10/06/26 01:30:46] D2BS 4660: ÿc2D2BSÿc0 :: default.dbj running.
[10/06/26 01:30:47] D2BS 4660: Loaded ÿc9[X.nip] [Y.nip] [Z.nip] [V.nip] [B.WCRY.nip]
[10/06/26 01:30:47] D2BS 4660: Loaded ÿc9[B.WCRY.js]
[10/06/26 01:30:47] D2BS 4660: equipped: [Head] 21
[10/06/26 01:30:47] D2BS 4660: equipped: [Neck] 19
[10/06/26 01:30:47] D2BS 4660: equipped: [Body] 21
[10/06/26 01:30:47] D2BS 4660: equipped: [ArmR] 37
[10/06/26 01:30:47] D2BS 4660: equipped: [ArmL] 38
[10/06/26 01:30:47] D2BS 4660: equipped: [RingR] 18
[10/06/26 01:30:47] D2BS 4660: equipped: [RingL] 15
[10/06/26 01:30:47] D2BS 4660: equipped: [Belt] 18
[10/06/26 01:30:47] D2BS 4660: equipped: [Boots] 12
[10/06/26 01:30:47] D2BS 4660: equipped: [Mitts] 13
[10/06/26 01:30:47] D2BS 4660: updateStat
[10/06/26 01:30:47] D2BS 4660: granted: [Head] 15
[10/06/26 01:30:47] D2BS 4660: granted: [Body] 21
[10/06/26 01:30:47] D2BS 4660: granted: [ArmR] 27
[10/06/26 01:30:47] D2BS 4660: Loaded ÿc9[AutoSmurf.js]
[10/06/26 01:30:52] D2BS 4660: farmingON
[10/06/26 01:30:55] D2BS 4660: MiniShopBot: true
[10/06/26 01:30:55] D2BS 4660: UseMerc: true HP: 70
[10/06/26 01:31:12] D2BS 4660: Merc matched: Prayer
[10/06/26 01:31:25] D2BS 4660: act5+ BO
[10/06/26 01:31:36] D2BS 4660: ÿc4=== [BAAL] ===
[10/06/26 01:31:48] D2BS 4660: Baal failed: souls found
[10/06/26 01:31:48] D2BS 4660: ÿc4=== [COUNTESS] ===
[10/06/26 01:32:58] D2BS 4660: ÿc4=== [PIT] ===
[10/06/26 01:34:26] D2BS 4660: ÿc4=== [ANDY] ===
[10/06/26 01:35:23] D2BS 4660: ÿc4=== [COWS] ===
[10/06/26 01:39:30] D2BS 4660: party has left: fowo-xe
[10/06/26 01:39:30] D2BS 4660:  [08:43] +0.81% / [Level 90] 8.01%
[10/06/26 01:39:30] D2BS 4660: Script threads\autobuildthread.js ended
[10/06/26 01:39:30] D2BS 4660: Script threads\partythread.js ended
[10/06/26 01:39:30] D2BS 4660: Script threads\townchicken.js ended
[10/06/26 01:39:30] D2BS 4660: Script default.dbj ended
[10/06/26 01:39:43] D2BS 4660: joining game pz-194
[10/06/26 01:39:45] D2BS 4660: ÿc2D2BSÿc0 :: Starting default.dbj
[10/06/26 01:39:45] D2BS 4660: ÿc2D2BSÿc0 :: default.dbj running.
[10/06/26 01:39:45] D2BS 4660: Loaded ÿc9[X.nip] [Y.nip] [Z.nip] [V.nip] [B.WCRY.nip]
[10/06/26 01:39:45] D2BS 4660: Loaded ÿc9[B.WCRY.js]
[10/06/26 01:39:45] D2BS 4660: equipped: [Head] 21
[10/06/26 01:39:45] D2BS 4660: equipped: [Neck] 19
[10/06/26 01:39:45] D2BS 4660: equipped: [Body] 21
[10/06/26 01:39:45] D2BS 4660: equipped: [ArmR] 37
[10/06/26 01:39:45] D2BS 4660: equipped: [ArmL] 38
[10/06/26 01:39:45] D2BS 4660: equipped: [RingR] 18
[10/06/26 01:39:45] D2BS 4660: equipped: [RingL] 15
[10/06/26 01:39:45] D2BS 4660: equipped: [Belt] 18
[10/06/26 01:39:45] D2BS 4660: equipped: [Boots] 12
[10/06/26 01:39:45] D2BS 4660: equipped: [Mitts] 13
[10/06/26 01:39:45] D2BS 4660: updateStat
[10/06/26 01:39:45] D2BS 4660: granted: [Head] 15
[10/06/26 01:39:45] D2BS 4660: granted: [Body] 21
[10/06/26 01:39:45] D2BS 4660: granted: [ArmR] 27
[10/06/26 01:39:45] D2BS 4660: Loaded ÿc9[AutoSmurf.js]
[10/06/26 01:39:51] D2BS 4660: farmingON
[10/06/26 01:39:52] D2BS 4660: MiniShopBot: true
[10/06/26 01:39:52] D2BS 4660: UseMerc: true HP: 70
[10/06/26 01:40:09] D2BS 4660: Merc matched: Prayer
[10/06/26 01:40:26] D2BS 4660: act5+ BO
[10/06/26 01:40:39] D2BS 4660: ÿc4=== [BAAL] ===
[10/06/26 01:43:59] D2BS 4660: ÿc4=== [COUNTESS] ===
[10/06/26 01:45:07] D2BS 4660: ÿc4=== [PIT] ===
[10/06/26 01:46:42] D2BS 4660: ÿc4=== [ANDY] ===
[10/06/26 01:47:34] D2BS 4660: ÿc4=== [COWS] ===
[10/06/26 01:53:49] D2BS 4660: updateStat
[10/06/26 01:57:32] D2BS 4660: Cows failed: followDriver
[10/06/26 01:58:05] D2BS 4660: ÿc4=== [MEPHISTO] ===
[10/06/26 02:00:02] D2BS 4660: ÿc4=== [DIABLO] ===
[10/06/26 02:06:20] D2BS 4660: party has left: fowo-xa
[10/06/26 02:06:20] D2BS 4660:  [26:35] +4.20% / [Level 90] 12.20%
[10/06/26 02:06:20] D2BS 4660: Script threads\autobuildthread.js ended
[10/06/26 02:06:20] D2BS 4660: Script threads\partythread.js ended
[10/06/26 02:06:20] D2BS 4660: Script threads\townchicken.js ended
[10/06/26 02:06:20] D2BS 4660: Script default.dbj ended
[10/06/26 02:06:34] D2BS 4660: joining game pz-195
[10/06/26 02:06:36] D2BS 4660: ÿc2D2BSÿc0 :: Starting default.dbj
[10/06/26 02:06:36] D2BS 4660: ÿc2D2BSÿc0 :: default.dbj running.
[10/06/26 02:06:36] D2BS 4660: Loaded ÿc9[X.nip] [Y.nip] [Z.nip] [V.nip] [B.WCRY.nip]
[10/06/26 02:06:36] D2BS 4660: Loaded ÿc9[B.WCRY.js]
[10/06/26 02:06:36] D2BS 4660: equipped: [Head] 21
[10/06/26 02:06:36] D2BS 4660: equipped: [Neck] 19
[10/06/26 02:06:36] D2BS 4660: equipped: [Body] 21
[10/06/26 02:06:36] D2BS 4660: equipped: [ArmR] 37
[10/06/26 02:06:36] D2BS 4660: equipped: [ArmL] 38
[10/06/26 02:06:36] D2BS 4660: equipped: [RingR] 18
[10/06/26 02:06:36] D2BS 4660: equipped: [RingL] 15
[10/06/26 02:06:36] D2BS 4660: equipped: [Belt] 18
[10/06/26 02:06:36] D2BS 4660: equipped: [Boots] 12
[10/06/26 02:06:36] D2BS 4660: equipped: [Mitts] 13
[10/06/26 02:06:36] D2BS 4660: Loaded ÿc9[AutoSmurf.js]
[10/06/26 02:06:41] D2BS 4660: farmingON
[10/06/26 02:06:43] D2BS 4660: MiniShopBot: true
[10/06/26 02:06:43] D2BS 4660: UseMerc: true HP: 70
[10/06/26 02:07:01] D2BS 4660: Merc matched: Prayer
[10/06/26 02:07:13] D2BS 4660: act5+ BO
[10/06/26 02:07:14] D2BS 4660: updateStat
[10/06/26 02:07:25] D2BS 4660: ÿc4=== [BAAL] ===
[10/06/26 02:10:32] D2BS 4660: ÿc4=== [COUNTESS] ===
[10/06/26 02:11:44] D2BS 4660: ÿc4=== [PIT] ===
[10/06/26 02:13:21] D2BS 4660: ÿc4=== [ANDY] ===
[10/06/26 02:14:17] D2BS 4660: ÿc4=== [COWS] ===
[10/06/26 02:25:02] D2BS 4660: Cows failed: followDriver
[10/06/26 02:26:48] D2BS 4660: party has left: fowo-xc, fowo-xe
[10/06/26 02:26:48] D2BS 4660:  [20:12] +2.34% / [Level 90] 14.55%
[10/06/26 02:26:48] D2BS 4660: Script threads\autobuildthread.js ended
[10/06/26 02:26:48] D2BS 4660: Script threads\partythread.js ended
[10/06/26 02:26:48] D2BS 4660: Script threads\townchicken.js ended
[10/06/26 02:26:48] D2BS 4660: Script default.dbj ended
[10/06/26 02:27:00] D2BS 4660: joining game pz-196
[10/06/26 02:27:01] D2BS 4660: ÿc2D2BSÿc0 :: Starting default.dbj
[10/06/26 02:27:01] D2BS 4660: ÿc2D2BSÿc0 :: default.dbj running.
[10/06/26 02:27:01] D2BS 4660: Loaded ÿc9[X.nip] [Y.nip] [Z.nip] [V.nip] [B.WCRY.nip]
[10/06/26 02:27:01] D2BS 4660: Loaded ÿc9[B.WCRY.js]
[10/06/26 02:27:01] D2BS 4660: equipped: [Head] 21
[10/06/26 02:27:01] D2BS 4660: equipped: [Neck] 19
[10/06/26 02:27:01] D2BS 4660: equipped: [Body] 21
[10/06/26 02:27:01] D2BS 4660: equipped: [ArmR] 37
[10/06/26 02:27:01] D2BS 4660: equipped: [ArmL] 38
[10/06/26 02:27:02] D2BS 4660: equipped: [RingR] 18
[10/06/26 02:27:02] D2BS 4660: equipped: [RingL] 15
[10/06/26 02:27:02] D2BS 4660: equipped: [Belt] 18
[10/06/26 02:27:02] D2BS 4660: equipped: [Boots] 12
[10/06/26 02:27:02] D2BS 4660: equipped: [Mitts] 13
[10/06/26 02:27:02] D2BS 4660: updateStat
[10/06/26 02:27:02] D2BS 4660: granted: [Head] 15
[10/06/26 02:27:02] D2BS 4660: granted: [Body] 21
[10/06/26 02:27:02] D2BS 4660: granted: [ArmR] 27
[10/06/26 02:27:03] D2BS 4660: Loaded ÿc9[AutoSmurf.js]
[10/06/26 02:27:08] D2BS 4660: farmingON
[10/06/26 02:27:11] D2BS 4660: MiniShopBot: true
[10/06/26 02:27:11] D2BS 4660: UseMerc: true HP: 70
[10/06/26 02:27:31] D2BS 4660: Merc matched: Prayer
[10/06/26 02:28:00] D2BS 4660: act5+ BO
[10/06/26 02:28:13] D2BS 4660: ÿc4=== [BAAL] ===
[10/06/26 02:32:03] D2BS 4660: ÿc4=== [COUNTESS] ===
[10/06/26 02:33:10] D2BS 4660: ÿc4=== [PIT] ===
[10/06/26 02:34:39] D2BS 4660: ÿc4=== [ANDY] ===
[10/06/26 02:35:55] D2BS 4660: ÿc4=== [COWS] ===
[10/06/26 02:37:51] D2BS 4660: party has left: fowo-xd
[10/06/26 02:37:52] D2BS 4660:  [10:50] +2.14% / [Level 90] 16.68%
[10/06/26 02:37:52] D2BS 4660: Script threads\autobuildthread.js ended
[10/06/26 02:37:52] D2BS 4660: Script threads\partythread.js ended
[10/06/26 02:37:52] D2BS 4660: Script threads\townchicken.js ended
[10/06/26 02:37:52] D2BS 4660: Script default.dbj ended
[10/06/26 02:38:04] D2BS 4660: joining game pz-197
[10/06/26 02:38:05] D2BS 4660: ÿc2D2BSÿc0 :: Starting default.dbj
[10/06/26 02:38:05] D2BS 4660: ÿc2D2BSÿc0 :: default.dbj running.
[10/06/26 02:38:06] D2BS 4660: Loaded ÿc9[X.nip] [Y.nip] [Z.nip] [V.nip] [B.WCRY.nip]
[10/06/26 02:38:06] D2BS 4660: Loaded ÿc9[B.WCRY.js]
[10/06/26 02:38:06] D2BS 4660: equipped: [Head] 21
[10/06/26 02:38:06] D2BS 4660: equipped: [Neck] 19
[10/06/26 02:38:06] D2BS 4660: equipped: [Body] 21
[10/06/26 02:38:06] D2BS 4660: equipped: [ArmR] 37
[10/06/26 02:38:06] D2BS 4660: equipped: [ArmL] 38
[10/06/26 02:38:06] D2BS 4660: equipped: [RingR] 18
[10/06/26 02:38:06] D2BS 4660: equipped: [RingL] 15
[10/06/26 02:38:06] D2BS 4660: equipped: [Belt] 18
[10/06/26 02:38:06] D2BS 4660: equipped: [Boots] 12
[10/06/26 02:38:06] D2BS 4660: equipped: [Mitts] 13
[10/06/26 02:38:06] D2BS 4660: updateStat
[10/06/26 02:38:06] D2BS 4660: granted: [Head] 15
[10/06/26 02:38:06] D2BS 4660: granted: [Body] 21
[10/06/26 02:38:06] D2BS 4660: granted: [ArmR] 27
[10/06/26 02:38:07] D2BS 4660: Loaded ÿc9[AutoSmurf.js]
[10/06/26 02:38:12] D2BS 4660: farmingON
[10/06/26 02:38:15] D2BS 4660: MiniShopBot: true
[10/06/26 02:38:15] D2BS 4660: UseMerc: true HP: 70
[10/06/26 02:38:32] D2BS 4660: Merc matched: Prayer
[10/06/26 02:39:01] D2BS 4660: act5+ BO
[10/06/26 02:39:15] D2BS 4660: ÿc4=== [BAAL] ===
[10/06/26 02:41:53] D2BS 4660: Going to town
[10/06/26 02:43:06] D2BS 4660: party has left: fowo-xe
[10/06/26 02:43:06] D2BS 4660:  [05:01] +1.64% / [Level 90] 18.33%
[10/06/26 02:43:06] D2BS 4660: Script threads\autobuildthread.js ended
[10/06/26 02:43:07] D2BS 4660: Script threads\partythread.js ended
[10/06/26 02:43:07] D2BS 4660: Script threads\townchicken.js ended
[10/06/26 02:43:07] D2BS 4660: Script default.dbj ended
[10/06/26 02:43:20] D2BS 4660: joining game pz-198
[10/06/26 02:43:22] D2BS 4660: ÿc2D2BSÿc0 :: Starting default.dbj
[10/06/26 02:43:22] D2BS 4660: ÿc2D2BSÿc0 :: default.dbj running.
[10/06/26 02:43:23] D2BS 4660: Loaded ÿc9[X.nip] [Y.nip] [Z.nip] [V.nip] [B.WCRY.nip]
[10/06/26 02:43:23] D2BS 4660: Loaded ÿc9[B.WCRY.js]
[10/06/26 02:43:23] D2BS 4660: equipped: [Head] 21
[10/06/26 02:43:23] D2BS 4660: equipped: [Neck] 19
[10/06/26 02:43:23] D2BS 4660: equipped: [Body] 21
[10/06/26 02:43:23] D2BS 4660: equipped: [ArmR] 37
[10/06/26 02:43:23] D2BS 4660: equipped: [ArmL] 38
[10/06/26 02:43:23] D2BS 4660: equipped: [RingR] 18
[10/06/26 02:43:23] D2BS 4660: equipped: [RingL] 15
[10/06/26 02:43:23] D2BS 4660: equipped: [Belt] 18
[10/06/26 02:43:23] D2BS 4660: equipped: [Boots] 12
[10/06/26 02:43:23] D2BS 4660: equipped: [Mitts] 13
[10/06/26 02:43:23] D2BS 4660: updateStat
[10/06/26 02:43:23] D2BS 4660: granted: [Head] 15
[10/06/26 02:43:23] D2BS 4660: granted: [Body] 21
[10/06/26 02:43:23] D2BS 4660: granted: [ArmR] 27
[10/06/26 02:43:23] D2BS 4660: Loaded ÿc9[AutoSmurf.js]
[10/06/26 02:43:25] D2BS 4660: farmingON
[10/06/26 02:43:26] D2BS 4660: MiniShopBot: true
[10/06/26 02:43:26] D2BS 4660: UseMerc: true HP: 70
[10/06/26 02:43:44] D2BS 4660: Merc matched: Prayer
[10/06/26 02:43:56] D2BS 4660: act5+ BO
[10/06/26 02:44:12] D2BS 4660: ÿc4=== [BAAL] ===
[10/06/26 02:47:49] D2BS 4660: ÿc4=== [COUNTESS] ===
[10/06/26 02:48:59] D2BS 4660: ÿc4=== [PIT] ===
[10/06/26 02:50:39] D2BS 4660: ÿc4=== [ANDY] ===
[10/06/26 02:51:24] D2BS 4660: ÿc4=== [COWS] ===
[10/06/26 02:52:51] D2BS 4660: party has left: fowo-xe
[10/06/26 02:52:51] D2BS 4660: party has left: fowo-xe
[10/06/26 02:52:51] D2BS 4660: party has left: fowo-xe
[10/06/26 02:52:51] D2BS 4660:  [09:30] +2.71% / [Level 90] 21.03%
[10/06/26 02:52:51] D2BS 4660: Script threads\autobuildthread.js ended
[10/06/26 02:52:51] D2BS 4660: Script threads\partythread.js ended
[10/06/26 02:52:52] D2BS 4660: Script threads\townchicken.js ended
[10/06/26 02:52:52] D2BS 4660: Script default.dbj ended
[10/06/26 02:53:04] D2BS 4660: joining game pz-199
[10/06/26 02:53:06] D2BS 4660: ÿc2D2BSÿc0 :: Starting default.dbj
[10/06/26 02:53:06] D2BS 4660: ÿc2D2BSÿc0 :: default.dbj running.
[10/06/26 02:53:07] D2BS 4660: Loaded ÿc9[X.nip] [Y.nip] [Z.nip] [V.nip] [B.WCRY.nip]
[10/06/26 02:53:07] D2BS 4660: Loaded ÿc9[B.WCRY.js]
[10/06/26 02:53:07] D2BS 4660: equipped: [Head] 21
[10/06/26 02:53:07] D2BS 4660: equipped: [Neck] 19
[10/06/26 02:53:07] D2BS 4660: equipped: [Body] 21
[10/06/26 02:53:07] D2BS 4660: equipped: [ArmR] 37
[10/06/26 02:53:07] D2BS 4660: equipped: [ArmL] 38
[10/06/26 02:53:07] D2BS 4660: equipped: [RingR] 18
[10/06/26 02:53:07] D2BS 4660: equipped: [RingL] 15
[10/06/26 02:53:07] D2BS 4660: equipped: [Belt] 18
[10/06/26 02:53:07] D2BS 4660: equipped: [Boots] 12
[10/06/26 02:53:07] D2BS 4660: equipped: [Mitts] 13
[10/06/26 02:53:07] D2BS 4660: updateStat
[10/06/26 02:53:07] D2BS 4660: granted: [Head] 15
[10/06/26 02:53:07] D2BS 4660: granted: [Body] 21
[10/06/26 02:53:07] D2BS 4660: granted: [ArmR] 27
[10/06/26 02:53:07] D2BS 4660: Loaded ÿc9[AutoSmurf.js]
[10/06/26 02:53:12] D2BS 4660: farmingON
[10/06/26 02:53:13] D2BS 4660: MiniShopBot: true
[10/06/26 02:53:13] D2BS 4660: UseMerc: true HP: 70
[10/06/26 02:53:33] D2BS 4660: Merc matched: Prayer
[10/06/26 02:53:48] D2BS 4660: act5+ BO
[10/06/26 02:54:00] D2BS 4660: ÿc4=== [BAAL] ===
[10/06/26 02:57:06] D2BS 4660: ÿc4=== [COUNTESS] ===
[10/06/26 02:58:17] D2BS 4660: ÿc4=== [PIT] ===
[10/06/26 02:59:47] D2BS 4660: ÿc4=== [ANDY] ===
[10/06/26 03:00:42] D2BS 4660: ÿc4=== [COWS] ===
[10/06/26 03:04:42] D2BS 4660: updateStat
[10/06/26 03:10:36] D2BS 4660: party has left: fowo-xd
[10/06/26 03:10:36] D2BS 4660:  [17:30] +2.59% / [Level 90] 23.62%
[10/06/26 03:10:36] D2BS 4660: Script threads\autobuildthread.js ended
[10/06/26 03:10:36] D2BS 4660: Script threads\partythread.js ended
[10/06/26 03:10:36] D2BS 4660: Script threads\townchicken.js ended
[10/06/26 03:10:36] D2BS 4660: Script default.dbj ended
[10/06/26 03:10:47] D2BS 4660: joining game pz-200
[10/06/26 03:10:50] D2BS 4660: ÿc2D2BSÿc0 :: Starting default.dbj
[10/06/26 03:10:50] D2BS 4660: ÿc2D2BSÿc0 :: default.dbj running.
[10/06/26 03:10:50] D2BS 4660: Loaded ÿc9[X.nip] [Y.nip] [Z.nip] [V.nip] [B.WCRY.nip]
[10/06/26 03:10:50] D2BS 4660: Loaded ÿc9[B.WCRY.js]
[10/06/26 03:10:50] D2BS 4660: equipped: [Head] 21
[10/06/26 03:10:50] D2BS 4660: equipped: [Neck] 19
[10/06/26 03:10:50] D2BS 4660: equipped: [Body] 21
[10/06/26 03:10:50] D2BS 4660: equipped: [ArmR] 37
[10/06/26 03:10:50] D2BS 4660: equipped: [ArmL] 38
[10/06/26 03:10:50] D2BS 4660: equipped: [RingR] 18
[10/06/26 03:10:50] D2BS 4660: equipped: [RingL] 15
[10/06/26 03:10:50] D2BS 4660: equipped: [Belt] 18
[10/06/26 03:10:50] D2BS 4660: equipped: [Boots] 12
[10/06/26 03:10:50] D2BS 4660: equipped: [Mitts] 13
[10/06/26 03:10:50] D2BS 4660: Loaded ÿc9[AutoSmurf.js]
[10/06/26 03:10:55] D2BS 4660: farmingON
[10/06/26 03:10:57] D2BS 4660: MiniShopBot: true
[10/06/26 03:10:57] D2BS 4660: UseMerc: true HP: 70
[10/06/26 03:11:05] D2BS 4660: updateStat
[10/06/26 03:11:05] D2BS 4660: granted: [Head] 15
[10/06/26 03:11:05] D2BS 4660: granted: [Body] 21
[10/06/26 03:11:05] D2BS 4660: granted: [ArmR] 27
[10/06/26 03:11:23] D2BS 4660: Merc matched: Prayer
[10/06/26 03:11:39] D2BS 4660: act5+ BO
[10/06/26 03:11:40] D2BS 4660: updateStat
[10/06/26 03:11:55] D2BS 4660: ÿc4=== [BAAL] ===
[10/06/26 03:14:51] D2BS 4660: ÿc4=== [COUNTESS] ===
[10/06/26 03:16:15] D2BS 4660: ÿc4=== [PIT] ===
[10/06/26 03:17:44] D2BS 4660: ÿc4=== [ANDY] ===
[10/06/26 03:18:34] D2BS 4660: ÿc4=== [COWS] ===
[10/06/26 03:29:07] D2BS 4660: party has left: fowo-xc
[10/06/26 03:29:07] D2BS 4660:  [18:18] +2.36% / [Level 90] 25.98%
[10/06/26 03:29:07] D2BS 4660: Script threads\autobuildthread.js ended
[10/06/26 03:29:07] D2BS 4660: Script threads\partythread.js ended
[10/06/26 03:29:07] D2BS 4660: Script threads\townchicken.js ended
[10/06/26 03:29:07] D2BS 4660: Script default.dbj ended
[10/06/26 03:29:20] D2BS 4660: joining game pz-201
[10/06/26 03:29:23] D2BS 4660: ÿc2D2BSÿc0 :: Starting default.dbj
[10/06/26 03:29:23] D2BS 4660: ÿc2D2BSÿc0 :: default.dbj running.
[10/06/26 03:29:23] D2BS 4660: Loaded ÿc9[X.nip] [Y.nip] [Z.nip] [V.nip] [B.WCRY.nip]
[10/06/26 03:29:23] D2BS 4660: Loaded ÿc9[B.WCRY.js]
[10/06/26 03:29:23] D2BS 4660: equipped: [Head] 21
[10/06/26 03:29:23] D2BS 4660: equipped: [Neck] 19
[10/06/26 03:29:23] D2BS 4660: equipped: [Body] 21
[10/06/26 03:29:23] D2BS 4660: equipped: [ArmR] 37
[10/06/26 03:29:23] D2BS 4660: equipped: [ArmL] 38
[10/06/26 03:29:23] D2BS 4660: equipped: [RingR] 18
[10/06/26 03:29:23] D2BS 4660: equipped: [RingL] 15
[10/06/26 03:29:23] D2BS 4660: equipped: [Belt] 18
[10/06/26 03:29:23] D2BS 4660: equipped: [Boots] 12
[10/06/26 03:29:23] D2BS 4660: equipped: [Mitts] 13
[10/06/26 03:29:23] D2BS 4660: updateStat
[10/06/26 03:29:23] D2BS 4660: granted: [Head] 15
[10/06/26 03:29:23] D2BS 4660: granted: [Body] 21
[10/06/26 03:29:23] D2BS 4660: granted: [ArmR] 27
[10/06/26 03:29:23] D2BS 4660: Loaded ÿc9[AutoSmurf.js]
[10/06/26 03:29:28] D2BS 4660: MiniShopBot: true
[10/06/26 03:29:28] D2BS 4660: farmingON
[10/06/26 03:29:28] D2BS 4660: UseMerc: true HP: 70
[10/06/26 03:29:38] D2BS 4660: [Craft] Caster Amulet
[10/06/26 03:29:57] D2BS 4660: Merc matched: Prayer
[10/06/26 03:30:16] D2BS 4660: act5+ BO
[10/06/26 03:30:28] D2BS 4660: ÿc4=== [BAAL] ===
[10/06/26 03:33:26] D2BS 4660: ÿc4=== [COUNTESS] ===
[10/06/26 03:34:27] D2BS 4660: ÿc4=== [PIT] ===
[10/06/26 03:36:04] D2BS 4660: ÿc4=== [ANDY] ===
[10/06/26 03:36:54] D2BS 4660: ÿc4=== [COWS] ===
[10/06/26 03:42:55] D2BS 4660: Cow King found
[10/06/26 03:42:55] D2BS 4660: Cows failed: followDriver
[10/06/26 03:43:02] D2BS 4660: ÿc4=== [MEPHISTO] ===
[10/06/26 03:44:26] D2BS 4660: ÿc4=== [DIABLO] ===
[10/06/26 03:49:30] D2BS 4660: party has left: fowo-xg
[10/06/26 03:49:30] D2BS 4660:  [20:08] +4.25% / [Level 90] 30.23%
[10/06/26 03:49:30] D2BS 4660: Script threads\autobuildthread.js ended
[10/06/26 03:49:31] D2BS 4660: Script threads\partythread.js ended
[10/06/26 03:49:31] D2BS 4660: Script threads\townchicken.js ended
[10/06/26 03:49:31] D2BS 4660: Script default.dbj ended
[10/06/26 03:49:43] D2BS 4660: joining game pz-202
[10/06/26 03:49:45] D2BS 4660: ÿc2D2BSÿc0 :: Starting default.dbj
[10/06/26 03:49:45] D2BS 4660: ÿc2D2BSÿc0 :: default.dbj running.
[10/06/26 03:49:45] D2BS 4660: Loaded ÿc9[X.nip] [Y.nip] [Z.nip] [V.nip] [B.WCRY.nip]
[10/06/26 03:49:45] D2BS 4660: Loaded ÿc9[B.WCRY.js]
[10/06/26 03:49:45] D2BS 4660: equipped: [Head] 21
[10/06/26 03:49:45] D2BS 4660: equipped: [Neck] 19
[10/06/26 03:49:45] D2BS 4660: equipped: [Body] 21
[10/06/26 03:49:45] D2BS 4660: equipped: [ArmR] 37
[10/06/26 03:49:45] D2BS 4660: equipped: [ArmL] 38
[10/06/26 03:49:45] D2BS 4660: equipped: [RingR] 18
[10/06/26 03:49:45] D2BS 4660: equipped: [RingL] 15
[10/06/26 03:49:45] D2BS 4660: equipped: [Belt] 18
[10/06/26 03:49:45] D2BS 4660: equipped: [Boots] 12
[10/06/26 03:49:45] D2BS 4660: equipped: [Mitts] 13
[10/06/26 03:49:45] D2BS 4660: Loaded ÿc9[AutoSmurf.js]
[10/06/26 03:49:50] D2BS 4660: farmingON
[10/06/26 03:49:52] D2BS 4660: MiniShopBot: true
[10/06/26 03:49:52] D2BS 4660: UseMerc: true HP: 70
[10/06/26 03:50:12] D2BS 4660: equipped: [Belt] 19
[10/06/26 03:50:15] D2BS 4660: Merc matched: Prayer
[10/06/26 03:50:24] D2BS 4660: act5+ BO
[10/06/26 03:50:25] D2BS 4660: updateStat
[10/06/26 03:50:35] D2BS 4660: ÿc4=== [BAAL] ===
[10/06/26 03:53:52] D2BS 4660: ÿc4=== [COUNTESS] ===
[10/06/26 03:54:59] D2BS 4660: ÿc4=== [PIT] ===
[10/06/26 03:56:37] D2BS 4660: ÿc4=== [ANDY] ===
[10/06/26 03:57:27] D2BS 4660: ÿc4=== [COWS] ===
[10/06/26 04:07:33] D2BS 4660: party has left: fowo-xb
[10/06/26 04:07:33] D2BS 4660:  [17:48] +2.40% / [Level 90] 32.62%
[10/06/26 04:07:33] D2BS 4660: Script threads\autobuildthread.js ended
[10/06/26 04:07:33] D2BS 4660: Script threads\partythread.js ended
[10/06/26 04:07:33] D2BS 4660: Script threads\townchicken.js ended
[10/06/26 04:07:33] D2BS 4660: Script default.dbj ended
[10/06/26 04:07:51] D2BS 4660: joining game pz-203
[10/06/26 04:07:53] D2BS 4660: ÿc2D2BSÿc0 :: Starting default.dbj
[10/06/26 04:07:53] D2BS 4660: ÿc2D2BSÿc0 :: default.dbj running.
[10/06/26 04:07:53] D2BS 4660: Loaded ÿc9[X.nip] [Y.nip] [Z.nip] [V.nip] [B.WCRY.nip]
[10/06/26 04:07:54] D2BS 4660: Loaded ÿc9[B.WCRY.js]
[10/06/26 04:07:54] D2BS 4660: equipped: [Head] 21
[10/06/26 04:07:54] D2BS 4660: equipped: [Neck] 19
[10/06/26 04:07:54] D2BS 4660: equipped: [Body] 21
[10/06/26 04:07:54] D2BS 4660: equipped: [ArmR] 37
[10/06/26 04:07:54] D2BS 4660: equipped: [ArmL] 38
[10/06/26 04:07:54] D2BS 4660: equipped: [RingR] 18
[10/06/26 04:07:54] D2BS 4660: equipped: [RingL] 15
[10/06/26 04:07:54] D2BS 4660: equipped: [Belt] 19
[10/06/26 04:07:54] D2BS 4660: equipped: [Boots] 12
[10/06/26 04:07:54] D2BS 4660: equipped: [Mitts] 13
[10/06/26 04:07:54] D2BS 4660: updateStat
[10/06/26 04:07:54] D2BS 4660: granted: [Head] 15
[10/06/26 04:07:54] D2BS 4660: granted: [Body] 21
[10/06/26 04:07:54] D2BS 4660: granted: [ArmR] 27
[10/06/26 04:07:54] D2BS 4660: Loaded ÿc9[AutoSmurf.js]
[10/06/26 04:08:00] D2BS 4660: farmingON
[10/06/26 04:08:00] D2BS 4660: MiniShopBot: true
[10/06/26 04:08:00] D2BS 4660: UseMerc: true HP: 70
[10/06/26 04:08:24] D2BS 4660: Merc matched: Prayer
[10/06/26 04:08:34] D2BS 4660: act5+ BO
[10/06/26 04:08:48] D2BS 4660: ÿc4=== [BAAL] ===
[10/06/26 04:12:13] D2BS 4660: ÿc4=== [COUNTESS] ===
[10/06/26 04:13:16] D2BS 4660: ÿc4=== [PIT] ===
[10/06/26 04:14:54] D2BS 4660: ÿc4=== [ANDY] ===
[10/06/26 04:16:04] D2BS 4660: ÿc4=== [COWS] ===
[10/06/26 04:18:09] D2BS 4660: party has left: fowo-xd
[10/06/26 04:18:09] D2BS 4660:  [10:16] +2.27% / [Level 90] 34.89%
[10/06/26 04:18:09] D2BS 4660: Script threads\autobuildthread.js ended
[10/06/26 04:18:09] D2BS 4660: Script threads\partythread.js ended
[10/06/26 04:18:09] D2BS 4660: Script threads\townchicken.js ended
[10/06/26 04:18:09] D2BS 4660: Script default.dbj ended
[10/06/26 04:18:22] D2BS 4660: joining game pz-204
[10/06/26 04:18:23] D2BS 4660: ÿc2D2BSÿc0 :: Starting default.dbj
[10/06/26 04:18:23] D2BS 4660: ÿc2D2BSÿc0 :: default.dbj running.
[10/06/26 04:18:23] D2BS 4660: Loaded ÿc9[X.nip] [Y.nip] [Z.nip] [V.nip] [B.WCRY.nip]
[10/06/26 04:18:23] D2BS 4660: Loaded ÿc9[B.WCRY.js]
[10/06/26 04:18:23] D2BS 4660: equipped: [Head] 21
[10/06/26 04:18:24] D2BS 4660: equipped: [Neck] 19
[10/06/26 04:18:24] D2BS 4660: equipped: [Body] 21
[10/06/26 04:18:24] D2BS 4660: equipped: [ArmR] 37
[10/06/26 04:18:24] D2BS 4660: equipped: [ArmL] 38
[10/06/26 04:18:24] D2BS 4660: equipped: [RingR] 18
[10/06/26 04:18:24] D2BS 4660: equipped: [RingL] 15
[10/06/26 04:18:24] D2BS 4660: equipped: [Belt] 19
[10/06/26 04:18:24] D2BS 4660: equipped: [Boots] 12
[10/06/26 04:18:24] D2BS 4660: equipped: [Mitts] 13
[10/06/26 04:18:24] D2BS 4660: updateStat
[10/06/26 04:18:24] D2BS 4660: granted: [Head] 15
[10/06/26 04:18:24] D2BS 4660: granted: [Body] 21
[10/06/26 04:18:24] D2BS 4660: granted: [ArmR] 27
[10/06/26 04:18:24] D2BS 4660: Loaded ÿc9[AutoSmurf.js]
[10/06/26 04:18:31] D2BS 4660: farmingON
[10/06/26 04:18:32] D2BS 4660: MiniShopBot: true
[10/06/26 04:18:32] D2BS 4660: UseMerc: true HP: 70
[10/06/26 04:18:49] D2BS 4660: Merc matched: Prayer
[10/06/26 04:19:02] D2BS 4660: act5+ BO
[10/06/26 04:19:17] D2BS 4660: ÿc4=== [BAAL] ===
[10/06/26 04:21:08] D2BS 4660: updateStat
[10/06/26 04:22:23] D2BS 4660: ÿc4=== [COUNTESS] ===
[10/06/26 04:23:34] D2BS 4660: ÿc4=== [PIT] ===
[10/06/26 04:25:04] D2BS 4660: ÿc4=== [ANDY] ===
[10/06/26 04:25:55] D2BS 4660: ÿc4=== [COWS] ===
[10/06/26 04:37:25] D2BS 4660: ÿc4=== [MEPHISTO] ===
[10/06/26 04:38:45] D2BS 4660: ÿc4=== [DIABLO] ===
[10/06/26 04:44:04] D2BS 4660: party has left: fowo-xd
[10/06/26 04:44:04] D2BS 4660:  [25:40] +4.03% / [Level 90] 38.93%
[10/06/26 04:44:04] D2BS 4660: Script threads\autobuildthread.js ended
[10/06/26 04:44:04] D2BS 4660: Script threads\partythread.js ended
[10/06/26 04:44:04] D2BS 4660: Script threads\townchicken.js ended
[10/06/26 04:44:04] D2BS 4660: Script default.dbj ended
[10/06/26 04:44:16] D2BS 4660: joining game pz-205
[10/06/26 04:44:18] D2BS 4660: ÿc2D2BSÿc0 :: Starting default.dbj
[10/06/26 04:44:18] D2BS 4660: ÿc2D2BSÿc0 :: default.dbj running.
[10/06/26 04:44:18] D2BS 4660: Loaded ÿc9[X.nip] [Y.nip] [Z.nip] [V.nip] [B.WCRY.nip]
[10/06/26 04:44:18] D2BS 4660: Loaded ÿc9[B.WCRY.js]
[10/06/26 04:44:18] D2BS 4660: equipped: [Head] 21
[10/06/26 04:44:18] D2BS 4660: equipped: [Neck] 19
[10/06/26 04:44:18] D2BS 4660: equipped: [Body] 21
[10/06/26 04:44:18] D2BS 4660: equipped: [ArmR] 37
[10/06/26 04:44:18] D2BS 4660: equipped: [ArmL] 38
[10/06/26 04:44:18] D2BS 4660: equipped: [RingR] 18
[10/06/26 04:44:19] D2BS 4660: equipped: [RingL] 15
[10/06/26 04:44:19] D2BS 4660: equipped: [Belt] 19
[10/06/26 04:44:19] D2BS 4660: equipped: [Boots] 12
[10/06/26 04:44:19] D2BS 4660: equipped: [Mitts] 13
[10/06/26 04:44:19] D2BS 4660: updateStat
[10/06/26 04:44:19] D2BS 4660: granted: [Head] 15
[10/06/26 04:44:19] D2BS 4660: granted: [Body] 21
[10/06/26 04:44:19] D2BS 4660: granted: [ArmR] 27
[10/06/26 04:44:19] D2BS 4660: Loaded ÿc9[AutoSmurf.js]
[10/06/26 04:44:23] D2BS 4660: farmingON
[10/06/26 04:44:28] D2BS 4660: MiniShopBot: true
[10/06/26 04:44:28] D2BS 4660: UseMerc: true HP: 70
[10/06/26 04:44:51] D2BS 4660: Merc matched: Prayer
[10/06/26 04:44:59] D2BS 4660: act5+ BO
[10/06/26 04:45:11] D2BS 4660: ÿc4=== [BAAL] ===
[10/06/26 04:48:23] D2BS 4660: ÿc4=== [COUNTESS] ===
[10/06/26 04:49:32] D2BS 4660: ÿc4=== [PIT] ===
[10/06/26 04:50:44] D2BS 4660: ÿc4=== [ANDY] ===
[10/06/26 04:51:37] D2BS 4660: ÿc4=== [COWS] ===
[10/06/26 05:02:02] D2BS 4660: Cows failed: followDriver
[10/06/26 05:03:15] D2BS 4660: ÿc4=== [MEPHISTO] ===
[10/06/26 05:04:35] D2BS 4660: ÿc4=== [DIABLO] ===
[10/06/26 05:05:00] D2BS 4660: equipped: [RingL] 16
[10/06/26 05:07:10] D2BS 4660: party has left: fowo-xd
[10/06/26 05:07:10] D2BS 4660:  [22:52] +2.86% / [Level 90] 41.79%
[10/06/26 05:07:10] D2BS 4660: Script threads\autobuildthread.js ended
[10/06/26 05:07:10] D2BS 4660: Script threads\partythread.js ended
[10/06/26 05:07:10] D2BS 4660: Script threads\townchicken.js ended
[10/06/26 05:07:10] D2BS 4660: Script default.dbj ended
[10/06/26 05:07:23] D2BS 4660: joining game pz-206
[10/06/26 05:07:25] D2BS 4660: ÿc2D2BSÿc0 :: Starting default.dbj
[10/06/26 05:07:25] D2BS 4660: ÿc2D2BSÿc0 :: default.dbj running.
[10/06/26 05:07:25] D2BS 4660: Loaded ÿc9[X.nip] [Y.nip] [Z.nip] [V.nip] [B.WCRY.nip]
[10/06/26 05:07:25] D2BS 4660: Loaded ÿc9[B.WCRY.js]
[10/06/26 05:07:25] D2BS 4660: equipped: [Head] 21
[10/06/26 05:07:25] D2BS 4660: equipped: [Neck] 19
[10/06/26 05:07:25] D2BS 4660: equipped: [Body] 21
[10/06/26 05:07:25] D2BS 4660: equipped: [ArmR] 37
[10/06/26 05:07:25] D2BS 4660: equipped: [ArmL] 38
[10/06/26 05:07:25] D2BS 4660: equipped: [RingR] 18
[10/06/26 05:07:25] D2BS 4660: equipped: [RingL] 16
[10/06/26 05:07:25] D2BS 4660: equipped: [Belt] 19
[10/06/26 05:07:25] D2BS 4660: equipped: [Boots] 12
[10/06/26 05:07:25] D2BS 4660: equipped: [Mitts] 13
[10/06/26 05:07:25] D2BS 4660: updateStat
[10/06/26 05:07:25] D2BS 4660: granted: [Head] 15
[10/06/26 05:07:25] D2BS 4660: granted: [Body] 21
[10/06/26 05:07:25] D2BS 4660: granted: [ArmR] 27
[10/06/26 05:07:25] D2BS 4660: Loaded ÿc9[AutoSmurf.js]
[10/06/26 05:07:30] D2BS 4660: farmingON
[10/06/26 05:07:30] D2BS 4660: MiniShopBot: true
[10/06/26 05:07:30] D2BS 4660: UseMerc: true HP: 70
[10/06/26 05:07:47] D2BS 4660: Merc matched: Prayer
[10/06/26 05:08:03] D2BS 4660: act5+ BO
[10/06/26 05:08:16] D2BS 4660: ÿc4=== [BAAL] ===
[10/06/26 05:08:30] D2BS 4660: Baal failed: souls found
[10/06/26 05:08:30] D2BS 4660: ÿc4=== [COUNTESS] ===
[10/06/26 05:09:39] D2BS 4660: ÿc4=== [PIT] ===
[10/06/26 05:10:39] D2BS 4660: updateStat
[10/06/26 05:11:01] D2BS 4660: ÿc4=== [ANDY] ===
[10/06/26 05:11:56] D2BS 4660: ÿc4=== [COWS] ===
[10/06/26 05:26:56] D2BS 4660: ÿc4=== [MEPHISTO] ===
[10/06/26 05:28:05] D2BS 4660: ÿc4=== [DIABLO] ===
[10/06/26 05:33:45] D2BS 4660: party has left: fowo-xc
[10/06/26 05:33:45] D2BS 4660:  [26:20] +2.66% / [Level 90] 44.45%
[10/06/26 05:33:45] D2BS 4660: Script threads\autobuildthread.js ended
[10/06/26 05:33:45] D2BS 4660: Script threads\partythread.js ended
[10/06/26 05:33:45] D2BS 4660: Script threads\townchicken.js ended
[10/06/26 05:33:45] D2BS 4660: Script default.dbj ended
[10/06/26 05:33:58] D2BS 4660: joining game pz-207
[10/06/26 05:34:00] D2BS 4660: ÿc2D2BSÿc0 :: Starting default.dbj
[10/06/26 05:34:00] D2BS 4660: ÿc2D2BSÿc0 :: default.dbj running.
[10/06/26 05:34:00] D2BS 4660: Loaded ÿc9[X.nip] [Y.nip] [Z.nip] [V.nip] [B.WCRY.nip]
[10/06/26 05:34:00] D2BS 4660: Loaded ÿc9[B.WCRY.js]
[10/06/26 05:34:00] D2BS 4660: equipped: [Head] 21
[10/06/26 05:34:00] D2BS 4660: equipped: [Neck] 19
[10/06/26 05:34:00] D2BS 4660: equipped: [Body] 21
[10/06/26 05:34:00] D2BS 4660: equipped: [ArmR] 37
[10/06/26 05:34:00] D2BS 4660: equipped: [ArmL] 38
[10/06/26 05:34:00] D2BS 4660: equipped: [RingR] 18
[10/06/26 05:34:00] D2BS 4660: equipped: [RingL] 16
[10/06/26 05:34:00] D2BS 4660: equipped: [Belt] 19
[10/06/26 05:34:00] D2BS 4660: equipped: [Boots] 12
[10/06/26 05:34:00] D2BS 4660: equipped: [Mitts] 13
[10/06/26 05:34:00] D2BS 4660: Loaded ÿc9[AutoSmurf.js]
[10/06/26 05:34:05] D2BS 4660: farmingON
[10/06/26 05:34:06] D2BS 4660: MiniShopBot: true
[10/06/26 05:34:06] D2BS 4660: UseMerc: true HP: 70
[10/06/26 05:34:29] D2BS 4660: Merc matched: Prayer
[10/06/26 05:34:43] D2BS 4660: act5+ BO
[10/06/26 05:34:44] D2BS 4660: updateStat
[10/06/26 05:34:55] D2BS 4660: ÿc4=== [BAAL] ===
[10/06/26 05:35:13] D2BS 4660: Baal failed: souls found
[10/06/26 05:35:13] D2BS 4660: ÿc4=== [COUNTESS] ===
[10/06/26 05:36:11] D2BS 4660: ÿc4=== [PIT] ===
[10/06/26 05:37:53] D2BS 4660: ÿc4=== [ANDY] ===
[10/06/26 05:38:45] D2BS 4660: ÿc4=== [COWS] ===
[10/06/26 05:42:30] D2BS 4660: party has left: fowo-xe
[10/06/26 05:42:31] D2BS 4660:  [08:31] +0.56% / [Level 90] 45.01%
[10/06/26 05:42:31] D2BS 4660: Script threads\autobuildthread.js ended
[10/06/26 05:42:31] D2BS 4660: Script threads\partythread.js ended
[10/06/26 05:42:31] D2BS 4660: Script threads\townchicken.js ended
[10/06/26 05:42:31] D2BS 4660: Script default.dbj ended
[10/06/26 05:42:43] D2BS 4660: joining game pz-208
[10/06/26 05:42:46] D2BS 4660: ÿc2D2BSÿc0 :: Starting default.dbj
[10/06/26 05:42:46] D2BS 4660: ÿc2D2BSÿc0 :: default.dbj running.
[10/06/26 05:42:46] D2BS 4660: Loaded ÿc9[X.nip] [Y.nip] [Z.nip] [V.nip] [B.WCRY.nip]
[10/06/26 05:42:46] D2BS 4660: Loaded ÿc9[B.WCRY.js]
[10/06/26 05:42:46] D2BS 4660: equipped: [Head] 21
[10/06/26 05:42:46] D2BS 4660: equipped: [Neck] 19
[10/06/26 05:42:46] D2BS 4660: equipped: [Body] 21
[10/06/26 05:42:46] D2BS 4660: equipped: [ArmR] 37
[10/06/26 05:42:46] D2BS 4660: equipped: [ArmL] 38
[10/06/26 05:42:46] D2BS 4660: equipped: [RingR] 18
[10/06/26 05:42:46] D2BS 4660: equipped: [RingL] 16
[10/06/26 05:42:46] D2BS 4660: equipped: [Belt] 19
[10/06/26 05:42:46] D2BS 4660: equipped: [Boots] 12
[10/06/26 05:42:46] D2BS 4660: equipped: [Mitts] 13
[10/06/26 05:42:46] D2BS 4660: updateStat
[10/06/26 05:42:46] D2BS 4660: granted: [Head] 15
[10/06/26 05:42:46] D2BS 4660: granted: [Body] 21
[10/06/26 05:42:46] D2BS 4660: granted: [ArmR] 27
[10/06/26 05:42:46] D2BS 4660: Loaded ÿc9[AutoSmurf.js]
[10/06/26 05:42:51] D2BS 4660: farmingON
[10/06/26 05:42:52] D2BS 4660: MiniShopBot: true
[10/06/26 05:42:52] D2BS 4660: UseMerc: true HP: 70
[10/06/26 05:43:09] D2BS 4660: Merc matched: Prayer
[10/06/26 05:43:27] D2BS 4660: act5+ BO
[10/06/26 05:43:40] D2BS 4660: ÿc4=== [BAAL] ===
[10/06/26 05:43:52] D2BS 4660: Baal failed: souls found
[10/06/26 05:43:52] D2BS 4660: ÿc4=== [COUNTESS] ===
[10/06/26 05:45:05] D2BS 4660: ÿc4=== [PIT] ===
[10/06/26 05:46:57] D2BS 4660: ÿc4=== [ANDY] ===
[10/06/26 05:47:52] D2BS 4660: ÿc4=== [COWS] ===
[10/06/26 05:50:29] D2BS 4660: party has left: fowo-xe
[10/06/26 05:50:29] D2BS 4660:  [07:44] +0.43% / [Level 90] 45.44%
[10/06/26 05:50:29] D2BS 4660: Script threads\autobuildthread.js ended
[10/06/26 05:50:29] D2BS 4660: Script threads\partythread.js ended
[10/06/26 05:50:29] D2BS 4660: Script threads\townchicken.js ended
[10/06/26 05:50:29] D2BS 4660: Script default.dbj ended
[10/06/26 05:50:41] D2BS 4660: joining game pz-209
[10/06/26 05:50:43] D2BS 4660: ÿc2D2BSÿc0 :: Starting default.dbj
[10/06/26 05:50:43] D2BS 4660: ÿc2D2BSÿc0 :: default.dbj running.
[10/06/26 05:50:43] D2BS 4660: Loaded ÿc9[X.nip] [Y.nip] [Z.nip] [V.nip] [B.WCRY.nip]
[10/06/26 05:50:43] D2BS 4660: Loaded ÿc9[B.WCRY.js]
[10/06/26 05:50:43] D2BS 4660: equipped: [Head] 21
[10/06/26 05:50:43] D2BS 4660: equipped: [Neck] 19
[10/06/26 05:50:43] D2BS 4660: equipped: [Body] 21
[10/06/26 05:50:43] D2BS 4660: equipped: [ArmR] 37
[10/06/26 05:50:43] D2BS 4660: equipped: [ArmL] 38
[10/06/26 05:50:43] D2BS 4660: equipped: [RingR] 18
[10/06/26 05:50:43] D2BS 4660: equipped: [RingL] 16
[10/06/26 05:50:43] D2BS 4660: equipped: [Belt] 19
[10/06/26 05:50:43] D2BS 4660: equipped: [Boots] 12
[10/06/26 05:50:43] D2BS 4660: equipped: [Mitts] 13
[10/06/26 05:50:43] D2BS 4660: Loaded ÿc9[AutoSmurf.js]
[10/06/26 05:50:48] D2BS 4660: farmingON
[10/06/26 05:50:50] D2BS 4660: MiniShopBot: true
[10/06/26 05:50:50] D2BS 4660: UseMerc: true HP: 70
[10/06/26 05:51:00] D2BS 4660: [Craft] Caster Wyrmhide Boots (Eth)
[10/06/26 05:51:20] D2BS 4660: equipped: [Boots] 13
[10/06/26 05:51:23] D2BS 4660: Merc matched: Prayer
[10/06/26 05:51:42] D2BS 4660: act5+ BO
[10/06/26 05:51:44] D2BS 4660: updateStat
[10/06/26 05:51:55] D2BS 4660: ÿc4=== [BAAL] ===
[10/06/26 05:55:49] D2BS 4660: ÿc4=== [COUNTESS] ===
[10/06/26 05:57:06] D2BS 4660: ÿc4=== [PIT] ===
[10/06/26 05:59:00] D2BS 4660: ÿc4=== [ANDY] ===
[10/06/26 06:00:04] D2BS 4660: ÿc4=== [COWS] ===
[10/06/26 06:00:49] D2BS 4660: updateStat
[10/06/26 06:10:41] D2BS 4660: Cows failed: followDriver
[10/06/26 06:11:46] D2BS 4660: ÿc4=== [MEPHISTO] ===
[10/06/26 06:13:07] D2BS 4660: ÿc4=== [DIABLO] ===
[10/06/26 06:20:39] D2BS 4660: party has left: fowo-xa
[10/06/26 06:20:40] D2BS 4660:  [29:57] +4.57% / [Level 90] 50.01%
[10/06/26 06:20:40] D2BS 4660: Script threads\autobuildthread.js ended
[10/06/26 06:20:40] D2BS 4660: Script threads\partythread.js ended
[10/06/26 06:20:40] D2BS 4660: Script threads\townchicken.js ended
[10/06/26 06:20:40] D2BS 4660: Script default.dbj ended
[10/06/26 06:20:52] D2BS 4660: joining game pz-210
[10/06/26 06:20:53] D2BS 4660: ÿc2D2BSÿc0 :: Starting default.dbj
[10/06/26 06:20:53] D2BS 4660: ÿc2D2BSÿc0 :: default.dbj running.
[10/06/26 06:20:53] D2BS 4660: Loaded ÿc9[X.nip] [Y.nip] [Z.nip] [V.nip] [B.WCRY.nip]
[10/06/26 06:20:53] D2BS 4660: Loaded ÿc9[B.WCRY.js]
[10/06/26 06:20:54] D2BS 4660: equipped: [Head] 21
[10/06/26 06:20:54] D2BS 4660: equipped: [Neck] 19
[10/06/26 06:20:54] D2BS 4660: equipped: [Body] 21
[10/06/26 06:20:54] D2BS 4660: equipped: [ArmR] 37
[10/06/26 06:20:54] D2BS 4660: equipped: [ArmL] 38
[10/06/26 06:20:54] D2BS 4660: equipped: [RingR] 18
[10/06/26 06:20:54] D2BS 4660: equipped: [RingL] 16
[10/06/26 06:20:54] D2BS 4660: equipped: [Belt] 19
[10/06/26 06:20:54] D2BS 4660: equipped: [Boots] 13
[10/06/26 06:20:54] D2BS 4660: equipped: [Mitts] 13
[10/06/26 06:20:54] D2BS 4660: updateStat
[10/06/26 06:20:54] D2BS 4660: granted: [Head] 15
[10/06/26 06:20:54] D2BS 4660: granted: [Body] 21
[10/06/26 06:20:54] D2BS 4660: granted: [ArmR] 27
[10/06/26 06:20:54] D2BS 4660: Loaded ÿc9[AutoSmurf.js]
[10/06/26 06:20:59] D2BS 4660: farmingON
[10/06/26 06:21:01] D2BS 4660: Tiered: true
[10/06/26 06:21:01] D2BS 4660: UseMerc: true HP: 70
[10/06/26 06:21:25] D2BS 4660: Merc matched: Prayer
[10/06/26 06:21:35] D2BS 4660: act5+ BO
[10/06/26 06:21:48] D2BS 4660: ÿc4=== [BAAL] ===
[10/06/26 06:24:25] D2BS 4660: party has left: fowo-xe
[10/06/26 06:24:25] D2BS 4660:  [03:31] +1.53% / [Level 90] 51.54%
[10/06/26 06:24:25] D2BS 4660: Script threads\autobuildthread.js ended
[10/06/26 06:24:25] D2BS 4660: Script threads\partythread.js ended
[10/06/26 06:24:25] D2BS 4660: Script threads\townchicken.js ended
[10/06/26 06:24:25] D2BS 4660: Script default.dbj ended
[10/06/26 06:24:43] D2BS 4660: joining game pz-211
[10/06/26 06:24:44] D2BS 4660: ÿc2D2BSÿc0 :: Starting default.dbj
[10/06/26 06:24:44] D2BS 4660: ÿc2D2BSÿc0 :: default.dbj running.
[10/06/26 06:24:45] D2BS 4660: Loaded ÿc9[X.nip] [Y.nip] [Z.nip] [V.nip] [B.WCRY.nip]
[10/06/26 06:24:45] D2BS 4660: Loaded ÿc9[B.WCRY.js]
[10/06/26 06:24:45] D2BS 4660: equipped: [Head] 21
[10/06/26 06:24:45] D2BS 4660: equipped: [Neck] 19
[10/06/26 06:24:45] D2BS 4660: equipped: [Body] 21
[10/06/26 06:24:45] D2BS 4660: equipped: [ArmR] 37
[10/06/26 06:24:45] D2BS 4660: equipped: [ArmL] 38
[10/06/26 06:24:45] D2BS 4660: equipped: [RingR] 18
[10/06/26 06:24:45] D2BS 4660: equipped: [RingL] 16
[10/06/26 06:24:45] D2BS 4660: equipped: [Belt] 19
[10/06/26 06:24:45] D2BS 4660: equipped: [Boots] 13
[10/06/26 06:24:45] D2BS 4660: equipped: [Mitts] 13
[10/06/26 06:24:45] D2BS 4660: updateStat
[10/06/26 06:24:45] D2BS 4660: granted: [Head] 15
[10/06/26 06:24:45] D2BS 4660: granted: [Body] 21
[10/06/26 06:24:45] D2BS 4660: granted: [ArmR] 27
[10/06/26 06:24:45] D2BS 4660: Loaded ÿc9[AutoSmurf.js]
[10/06/26 06:24:48] D2BS 4660: farmingON
[10/06/26 06:24:49] D2BS 4660: Tiered: true
[10/06/26 06:24:49] D2BS 4660: UseMerc: true HP: 70
[10/06/26 06:24:57] D2BS 4660: Merc matched: Prayer
[10/06/26 06:25:44] D2BS 4660: act5+ BO
[10/06/26 06:25:56] D2BS 4660: ÿc4=== [BAAL] ===
[10/06/26 06:26:10] D2BS 4660: Baal failed: souls found
[10/06/26 06:26:10] D2BS 4660: ÿc4=== [COUNTESS] ===
[10/06/26 06:27:15] D2BS 4660: ÿc4=== [PIT] ===
[10/06/26 06:29:09] D2BS 4660: ÿc4=== [ANDY] ===
[10/06/26 06:30:11] D2BS 4660: ÿc4=== [COWS] ===
[10/06/26 06:36:20] D2BS 4660: Cows failed: followDriver
[10/06/26 06:36:22] D2BS 4660: ÿc4=== [MEPHISTO] ===
[10/06/26 06:37:50] D2BS 4660: ÿc4=== [DIABLO] ===
[10/06/26 06:43:04] D2BS 4660: party has left: fowo-xe
[10/06/26 06:43:04] D2BS 4660:  [18:20] +2.21% / [Level 90] 53.75%
[10/06/26 06:43:04] D2BS 4660: Script threads\autobuildthread.js ended
[10/06/26 06:43:04] D2BS 4660: Script threads\partythread.js ended
[10/06/26 06:43:04] D2BS 4660: Script threads\townchicken.js ended
[10/06/26 06:43:04] D2BS 4660: Script default.dbj ended
[10/06/26 06:43:17] D2BS 4660: joining game pz-212
[10/06/26 06:43:19] D2BS 4660: ÿc2D2BSÿc0 :: Starting default.dbj
[10/06/26 06:43:19] D2BS 4660: ÿc2D2BSÿc0 :: default.dbj running.
[10/06/26 06:43:19] D2BS 4660: Loaded ÿc9[X.nip] [Y.nip] [Z.nip] [V.nip] [B.WCRY.nip]
[10/06/26 06:43:19] D2BS 4660: Loaded ÿc9[B.WCRY.js]
[10/06/26 06:43:19] D2BS 4660: equipped: [Head] 21
[10/06/26 06:43:19] D2BS 4660: equipped: [Neck] 19
[10/06/26 06:43:19] D2BS 4660: equipped: [Body] 21
[10/06/26 06:43:19] D2BS 4660: equipped: [ArmR] 37
[10/06/26 06:43:19] D2BS 4660: equipped: [ArmL] 38
[10/06/26 06:43:19] D2BS 4660: equipped: [RingR] 18
[10/06/26 06:43:19] D2BS 4660: equipped: [RingL] 16
[10/06/26 06:43:19] D2BS 4660: equipped: [Belt] 19
[10/06/26 06:43:19] D2BS 4660: equipped: [Boots] 13
[10/06/26 06:43:19] D2BS 4660: equipped: [Mitts] 13
[10/06/26 06:43:19] D2BS 4660: updateStat
[10/06/26 06:43:19] D2BS 4660: granted: [Head] 15
[10/06/26 06:43:20] D2BS 4660: granted: [Body] 21
[10/06/26 06:43:20] D2BS 4660: granted: [ArmR] 27
[10/06/26 06:43:20] D2BS 4660: Loaded ÿc9[AutoSmurf.js]
[10/06/26 06:43:24] D2BS 4660: farmingON
[10/06/26 06:43:27] D2BS 4660: Tiered: true
[10/06/26 06:43:27] D2BS 4660: UseMerc: true HP: 70
[10/06/26 06:43:38] D2BS 4660: Merc matched: Prayer
[10/06/26 06:44:02] D2BS 4660: act5+ BO
[10/06/26 06:44:16] D2BS 4660: ÿc4=== [BAAL] ===
[10/06/26 06:47:08] D2BS 4660: ÿc4=== [COUNTESS] ===
[10/06/26 06:48:19] D2BS 4660: ÿc4=== [PIT] ===
[10/06/26 06:49:39] D2BS 4660: ÿc4=== [ANDY] ===
[10/06/26 06:50:37] D2BS 4660: ÿc4=== [COWS] ===
[10/06/26 07:02:36] D2BS 4660: party has left: fowo-xe
[10/06/26 07:02:36] D2BS 4660:  [19:17] +2.41% / [Level 90] 56.16%
[10/06/26 07:02:36] D2BS 4660: Script threads\autobuildthread.js ended
[10/06/26 07:02:36] D2BS 4660: Script threads\partythread.js ended
[10/06/26 07:02:36] D2BS 4660: Script threads\townchicken.js ended
[10/06/26 07:02:36] D2BS 4660: Script default.dbj ended
[10/06/26 07:02:50] D2BS 4660: joining game pz-213
[10/06/26 07:02:51] D2BS 4660: ÿc2D2BSÿc0 :: Starting default.dbj
[10/06/26 07:02:51] D2BS 4660: ÿc2D2BSÿc0 :: default.dbj running.
[10/06/26 07:02:52] D2BS 4660: Loaded ÿc9[X.nip] [Y.nip] [Z.nip] [V.nip] [B.WCRY.nip]
[10/06/26 07:02:52] D2BS 4660: Loaded ÿc9[B.WCRY.js]
[10/06/26 07:02:52] D2BS 4660: equipped: [Head] 21
[10/06/26 07:02:52] D2BS 4660: equipped: [Neck] 19
[10/06/26 07:02:52] D2BS 4660: equipped: [Body] 21
[10/06/26 07:02:52] D2BS 4660: equipped: [ArmR] 37
[10/06/26 07:02:52] D2BS 4660: equipped: [ArmL] 38
[10/06/26 07:02:52] D2BS 4660: equipped: [RingR] 18
[10/06/26 07:02:52] D2BS 4660: equipped: [RingL] 16
[10/06/26 07:02:52] D2BS 4660: equipped: [Belt] 19
[10/06/26 07:02:52] D2BS 4660: equipped: [Boots] 13
[10/06/26 07:02:52] D2BS 4660: equipped: [Mitts] 13
[10/06/26 07:02:52] D2BS 4660: updateStat
[10/06/26 07:02:52] D2BS 4660: granted: [Head] 15
[10/06/26 07:02:52] D2BS 4660: granted: [Body] 21
[10/06/26 07:02:52] D2BS 4660: granted: [ArmR] 27
[10/06/26 07:02:52] D2BS 4660: Loaded ÿc9[AutoSmurf.js]
[10/06/26 07:02:58] D2BS 4660: farmingON
[10/06/26 07:03:00] D2BS 4660: Tiered: true
[10/06/26 07:03:00] D2BS 4660: UseMerc: true HP: 70
[10/06/26 07:03:18] D2BS 4660: Merc matched: Prayer
[10/06/26 07:03:33] D2BS 4660: act5+ BO
[10/06/26 07:03:46] D2BS 4660: ÿc4=== [BAAL] ===
[10/06/26 07:06:58] D2BS 4660: ÿc4=== [COUNTESS] ===
[10/06/26 07:08:13] D2BS 4660: ÿc4=== [PIT] ===
[10/06/26 07:09:45] D2BS 4660: ÿc4=== [ANDY] ===
[10/06/26 07:10:40] D2BS 4660: ÿc4=== [COWS] ===
[10/06/26 07:17:08] D2BS 4660: party has left: fowo-xd
[10/06/26 07:17:08] D2BS 4660:  [14:17] +2.76% / [Level 90] 58.92%
[10/06/26 07:17:08] D2BS 4660: Script threads\autobuildthread.js ended
[10/06/26 07:17:08] D2BS 4660: Script threads\partythread.js ended
[10/06/26 07:17:08] D2BS 4660: Script threads\townchicken.js ended
[10/06/26 07:17:08] D2BS 4660: Script default.dbj ended
[10/06/26 07:17:21] D2BS 4660: joining game pz-214
[10/06/26 07:17:23] D2BS 4660: ÿc2D2BSÿc0 :: Starting default.dbj
[10/06/26 07:17:23] D2BS 4660: ÿc2D2BSÿc0 :: default.dbj running.
[10/06/26 07:17:23] D2BS 4660: Loaded ÿc9[X.nip] [Y.nip] [Z.nip] [V.nip] [B.WCRY.nip]
[10/06/26 07:17:23] D2BS 4660: Loaded ÿc9[B.WCRY.js]
[10/06/26 07:17:23] D2BS 4660: equipped: [Head] 21
[10/06/26 07:17:23] D2BS 4660: equipped: [Neck] 19
[10/06/26 07:17:23] D2BS 4660: equipped: [Body] 21
[10/06/26 07:17:23] D2BS 4660: equipped: [ArmR] 37
[10/06/26 07:17:23] D2BS 4660: equipped: [ArmL] 38
[10/06/26 07:17:23] D2BS 4660: equipped: [RingR] 18
[10/06/26 07:17:23] D2BS 4660: equipped: [RingL] 16
[10/06/26 07:17:23] D2BS 4660: equipped: [Belt] 19
[10/06/26 07:17:23] D2BS 4660: equipped: [Boots] 13
[10/06/26 07:17:23] D2BS 4660: equipped: [Mitts] 13
[10/06/26 07:17:23] D2BS 4660: updateStat
[10/06/26 07:17:23] D2BS 4660: granted: [Head] 15
[10/06/26 07:17:23] D2BS 4660: granted: [Body] 21
[10/06/26 07:17:23] D2BS 4660: granted: [ArmR] 27
[10/06/26 07:17:23] D2BS 4660: Loaded ÿc9[AutoSmurf.js]
[10/06/26 07:17:28] D2BS 4660: farmingON
[10/06/26 07:17:30] D2BS 4660: Tiered: true
[10/06/26 07:17:30] D2BS 4660: UseMerc: true HP: 70
[10/06/26 07:17:38] D2BS 4660: Merc matched: Prayer
[10/06/26 07:18:09] D2BS 4660: act5+ BO
[10/06/26 07:18:22] D2BS 4660: ÿc4=== [BAAL] ===
[10/06/26 07:20:33] D2BS 4660: updateStat
[10/06/26 07:21:58] D2BS 4660: ÿc4=== [COUNTESS] ===
[10/06/26 07:23:11] D2BS 4660: ÿc4=== [PIT] ===
[10/06/26 07:24:37] D2BS 4660: ÿc4=== [ANDY] ===
[10/06/26 07:25:40] D2BS 4660: ÿc4=== [COWS] ===
[10/06/26 07:35:22] D2BS 4660: Cows failed: followDriver
[10/06/26 07:35:28] D2BS 4660: ÿc4=== [MEPHISTO] ===
[10/06/26 07:36:56] D2BS 4660: ÿc4=== [DIABLO] ===
[10/06/26 07:42:19] D2BS 4660: Script ended
[10/06/26 07:42:19] D2BS 4660:  [24:57] +4.35% / [Level 90] 63.27%
[10/06/26 07:42:19] D2BS 4660: Script threads\autobuildthread.js ended
[10/06/26 07:42:19] D2BS 4660: Script threads\partythread.js ended
[10/06/26 07:42:19] D2BS 4660: Script threads\townchicken.js ended
[10/06/26 07:42:33] D2BS 4660: joining game pz-215
[10/06/26 07:42:35] D2BS 4660: ÿc2D2BSÿc0 :: Starting default.dbj
[10/06/26 07:42:35] D2BS 4660: ÿc2D2BSÿc0 :: default.dbj running.
[10/06/26 07:42:35] D2BS 4660: Loaded ÿc9[X.nip] [Y.nip] [Z.nip] [V.nip] [B.WCRY.nip]
[10/06/26 07:42:35] D2BS 4660: Loaded ÿc9[B.WCRY.js]
[10/06/26 07:42:35] D2BS 4660: equipped: [Head] 21
[10/06/26 07:42:35] D2BS 4660: equipped: [Neck] 19
[10/06/26 07:42:35] D2BS 4660: equipped: [Body] 21
[10/06/26 07:42:35] D2BS 4660: equipped: [ArmR] 37
[10/06/26 07:42:35] D2BS 4660: equipped: [ArmL] 38
[10/06/26 07:42:35] D2BS 4660: equipped: [RingR] 18
[10/06/26 07:42:35] D2BS 4660: equipped: [RingL] 16
[10/06/26 07:42:35] D2BS 4660: equipped: [Belt] 19
[10/06/26 07:42:35] D2BS 4660: equipped: [Boots] 13
[10/06/26 07:42:35] D2BS 4660: equipped: [Mitts] 13
[10/06/26 07:42:35] D2BS 4660: updateStat
[10/06/26 07:42:35] D2BS 4660: granted: [Head] 15
[10/06/26 07:42:35] D2BS 4660: granted: [Body] 21
[10/06/26 07:42:35] D2BS 4660: granted: [ArmR] 27
[10/06/26 07:42:35] D2BS 4660: Loaded ÿc9[AutoSmurf.js]
[10/06/26 07:42:40] D2BS 4660: farmingON
[10/06/26 07:42:42] D2BS 4660: Tiered: true
[10/06/26 07:42:42] D2BS 4660: UseMerc: true HP: 70
[10/06/26 07:42:54] D2BS 4660: Merc matched: Prayer
[10/06/26 07:43:13] D2BS 4660: act5+ BO
[10/06/26 07:43:26] D2BS 4660: ÿc4=== [BAAL] ===
[10/06/26 07:43:41] D2BS 4660: Baal failed: souls found
[10/06/26 07:43:41] D2BS 4660: ÿc4=== [COUNTESS] ===
[10/06/26 07:44:43] D2BS 4660: ÿc4=== [PIT] ===
[10/06/26 07:46:43] D2BS 4660: ÿc4=== [ANDY] ===
[10/06/26 07:47:37] D2BS 4660: ÿc4=== [COWS] ===
[10/06/26 07:50:08] D2BS 4660: party has left: fowo-xc
[10/06/26 07:50:08] D2BS 4660:  [07:34] +0.71% / [Level 90] 63.98%
[10/06/26 07:50:08] D2BS 4660: Script threads\autobuildthread.js ended
[10/06/26 07:50:08] D2BS 4660: Script threads\partythread.js ended
[10/06/26 07:50:08] D2BS 4660: Script threads\townchicken.js ended
[10/06/26 07:50:08] D2BS 4660: Script default.dbj ended
[10/06/26 07:50:20] D2BS 4660: joining game pz-216
[10/06/26 07:50:22] D2BS 4660: ÿc2D2BSÿc0 :: Starting default.dbj
[10/06/26 07:50:22] D2BS 4660: ÿc2D2BSÿc0 :: default.dbj running.
[10/06/26 07:50:23] D2BS 4660: Loaded ÿc9[X.nip] [Y.nip] [Z.nip] [V.nip] [B.WCRY.nip]
[10/06/26 07:50:23] D2BS 4660: Loaded ÿc9[B.WCRY.js]
[10/06/26 07:50:23] D2BS 4660: equipped: [Head] 21
[10/06/26 07:50:23] D2BS 4660: equipped: [Neck] 19
[10/06/26 07:50:23] D2BS 4660: equipped: [Body] 21
[10/06/26 07:50:23] D2BS 4660: equipped: [ArmR] 37
[10/06/26 07:50:23] D2BS 4660: equipped: [ArmL] 38
[10/06/26 07:50:23] D2BS 4660: equipped: [RingR] 18
[10/06/26 07:50:23] D2BS 4660: equipped: [RingL] 16
[10/06/26 07:50:23] D2BS 4660: equipped: [Belt] 19
[10/06/26 07:50:23] D2BS 4660: equipped: [Boots] 13
[10/06/26 07:50:23] D2BS 4660: equipped: [Mitts] 13
[10/06/26 07:50:23] D2BS 4660: updateStat
[10/06/26 07:50:23] D2BS 4660: granted: [Head] 15
[10/06/26 07:50:23] D2BS 4660: granted: [Body] 21
[10/06/26 07:50:23] D2BS 4660: granted: [ArmR] 27
[10/06/26 07:50:23] D2BS 4660: Loaded ÿc9[AutoSmurf.js]
[10/06/26 07:50:29] D2BS 4660: farmingON
[10/06/26 07:50:31] D2BS 4660: Tiered: true
[10/06/26 07:50:31] D2BS 4660: UseMerc: true HP: 70
[10/06/26 07:50:34] D2BS 4660: Merc matched: Prayer
[10/06/26 07:51:07] D2BS 4660: act5+ BO
[10/06/26 07:51:19] D2BS 4660: ÿc4=== [BAAL] ===
[10/06/26 07:55:16] D2BS 4660: ÿc4=== [COUNTESS] ===
[10/06/26 07:56:16] D2BS 4660: ÿc4=== [PIT] ===
[10/06/26 07:57:34] D2BS 4660: ÿc4=== [ANDY] ===
[10/06/26 07:58:44] D2BS 4660: ÿc4=== [COWS] ===
[10/06/26 07:58:57] D2BS 4660: equipped: [Head] 23
[10/06/26 08:04:59] D2BS 4660: Cows failed: followDriver
[10/06/26 08:05:01] D2BS 4660: ÿc4=== [MEPHISTO] ===
[10/06/26 08:06:53] D2BS 4660: ÿc4=== [DIABLO] ===
[10/06/26 08:13:15] D2BS 4660: party has left: fowo-xb
[10/06/26 08:13:15] D2BS 4660:  [22:53] +4.74% / [Level 90] 68.72%
[10/06/26 08:13:15] D2BS 4660: Script threads\autobuildthread.js ended
[10/06/26 08:13:15] D2BS 4660: Script threads\partythread.js ended
[10/06/26 08:13:15] D2BS 4660: Script threads\townchicken.js ended
[10/06/26 08:13:15] D2BS 4660: Script default.dbj ended
[10/06/26 08:13:28] D2BS 4660: joining game pz-217
[10/06/26 08:13:30] D2BS 4660: ÿc2D2BSÿc0 :: Starting default.dbj
[10/06/26 08:13:30] D2BS 4660: ÿc2D2BSÿc0 :: default.dbj running.
[10/06/26 08:13:30] D2BS 4660: Loaded ÿc9[X.nip] [Y.nip] [Z.nip] [V.nip] [B.WCRY.nip]
[10/06/26 08:13:30] D2BS 4660: Loaded ÿc9[B.WCRY.js]
[10/06/26 08:13:30] D2BS 4660: equipped: [Head] 23
[10/06/26 08:13:30] D2BS 4660: equipped: [Neck] 19
[10/06/26 08:13:30] D2BS 4660: equipped: [Body] 21
[10/06/26 08:13:30] D2BS 4660: equipped: [ArmR] 37
[10/06/26 08:13:30] D2BS 4660: equipped: [ArmL] 38
[10/06/26 08:13:30] D2BS 4660: equipped: [RingR] 18
[10/06/26 08:13:30] D2BS 4660: equipped: [RingL] 16
[10/06/26 08:13:30] D2BS 4660: equipped: [Belt] 19
[10/06/26 08:13:30] D2BS 4660: equipped: [Boots] 13
[10/06/26 08:13:30] D2BS 4660: equipped: [Mitts] 13
[10/06/26 08:13:30] D2BS 4660: updateStat
[10/06/26 08:13:30] D2BS 4660: granted: [Head] 15
[10/06/26 08:13:30] D2BS 4660: granted: [Body] 21
[10/06/26 08:13:30] D2BS 4660: granted: [ArmR] 27
[10/06/26 08:13:30] D2BS 4660: Loaded ÿc9[AutoSmurf.js]
[10/06/26 08:13:37] D2BS 4660: farmingON
[10/06/26 08:13:37] D2BS 4660: Tiered: true
[10/06/26 08:13:37] D2BS 4660: UseMerc: true HP: 70
[10/06/26 08:13:47] D2BS 4660: Merc matched: Prayer
[10/06/26 08:14:12] D2BS 4660: act5+ BO
[10/06/26 08:14:24] D2BS 4660: ÿc4=== [BAAL] ===
[10/06/26 08:17:31] D2BS 4660: ÿc4=== [COUNTESS] ===
[10/06/26 08:18:38] D2BS 4660: ÿc4=== [PIT] ===
[10/06/26 08:19:59] D2BS 4660: ÿc4=== [ANDY] ===
[10/06/26 08:21:05] D2BS 4660: ÿc4=== [COWS] ===
[10/06/26 08:32:42] D2BS 4660: ÿc4=== [MEPHISTO] ===
[10/06/26 08:34:13] D2BS 4660: ÿc4=== [DIABLO] ===
[10/06/26 08:39:27] D2BS 4660: party has left: fowo-xa
[10/06/26 08:39:27] D2BS 4660:  [25:57] +3.43% / [Level 90] 72.15%
[10/06/26 08:39:27] D2BS 4660: Script threads\autobuildthread.js ended
[10/06/26 08:39:27] D2BS 4660: Script threads\partythread.js ended
[10/06/26 08:39:28] D2BS 4660: Script threads\townchicken.js ended
[10/06/26 08:39:28] D2BS 4660: Script default.dbj ended
[10/06/26 08:39:40] D2BS 4660: joining game pz-218
[10/06/26 08:39:42] D2BS 4660: ÿc2D2BSÿc0 :: Starting default.dbj
[10/06/26 08:39:42] D2BS 4660: ÿc2D2BSÿc0 :: default.dbj running.
[10/06/26 08:39:42] D2BS 4660: Loaded ÿc9[X.nip] [Y.nip] [Z.nip] [V.nip] [B.WCRY.nip]
[10/06/26 08:39:42] D2BS 4660: Loaded ÿc9[B.WCRY.js]
[10/06/26 08:39:42] D2BS 4660: equipped: [Head] 23
[10/06/26 08:39:42] D2BS 4660: equipped: [Neck] 19
[10/06/26 08:39:42] D2BS 4660: equipped: [Body] 21
[10/06/26 08:39:42] D2BS 4660: equipped: [ArmR] 37
[10/06/26 08:39:42] D2BS 4660: equipped: [ArmL] 38
[10/06/26 08:39:42] D2BS 4660: equipped: [RingR] 18
[10/06/26 08:39:43] D2BS 4660: equipped: [RingL] 16
[10/06/26 08:39:43] D2BS 4660: equipped: [Belt] 19
[10/06/26 08:39:43] D2BS 4660: equipped: [Boots] 13
[10/06/26 08:39:43] D2BS 4660: equipped: [Mitts] 13
[10/06/26 08:39:43] D2BS 4660: updateStat
[10/06/26 08:39:43] D2BS 4660: granted: [Head] 15
[10/06/26 08:39:43] D2BS 4660: granted: [Body] 21
[10/06/26 08:39:43] D2BS 4660: granted: [ArmR] 27
[10/06/26 08:39:43] D2BS 4660: Loaded ÿc9[AutoSmurf.js]
[10/06/26 08:39:49] D2BS 4660: farmingON
[10/06/26 08:39:51] D2BS 4660: Tiered: true
[10/06/26 08:39:51] D2BS 4660: UseMerc: true HP: 70
[10/06/26 08:40:08] D2BS 4660: Merc matched: Prayer
[10/06/26 08:40:21] D2BS 4660: act5+ BO
[10/06/26 08:40:34] D2BS 4660: ÿc4=== [BAAL] ===
[10/06/26 08:43:49] D2BS 4660: ÿc4=== [COUNTESS] ===
[10/06/26 08:45:00] D2BS 4660: ÿc4=== [PIT] ===
[10/06/26 08:45:37] D2BS 4660: updateStat
[10/06/26 08:47:04] D2BS 4660: ÿc4=== [ANDY] ===
[10/06/26 08:48:05] D2BS 4660: ÿc4=== [COWS] ===
[10/06/26 09:00:21] D2BS 4660: ÿc4=== [MEPHISTO] ===
[10/06/26 09:01:58] D2BS 4660: ÿc4=== [DIABLO] ===
[10/06/26 09:07:15] D2BS 4660: party has left: fowo-xd
[10/06/26 09:07:15] D2BS 4660: party has left: fowo-xd
[10/06/26 09:07:15] D2BS 4660: party has left: fowo-xd
[10/06/26 09:07:15] D2BS 4660:  [27:33] +3.99% / [Level 90] 76.14%
[10/06/26 09:07:15] D2BS 4660: Script threads\autobuildthread.js ended
[10/06/26 09:07:16] D2BS 4660: Script threads\partythread.js ended
[10/06/26 09:07:16] D2BS 4660: Script threads\townchicken.js ended
[10/06/26 09:07:16] D2BS 4660: Script default.dbj ended
[10/06/26 09:07:27] D2BS 4660: joining game pz-219
[10/06/26 09:07:29] D2BS 4660: ÿc2D2BSÿc0 :: Starting default.dbj
[10/06/26 09:07:29] D2BS 4660: ÿc2D2BSÿc0 :: default.dbj running.
[10/06/26 09:07:29] D2BS 4660: Loaded ÿc9[X.nip] [Y.nip] [Z.nip] [V.nip] [B.WCRY.nip]
[10/06/26 09:07:29] D2BS 4660: Loaded ÿc9[B.WCRY.js]
[10/06/26 09:07:29] D2BS 4660: equipped: [Head] 23
[10/06/26 09:07:29] D2BS 4660: equipped: [Neck] 19
[10/06/26 09:07:29] D2BS 4660: equipped: [Body] 21
[10/06/26 09:07:29] D2BS 4660: equipped: [ArmR] 37
[10/06/26 09:07:30] D2BS 4660: equipped: [ArmL] 38
[10/06/26 09:07:30] D2BS 4660: equipped: [RingR] 18
[10/06/26 09:07:30] D2BS 4660: equipped: [RingL] 16
[10/06/26 09:07:30] D2BS 4660: equipped: [Belt] 19
[10/06/26 09:07:30] D2BS 4660: equipped: [Boots] 13
[10/06/26 09:07:30] D2BS 4660: equipped: [Mitts] 13
[10/06/26 09:07:30] D2BS 4660: updateStat
[10/06/26 09:07:30] D2BS 4660: granted: [Head] 15
[10/06/26 09:07:30] D2BS 4660: granted: [Body] 21
[10/06/26 09:07:30] D2BS 4660: granted: [ArmR] 27
[10/06/26 09:07:30] D2BS 4660: Loaded ÿc9[AutoSmurf.js]
[10/06/26 09:07:36] D2BS 4660: farmingON
[10/06/26 09:07:37] D2BS 4660: Tiered: true
[10/06/26 09:07:37] D2BS 4660: UseMerc: true HP: 70
[10/06/26 09:07:48] D2BS 4660: Merc matched: Prayer
[10/06/26 09:08:08] D2BS 4660: act5+ BO
[10/06/26 09:08:21] D2BS 4660: ÿc4=== [BAAL] ===
[10/06/26 09:10:07] D2BS 4660: Going to town
[10/06/26 09:11:40] D2BS 4660: ÿc4=== [COUNTESS] ===
[10/06/26 09:12:50] D2BS 4660: ÿc4=== [PIT] ===
[10/06/26 09:14:19] D2BS 4660: ÿc4=== [ANDY] ===
[10/06/26 09:15:15] D2BS 4660: ÿc4=== [COWS] ===
[10/06/26 09:30:50] D2BS 4660: ÿc4=== [MEPHISTO] ===
[10/06/26 09:31:07] D2BS 4660: act1 BO
[10/06/26 09:32:15] D2BS 4660: ÿc4=== [DIABLO] ===
[10/06/26 09:37:27] D2BS 4660: party has left: fowo-xa
[10/06/26 09:37:27] D2BS 4660:  [29:58] +2.99% / [Level 90] 79.12%
[10/06/26 09:37:27] D2BS 4660: Script threads\autobuildthread.js ended
[10/06/26 09:37:27] D2BS 4660: Script threads\partythread.js ended
[10/06/26 09:37:27] D2BS 4660: Script threads\townchicken.js ended
[10/06/26 09:37:27] D2BS 4660: Script default.dbj ended
[10/06/26 09:37:39] D2BS 4660: joining game pz-220
[10/06/26 09:37:41] D2BS 4660: ÿc2D2BSÿc0 :: Starting default.dbj
[10/06/26 09:37:41] D2BS 4660: ÿc2D2BSÿc0 :: default.dbj running.
[10/06/26 09:37:42] D2BS 4660: Loaded ÿc9[X.nip] [Y.nip] [Z.nip] [V.nip] [B.WCRY.nip]
[10/06/26 09:37:42] D2BS 4660: Loaded ÿc9[B.WCRY.js]
[10/06/26 09:37:42] D2BS 4660: equipped: [Head] 23
[10/06/26 09:37:42] D2BS 4660: equipped: [Neck] 19
[10/06/26 09:37:42] D2BS 4660: equipped: [Body] 21
[10/06/26 09:37:42] D2BS 4660: equipped: [ArmR] 37
[10/06/26 09:37:42] D2BS 4660: equipped: [ArmL] 38
[10/06/26 09:37:42] D2BS 4660: equipped: [RingR] 18
[10/06/26 09:37:42] D2BS 4660: equipped: [RingL] 16
[10/06/26 09:37:42] D2BS 4660: equipped: [Belt] 19
[10/06/26 09:37:42] D2BS 4660: equipped: [Boots] 13
[10/06/26 09:37:42] D2BS 4660: equipped: [Mitts] 13
[10/06/26 09:37:42] D2BS 4660: updateStat
[10/06/26 09:37:42] D2BS 4660: granted: [Head] 15
[10/06/26 09:37:42] D2BS 4660: granted: [Body] 21
[10/06/26 09:37:42] D2BS 4660: granted: [ArmR] 27
[10/06/26 09:37:42] D2BS 4660: Loaded ÿc9[AutoSmurf.js]
[10/06/26 09:37:47] D2BS 4660: farmingON
[10/06/26 09:37:48] D2BS 4660: Tiered: true
[10/06/26 09:37:48] D2BS 4660: UseMerc: true HP: 70
[10/06/26 09:38:06] D2BS 4660: Merc matched: Prayer
[10/06/26 09:38:24] D2BS 4660: act5+ BO
[10/06/26 09:38:37] D2BS 4660: ÿc4=== [BAAL] ===
[10/06/26 09:42:19] D2BS 4660: ÿc4=== [COUNTESS] ===
[10/06/26 09:43:39] D2BS 4660: ÿc4=== [PIT] ===
[10/06/26 09:44:58] D2BS 4660: ÿc4=== [ANDY] ===
[10/06/26 09:46:04] D2BS 4660: ÿc4=== [COWS] ===
[10/06/26 09:47:45] D2BS 4660: updateStat
[10/06/26 09:59:50] D2BS 4660: ÿc4=== [MEPHISTO] ===
[10/06/26 10:01:15] D2BS 4660: ÿc4=== [DIABLO] ===
[10/06/26 10:07:27] D2BS 4660: party has left: fowo-xd, fowo-xg
[10/06/26 10:07:27] D2BS 4660:  [29:46] +4.75% / [Level 90] 83.87%
[10/06/26 10:07:27] D2BS 4660: Script threads\autobuildthread.js ended
[10/06/26 10:07:27] D2BS 4660: Script threads\partythread.js ended
[10/06/26 10:07:27] D2BS 4660: Script threads\townchicken.js ended
[10/06/26 10:07:27] D2BS 4660: Script default.dbj ended
[10/06/26 10:07:40] D2BS 4660: joining game pz-221
[10/06/26 10:07:43] D2BS 4660: ÿc2D2BSÿc0 :: Starting default.dbj
[10/06/26 10:07:43] D2BS 4660: ÿc2D2BSÿc0 :: default.dbj running.
[10/06/26 10:07:43] D2BS 4660: Loaded ÿc9[X.nip] [Y.nip] [Z.nip] [V.nip] [B.WCRY.nip]
[10/06/26 10:07:43] D2BS 4660: Loaded ÿc9[B.WCRY.js]
[10/06/26 10:07:43] D2BS 4660: equipped: [Head] 23
[10/06/26 10:07:43] D2BS 4660: equipped: [Neck] 19
[10/06/26 10:07:43] D2BS 4660: equipped: [Body] 21
[10/06/26 10:07:43] D2BS 4660: equipped: [ArmR] 37
[10/06/26 10:07:43] D2BS 4660: equipped: [ArmL] 38
[10/06/26 10:07:43] D2BS 4660: equipped: [RingR] 18
[10/06/26 10:07:43] D2BS 4660: equipped: [RingL] 16
[10/06/26 10:07:43] D2BS 4660: equipped: [Belt] 19
[10/06/26 10:07:43] D2BS 4660: equipped: [Boots] 13
[10/06/26 10:07:43] D2BS 4660: equipped: [Mitts] 13
[10/06/26 10:07:43] D2BS 4660: updateStat
[10/06/26 10:07:43] D2BS 4660: granted: [Head] 15
[10/06/26 10:07:43] D2BS 4660: granted: [Body] 21
[10/06/26 10:07:43] D2BS 4660: granted: [ArmR] 27
[10/06/26 10:07:43] D2BS 4660: Loaded ÿc9[AutoSmurf.js]
[10/06/26 10:07:47] D2BS 4660: Tiered: true
[10/06/26 10:07:47] D2BS 4660: UseMerc: true HP: 70
[10/06/26 10:07:48] D2BS 4660: farmingON
[10/06/26 10:08:04] D2BS 4660: Merc matched: Prayer
[10/06/26 10:08:17] D2BS 4660: act5+ BO
[10/06/26 10:08:31] D2BS 4660: ÿc4=== [BAAL] ===
[10/06/26 10:12:00] D2BS 4660: ÿc4=== [COUNTESS] ===
[10/06/26 10:13:06] D2BS 4660: ÿc4=== [PIT] ===
[10/06/26 10:14:43] D2BS 4660: ÿc4=== [ANDY] ===
[10/06/26 10:15:42] D2BS 4660: ÿc4=== [COWS] ===
[10/06/26 10:22:22] D2BS 4660: updateStat
[10/06/26 10:22:47] D2BS 4660: Going to town
[10/06/26 10:27:40] D2BS 4660: ÿc4=== [MEPHISTO] ===
[10/06/26 10:29:03] D2BS 4660: ÿc4=== [DIABLO] ===
[10/06/26 10:35:39] D2BS 4660: party has left: fowo-xa, fowo-xb
[10/06/26 10:35:39] D2BS 4660:  [27:56] +4.02% / [Level 90] 87.89%
[10/06/26 10:35:39] D2BS 4660: Script threads\autobuildthread.js ended
[10/06/26 10:35:39] D2BS 4660: Script threads\partythread.js ended
[10/06/26 10:35:39] D2BS 4660: Script threads\townchicken.js ended
[10/06/26 10:35:39] D2BS 4660: Script default.dbj ended
[10/06/26 10:35:51] D2BS 4660: joining game pz-222
[10/06/26 10:35:52] D2BS 4660: ÿc2D2BSÿc0 :: Starting default.dbj
[10/06/26 10:35:52] D2BS 4660: ÿc2D2BSÿc0 :: default.dbj running.
[10/06/26 10:35:52] D2BS 4660: Loaded ÿc9[X.nip] [Y.nip] [Z.nip] [V.nip] [B.WCRY.nip]
[10/06/26 10:35:52] D2BS 4660: Loaded ÿc9[B.WCRY.js]
[10/06/26 10:35:52] D2BS 4660: equipped: [Head] 23
[10/06/26 10:35:52] D2BS 4660: equipped: [Neck] 19
[10/06/26 10:35:52] D2BS 4660: equipped: [Body] 21
[10/06/26 10:35:52] D2BS 4660: equipped: [ArmR] 37
[10/06/26 10:35:52] D2BS 4660: equipped: [ArmL] 38
[10/06/26 10:35:52] D2BS 4660: equipped: [RingR] 18
[10/06/26 10:35:52] D2BS 4660: equipped: [RingL] 16
[10/06/26 10:35:52] D2BS 4660: equipped: [Belt] 19
[10/06/26 10:35:52] D2BS 4660: equipped: [Boots] 13
[10/06/26 10:35:52] D2BS 4660: equipped: [Mitts] 13
[10/06/26 10:35:53] D2BS 4660: Loaded ÿc9[AutoSmurf.js]
[10/06/26 10:36:00] D2BS 4660: farmingON
[10/06/26 10:36:00] D2BS 4660: Tiered: true
[10/06/26 10:36:00] D2BS 4660: UseMerc: true HP: 70
[10/06/26 10:36:09] D2BS 4660: updateStat
[10/06/26 10:36:09] D2BS 4660: granted: [Head] 15
[10/06/26 10:36:09] D2BS 4660: granted: [Body] 21
[10/06/26 10:36:09] D2BS 4660: granted: [ArmR] 27
[10/06/26 10:36:19] D2BS 4660: Merc matched: Prayer
[10/06/26 10:36:32] D2BS 4660: act5+ BO
[10/06/26 10:36:33] D2BS 4660: updateStat
[10/06/26 10:36:45] D2BS 4660: ÿc4=== [BAAL] ===
[10/06/26 10:40:15] D2BS 4660: ÿc4=== [COUNTESS] ===
[10/06/26 10:41:46] D2BS 4660: ÿc4=== [PIT] ===
[10/06/26 10:43:26] D2BS 4660: ÿc4=== [ANDY] ===
[10/06/26 10:44:31] D2BS 4660: ÿc4=== [COWS] ===
[10/06/26 10:51:02] D2BS 4660: party has left: fowo-xa
[10/06/26 10:51:02] D2BS 4660:  [15:09] +2.31% / [Level 90] 90.20%
[10/06/26 10:51:02] D2BS 4660: Script threads\autobuildthread.js ended
[10/06/26 10:51:02] D2BS 4660: Script threads\partythread.js ended
[10/06/26 10:51:02] D2BS 4660: Script threads\townchicken.js ended
[10/06/26 10:51:02] D2BS 4660: Script default.dbj ended
[10/06/26 10:51:14] D2BS 4660: joining game pz-223
[10/06/26 10:51:16] D2BS 4660: ÿc2D2BSÿc0 :: Starting default.dbj
[10/06/26 10:51:16] D2BS 4660: ÿc2D2BSÿc0 :: default.dbj running.
[10/06/26 10:51:16] D2BS 4660: Loaded ÿc9[X.nip] [Y.nip] [Z.nip] [V.nip] [B.WCRY.nip]
[10/06/26 10:51:16] D2BS 4660: Loaded ÿc9[B.WCRY.js]
[10/06/26 10:51:16] D2BS 4660: equipped: [Head] 23
[10/06/26 10:51:16] D2BS 4660: equipped: [Neck] 19
[10/06/26 10:51:16] D2BS 4660: equipped: [Body] 21
[10/06/26 10:51:16] D2BS 4660: equipped: [ArmR] 37
[10/06/26 10:51:16] D2BS 4660: equipped: [ArmL] 38
[10/06/26 10:51:16] D2BS 4660: equipped: [RingR] 18
[10/06/26 10:51:16] D2BS 4660: equipped: [RingL] 16
[10/06/26 10:51:16] D2BS 4660: equipped: [Belt] 19
[10/06/26 10:51:16] D2BS 4660: equipped: [Boots] 13
[10/06/26 10:51:16] D2BS 4660: equipped: [Mitts] 13
[10/06/26 10:51:17] D2BS 4660: updateStat
[10/06/26 10:51:17] D2BS 4660: granted: [Head] 15
[10/06/26 10:51:17] D2BS 4660: granted: [Body] 21
[10/06/26 10:51:17] D2BS 4660: granted: [ArmR] 27
[10/06/26 10:51:17] D2BS 4660: Loaded ÿc9[AutoSmurf.js]
[10/06/26 10:51:24] D2BS 4660: farmingON
[10/06/26 10:51:25] D2BS 4660: Tiered: true
[10/06/26 10:51:25] D2BS 4660: UseMerc: true HP: 70
[10/06/26 10:52:01] D2BS 4660: Merc matched: Prayer
[10/06/26 10:52:12] D2BS 4660: act5+ BO
[10/06/26 10:52:42] D2BS 4660: party has left: fowo-xa
[10/06/26 10:52:42] D2BS 4660: no exp [01:26]
[10/06/26 10:52:42] D2BS 4660: Script threads\autobuildthread.js ended
[10/06/26 10:52:42] D2BS 4660: Script threads\partythread.js ended
[10/06/26 10:52:42] D2BS 4660: Script threads\townchicken.js ended
[10/06/26 10:52:42] D2BS 4660: Script default.dbj ended
[10/06/26 10:52:55] D2BS 4660: joining game pz-224
[10/06/26 10:52:56] D2BS 4660: ÿc2D2BSÿc0 :: Starting default.dbj
[10/06/26 10:52:56] D2BS 4660: ÿc2D2BSÿc0 :: default.dbj running.
[10/06/26 10:52:57] D2BS 4660: Loaded ÿc9[X.nip] [Y.nip] [Z.nip] [V.nip] [B.WCRY.nip]
[10/06/26 10:52:57] D2BS 4660: Loaded ÿc9[B.WCRY.js]
[10/06/26 10:52:57] D2BS 4660: equipped: [Head] 23
[10/06/26 10:52:57] D2BS 4660: equipped: [Neck] 19
[10/06/26 10:52:57] D2BS 4660: equipped: [Body] 21
[10/06/26 10:52:57] D2BS 4660: equipped: [ArmR] 37
[10/06/26 10:52:57] D2BS 4660: equipped: [ArmL] 38
[10/06/26 10:52:57] D2BS 4660: equipped: [RingR] 18
[10/06/26 10:52:57] D2BS 4660: equipped: [RingL] 16
[10/06/26 10:52:57] D2BS 4660: equipped: [Belt] 19
[10/06/26 10:52:57] D2BS 4660: equipped: [Boots] 13
[10/06/26 10:52:57] D2BS 4660: equipped: [Mitts] 13
[10/06/26 10:52:57] D2BS 4660: updateStat
[10/06/26 10:52:57] D2BS 4660: granted: [Head] 15
[10/06/26 10:52:57] D2BS 4660: granted: [Body] 21
[10/06/26 10:52:58] D2BS 4660: granted: [ArmR] 27
[10/06/26 10:52:58] D2BS 4660: Loaded ÿc9[AutoSmurf.js]
[10/06/26 10:52:59] D2BS 4660: farmingON
[10/06/26 10:53:00] D2BS 4660: Tiered: true
[10/06/26 10:53:00] D2BS 4660: UseMerc: true HP: 70
[10/06/26 10:53:00] D2BS 4660: Merc matched: Prayer
[10/06/26 10:53:26] D2BS 4660: act5+ BO
[10/06/26 10:53:29] D2BS 4660: party has left: fowo-xb
[10/06/26 10:53:29] D2BS 4660: no exp [00:33]
[10/06/26 10:53:29] D2BS 4660: Script threads\autobuildthread.js ended
[10/06/26 10:53:29] D2BS 4660: Script threads\partythread.js ended
[10/06/26 10:53:29] D2BS 4660: Script threads\townchicken.js ended
[10/06/26 10:53:29] D2BS 4660: Script default.dbj ended
[10/06/26 10:54:55] D2BS 4660: joining game pz-225
[10/06/26 10:54:58] D2BS 4660: ÿc2D2BSÿc0 :: Starting default.dbj
[10/06/26 10:54:58] D2BS 4660: ÿc2D2BSÿc0 :: default.dbj running.
[10/06/26 10:54:58] D2BS 4660: Loaded ÿc9[X.nip] [Y.nip] [Z.nip] [V.nip] [B.WCRY.nip]
[10/06/26 10:54:58] D2BS 4660: Loaded ÿc9[B.WCRY.js]
[10/06/26 10:54:58] D2BS 4660: equipped: [Head] 23
[10/06/26 10:54:58] D2BS 4660: equipped: [Neck] 19
[10/06/26 10:54:58] D2BS 4660: equipped: [Body] 21
[10/06/26 10:54:58] D2BS 4660: equipped: [ArmR] 37
[10/06/26 10:54:58] D2BS 4660: equipped: [ArmL] 38
[10/06/26 10:54:58] D2BS 4660: equipped: [RingR] 18
[10/06/26 10:54:58] D2BS 4660: equipped: [RingL] 16
[10/06/26 10:54:58] D2BS 4660: equipped: [Belt] 19
[10/06/26 10:54:58] D2BS 4660: equipped: [Boots] 13
[10/06/26 10:54:58] D2BS 4660: equipped: [Mitts] 13
[10/06/26 10:54:58] D2BS 4660: Loaded ÿc9[AutoSmurf.js]
[10/06/26 10:54:59] D2BS 4660: farmingON
[10/06/26 10:55:00] D2BS 4660: Tiered: true
[10/06/26 10:55:00] D2BS 4660: UseMerc: true HP: 70
[10/06/26 10:55:00] D2BS 4660: Merc matched: Prayer
[10/06/26 10:55:23] D2BS 4660: act5+ BO
[10/06/26 10:55:24] D2BS 4660: updateStat
[10/06/26 10:55:48] D2BS 4660: party has left: fowo-xa
[10/06/26 10:55:48] D2BS 4660: no exp [00:51]
[10/06/26 10:55:48] D2BS 4660: Script threads\autobuildthread.js ended
[10/06/26 10:55:48] D2BS 4660: Script threads\partythread.js ended
[10/06/26 10:55:48] D2BS 4660: Script threads\townchicken.js ended
[10/06/26 10:55:48] D2BS 4660: Script default.dbj ended
[10/06/26 10:56:05] D2BS 4660: joining game pz-226
[10/06/26 10:56:07] D2BS 4660: ÿc2D2BSÿc0 :: Starting default.dbj
[10/06/26 10:56:07] D2BS 4660: ÿc2D2BSÿc0 :: default.dbj running.
[10/06/26 10:56:07] D2BS 4660: Loaded ÿc9[X.nip] [Y.nip] [Z.nip] [V.nip] [B.WCRY.nip]
[10/06/26 10:56:07] D2BS 4660: Loaded ÿc9[B.WCRY.js]
[10/06/26 10:56:07] D2BS 4660: equipped: [Head] 23
[10/06/26 10:56:07] D2BS 4660: equipped: [Neck] 19
[10/06/26 10:56:07] D2BS 4660: equipped: [Body] 21
[10/06/26 10:56:07] D2BS 4660: equipped: [ArmR] 37
[10/06/26 10:56:07] D2BS 4660: equipped: [ArmL] 38
[10/06/26 10:56:07] D2BS 4660: equipped: [RingR] 18
[10/06/26 10:56:07] D2BS 4660: equipped: [RingL] 16
[10/06/26 10:56:07] D2BS 4660: equipped: [Belt] 19
[10/06/26 10:56:07] D2BS 4660: equipped: [Boots] 13
[10/06/26 10:56:07] D2BS 4660: equipped: [Mitts] 13
[10/06/26 10:56:07] D2BS 4660: updateStat
[10/06/26 10:56:07] D2BS 4660: granted: [Head] 15
[10/06/26 10:56:07] D2BS 4660: granted: [Body] 21
[10/06/26 10:56:07] D2BS 4660: granted: [ArmR] 27
[10/06/26 10:56:07] D2BS 4660: Loaded ÿc9[AutoSmurf.js]
[10/06/26 10:56:09] D2BS 4660: Tiered: true
[10/06/26 10:56:09] D2BS 4660: UseMerc: true HP: 70
[10/06/26 10:56:09] D2BS 4660: Merc matched: Prayer
[10/06/26 10:56:09] D2BS 4660: farmingON
[10/06/26 10:56:35] D2BS 4660: act5+ BO
[10/06/26 10:56:47] D2BS 4660: ÿc4=== [BAAL] ===
[10/06/26 11:00:03] D2BS 4660: ÿc4=== [COUNTESS] ===
[10/06/26 11:01:13] D2BS 4660: ÿc4=== [PIT] ===
[10/06/26 11:02:54] D2BS 4660: ÿc4=== [ANDY] ===
[10/06/26 11:03:52] D2BS 4660: ÿc4=== [COWS] ===
[10/06/26 11:17:58] D2BS 4660: ÿc4=== [MEPHISTO] ===
[10/06/26 11:19:31] D2BS 4660: ÿc4=== [DIABLO] ===
[10/06/26 11:25:36] D2BS 4660: party has left: fowo-xf
[10/06/26 11:25:36] D2BS 4660:  [29:30] +3.97% / [Level 90] 94.17%
[10/06/26 11:25:36] D2BS 4660: Script threads\autobuildthread.js ended
[10/06/26 11:25:36] D2BS 4660: Script threads\partythread.js ended
[10/06/26 11:25:36] D2BS 4660: Script threads\townchicken.js ended
[10/06/26 11:25:36] D2BS 4660: Script default.dbj ended
[10/06/26 11:25:49] D2BS 4660: joining game pz-227
[10/06/26 11:25:51] D2BS 4660: ÿc2D2BSÿc0 :: Starting default.dbj
[10/06/26 11:25:51] D2BS 4660: ÿc2D2BSÿc0 :: default.dbj running.
[10/06/26 11:25:51] D2BS 4660: Loaded ÿc9[X.nip] [Y.nip] [Z.nip] [V.nip] [B.WCRY.nip]
[10/06/26 11:25:51] D2BS 4660: Loaded ÿc9[B.WCRY.js]
[10/06/26 11:25:51] D2BS 4660: equipped: [Head] 23
[10/06/26 11:25:51] D2BS 4660: equipped: [Neck] 19
[10/06/26 11:25:51] D2BS 4660: equipped: [Body] 21
[10/06/26 11:25:51] D2BS 4660: equipped: [ArmR] 37
[10/06/26 11:25:51] D2BS 4660: equipped: [ArmL] 38
[10/06/26 11:25:51] D2BS 4660: equipped: [RingR] 18
[10/06/26 11:25:51] D2BS 4660: equipped: [RingL] 16
[10/06/26 11:25:51] D2BS 4660: equipped: [Belt] 19
[10/06/26 11:25:51] D2BS 4660: equipped: [Boots] 13
[10/06/26 11:25:51] D2BS 4660: equipped: [Mitts] 13
[10/06/26 11:25:51] D2BS 4660: updateStat
[10/06/26 11:25:51] D2BS 4660: granted: [Head] 15
[10/06/26 11:25:51] D2BS 4660: granted: [Body] 21
[10/06/26 11:25:51] D2BS 4660: granted: [ArmR] 27
[10/06/26 11:25:51] D2BS 4660: Loaded ÿc9[AutoSmurf.js]
[10/06/26 11:25:56] D2BS 4660: farmingON
[10/06/26 11:25:58] D2BS 4660: Tiered: true
[10/06/26 11:25:58] D2BS 4660: UseMerc: true HP: 70
[10/06/26 11:26:03] D2BS 4660: [Token Of Absolution]
[10/06/26 11:26:22] D2BS 4660: Merc matched: Prayer
[10/06/26 11:26:31] D2BS 4660: act5+ BO
[10/06/26 11:26:43] D2BS 4660: ÿc4=== [BAAL] ===
[10/06/26 11:30:00] D2BS 4660: ÿc4=== [COUNTESS] ===
[10/06/26 11:31:13] D2BS 4660: ÿc4=== [PIT] ===
[10/06/26 11:32:43] D2BS 4660: ÿc4=== [ANDY] ===
[10/06/26 11:33:30] D2BS 4660: ÿc4=== [COWS] ===
[10/06/26 11:35:09] D2BS 4660: updateStat
[10/06/26 11:44:09] D2BS 4660: ÿc4=== [MEPHISTO] ===
[10/06/26 11:45:34] D2BS 4660: ÿc4=== [DIABLO] ===
[10/06/26 11:51:11] D2BS 4660: Script ended
[10/06/26 11:51:11] D2BS 4660:  [25:21] +4.07% / [Level 90] 98.24%
[10/06/26 11:51:11] D2BS 4660: Script threads\autobuildthread.js ended
[10/06/26 11:51:12] D2BS 4660: Script threads\partythread.js ended
[10/06/26 11:51:12] D2BS 4660: Script threads\townchicken.js ended
[10/06/26 11:51:19] D2BS 4660: D2BS Shutdown complete.
